job=array-6
argv=/root/autodl-tmp/stvgp_envs/maddox/bin/python scripts/run_official_maddox_streaming_sgpr_era5.py --protocol-npz /root/autodl-tmp/iclr_era5_a100_protocol_autodl_4090_capacity_ladder_20260820T023000Z/protocol/task1_2/seed0/protocol.npz --theta-json /root/autodl-tmp/iclr_era5_a100_protocol_autodl_4090_capacity_ladder_20260820T023000Z/calibration/routeb_joint_inducing_points/seed0/result.json --output /root/autodl-tmp/iclr_era5_a100_protocol_autodl_4090_capacity_ladder_20260820T023000Z/runs/task1_2/online/maddox_streaming_sgpr_mt2_ms64/seed0/result.json --blockwise-output /root/autodl-tmp/iclr_era5_a100_protocol_autodl_4090_capacity_ladder_20260820T023000Z/runs/task1_2/online/maddox_streaming_sgpr_mt2_ms64/seed0/blocks.csv --predictions-output /root/autodl-tmp/iclr_era5_a100_protocol_autodl_4090_capacity_ladder_20260820T023000Z/runs/task1_2/online/maddox_streaming_sgpr_mt2_ms64/seed0/predictions.npz --mt 2 --ms 64 --jitter 0.0001 --resample-ratio 0.2 --seed 0 --device cuda --dtype float64
{"block_id": 0, "block_start": 0, "block_stop": 10, "hours": 10, "update_seconds": 0.19181263074278831, "prediction_seconds": 0.0071287937462329865, "rmse": 0.2634072033747448, "nll": 0.5014567182505865, "coverage90": 0.926, "mean_predictive_std": 0.4978810799778703}
{"block_id": 1, "block_start": 10, "block_stop": 20, "hours": 10, "update_seconds": 0.041274698451161385, "prediction_seconds": 0.006205499172210693, "rmse": 0.2134296335997637, "nll": 0.17915169917880752, "coverage90": 0.9835, "mean_predictive_std": 0.43328174387523266}
{"block_id": 2, "block_start": 20, "block_stop": 30, "hours": 10, "update_seconds": 0.021360253915190697, "prediction_seconds": 0.006131485104560852, "rmse": 0.25427109794679736, "nll": 0.2283761240489695, "coverage90": 0.964, "mean_predictive_std": 0.40382082912395506}
{"block_id": 3, "block_start": 30, "block_stop": 40, "hours": 10, "update_seconds": 0.0210953988134861, "prediction_seconds": 0.006128652021288872, "rmse": 0.2535462901876321, "nll": 0.2110098038131368, "coverage90": 0.987, "mean_predictive_std": 0.435827325570659}
{"block_id": 4, "block_start": 40, "block_stop": 50, "hours": 10, "update_seconds": 0.021150190383195877, "prediction_seconds": 0.006133997812867165, "rmse": 0.26586704763973146, "nll": 0.31966636767067, "coverage90": 0.968, "mean_predictive_std": 0.4349733695622749}
{"block_id": 5, "block_start": 50, "block_stop": 60, "hours": 10, "update_seconds": 0.02205965481698513, "prediction_seconds": 0.006095331162214279, "rmse": 0.1908379424474007, "nll": 0.1959041985197727, "coverage90": 0.984, "mean_predictive_std": 0.44155597745343594}
{"block_id": 6, "block_start": 60, "block_stop": 70, "hours": 10, "update_seconds": 0.021166568621993065, "prediction_seconds": 0.006111254915595055, "rmse": 0.18863094048666287, "nll": 0.12218495501108566, "coverage90": 0.9905, "mean_predictive_std": 0.41654656130689754}
{"block_id": 7, "block_start": 70, "block_stop": 80, "hours": 10, "update_seconds": 0.02352093905210495, "prediction_seconds": 0.006111709401011467, "rmse": 0.2429763813576187, "nll": 0.22025576360731758, "coverage90": 0.9795, "mean_predictive_std": 0.4418432755929662}
{"block_id": 8, "block_start": 80, "block_stop": 90, "hours": 10, "update_seconds": 0.024085644632577896, "prediction_seconds": 0.006420759484171867, "rmse": 0.2239875962196611, "nll": 0.1990485786384175, "coverage90": 0.986, "mean_predictive_std": 0.43915773493949073}
{"block_id": 9, "block_start": 90, "block_stop": 100, "hours": 10, "update_seconds": 0.021418901160359383, "prediction_seconds": 0.006131939589977264, "rmse": 0.22410988448234614, "nll": 0.20935833381196647, "coverage90": 0.981, "mean_predictive_std": 0.43141486182643374}
{"block_id": 10, "block_start": 100, "block_stop": 110, "hours": 10, "update_seconds": 0.02127632312476635, "prediction_seconds": 0.006183261051774025, "rmse": 0.2335714797498925, "nll": 0.19622359254458063, "coverage90": 0.984, "mean_predictive_std": 0.4297945923925638}
{"block_id": 11, "block_start": 110, "block_stop": 120, "hours": 10, "update_seconds": 0.02120775729417801, "prediction_seconds": 0.006145793944597244, "rmse": 0.26581809938072554, "nll": 0.29346660002888475, "coverage90": 0.9595, "mean_predictive_std": 0.4262466558867833}
{"block_id": 12, "block_start": 120, "block_stop": 130, "hours": 10, "update_seconds": 0.021519014611840248, "prediction_seconds": 0.006154855713248253, "rmse": 0.3543181008455147, "nll": 0.4511704238754742, "coverage90": 0.9255, "mean_predictive_std": 0.4299915671532822}
{"block_id": 13, "block_start": 130, "block_stop": 140, "hours": 10, "update_seconds": 0.021416453644633293, "prediction_seconds": 0.006227355450391769, "rmse": 0.27792685983808996, "nll": 0.26148035733483965, "coverage90": 0.9625, "mean_predictive_std": 0.41682919178624045}
{"block_id": 14, "block_start": 140, "block_stop": 150, "hours": 10, "update_seconds": 0.022724948823451996, "prediction_seconds": 0.007043024525046349, "rmse": 0.2686580744262214, "nll": 0.21996963859994742, "coverage90": 0.9785, "mean_predictive_std": 0.4260470826022632}
{"block_id": 15, "block_start": 150, "block_stop": 160, "hours": 10, "update_seconds": 0.02159125544130802, "prediction_seconds": 0.006684590131044388, "rmse": 0.26051002024063397, "nll": 0.23007635657660858, "coverage90": 0.9755, "mean_predictive_std": 0.42608620474483666}
{"block_id": 16, "block_start": 160, "block_stop": 170, "hours": 10, "update_seconds": 0.02161780372262001, "prediction_seconds": 0.006133517250418663, "rmse": 0.23372670049541716, "nll": 0.23723735835455118, "coverage90": 0.9845, "mean_predictive_std": 0.43772398295047144}
{"block_id": 17, "block_start": 170, "block_stop": 180, "hours": 10, "update_seconds": 0.021422548219561577, "prediction_seconds": 0.006189197301864624, "rmse": 0.5237374399358575, "nll": 1.335963882550387, "coverage90": 0.87, "mean_predictive_std": 0.41586347318788014}
{"block_id": 18, "block_start": 180, "block_stop": 186, "hours": 6, "update_seconds": 0.02117260918021202, "prediction_seconds": 0.005506088957190514, "rmse": 2.8373511941117537, "nll": 24.369120973257164, "coverage90": 0.6041666666666666, "mean_predictive_std": 0.3923763184895761}
{
  "implementation": "official Maddox online_gp StreamingSGPR",
  "source_repository": "https://github.com/wjmaddox/online_gp",
  "source_commit": "3bff4c3",
  "protocol": "strict online; new-block-only labels; no history replay",
  "target_mode": "Task-1 fixed X-lag residual, evaluated on original y",
  "hyperparameters": "Route-B Task-1 empirical-Bayes theta, frozen",
  "inducing_policy": "official online inducing-point resampling",
  "inducing_resample_ratio": 0.2,
  "numerical_jitter": 0.0001,
  "split_seed": 0,
  "num_stream_times": 186,
  "num_blocks": 19,
  "num_train_space": 800,
  "num_test_space": 200,
  "joint_inducing": 128,
  "temporal_grid_count": 2,
  "spatial_grid_count": 64,
  "overall_current_block": {
    "rmse": 0.5761058865937261,
    "nll": 1.0878211471166828,
    "coverage90": 0.9544086021505377,
    "mean_predictive_std": 0.4311995323132948
  },
  "final_block": {
    "rmse": 2.8373511941117537,
    "nll": 24.369120973257164,
    "coverage90": 0.6041666666666666,
    "mean_predictive_std": 0.3923763184895761
  },
  "timing": {
    "stream_update_seconds": 0.6028935946524143,
    "stream_prediction_seconds": 0.11886710673570633,
    "mean_block_update_seconds": 0.03173124182381128,
    "mean_block_prediction_seconds": 0.006256163512405597,
    "first_block_update_seconds": 0.19181263074278831,
    "mean_steady_state_block_update_seconds": 0.022837831328312557,
    "process_total_seconds": 0.9729623291641474
  },
  "resources": {
    "device": "cuda",
    "dtype": "float64",
    "peak_rss_mib": 764.76171875,
    "torch": "2.0.1+cu118",
    "torch_cuda_build": "11.8",
    "cuda_available": true,
    "gpu_name": "NVIDIA GeForce RTX 4090",
    "gpu_compute_capability": [
      8,
      9
    ],
    "gpu_total_memory_mib": 48508.0625,
    "peak_cuda_allocated_mib": 56.22412109375,
    "peak_cuda_reserved_mib": 104.0,
    "persistent_state_bytes": 266280,
    "persistent_state_mib": 0.25394439697265625,
    "history_replay_buffer_bytes": 0,
    "estimated_streaming_flops": 9751756800.0,
    "flops_scope": "dominant O(N M^2) posterior conditioning; analytic estimate"
  },
  "environment": {
    "hostname": "autodl-container-qkb5g0ybu5-f51eca91",
    "platform": "Linux-5.15.0-78-generic-x86_64-with-glibc2.35",
    "python": "3.10.20",
    "processor": "x86_64",
    "pid": 292348,
    "git": {
      "commit": "81800a1462d35357a43151857230c6fe5bfcb852",
      "branch": "",
      "dirty": true
    }
  },
  "versions": {
    "python": "3.10.20",
    "torch": "2.0.1+cu118",
    "gpytorch": "1.9.1",
    "numpy": "1.24.4"
  },
  "args": {
    "protocol_npz": "/root/autodl-tmp/iclr_era5_a100_protocol_autodl_4090_capacity_ladder_20260820T023000Z/protocol/task1_2/seed0/protocol.npz",
    "theta_json": "/root/autodl-tmp/iclr_era5_a100_protocol_autodl_4090_capacity_ladder_20260820T023000Z/calibration/routeb_joint_inducing_points/seed0/result.json",
    "output": "/root/autodl-tmp/iclr_era5_a100_protocol_autodl_4090_capacity_ladder_20260820T023000Z/runs/task1_2/online/maddox_streaming_sgpr_mt2_ms64/seed0/result.json",
    "blockwise_output": "/root/autodl-tmp/iclr_era5_a100_protocol_autodl_4090_capacity_ladder_20260820T023000Z/runs/task1_2/online/maddox_streaming_sgpr_mt2_ms64/seed0/blocks.csv",
    "predictions_output": "/root/autodl-tmp/iclr_era5_a100_protocol_autodl_4090_capacity_ladder_20260820T023000Z/runs/task1_2/online/maddox_streaming_sgpr_mt2_ms64/seed0/predictions.npz",
    "mt": 2,
    "ms": 64,
    "jitter": 0.0001,
    "resample_ratio": 0.2,
    "prediction_chunk_size": 4096,
    "max_blocks": 0,
    "seed": 0,
    "device": "cuda",
    "dtype": "float64"
  }
}
