job=array-36
argv=/root/autodl-tmp/stvgp_envs/maddox/bin/python scripts/run_official_maddox_streaming_sgpr_era5.py --protocol-npz /root/autodl-tmp/iclr_era5_a100_protocol_autodl_4090_capacity_ladder_20260820T023000Z/protocol/task1_2/seed3/protocol.npz --theta-json /root/autodl-tmp/iclr_era5_a100_protocol_autodl_4090_capacity_ladder_20260820T023000Z/calibration/routeb_joint_inducing_points/seed3/result.json --output /root/autodl-tmp/iclr_era5_a100_protocol_autodl_4090_capacity_ladder_20260820T023000Z/runs/task1_2/online/maddox_streaming_sgpr_mt2_ms64/seed3/result.json --blockwise-output /root/autodl-tmp/iclr_era5_a100_protocol_autodl_4090_capacity_ladder_20260820T023000Z/runs/task1_2/online/maddox_streaming_sgpr_mt2_ms64/seed3/blocks.csv --predictions-output /root/autodl-tmp/iclr_era5_a100_protocol_autodl_4090_capacity_ladder_20260820T023000Z/runs/task1_2/online/maddox_streaming_sgpr_mt2_ms64/seed3/predictions.npz --mt 2 --ms 64 --jitter 0.0001 --resample-ratio 0.2 --seed 3 --device cuda --dtype float64
{"block_id": 0, "block_start": 0, "block_stop": 10, "hours": 10, "update_seconds": 0.13166539184749126, "prediction_seconds": 0.007067328318953514, "rmse": 0.27650944064414934, "nll": 0.4083044046922813, "coverage90": 0.9305, "mean_predictive_std": 0.46251511997110595}
{"block_id": 1, "block_start": 10, "block_stop": 20, "hours": 10, "update_seconds": 0.03207601234316826, "prediction_seconds": 0.006180707365274429, "rmse": 0.23034849398363622, "nll": 0.21671806763141882, "coverage90": 0.9785, "mean_predictive_std": 0.43772457593065056}
{"block_id": 2, "block_start": 20, "block_stop": 30, "hours": 10, "update_seconds": 0.02143370732665062, "prediction_seconds": 0.006216101348400116, "rmse": 0.23025110101780855, "nll": 0.1779382054496179, "coverage90": 0.987, "mean_predictive_std": 0.4171050526875176}
{"block_id": 3, "block_start": 30, "block_stop": 40, "hours": 10, "update_seconds": 0.0213838592171669, "prediction_seconds": 0.0061323922127485275, "rmse": 0.2702376404131214, "nll": 0.2565205281968997, "coverage90": 0.9595, "mean_predictive_std": 0.4193724377614928}
{"block_id": 4, "block_start": 40, "block_stop": 50, "hours": 10, "update_seconds": 0.022932687774300575, "prediction_seconds": 0.006180724129080772, "rmse": 0.2535478365212363, "nll": 0.19230428017346138, "coverage90": 0.988, "mean_predictive_std": 0.4131840339328223}
{"block_id": 5, "block_start": 50, "block_stop": 60, "hours": 10, "update_seconds": 0.022250643000006676, "prediction_seconds": 0.0062108952552080154, "rmse": 0.20163750756378507, "nll": 0.10247108485405101, "coverage90": 0.989, "mean_predictive_std": 0.4012534266362002}
{"block_id": 6, "block_start": 60, "block_stop": 70, "hours": 10, "update_seconds": 0.021370043978095055, "prediction_seconds": 0.006164021790027618, "rmse": 0.17755289553612683, "nll": 0.15577665963545825, "coverage90": 0.986, "mean_predictive_std": 0.4295197884164095}
{"block_id": 7, "block_start": 70, "block_stop": 80, "hours": 10, "update_seconds": 0.021356649696826935, "prediction_seconds": 0.006141204386949539, "rmse": 0.21165938780805976, "nll": 0.14148634263215, "coverage90": 0.986, "mean_predictive_std": 0.42390650078790315}
{"block_id": 8, "block_start": 80, "block_stop": 90, "hours": 10, "update_seconds": 0.02152646891772747, "prediction_seconds": 0.006229747086763382, "rmse": 0.23298664404446587, "nll": 0.19939658860816428, "coverage90": 0.98, "mean_predictive_std": 0.420214022252677}
{"block_id": 9, "block_start": 90, "block_stop": 100, "hours": 10, "update_seconds": 0.021352827548980713, "prediction_seconds": 0.006129667162895203, "rmse": 0.22138637186365612, "nll": 0.15323774159668951, "coverage90": 0.9885, "mean_predictive_std": 0.40802385549851095}
{"block_id": 10, "block_start": 100, "block_stop": 110, "hours": 10, "update_seconds": 0.023094741627573967, "prediction_seconds": 0.006277693435549736, "rmse": 0.26950230762475036, "nll": 0.260519626565446, "coverage90": 0.972, "mean_predictive_std": 0.43573432586475463}
{"block_id": 11, "block_start": 110, "block_stop": 120, "hours": 10, "update_seconds": 0.025989273563027382, "prediction_seconds": 0.0063622258603572845, "rmse": 0.27003414448800256, "nll": 0.2796655866259323, "coverage90": 0.969, "mean_predictive_std": 0.40984039626247065}
{"block_id": 12, "block_start": 120, "block_stop": 130, "hours": 10, "update_seconds": 0.02206939272582531, "prediction_seconds": 0.006199602037668228, "rmse": 0.3317796363779226, "nll": 0.3608411977584985, "coverage90": 0.925, "mean_predictive_std": 0.3891843445493586}
{"block_id": 13, "block_start": 130, "block_stop": 140, "hours": 10, "update_seconds": 0.021482842043042183, "prediction_seconds": 0.0061617400497198105, "rmse": 0.2721916503257949, "nll": 0.30876242240162977, "coverage90": 0.95, "mean_predictive_std": 0.421304044120542}
{"block_id": 14, "block_start": 140, "block_stop": 150, "hours": 10, "update_seconds": 0.021245531737804413, "prediction_seconds": 0.00612824410200119, "rmse": 0.28967661539890727, "nll": 0.25899807279496123, "coverage90": 0.9685, "mean_predictive_std": 0.4222904068673357}
{"block_id": 15, "block_start": 150, "block_stop": 160, "hours": 10, "update_seconds": 0.021260468289256096, "prediction_seconds": 0.006553700193762779, "rmse": 0.27675858935655157, "nll": 0.250871433824029, "coverage90": 0.958, "mean_predictive_std": 0.4040064674233059}
{"block_id": 16, "block_start": 160, "block_stop": 170, "hours": 10, "update_seconds": 0.025196345522999763, "prediction_seconds": 0.006125291809439659, "rmse": 0.27183207520614766, "nll": 0.22226956028672726, "coverage90": 0.9775, "mean_predictive_std": 0.41594885403120396}
{"block_id": 17, "block_start": 170, "block_stop": 180, "hours": 10, "update_seconds": 0.021289581432938576, "prediction_seconds": 0.006130075082182884, "rmse": 0.32523211771353977, "nll": 0.45799958239570066, "coverage90": 0.9355, "mean_predictive_std": 0.41686829815590476}
{"block_id": 18, "block_start": 180, "block_stop": 186, "hours": 6, "update_seconds": 0.021037282422184944, "prediction_seconds": 0.005461694672703743, "rmse": 0.33712213185809564, "nll": 0.6072447824768415, "coverage90": 0.8741666666666666, "mean_predictive_std": 0.3460253374884106}
{
  "implementation": "official Maddox online_gp StreamingSGPR",
  "source_repository": "https://github.com/wjmaddox/online_gp",
  "source_commit": "3bff4c3",
  "protocol": "strict online; new-block-only labels; no history replay",
  "target_mode": "Task-1 fixed X-lag residual, evaluated on original y",
  "hyperparameters": "Route-B Task-1 empirical-Bayes theta, frozen",
  "inducing_policy": "official online inducing-point resampling",
  "inducing_resample_ratio": 0.2,
  "numerical_jitter": 0.0001,
  "split_seed": 3,
  "num_stream_times": 186,
  "num_blocks": 19,
  "num_train_space": 800,
  "num_test_space": 200,
  "joint_inducing": 128,
  "temporal_grid_count": 2,
  "spatial_grid_count": 64,
  "overall_current_block": {
    "rmse": 0.26214670949148755,
    "nll": 0.25636711051662486,
    "coverage90": 0.9652150537634409,
    "mean_predictive_std": 0.41696834159372104
  },
  "final_block": {
    "rmse": 0.33712213185809564,
    "nll": 0.6072447824768415,
    "coverage90": 0.8741666666666666,
    "mean_predictive_std": 0.3460253374884106
  },
  "timing": {
    "stream_update_seconds": 0.5400137510150671,
    "stream_prediction_seconds": 0.11805305629968643,
    "mean_block_update_seconds": 0.028421776369214058,
    "mean_block_prediction_seconds": 0.006213318752615075,
    "first_block_update_seconds": 0.13166539184749126,
    "mean_steady_state_block_update_seconds": 0.022686019953754213,
    "process_total_seconds": 0.8836116082966328
  },
  "resources": {
    "device": "cuda",
    "dtype": "float64",
    "peak_rss_mib": 764.89453125,
    "torch": "2.0.1+cu118",
    "torch_cuda_build": "11.8",
    "cuda_available": true,
    "gpu_name": "NVIDIA GeForce RTX 4090",
    "gpu_compute_capability": [
      8,
      9
    ],
    "gpu_total_memory_mib": 48508.0625,
    "peak_cuda_allocated_mib": 56.22412109375,
    "peak_cuda_reserved_mib": 104.0,
    "persistent_state_bytes": 266280,
    "persistent_state_mib": 0.25394439697265625,
    "history_replay_buffer_bytes": 0,
    "estimated_streaming_flops": 9751756800.0,
    "flops_scope": "dominant O(N M^2) posterior conditioning; analytic estimate"
  },
  "environment": {
    "hostname": "autodl-container-qkb5g0ybu5-f51eca91",
    "platform": "Linux-5.15.0-78-generic-x86_64-with-glibc2.35",
    "python": "3.10.20",
    "processor": "x86_64",
    "pid": 295579,
    "git": {
      "commit": "81800a1462d35357a43151857230c6fe5bfcb852",
      "branch": "",
      "dirty": true
    }
  },
  "versions": {
    "python": "3.10.20",
    "torch": "2.0.1+cu118",
    "gpytorch": "1.9.1",
    "numpy": "1.24.4"
  },
  "args": {
    "protocol_npz": "/root/autodl-tmp/iclr_era5_a100_protocol_autodl_4090_capacity_ladder_20260820T023000Z/protocol/task1_2/seed3/protocol.npz",
    "theta_json": "/root/autodl-tmp/iclr_era5_a100_protocol_autodl_4090_capacity_ladder_20260820T023000Z/calibration/routeb_joint_inducing_points/seed3/result.json",
    "output": "/root/autodl-tmp/iclr_era5_a100_protocol_autodl_4090_capacity_ladder_20260820T023000Z/runs/task1_2/online/maddox_streaming_sgpr_mt2_ms64/seed3/result.json",
    "blockwise_output": "/root/autodl-tmp/iclr_era5_a100_protocol_autodl_4090_capacity_ladder_20260820T023000Z/runs/task1_2/online/maddox_streaming_sgpr_mt2_ms64/seed3/blocks.csv",
    "predictions_output": "/root/autodl-tmp/iclr_era5_a100_protocol_autodl_4090_capacity_ladder_20260820T023000Z/runs/task1_2/online/maddox_streaming_sgpr_mt2_ms64/seed3/predictions.npz",
    "mt": 2,
    "ms": 64,
    "jitter": 0.0001,
    "resample_ratio": 0.2,
    "prediction_chunk_size": 4096,
    "max_blocks": 0,
    "seed": 3,
    "device": "cuda",
    "dtype": "float64"
  }
}
