job=array-90
argv=/root/autodl-tmp/stvgp_envs/routeb/bin/python scripts/run_iclr_era5_routeb_strict_online.py --protocol-npz /root/autodl-tmp/iclr_era5_a100_protocol_autodl_4090_capacity_ladder_20260820T023000Z/protocol/task1_2/seed0/protocol.npz --protocol-json /root/autodl-tmp/iclr_era5_a100_protocol_autodl_4090_capacity_ladder_20260820T023000Z/protocol/task1_2/seed0/protocol.json --theta-json /root/autodl-tmp/iclr_era5_a100_protocol_autodl_4090_capacity_ladder_20260820T023000Z/calibration/routeb_joint_inducing_points/seed0/result.json --output /root/autodl-tmp/iclr_era5_a100_protocol_autodl_4090_capacity_ladder_20260820T023000Z/runs/task1_2/online/routeb_global_inducing_mt128_ms64/seed0/result.json --blockwise-output /root/autodl-tmp/iclr_era5_a100_protocol_autodl_4090_capacity_ladder_20260820T023000Z/runs/task1_2/online/routeb_global_inducing_mt128_ms64/seed0/blocks.csv --predictions-output /root/autodl-tmp/iclr_era5_a100_protocol_autodl_4090_capacity_ladder_20260820T023000Z/runs/task1_2/online/routeb_global_inducing_mt128_ms64/seed0/predictions.npz --representation inducing_points --mt 128 --ms 64 --rff-sample-size 256 --prediction-chunk-size 8192 --include-conditional-residual-variance --seed 0 --solver-backend torch --device cuda --temporal-factor-device solver --dtype float64
{"block_id": 0, "task": "task_2", "block_start": 0, "block_stop": 10, "hours": 10, "feature_loading_seconds": 2.6189031321555376, "factor_preparation_seconds": 0.004562230780720711, "update_seconds": 0.040671663358807564, "prediction_seconds": 0.09002650529146194, "persistent_state_bytes": 10753160, "solver_backend": "torch", "solver_device": "cuda", "solver_dtype": "float64", "temporal_factor_device": "cuda", "rmse": 0.07022045034726372, "nll": -1.0136688195502122, "mean_predictive_std": 0.1316363198856087, "mean_interval_width90": 0.43304495640477536, "coverage50": 0.859, "coverage80": 0.971, "coverage90": 0.985, "coverage95": 0.991, "peak_cuda_allocated_mib": 313.49755859375}
{"block_id": 1, "task": "task_2", "block_start": 10, "block_stop": 20, "hours": 10, "feature_loading_seconds": 8.406117558479309e-06, "factor_preparation_seconds": 0.009193090721964836, "update_seconds": 0.01470310427248478, "prediction_seconds": 0.012761207297444344, "persistent_state_bytes": 10753160, "solver_backend": "torch", "solver_device": "cuda", "solver_dtype": "float64", "temporal_factor_device": "cuda", "rmse": 0.07922279491832858, "nll": -0.94479671553745, "mean_predictive_std": 0.13146729222711792, "mean_interval_width90": 0.43248890489052805, "coverage50": 0.7815, "coverage80": 0.946, "coverage90": 0.9735, "coverage95": 0.984, "peak_cuda_allocated_mib": 313.49755859375}
{"block_id": 2, "task": "task_2", "block_start": 20, "block_stop": 30, "hours": 10, "feature_loading_seconds": 8.048489689826965e-06, "factor_preparation_seconds": 0.00665384903550148, "update_seconds": 0.014592362567782402, "prediction_seconds": 0.012754887342453003, "persistent_state_bytes": 10753160, "solver_backend": "torch", "solver_device": "cuda", "solver_dtype": "float64", "temporal_factor_device": "cuda", "rmse": 0.09421741278424378, "nll": -0.8708613048066141, "mean_predictive_std": 0.13159045441893444, "mean_interval_width90": 0.43289407244635336, "coverage50": 0.7195, "coverage80": 0.9175, "coverage90": 0.964, "coverage95": 0.9775, "peak_cuda_allocated_mib": 313.49755859375}
{"block_id": 3, "task": "task_2", "block_start": 30, "block_stop": 40, "hours": 10, "feature_loading_seconds": 7.603317499160767e-06, "factor_preparation_seconds": 0.003574136644601822, "update_seconds": 0.014521470293402672, "prediction_seconds": 0.012759532779455185, "persistent_state_bytes": 10753160, "solver_backend": "torch", "solver_device": "cuda", "solver_dtype": "float64", "temporal_factor_device": "cuda", "rmse": 0.08606484178315534, "nll": -0.9298362379345847, "mean_predictive_std": 0.13171373534912875, "mean_interval_width90": 0.4332996306166815, "coverage50": 0.7645, "coverage80": 0.9385, "coverage90": 0.97, "coverage95": 0.983, "peak_cuda_allocated_mib": 313.49755859375}
{"block_id": 4, "task": "task_2", "block_start": 40, "block_stop": 50, "hours": 10, "feature_loading_seconds": 6.459653377532959e-06, "factor_preparation_seconds": 0.0029996447265148163, "update_seconds": 0.014581045135855675, "prediction_seconds": 0.012789057567715645, "persistent_state_bytes": 10753160, "solver_backend": "torch", "solver_device": "cuda", "solver_dtype": "float64", "temporal_factor_device": "cuda", "rmse": 0.08109023915564416, "nll": -0.9661045779307423, "mean_predictive_std": 0.13182046039638534, "mean_interval_width90": 0.43365072477881456, "coverage50": 0.77, "coverage80": 0.9545, "coverage90": 0.9815, "coverage95": 0.9905, "peak_cuda_allocated_mib": 313.49755859375}
{"block_id": 5, "task": "task_2", "block_start": 50, "block_stop": 60, "hours": 10, "feature_loading_seconds": 6.4838677644729614e-06, "factor_preparation_seconds": 0.002704465761780739, "update_seconds": 0.01460438035428524, "prediction_seconds": 0.012771720066666603, "persistent_state_bytes": 10753160, "solver_backend": "torch", "solver_device": "cuda", "solver_dtype": "float64", "temporal_factor_device": "cuda", "rmse": 0.07305110525698227, "nll": -1.0145193303871038, "mean_predictive_std": 0.1318000041036906, "mean_interval_width90": 0.4335834295643488, "coverage50": 0.8165, "coverage80": 0.971, "coverage90": 0.9905, "coverage95": 0.9985, "peak_cuda_allocated_mib": 313.49755859375}
{"block_id": 6, "task": "task_2", "block_start": 60, "block_stop": 70, "hours": 10, "feature_loading_seconds": 6.6105276346206665e-06, "factor_preparation_seconds": 0.0025780685245990753, "update_seconds": 0.014593634754419327, "prediction_seconds": 0.012810833752155304, "persistent_state_bytes": 10753160, "solver_backend": "torch", "solver_device": "cuda", "solver_dtype": "float64", "temporal_factor_device": "cuda", "rmse": 0.07358995278256204, "nll": -1.0001796126933071, "mean_predictive_std": 0.13168355076747865, "mean_interval_width90": 0.43320033217947107, "coverage50": 0.785, "coverage80": 0.971, "coverage90": 0.992, "coverage95": 0.996, "peak_cuda_allocated_mib": 313.49755859375}
{"block_id": 7, "task": "task_2", "block_start": 70, "block_stop": 80, "hours": 10, "feature_loading_seconds": 1.0745599865913391e-05, "factor_preparation_seconds": 0.004202643409371376, "update_seconds": 0.014611396938562393, "prediction_seconds": 0.012491440400481224, "persistent_state_bytes": 10753160, "solver_backend": "torch", "solver_device": "cuda", "solver_dtype": "float64", "temporal_factor_device": "cuda", "rmse": 0.07430163683395345, "nll": -0.9764802716985693, "mean_predictive_std": 0.13153191511526544, "mean_interval_width90": 0.4327014952744351, "coverage50": 0.7815, "coverage80": 0.968, "coverage90": 0.982, "coverage95": 0.989, "peak_cuda_allocated_mib": 313.49755859375}
{"block_id": 8, "task": "task_2", "block_start": 80, "block_stop": 90, "hours": 10, "feature_loading_seconds": 5.46872615814209e-06, "factor_preparation_seconds": 0.003257002681493759, "update_seconds": 0.013864221051335335, "prediction_seconds": 0.011888505890965462, "persistent_state_bytes": 10753160, "solver_backend": "torch", "solver_device": "cuda", "solver_dtype": "float64", "temporal_factor_device": "cuda", "rmse": 0.07553472968073333, "nll": -0.9750510508644665, "mean_predictive_std": 0.1314046726454655, "mean_interval_width90": 0.43228290479852965, "coverage50": 0.7795, "coverage80": 0.961, "coverage90": 0.985, "coverage95": 0.991, "peak_cuda_allocated_mib": 313.49755859375}
{"block_id": 9, "task": "task_2", "block_start": 90, "block_stop": 100, "hours": 10, "feature_loading_seconds": 4.67151403427124e-06, "factor_preparation_seconds": 0.00274723581969738, "update_seconds": 0.0136660635471344, "prediction_seconds": 0.011923341080546379, "persistent_state_bytes": 10753160, "solver_backend": "torch", "solver_device": "cuda", "solver_dtype": "float64", "temporal_factor_device": "cuda", "rmse": 0.08187975002444539, "nll": -0.9375489958181086, "mean_predictive_std": 0.13149576441427316, "mean_interval_width90": 0.4325825700511471, "coverage50": 0.789, "coverage80": 0.9445, "coverage90": 0.972, "coverage95": 0.9825, "peak_cuda_allocated_mib": 313.49755859375}
{"block_id": 10, "task": "task_2", "block_start": 100, "block_stop": 110, "hours": 10, "feature_loading_seconds": 4.811212420463562e-06, "factor_preparation_seconds": 0.0029761437326669693, "update_seconds": 0.013701355084776878, "prediction_seconds": 0.011940371245145798, "persistent_state_bytes": 10753160, "solver_backend": "torch", "solver_device": "cuda", "solver_dtype": "float64", "temporal_factor_device": "cuda", "rmse": 0.07186606622917083, "nll": -1.0100982893263197, "mean_predictive_std": 0.13164654139755846, "mean_interval_width90": 0.4330785821867823, "coverage50": 0.838, "coverage80": 0.971, "coverage90": 0.989, "coverage95": 0.994, "peak_cuda_allocated_mib": 313.49755859375}
{"block_id": 11, "task": "task_2", "block_start": 110, "block_stop": 120, "hours": 10, "feature_loading_seconds": 5.165114998817444e-06, "factor_preparation_seconds": 0.0025648456066846848, "update_seconds": 0.01366204023361206, "prediction_seconds": 0.011960133910179138, "persistent_state_bytes": 10753160, "solver_backend": "torch", "solver_device": "cuda", "solver_dtype": "float64", "temporal_factor_device": "cuda", "rmse": 0.08352060765267923, "nll": -0.9327868759060208, "mean_predictive_std": 0.1317720552482487, "mean_interval_width90": 0.4334914860118632, "coverage50": 0.7295, "coverage80": 0.9385, "coverage90": 0.976, "coverage95": 0.9905, "peak_cuda_allocated_mib": 313.49755859375}
{"block_id": 12, "task": "task_2", "block_start": 120, "block_stop": 130, "hours": 10, "feature_loading_seconds": 4.725530743598938e-06, "factor_preparation_seconds": 0.0027928967028856277, "update_seconds": 0.01366136409342289, "prediction_seconds": 0.011935707181692123, "persistent_state_bytes": 10753160, "solver_backend": "torch", "solver_device": "cuda", "solver_dtype": "float64", "temporal_factor_device": "cuda", "rmse": 0.10569006798960007, "nll": -0.8125780939148128, "mean_predictive_std": 0.13182965026347615, "mean_interval_width90": 0.4336809567512456, "coverage50": 0.6235, "coverage80": 0.888, "coverage90": 0.941, "coverage95": 0.9745, "peak_cuda_allocated_mib": 313.49755859375}
{"block_id": 13, "task": "task_2", "block_start": 130, "block_stop": 140, "hours": 10, "feature_loading_seconds": 4.800036549568176e-06, "factor_preparation_seconds": 0.0024896152317523956, "update_seconds": 0.013650735840201378, "prediction_seconds": 0.012047979980707169, "persistent_state_bytes": 10753160, "solver_backend": "torch", "solver_device": "cuda", "solver_dtype": "float64", "temporal_factor_device": "cuda", "rmse": 0.11276936044376848, "nll": -0.7611537455817518, "mean_predictive_std": 0.13172551899103452, "mean_interval_width90": 0.43333839534893626, "coverage50": 0.632, "coverage80": 0.8665, "coverage90": 0.9295, "coverage95": 0.959, "peak_cuda_allocated_mib": 313.49755859375}
{"block_id": 14, "task": "task_2", "block_start": 140, "block_stop": 150, "hours": 10, "feature_loading_seconds": 4.500150680541992e-06, "factor_preparation_seconds": 0.0027913283556699753, "update_seconds": 0.01368027739226818, "prediction_seconds": 0.01195499300956726, "persistent_state_bytes": 10753160, "solver_backend": "torch", "solver_device": "cuda", "solver_dtype": "float64", "temporal_factor_device": "cuda", "rmse": 0.09082591112070841, "nll": -0.8895228606564894, "mean_predictive_std": 0.13160067369712944, "mean_interval_width90": 0.43292769087996125, "coverage50": 0.7025, "coverage80": 0.928, "coverage90": 0.9685, "coverage95": 0.981, "peak_cuda_allocated_mib": 313.49755859375}
{"block_id": 15, "task": "task_2", "block_start": 150, "block_stop": 160, "hours": 10, "feature_loading_seconds": 4.414469003677368e-06, "factor_preparation_seconds": 0.002549862489104271, "update_seconds": 0.013657679781317711, "prediction_seconds": 0.01195494458079338, "persistent_state_bytes": 10753160, "solver_backend": "torch", "solver_device": "cuda", "solver_dtype": "float64", "temporal_factor_device": "cuda", "rmse": 0.09677468918376518, "nll": -0.8567968723390768, "mean_predictive_std": 0.1314293794491188, "mean_interval_width90": 0.4323641829497288, "coverage50": 0.6305, "coverage80": 0.908, "coverage90": 0.9595, "coverage95": 0.985, "peak_cuda_allocated_mib": 313.49755859375}
{"block_id": 16, "task": "task_2", "block_start": 160, "block_stop": 170, "hours": 10, "feature_loading_seconds": 4.4833868741989136e-06, "factor_preparation_seconds": 0.0026203040033578873, "update_seconds": 0.013697756454348564, "prediction_seconds": 0.011977894231677055, "persistent_state_bytes": 10753160, "solver_backend": "torch", "solver_device": "cuda", "solver_dtype": "float64", "temporal_factor_device": "cuda", "rmse": 0.09246317852044267, "nll": -0.8880127499196496, "mean_predictive_std": 0.1314308252844771, "mean_interval_width90": 0.4323689393247948, "coverage50": 0.688, "coverage80": 0.913, "coverage90": 0.964, "coverage95": 0.983, "peak_cuda_allocated_mib": 313.49755859375}
{"block_id": 17, "task": "task_2", "block_start": 170, "block_stop": 180, "hours": 10, "feature_loading_seconds": 4.511326551437378e-06, "factor_preparation_seconds": 0.0028335731476545334, "update_seconds": 0.01372220553457737, "prediction_seconds": 0.012053418904542923, "persistent_state_bytes": 10753160, "solver_backend": "torch", "solver_device": "cuda", "solver_dtype": "float64", "temporal_factor_device": "cuda", "rmse": 0.07796511265953585, "nll": -0.985209308260987, "mean_predictive_std": 0.1315924856475321, "mean_interval_width90": 0.43290075459380545, "coverage50": 0.778, "coverage80": 0.9635, "coverage90": 0.9855, "coverage95": 0.994, "peak_cuda_allocated_mib": 313.49755859375}
{"block_id": 18, "task": "task_2", "block_start": 180, "block_stop": 186, "hours": 6, "feature_loading_seconds": 5.3104013204574585e-06, "factor_preparation_seconds": 0.002175997942686081, "update_seconds": 0.013140559196472168, "prediction_seconds": 0.01016143523156643, "persistent_state_bytes": 10753160, "solver_backend": "torch", "solver_device": "cuda", "solver_dtype": "float64", "temporal_factor_device": "cuda", "rmse": 0.06545995358381475, "nll": -1.0203064407930462, "mean_predictive_std": 0.13177242148902737, "mean_interval_width90": 0.43349269083680964, "coverage50": 0.8366666666666667, "coverage80": 0.9766666666666667, "coverage90": 0.9933333333333333, "coverage95": 0.9966666666666667, "peak_cuda_allocated_mib": 313.49755859375}
{
  "implementation": "Route B strict-online structured joint beta-GP",
  "protocol": "Task-1 Route-B empirical-Bayes calibration; frozen theta; new-block-only Task-2(+) streaming",
  "delayed_observations": false,
  "delayed_observation_blocks": 0,
  "delayed_observation_rows": 0,
  "task1_posterior_initialization": false,
  "task1_posterior_initialization_rows": 0,
  "task1_posterior_initialization_summary": null,
  "target_mode": "joint X-lag mean and GP posterior",
  "temporal_representation": "inducing_points",
  "temporal_kernel": {
    "family": "matern32",
    "spectral_mixture": null
  },
  "solver_backend": "torch",
  "temporal_factor_device": "cuda",
  "temporal_factor_policy": "solver",
  "basis_protocol": "fixed global uniformly spaced temporal inducing locations (known horizon)",
  "split_seed": 0,
  "mt": 128,
  "ms": 64,
  "spatial_kernel_mode": "geo",
  "num_stream_times": 186,
  "num_blocks": 19,
  "num_train_space": 800,
  "num_test_space": 200,
  "learned_theta": {
    "ell_t": 0.02958651122221355,
    "ell_s": [
      0.6109124825542936,
      0.8088249426772354
    ],
    "kernel_variance": 0.4851903523236309,
    "noise_std": 0.051971310935069265
  },
  "hyperparameters": "learned on Task 1 by the matching Route B representation, then frozen",
  "feature_projection": {
    "path": null,
    "original_dimension": 133,
    "active_dimension": 133
  },
  "predictive_variance": "full structured-joint conditional; conditional residual included",
  "overall_current_block": {
    "rmse": 0.08474844669459435,
    "nll": -0.9342682568603277,
    "mean_predictive_std": 0.13162552431157742,
    "mean_interval_width90": 0.4330094421265746,
    "coverage50": 0.7510752688172043,
    "coverage80": 0.9411559139784946,
    "coverage90": 0.9733602150537635,
    "coverage95": 0.9861290322580645
  },
  "final_block": {
    "rmse": 0.06545995358381475,
    "nll": -1.0203064407930462,
    "coverage50": 0.8366666666666667,
    "coverage80": 0.9766666666666667,
    "coverage90": 0.9933333333333333,
    "coverage95": 0.9966666666666667,
    "mean_predictive_std": 0.13177242148902737,
    "mean_interval_width90": 0.43349269083680964
  },
  "timing": {
    "spatial_projection_setup_seconds": 0.03710477985441685,
    "solver_setup_seconds": 0.25367267802357674,
    "temporal_static_setup_seconds": 0.03392951749265194,
    "task1_posterior_initialization_seconds": 0.0,
    "stream_feature_loading_seconds": 2.619010351598263,
    "stream_factor_preparation_seconds": 0.06626693531870842,
    "stream_update_seconds": 0.292983315885067,
    "stream_prediction_seconds": 0.30896390974521637,
    "mean_block_update_seconds": 0.015420174520266684,
    "mean_block_factor_preparation_seconds": 0.003487733437826759,
    "mean_block_prediction_seconds": 0.016261258407642965,
    "first_block_update_seconds": 0.040671663358807564,
    "mean_steady_state_block_update_seconds": 0.014017314029236635,
    "xlag_feature_loading_seconds": 2.6182713340967894,
    "process_total_seconds": 4.93886150047183
  },
  "resources": {
    "device": "cuda",
    "dtype": "float64",
    "peak_rss_mib": 1495.19140625,
    "torch": "2.5.1+cu121",
    "torch_cuda_build": "12.1",
    "cuda_available": true,
    "gpu_name": "NVIDIA GeForce RTX 4090",
    "gpu_compute_capability": [
      8,
      9
    ],
    "gpu_total_memory_mib": 48508.0625,
    "peak_cuda_allocated_mib": 313.49755859375,
    "peak_cuda_reserved_mib": 372.0,
    "persistent_state_bytes": 10753160,
    "persistent_state_mib": 10.255012512207031,
    "history_replay_buffer_bytes": 0,
    "gpu_accelerated": true,
    "posterior_update_device": "cuda",
    "prediction_device": "cuda",
    "temporal_factor_device": "cuda",
    "spherical_bessel_device": null,
    "host_to_device_block_factors_in_update_timing": true
  },
  "environment": {
    "hostname": "autodl-container-qkb5g0ybu5-f51eca91",
    "platform": "Linux-5.15.0-78-generic-x86_64-with-glibc2.35",
    "python": "3.11.15",
    "processor": "x86_64",
    "pid": 288369,
    "git": {
      "commit": "81800a1462d35357a43151857230c6fe5bfcb852",
      "branch": "",
      "dirty": true
    }
  },
  "args": {
    "protocol_npz": "/root/autodl-tmp/iclr_era5_a100_protocol_autodl_4090_capacity_ladder_20260820T023000Z/protocol/task1_2/seed0/protocol.npz",
    "protocol_json": "/root/autodl-tmp/iclr_era5_a100_protocol_autodl_4090_capacity_ladder_20260820T023000Z/protocol/task1_2/seed0/protocol.json",
    "data_root": null,
    "theta_json": "/root/autodl-tmp/iclr_era5_a100_protocol_autodl_4090_capacity_ladder_20260820T023000Z/calibration/routeb_joint_inducing_points/seed0/result.json",
    "output": "/root/autodl-tmp/iclr_era5_a100_protocol_autodl_4090_capacity_ladder_20260820T023000Z/runs/task1_2/online/routeb_global_inducing_mt128_ms64/seed0/result.json",
    "blockwise_output": "/root/autodl-tmp/iclr_era5_a100_protocol_autodl_4090_capacity_ladder_20260820T023000Z/runs/task1_2/online/routeb_global_inducing_mt128_ms64/seed0/blocks.csv",
    "predictions_output": "/root/autodl-tmp/iclr_era5_a100_protocol_autodl_4090_capacity_ladder_20260820T023000Z/runs/task1_2/online/routeb_global_inducing_mt128_ms64/seed0/predictions.npz",
    "representation": "inducing_points",
    "mt": 128,
    "ms": 64,
    "rff_sample_size": 256,
    "temporal_kernel": "matern32",
    "spectral_mixture_json": null,
    "prediction_chunk_size": 8192,
    "include_conditional_residual_variance": true,
    "beta_prior_variance": 1000.0,
    "use_protocol_beta_prior": false,
    "seed": 0,
    "max_blocks": 0,
    "delayed_observations": false,
    "delayed_observation_blocks": 0,
    "task1_posterior_init": false,
    "feature_projection_npz": null,
    "spatial_projection_npz": null,
    "spatial_kernel_mode": "geo",
    "solver_backend": "torch",
    "device": "cuda",
    "dtype": "float64",
    "temporal_factor_device": "solver"
  }
}
