job=array-58
argv=/root/autodl-tmp/stvgp_envs/routeb/bin/python scripts/run_iclr_era5_routeb_strict_online.py --protocol-npz /root/autodl-tmp/iclr_era5_a100_protocol_autodl_4090_capacity_ladder_20260820T023000Z/protocol/task1_2/seed4/protocol.npz --protocol-json /root/autodl-tmp/iclr_era5_a100_protocol_autodl_4090_capacity_ladder_20260820T023000Z/protocol/task1_2/seed4/protocol.json --theta-json /root/autodl-tmp/iclr_era5_a100_protocol_autodl_4090_capacity_ladder_20260820T023000Z/calibration/routeb_joint_analytic_hippo_rff/seed4/result.json --output /root/autodl-tmp/iclr_era5_a100_protocol_autodl_4090_capacity_ladder_20260820T023000Z/runs/task1_2/online/routeb_cumulative_hippo_mt128_ms128/seed4/result.json --blockwise-output /root/autodl-tmp/iclr_era5_a100_protocol_autodl_4090_capacity_ladder_20260820T023000Z/runs/task1_2/online/routeb_cumulative_hippo_mt128_ms128/seed4/blocks.csv --predictions-output /root/autodl-tmp/iclr_era5_a100_protocol_autodl_4090_capacity_ladder_20260820T023000Z/runs/task1_2/online/routeb_cumulative_hippo_mt128_ms128/seed4/predictions.npz --representation analytic_hippo_rff --mt 128 --ms 128 --rff-sample-size 256 --prediction-chunk-size 8192 --include-conditional-residual-variance --seed 4 --solver-backend torch --device cuda --temporal-factor-device cpu --dtype float64
{"block_id": 0, "task": "task_2", "block_start": 0, "block_stop": 10, "hours": 10, "feature_loading_seconds": 2.8569299150258303, "factor_preparation_seconds": 0.058720577508211136, "update_seconds": 0.06526845693588257, "prediction_seconds": 0.12032164819538593, "persistent_state_bytes": 20087960, "solver_backend": "torch", "solver_device": "cuda", "solver_dtype": "float64", "temporal_factor_device": "cpu", "rmse": 0.07298654731369963, "nll": -1.1224201902745536, "mean_predictive_std": 0.10950927950901143, "mean_interval_width90": 0.36025347117048, "coverage50": 0.808, "coverage80": 0.948, "coverage90": 0.9775, "coverage95": 0.988, "peak_cuda_allocated_mib": 350.98583984375}
{"block_id": 1, "task": "task_2", "block_start": 10, "block_stop": 20, "hours": 10, "feature_loading_seconds": 7.834285497665405e-06, "factor_preparation_seconds": 0.037460487335920334, "update_seconds": 0.021388277411460876, "prediction_seconds": 0.020383084192872047, "persistent_state_bytes": 20087960, "solver_backend": "torch", "solver_device": "cuda", "solver_dtype": "float64", "temporal_factor_device": "cpu", "rmse": 0.08600100554153729, "nll": -1.064187135757814, "mean_predictive_std": 0.10916853251807832, "mean_interval_width90": 0.35913251332266166, "coverage50": 0.7295, "coverage80": 0.9215, "coverage90": 0.964, "coverage95": 0.9795, "peak_cuda_allocated_mib": 351.11083984375}
{"block_id": 2, "task": "task_2", "block_start": 20, "block_stop": 30, "hours": 10, "feature_loading_seconds": 7.409602403640747e-06, "factor_preparation_seconds": 0.03065326437354088, "update_seconds": 0.02100488357245922, "prediction_seconds": 0.020437512546777725, "persistent_state_bytes": 20087960, "solver_backend": "torch", "solver_device": "cuda", "solver_dtype": "float64", "temporal_factor_device": "cpu", "rmse": 0.11696163100592125, "nll": -0.9150878977104371, "mean_predictive_std": 0.10906947317892614, "mean_interval_width90": 0.35880663709608596, "coverage50": 0.6575, "coverage80": 0.8805, "coverage90": 0.937, "coverage95": 0.966, "peak_cuda_allocated_mib": 351.11083984375}
{"block_id": 3, "task": "task_2", "block_start": 30, "block_stop": 40, "hours": 10, "feature_loading_seconds": 7.366761565208435e-06, "factor_preparation_seconds": 0.01917300932109356, "update_seconds": 0.021191034466028214, "prediction_seconds": 0.020511412993073463, "persistent_state_bytes": 20087960, "solver_backend": "torch", "solver_device": "cuda", "solver_dtype": "float64", "temporal_factor_device": "cpu", "rmse": 0.10451478232470335, "nll": -0.9636395838801023, "mean_predictive_std": 0.10901765108346487, "mean_interval_width90": 0.3586361575727346, "coverage50": 0.7035, "coverage80": 0.898, "coverage90": 0.9395, "coverage95": 0.962, "peak_cuda_allocated_mib": 351.11083984375}
{"block_id": 4, "task": "task_2", "block_start": 40, "block_stop": 50, "hours": 10, "feature_loading_seconds": 6.9122761487960815e-06, "factor_preparation_seconds": 0.01931418851017952, "update_seconds": 0.02107451856136322, "prediction_seconds": 0.020580202341079712, "persistent_state_bytes": 20087960, "solver_backend": "torch", "solver_device": "cuda", "solver_dtype": "float64", "temporal_factor_device": "cpu", "rmse": 0.0884359043453649, "nll": -1.0215157439532203, "mean_predictive_std": 0.10892708067689062, "mean_interval_width90": 0.35833820744923833, "coverage50": 0.6335, "coverage80": 0.9065, "coverage90": 0.963, "coverage95": 0.985, "peak_cuda_allocated_mib": 351.11083984375}
{"block_id": 5, "task": "task_2", "block_start": 50, "block_stop": 60, "hours": 10, "feature_loading_seconds": 7.6070427894592285e-06, "factor_preparation_seconds": 0.02069120854139328, "update_seconds": 0.019395029172301292, "prediction_seconds": 0.01897921785712242, "persistent_state_bytes": 20087960, "solver_backend": "torch", "solver_device": "cuda", "solver_dtype": "float64", "temporal_factor_device": "cpu", "rmse": 0.06774007361321661, "nll": -1.1509768782424032, "mean_predictive_std": 0.10888352262087651, "mean_interval_width90": 0.3581949141964028, "coverage50": 0.7745, "coverage80": 0.9715, "coverage90": 0.988, "coverage95": 0.9955, "peak_cuda_allocated_mib": 351.11083984375}
{"block_id": 6, "task": "task_2", "block_start": 60, "block_stop": 70, "hours": 10, "feature_loading_seconds": 7.893890142440796e-06, "factor_preparation_seconds": 0.021343568339943886, "update_seconds": 0.019399257376790047, "prediction_seconds": 0.018882717937231064, "persistent_state_bytes": 20087960, "solver_backend": "torch", "solver_device": "cuda", "solver_dtype": "float64", "temporal_factor_device": "cpu", "rmse": 0.07510946511413266, "nll": -1.1018446409501033, "mean_predictive_std": 0.10883597815740778, "mean_interval_width90": 0.3580385068300468, "coverage50": 0.7095, "coverage80": 0.9455, "coverage90": 0.9805, "coverage95": 0.9925, "peak_cuda_allocated_mib": 351.11083984375}
{"block_id": 7, "task": "task_2", "block_start": 70, "block_stop": 80, "hours": 10, "feature_loading_seconds": 9.739771485328674e-06, "factor_preparation_seconds": 0.020145416259765625, "update_seconds": 0.01957700587809086, "prediction_seconds": 0.018860211595892906, "persistent_state_bytes": 20087960, "solver_backend": "torch", "solver_device": "cuda", "solver_dtype": "float64", "temporal_factor_device": "cpu", "rmse": 0.0778295612810678, "nll": -1.0898725807334135, "mean_predictive_std": 0.10880794892424493, "mean_interval_width90": 0.35794629885838963, "coverage50": 0.721, "coverage80": 0.9325, "coverage90": 0.9705, "coverage95": 0.9885, "peak_cuda_allocated_mib": 351.11083984375}
{"block_id": 8, "task": "task_2", "block_start": 80, "block_stop": 90, "hours": 10, "feature_loading_seconds": 4.984438419342041e-06, "factor_preparation_seconds": 0.023129107430577278, "update_seconds": 0.019357716664671898, "prediction_seconds": 0.01887483149766922, "persistent_state_bytes": 20087960, "solver_backend": "torch", "solver_device": "cuda", "solver_dtype": "float64", "temporal_factor_device": "cpu", "rmse": 0.08840437639084116, "nll": -1.023218549843015, "mean_predictive_std": 0.1088135006761359, "mean_interval_width90": 0.35796456249685726, "coverage50": 0.6995, "coverage80": 0.9175, "coverage90": 0.957, "coverage95": 0.9765, "peak_cuda_allocated_mib": 351.11083984375}
{"block_id": 9, "task": "task_2", "block_start": 90, "block_stop": 100, "hours": 10, "feature_loading_seconds": 4.410743713378906e-06, "factor_preparation_seconds": 0.01949651539325714, "update_seconds": 0.019760875031352043, "prediction_seconds": 0.0189497172832489, "persistent_state_bytes": 20087960, "solver_backend": "torch", "solver_device": "cuda", "solver_dtype": "float64", "temporal_factor_device": "cpu", "rmse": 0.091454679975036, "nll": -0.9990264518971863, "mean_predictive_std": 0.1087950134281045, "mean_interval_width90": 0.35790374486290366, "coverage50": 0.682, "coverage80": 0.8905, "coverage90": 0.9525, "coverage95": 0.978, "peak_cuda_allocated_mib": 351.11083984375}
{"block_id": 10, "task": "task_2", "block_start": 100, "block_stop": 110, "hours": 10, "feature_loading_seconds": 6.085261702537537e-06, "factor_preparation_seconds": 0.021667350083589554, "update_seconds": 0.019469665363430977, "prediction_seconds": 0.01896737888455391, "persistent_state_bytes": 20087960, "solver_backend": "torch", "solver_device": "cuda", "solver_dtype": "float64", "temporal_factor_device": "cpu", "rmse": 0.07901716440705972, "nll": -1.0847391230666095, "mean_predictive_std": 0.1087861601583989, "mean_interval_width90": 0.3578746201973323, "coverage50": 0.7335, "coverage80": 0.9285, "coverage90": 0.9715, "coverage95": 0.988, "peak_cuda_allocated_mib": 351.11083984375}
{"block_id": 11, "task": "task_2", "block_start": 110, "block_stop": 120, "hours": 10, "feature_loading_seconds": 5.4817646741867065e-06, "factor_preparation_seconds": 0.03125823475420475, "update_seconds": 0.0197981595993042, "prediction_seconds": 0.019157130271196365, "persistent_state_bytes": 20087960, "solver_backend": "torch", "solver_device": "cuda", "solver_dtype": "float64", "temporal_factor_device": "cpu", "rmse": 0.10957092175170587, "nll": -0.8109299503566209, "mean_predictive_std": 0.10878715432689802, "mean_interval_width90": 0.3578778907206555, "coverage50": 0.5475, "coverage80": 0.8145, "coverage90": 0.9025, "coverage95": 0.9455, "peak_cuda_allocated_mib": 351.11083984375}
{"block_id": 12, "task": "task_2", "block_start": 120, "block_stop": 130, "hours": 10, "feature_loading_seconds": 1.6169622540473938e-05, "factor_preparation_seconds": 0.026358209550380707, "update_seconds": 0.01958685927093029, "prediction_seconds": 0.019087955355644226, "persistent_state_bytes": 20087960, "solver_backend": "torch", "solver_device": "cuda", "solver_dtype": "float64", "temporal_factor_device": "cpu", "rmse": 0.12741324613885183, "nll": -0.6696607435644153, "mean_predictive_std": 0.108789886970766, "mean_interval_width90": 0.3578868803190103, "coverage50": 0.507, "coverage80": 0.7815, "coverage90": 0.861, "coverage95": 0.9165, "peak_cuda_allocated_mib": 351.11083984375}
{"block_id": 13, "task": "task_2", "block_start": 130, "block_stop": 140, "hours": 10, "feature_loading_seconds": 5.921348929405212e-06, "factor_preparation_seconds": 0.025501174852252007, "update_seconds": 0.019614847376942635, "prediction_seconds": 0.019265903159976006, "persistent_state_bytes": 20087960, "solver_backend": "torch", "solver_device": "cuda", "solver_dtype": "float64", "temporal_factor_device": "cpu", "rmse": 0.12171849378696771, "nll": -0.7410973838304831, "mean_predictive_std": 0.10876198000001157, "mean_interval_width90": 0.357795074554885, "coverage50": 0.529, "coverage80": 0.8045, "coverage90": 0.8825, "coverage95": 0.9315, "peak_cuda_allocated_mib": 351.11083984375}
{"block_id": 14, "task": "task_2", "block_start": 140, "block_stop": 150, "hours": 10, "feature_loading_seconds": 6.1318278312683105e-06, "factor_preparation_seconds": 0.027993975207209587, "update_seconds": 0.01968238316476345, "prediction_seconds": 0.01912854239344597, "persistent_state_bytes": 20087960, "solver_backend": "torch", "solver_device": "cuda", "solver_dtype": "float64", "temporal_factor_device": "cpu", "rmse": 0.10301259538695925, "nll": -0.9110246369648586, "mean_predictive_std": 0.10875867741965592, "mean_interval_width90": 0.35778421003233246, "coverage50": 0.589, "coverage80": 0.8625, "coverage90": 0.935, "coverage95": 0.966, "peak_cuda_allocated_mib": 351.11083984375}
{"block_id": 15, "task": "task_2", "block_start": 150, "block_stop": 160, "hours": 10, "feature_loading_seconds": 5.867332220077515e-06, "factor_preparation_seconds": 0.026536639779806137, "update_seconds": 0.019640600308775902, "prediction_seconds": 0.019130662083625793, "persistent_state_bytes": 20087960, "solver_backend": "torch", "solver_device": "cuda", "solver_dtype": "float64", "temporal_factor_device": "cpu", "rmse": 0.10758698299913112, "nll": -0.8587996616544983, "mean_predictive_std": 0.10874151105387687, "mean_interval_width90": 0.35772773771430594, "coverage50": 0.569, "coverage80": 0.8545, "coverage90": 0.924, "coverage95": 0.9555, "peak_cuda_allocated_mib": 351.11083984375}
{"block_id": 16, "task": "task_2", "block_start": 160, "block_stop": 170, "hours": 10, "feature_loading_seconds": 5.939975380897522e-06, "factor_preparation_seconds": 0.025507453829050064, "update_seconds": 0.01958458498120308, "prediction_seconds": 0.01909012347459793, "persistent_state_bytes": 20087960, "solver_backend": "torch", "solver_device": "cuda", "solver_dtype": "float64", "temporal_factor_device": "cpu", "rmse": 0.1019880578708015, "nll": -0.8882716530652881, "mean_predictive_std": 0.10871044574526567, "mean_interval_width90": 0.357625541943223, "coverage50": 0.581, "coverage80": 0.858, "coverage90": 0.9235, "coverage95": 0.957, "peak_cuda_allocated_mib": 351.11083984375}
{"block_id": 17, "task": "task_2", "block_start": 170, "block_stop": 180, "hours": 10, "feature_loading_seconds": 4.986301064491272e-06, "factor_preparation_seconds": 0.02593126893043518, "update_seconds": 0.019587507471442223, "prediction_seconds": 0.019053783267736435, "persistent_state_bytes": 20087960, "solver_backend": "torch", "solver_device": "cuda", "solver_dtype": "float64", "temporal_factor_device": "cpu", "rmse": 0.08112648922779178, "nll": -1.0573680686274842, "mean_predictive_std": 0.10868942863555693, "mean_interval_width90": 0.35755640180495807, "coverage50": 0.6695, "coverage80": 0.9205, "coverage90": 0.9715, "coverage95": 0.9875, "peak_cuda_allocated_mib": 351.11083984375}
{"block_id": 18, "task": "task_2", "block_start": 180, "block_stop": 186, "hours": 6, "feature_loading_seconds": 5.081295967102051e-06, "factor_preparation_seconds": 0.026747560128569603, "update_seconds": 0.019386449828743935, "prediction_seconds": 0.015928372740745544, "persistent_state_bytes": 20087960, "solver_backend": "torch", "solver_device": "cuda", "solver_dtype": "float64", "temporal_factor_device": "cpu", "rmse": 0.08574622473951089, "nll": -0.9960979315584674, "mean_predictive_std": 0.10884737802286128, "mean_interval_width90": 0.3580760090501227, "coverage50": 0.6258333333333334, "coverage80": 0.8833333333333333, "coverage90": 0.9433333333333334, "coverage95": 0.9775, "peak_cuda_allocated_mib": 351.11083984375}
{
  "implementation": "Route B strict-online structured joint beta-GP",
  "protocol": "Task-1 Route-B empirical-Bayes calibration; frozen theta; new-block-only Task-2(+) streaming",
  "delayed_observations": false,
  "delayed_observation_blocks": 0,
  "delayed_observation_rows": 0,
  "task1_posterior_initialization": false,
  "task1_posterior_initialization_rows": 0,
  "task1_posterior_initialization_summary": null,
  "target_mode": "joint X-lag mean and GP posterior",
  "temporal_representation": "analytic_hippo_rff",
  "temporal_kernel": {
    "family": "matern32",
    "spectral_mixture": null
  },
  "solver_backend": "torch",
  "temporal_factor_device": "cpu",
  "temporal_factor_policy": "cpu",
  "basis_protocol": "cumulative-changing HiPPO horizon [t0,tk]",
  "split_seed": 4,
  "mt": 128,
  "ms": 128,
  "spatial_kernel_mode": "geo",
  "num_stream_times": 186,
  "num_blocks": 19,
  "num_train_space": 800,
  "num_test_space": 200,
  "learned_theta": {
    "ell_t": 0.045909138596133596,
    "ell_s": [
      0.6684861315178047,
      0.8130097822549677
    ],
    "kernel_variance": 0.4835638774703892,
    "noise_std": 0.08011788075619142
  },
  "hyperparameters": "learned on Task 1 by the matching Route B representation, then frozen",
  "feature_projection": {
    "path": null,
    "original_dimension": 133,
    "active_dimension": 133
  },
  "predictive_variance": "full structured-joint conditional; conditional residual included",
  "overall_current_block": {
    "rmse": 0.0957411562497455,
    "nll": -0.9715773996401929,
    "mean_predictive_std": 0.10887965870415525,
    "mean_interval_width90": 0.35818220304153636,
    "coverage50": 0.6569623655913979,
    "coverage80": 0.8906720430107526,
    "coverage90": 0.9444623655913978,
    "coverage95": 0.9701881720430108
  },
  "final_block": {
    "rmse": 0.08574622473951089,
    "nll": -0.9960979315584674,
    "coverage50": 0.6258333333333334,
    "coverage80": 0.8833333333333333,
    "coverage90": 0.9433333333333334,
    "coverage95": 0.9775,
    "mean_predictive_std": 0.10884737802286128,
    "mean_interval_width90": 0.3580760090501227
  },
  "timing": {
    "spatial_projection_setup_seconds": 0.04170018434524536,
    "solver_setup_seconds": 0.24942094273865223,
    "temporal_static_setup_seconds": 0.0010324902832508087,
    "task1_posterior_initialization_seconds": 0.0,
    "stream_feature_loading_seconds": 2.857055738568306,
    "stream_factor_preparation_seconds": 0.5076292101293802,
    "stream_update_seconds": 0.42376811243593693,
    "stream_prediction_seconds": 0.46559040807187557,
    "mean_block_update_seconds": 0.02230358486504931,
    "mean_block_factor_preparation_seconds": 0.026717326848914747,
    "mean_block_prediction_seconds": 0.024504758319572398,
    "first_block_update_seconds": 0.06526845693588257,
    "mean_steady_state_block_update_seconds": 0.019916647527780797,
    "xlag_feature_loading_seconds": 2.8561432994902134,
    "process_total_seconds": 5.948296980932355
  },
  "resources": {
    "device": "cuda",
    "dtype": "float64",
    "peak_rss_mib": 1440.4921875,
    "torch": "2.5.1+cu121",
    "torch_cuda_build": "12.1",
    "cuda_available": true,
    "gpu_name": "NVIDIA GeForce RTX 4090",
    "gpu_compute_capability": [
      8,
      9
    ],
    "gpu_total_memory_mib": 48508.0625,
    "peak_cuda_allocated_mib": 351.11083984375,
    "peak_cuda_reserved_mib": 416.0,
    "persistent_state_bytes": 20087960,
    "persistent_state_mib": 19.157371520996094,
    "history_replay_buffer_bytes": 0,
    "gpu_accelerated": true,
    "posterior_update_device": "cuda",
    "prediction_device": "cuda",
    "temporal_factor_device": "cpu",
    "spherical_bessel_device": "cpu",
    "host_to_device_block_factors_in_update_timing": true
  },
  "environment": {
    "hostname": "autodl-container-qkb5g0ybu5-f51eca91",
    "platform": "Linux-5.15.0-78-generic-x86_64-with-glibc2.35",
    "python": "3.11.15",
    "processor": "x86_64",
    "pid": 264809,
    "git": {
      "commit": "81800a1462d35357a43151857230c6fe5bfcb852",
      "branch": "",
      "dirty": true
    }
  },
  "args": {
    "protocol_npz": "/root/autodl-tmp/iclr_era5_a100_protocol_autodl_4090_capacity_ladder_20260820T023000Z/protocol/task1_2/seed4/protocol.npz",
    "protocol_json": "/root/autodl-tmp/iclr_era5_a100_protocol_autodl_4090_capacity_ladder_20260820T023000Z/protocol/task1_2/seed4/protocol.json",
    "data_root": null,
    "theta_json": "/root/autodl-tmp/iclr_era5_a100_protocol_autodl_4090_capacity_ladder_20260820T023000Z/calibration/routeb_joint_analytic_hippo_rff/seed4/result.json",
    "output": "/root/autodl-tmp/iclr_era5_a100_protocol_autodl_4090_capacity_ladder_20260820T023000Z/runs/task1_2/online/routeb_cumulative_hippo_mt128_ms128/seed4/result.json",
    "blockwise_output": "/root/autodl-tmp/iclr_era5_a100_protocol_autodl_4090_capacity_ladder_20260820T023000Z/runs/task1_2/online/routeb_cumulative_hippo_mt128_ms128/seed4/blocks.csv",
    "predictions_output": "/root/autodl-tmp/iclr_era5_a100_protocol_autodl_4090_capacity_ladder_20260820T023000Z/runs/task1_2/online/routeb_cumulative_hippo_mt128_ms128/seed4/predictions.npz",
    "representation": "analytic_hippo_rff",
    "mt": 128,
    "ms": 128,
    "rff_sample_size": 256,
    "temporal_kernel": "matern32",
    "spectral_mixture_json": null,
    "prediction_chunk_size": 8192,
    "include_conditional_residual_variance": true,
    "beta_prior_variance": 1000.0,
    "use_protocol_beta_prior": false,
    "seed": 4,
    "max_blocks": 0,
    "delayed_observations": false,
    "delayed_observation_blocks": 0,
    "task1_posterior_init": false,
    "feature_projection_npz": null,
    "spatial_projection_npz": null,
    "spatial_kernel_mode": "geo",
    "solver_backend": "torch",
    "device": "cuda",
    "dtype": "float64",
    "temporal_factor_device": "cpu"
  }
}
