job=array-26
argv=/root/autodl-tmp/stvgp_envs/maddox/bin/python scripts/run_official_maddox_streaming_sgpr_era5.py --protocol-npz /root/autodl-tmp/iclr_era5_a100_protocol_autodl_4090_capacity_ladder_20260820T023000Z/protocol/task1_2/seed2/protocol.npz --theta-json /root/autodl-tmp/iclr_era5_a100_protocol_autodl_4090_capacity_ladder_20260820T023000Z/calibration/routeb_joint_inducing_points/seed2/result.json --output /root/autodl-tmp/iclr_era5_a100_protocol_autodl_4090_capacity_ladder_20260820T023000Z/runs/task1_2/online/maddox_streaming_sgpr_mt2_ms64/seed2/result.json --blockwise-output /root/autodl-tmp/iclr_era5_a100_protocol_autodl_4090_capacity_ladder_20260820T023000Z/runs/task1_2/online/maddox_streaming_sgpr_mt2_ms64/seed2/blocks.csv --predictions-output /root/autodl-tmp/iclr_era5_a100_protocol_autodl_4090_capacity_ladder_20260820T023000Z/runs/task1_2/online/maddox_streaming_sgpr_mt2_ms64/seed2/predictions.npz --mt 2 --ms 64 --jitter 0.0001 --resample-ratio 0.2 --seed 2 --device cuda --dtype float64
{"block_id": 0, "block_start": 0, "block_stop": 10, "hours": 10, "update_seconds": 0.1479434333741665, "prediction_seconds": 0.007205244153738022, "rmse": 0.2487195181653777, "nll": 0.4979201527109465, "coverage90": 0.93, "mean_predictive_std": 0.5020936046665821}
{"block_id": 1, "block_start": 10, "block_stop": 20, "hours": 10, "update_seconds": 0.03557781130075455, "prediction_seconds": 0.006311012431979179, "rmse": 0.2206348393557087, "nll": 0.21544668769566944, "coverage90": 0.9815, "mean_predictive_std": 0.43341963524022453}
{"block_id": 2, "block_start": 20, "block_stop": 30, "hours": 10, "update_seconds": 0.021559519693255424, "prediction_seconds": 0.0062201619148254395, "rmse": 0.2754384431786898, "nll": 0.2524797497059773, "coverage90": 0.9685, "mean_predictive_std": 0.4186516404855395}
{"block_id": 3, "block_start": 30, "block_stop": 40, "hours": 10, "update_seconds": 0.02146991901099682, "prediction_seconds": 0.006246915087103844, "rmse": 0.26970545387886685, "nll": 0.23358442173730815, "coverage90": 0.969, "mean_predictive_std": 0.417980126911432}
{"block_id": 4, "block_start": 40, "block_stop": 50, "hours": 10, "update_seconds": 0.021566567942500114, "prediction_seconds": 0.006226945668458939, "rmse": 0.2671498436534468, "nll": 0.26447169445213964, "coverage90": 0.9745, "mean_predictive_std": 0.4367184584003647}
{"block_id": 5, "block_start": 50, "block_stop": 60, "hours": 10, "update_seconds": 0.022479690611362457, "prediction_seconds": 0.006149960681796074, "rmse": 0.21711155469005236, "nll": 0.18851225760208165, "coverage90": 0.9895, "mean_predictive_std": 0.4297581751178326}
{"block_id": 6, "block_start": 60, "block_stop": 70, "hours": 10, "update_seconds": 0.025173014029860497, "prediction_seconds": 0.006353575736284256, "rmse": 0.24774058846158964, "nll": 0.2050921324979831, "coverage90": 0.977, "mean_predictive_std": 0.4323633337180805}
{"block_id": 7, "block_start": 70, "block_stop": 80, "hours": 10, "update_seconds": 0.02167600207030773, "prediction_seconds": 0.006242208182811737, "rmse": 0.29216428281035417, "nll": 0.23901427031673161, "coverage90": 0.9695, "mean_predictive_std": 0.41529780010289435}
{"block_id": 8, "block_start": 80, "block_stop": 90, "hours": 10, "update_seconds": 0.021997367963194847, "prediction_seconds": 0.006237192079424858, "rmse": 0.2250571477004564, "nll": 0.15405156221150454, "coverage90": 0.985, "mean_predictive_std": 0.4190908137050058}
{"block_id": 9, "block_start": 90, "block_stop": 100, "hours": 10, "update_seconds": 0.021514181047677994, "prediction_seconds": 0.006251132115721703, "rmse": 0.21852272989868463, "nll": 0.22244568008083143, "coverage90": 0.9865, "mean_predictive_std": 0.4436909847421025}
{"block_id": 10, "block_start": 100, "block_stop": 110, "hours": 10, "update_seconds": 0.021634934470057487, "prediction_seconds": 0.006294071674346924, "rmse": 0.21193059274375928, "nll": 0.18396774210464026, "coverage90": 0.985, "mean_predictive_std": 0.43066891965382526}
{"block_id": 11, "block_start": 110, "block_stop": 120, "hours": 10, "update_seconds": 0.021445579826831818, "prediction_seconds": 0.006213076412677765, "rmse": 0.286825724655556, "nll": 0.3446935874549301, "coverage90": 0.958, "mean_predictive_std": 0.4340315533736231}
{"block_id": 12, "block_start": 120, "block_stop": 130, "hours": 10, "update_seconds": 0.021825162693858147, "prediction_seconds": 0.006187155842781067, "rmse": 0.34014995158377126, "nll": 0.44567941063875877, "coverage90": 0.925, "mean_predictive_std": 0.433616363388869}
{"block_id": 13, "block_start": 130, "block_stop": 140, "hours": 10, "update_seconds": 0.021591776981949806, "prediction_seconds": 0.006184175610542297, "rmse": 0.29370233531166007, "nll": 0.29093064090309895, "coverage90": 0.961, "mean_predictive_std": 0.412105366289465}
{"block_id": 14, "block_start": 140, "block_stop": 150, "hours": 10, "update_seconds": 0.02161669172346592, "prediction_seconds": 0.006254907697439194, "rmse": 0.3044882737595534, "nll": 0.36333921825677024, "coverage90": 0.95, "mean_predictive_std": 0.4268648347720483}
{"block_id": 15, "block_start": 150, "block_stop": 160, "hours": 10, "update_seconds": 0.02162344381213188, "prediction_seconds": 0.006591051816940308, "rmse": 0.28326733889589195, "nll": 0.3103894563743959, "coverage90": 0.9775, "mean_predictive_std": 0.44156758813836156}
{"block_id": 16, "block_start": 160, "block_stop": 170, "hours": 10, "update_seconds": 0.021765537559986115, "prediction_seconds": 0.006235120818018913, "rmse": 0.24182175831943573, "nll": 0.2266868669750941, "coverage90": 0.9715, "mean_predictive_std": 0.4186863225162438}
{"block_id": 17, "block_start": 170, "block_stop": 180, "hours": 10, "update_seconds": 0.0268796868622303, "prediction_seconds": 0.0062296949326992035, "rmse": 0.21251508954621043, "nll": 0.15774276976716625, "coverage90": 0.985, "mean_predictive_std": 0.41888434216021725}
{"block_id": 18, "block_start": 180, "block_stop": 186, "hours": 6, "update_seconds": 0.021433714777231216, "prediction_seconds": 0.005519868806004524, "rmse": 0.49350860348375714, "nll": 1.883370767114416, "coverage90": 0.8675, "mean_predictive_std": 0.3833317526276959}
{
  "implementation": "official Maddox online_gp StreamingSGPR",
  "source_repository": "https://github.com/wjmaddox/online_gp",
  "source_commit": "3bff4c3",
  "protocol": "strict online; new-block-only labels; no history replay",
  "target_mode": "Task-1 fixed X-lag residual, evaluated on original y",
  "hyperparameters": "Route-B Task-1 empirical-Bayes theta, frozen",
  "inducing_policy": "official online inducing-point resampling",
  "inducing_resample_ratio": 0.2,
  "numerical_jitter": 0.0001,
  "split_seed": 2,
  "num_stream_times": 186,
  "num_blocks": 19,
  "num_train_space": 800,
  "num_test_space": 200,
  "joint_inducing": 128,
  "temporal_grid_count": 2,
  "spatial_grid_count": 64,
  "overall_current_block": {
    "rmse": 0.27185782817965476,
    "nll": 0.31862746030939126,
    "coverage90": 0.9658333333333333,
    "mean_predictive_std": 0.42986499542792095
  },
  "final_block": {
    "rmse": 0.49350860348375714,
    "nll": 1.883370767114416,
    "coverage90": 0.8675,
    "mean_predictive_std": 0.3833317526276959
  },
  "timing": {
    "stream_update_seconds": 0.5607740357518196,
    "stream_prediction_seconds": 0.11915347166359425,
    "mean_block_update_seconds": 0.029514422934306294,
    "mean_block_prediction_seconds": 0.006271235350715487,
    "first_block_update_seconds": 0.1479434333741665,
    "mean_steady_state_block_update_seconds": 0.022935033465425175,
    "process_total_seconds": 0.912721361964941
  },
  "resources": {
    "device": "cuda",
    "dtype": "float64",
    "peak_rss_mib": 765.31640625,
    "torch": "2.0.1+cu118",
    "torch_cuda_build": "11.8",
    "cuda_available": true,
    "gpu_name": "NVIDIA GeForce RTX 4090",
    "gpu_compute_capability": [
      8,
      9
    ],
    "gpu_total_memory_mib": 48508.0625,
    "peak_cuda_allocated_mib": 56.22412109375,
    "peak_cuda_reserved_mib": 104.0,
    "persistent_state_bytes": 266280,
    "persistent_state_mib": 0.25394439697265625,
    "history_replay_buffer_bytes": 0,
    "estimated_streaming_flops": 9751756800.0,
    "flops_scope": "dominant O(N M^2) posterior conditioning; analytic estimate"
  },
  "environment": {
    "hostname": "autodl-container-qkb5g0ybu5-f51eca91",
    "platform": "Linux-5.15.0-78-generic-x86_64-with-glibc2.35",
    "python": "3.10.20",
    "processor": "x86_64",
    "pid": 294491,
    "git": {
      "commit": "81800a1462d35357a43151857230c6fe5bfcb852",
      "branch": "",
      "dirty": true
    }
  },
  "versions": {
    "python": "3.10.20",
    "torch": "2.0.1+cu118",
    "gpytorch": "1.9.1",
    "numpy": "1.24.4"
  },
  "args": {
    "protocol_npz": "/root/autodl-tmp/iclr_era5_a100_protocol_autodl_4090_capacity_ladder_20260820T023000Z/protocol/task1_2/seed2/protocol.npz",
    "theta_json": "/root/autodl-tmp/iclr_era5_a100_protocol_autodl_4090_capacity_ladder_20260820T023000Z/calibration/routeb_joint_inducing_points/seed2/result.json",
    "output": "/root/autodl-tmp/iclr_era5_a100_protocol_autodl_4090_capacity_ladder_20260820T023000Z/runs/task1_2/online/maddox_streaming_sgpr_mt2_ms64/seed2/result.json",
    "blockwise_output": "/root/autodl-tmp/iclr_era5_a100_protocol_autodl_4090_capacity_ladder_20260820T023000Z/runs/task1_2/online/maddox_streaming_sgpr_mt2_ms64/seed2/blocks.csv",
    "predictions_output": "/root/autodl-tmp/iclr_era5_a100_protocol_autodl_4090_capacity_ladder_20260820T023000Z/runs/task1_2/online/maddox_streaming_sgpr_mt2_ms64/seed2/predictions.npz",
    "mt": 2,
    "ms": 64,
    "jitter": 0.0001,
    "resample_ratio": 0.2,
    "prediction_chunk_size": 4096,
    "max_blocks": 0,
    "seed": 2,
    "device": "cuda",
    "dtype": "float64"
  }
}
