job=array-42
argv=/root/autodl-tmp/stvgp_envs/stvgp_legacy/bin/python scripts/run_official_stvgp_legacy.py --model mf_st_svgp --data-npz /root/autodl-tmp/iclr_era5_a100_protocol_autodl_4090_capacity_ladder_20260820T023000Z/official_protocol/task1_2/seed1/data.npz --num-spatial-inducing 64 --fixed-spatial-inducing --iterations 300 --seed 1 --use-xlag-mean --jit --parallel --trajectory-every 10 --predictions-output /root/autodl-tmp/iclr_era5_a100_protocol_autodl_4090_capacity_ladder_20260820T023000Z/runs/task1_2/batch/official_mf_st_svgp_ms64/seed1/predictions.npz --trajectory-output /root/autodl-tmp/iclr_era5_a100_protocol_autodl_4090_capacity_ladder_20260820T023000Z/runs/task1_2/batch/official_mf_st_svgp_ms64/seed1/trajectory.json --output /root/autodl-tmp/iclr_era5_a100_protocol_autodl_4090_capacity_ladder_20260820T023000Z/runs/task1_2/batch/official_mf_st_svgp_ms64/seed1/result.json
iter 1: energy: 408774.07652904
2026-08-20 10:20:20.656989: E external/org_tensorflow/tensorflow/compiler/xla/service/gpu/ir_emission_utils.cc:812] TIM: 
2026-08-20 10:20:20.659804: E external/org_tensorflow/tensorflow/compiler/xla/service/gpu/ir_emission_utils.cc:812] TIM: 
iter 10: energy: 300571.21877825
2026-08-20 10:21:26.848189: E external/org_tensorflow/tensorflow/compiler/xla/service/gpu/ir_emission_utils.cc:812] TIM: 
2026-08-20 10:21:26.850586: E external/org_tensorflow/tensorflow/compiler/xla/service/gpu/ir_emission_utils.cc:812] TIM: 
iter 20: energy: 220574.25250166
2026-08-20 10:21:39.659060: E external/org_tensorflow/tensorflow/compiler/xla/service/gpu/ir_emission_utils.cc:812] TIM: 
2026-08-20 10:21:39.661184: E external/org_tensorflow/tensorflow/compiler/xla/service/gpu/ir_emission_utils.cc:812] TIM: 
iter 30: energy: 171287.51480710
2026-08-20 10:21:52.217457: E external/org_tensorflow/tensorflow/compiler/xla/service/gpu/ir_emission_utils.cc:812] TIM: 
2026-08-20 10:21:52.219598: E external/org_tensorflow/tensorflow/compiler/xla/service/gpu/ir_emission_utils.cc:812] TIM: 
iter 40: energy: 138933.00152895
2026-08-20 10:22:04.757955: E external/org_tensorflow/tensorflow/compiler/xla/service/gpu/ir_emission_utils.cc:812] TIM: 
2026-08-20 10:22:04.759957: E external/org_tensorflow/tensorflow/compiler/xla/service/gpu/ir_emission_utils.cc:812] TIM: 
iter 50: energy: 114748.14651916
2026-08-20 10:22:17.291455: E external/org_tensorflow/tensorflow/compiler/xla/service/gpu/ir_emission_utils.cc:812] TIM: 
2026-08-20 10:22:17.293508: E external/org_tensorflow/tensorflow/compiler/xla/service/gpu/ir_emission_utils.cc:812] TIM: 
iter 60: energy: 95608.01350360
2026-08-20 10:22:29.811049: E external/org_tensorflow/tensorflow/compiler/xla/service/gpu/ir_emission_utils.cc:812] TIM: 
2026-08-20 10:22:29.812870: E external/org_tensorflow/tensorflow/compiler/xla/service/gpu/ir_emission_utils.cc:812] TIM: 
iter 70: energy: 80579.73502285
2026-08-20 10:22:42.335163: E external/org_tensorflow/tensorflow/compiler/xla/service/gpu/ir_emission_utils.cc:812] TIM: 
2026-08-20 10:22:42.337114: E external/org_tensorflow/tensorflow/compiler/xla/service/gpu/ir_emission_utils.cc:812] TIM: 
iter 80: energy: 69025.82774845
2026-08-20 10:22:54.835473: E external/org_tensorflow/tensorflow/compiler/xla/service/gpu/ir_emission_utils.cc:812] TIM: 
2026-08-20 10:22:54.837298: E external/org_tensorflow/tensorflow/compiler/xla/service/gpu/ir_emission_utils.cc:812] TIM: 
iter 90: energy: 60288.38929936
2026-08-20 10:23:07.356127: E external/org_tensorflow/tensorflow/compiler/xla/service/gpu/ir_emission_utils.cc:812] TIM: 
2026-08-20 10:23:07.357876: E external/org_tensorflow/tensorflow/compiler/xla/service/gpu/ir_emission_utils.cc:812] TIM: 
iter 100: energy: 53754.35228861
2026-08-20 10:23:19.862334: E external/org_tensorflow/tensorflow/compiler/xla/service/gpu/ir_emission_utils.cc:812] TIM: 
2026-08-20 10:23:19.864295: E external/org_tensorflow/tensorflow/compiler/xla/service/gpu/ir_emission_utils.cc:812] TIM: 
iter 110: energy: 48909.74358713
2026-08-20 10:23:32.378568: E external/org_tensorflow/tensorflow/compiler/xla/service/gpu/ir_emission_utils.cc:812] TIM: 
2026-08-20 10:23:32.381207: E external/org_tensorflow/tensorflow/compiler/xla/service/gpu/ir_emission_utils.cc:812] TIM: 
iter 120: energy: 45349.80132727
2026-08-20 10:23:44.880566: E external/org_tensorflow/tensorflow/compiler/xla/service/gpu/ir_emission_utils.cc:812] TIM: 
2026-08-20 10:23:44.882380: E external/org_tensorflow/tensorflow/compiler/xla/service/gpu/ir_emission_utils.cc:812] TIM: 
iter 130: energy: 42766.51550740
2026-08-20 10:23:57.395022: E external/org_tensorflow/tensorflow/compiler/xla/service/gpu/ir_emission_utils.cc:812] TIM: 
2026-08-20 10:23:57.396779: E external/org_tensorflow/tensorflow/compiler/xla/service/gpu/ir_emission_utils.cc:812] TIM: 
iter 140: energy: 40929.35644540
2026-08-20 10:24:09.976505: E external/org_tensorflow/tensorflow/compiler/xla/service/gpu/ir_emission_utils.cc:812] TIM: 
2026-08-20 10:24:09.978238: E external/org_tensorflow/tensorflow/compiler/xla/service/gpu/ir_emission_utils.cc:812] TIM: 
iter 150: energy: 39666.64228558
2026-08-20 10:24:22.510026: E external/org_tensorflow/tensorflow/compiler/xla/service/gpu/ir_emission_utils.cc:812] TIM: 
2026-08-20 10:24:22.511791: E external/org_tensorflow/tensorflow/compiler/xla/service/gpu/ir_emission_utils.cc:812] TIM: 
iter 160: energy: 38850.18435916
2026-08-20 10:24:35.036334: E external/org_tensorflow/tensorflow/compiler/xla/service/gpu/ir_emission_utils.cc:812] TIM: 
2026-08-20 10:24:35.038175: E external/org_tensorflow/tensorflow/compiler/xla/service/gpu/ir_emission_utils.cc:812] TIM: 
iter 170: energy: 38383.56949467
2026-08-20 10:24:47.559136: E external/org_tensorflow/tensorflow/compiler/xla/service/gpu/ir_emission_utils.cc:812] TIM: 
2026-08-20 10:24:47.560875: E external/org_tensorflow/tensorflow/compiler/xla/service/gpu/ir_emission_utils.cc:812] TIM: 
iter 180: energy: 38193.56468840
2026-08-20 10:25:00.072828: E external/org_tensorflow/tensorflow/compiler/xla/service/gpu/ir_emission_utils.cc:812] TIM: 
2026-08-20 10:25:00.074558: E external/org_tensorflow/tensorflow/compiler/xla/service/gpu/ir_emission_utils.cc:812] TIM: 
iter 190: energy: 38223.92925953
2026-08-20 10:25:12.578517: E external/org_tensorflow/tensorflow/compiler/xla/service/gpu/ir_emission_utils.cc:812] TIM: 
2026-08-20 10:25:12.580213: E external/org_tensorflow/tensorflow/compiler/xla/service/gpu/ir_emission_utils.cc:812] TIM: 
iter 200: energy: 38430.98691604
2026-08-20 10:25:25.089689: E external/org_tensorflow/tensorflow/compiler/xla/service/gpu/ir_emission_utils.cc:812] TIM: 
2026-08-20 10:25:25.091386: E external/org_tensorflow/tensorflow/compiler/xla/service/gpu/ir_emission_utils.cc:812] TIM: 
iter 210: energy: 38780.45102941
2026-08-20 10:25:37.593718: E external/org_tensorflow/tensorflow/compiler/xla/service/gpu/ir_emission_utils.cc:812] TIM: 
2026-08-20 10:25:37.595580: E external/org_tensorflow/tensorflow/compiler/xla/service/gpu/ir_emission_utils.cc:812] TIM: 
iter 220: energy: 39245.13288240
2026-08-20 10:25:50.118477: E external/org_tensorflow/tensorflow/compiler/xla/service/gpu/ir_emission_utils.cc:812] TIM: 
2026-08-20 10:25:50.120302: E external/org_tensorflow/tensorflow/compiler/xla/service/gpu/ir_emission_utils.cc:812] TIM: 
iter 230: energy: 39803.27136869
2026-08-20 10:26:02.629876: E external/org_tensorflow/tensorflow/compiler/xla/service/gpu/ir_emission_utils.cc:812] TIM: 
2026-08-20 10:26:02.631635: E external/org_tensorflow/tensorflow/compiler/xla/service/gpu/ir_emission_utils.cc:812] TIM: 
iter 240: energy: 40437.30219149
2026-08-20 10:26:15.135785: E external/org_tensorflow/tensorflow/compiler/xla/service/gpu/ir_emission_utils.cc:812] TIM: 
2026-08-20 10:26:15.137526: E external/org_tensorflow/tensorflow/compiler/xla/service/gpu/ir_emission_utils.cc:812] TIM: 
iter 250: energy: 41132.94046785
2026-08-20 10:26:27.639116: E external/org_tensorflow/tensorflow/compiler/xla/service/gpu/ir_emission_utils.cc:812] TIM: 
2026-08-20 10:26:27.640857: E external/org_tensorflow/tensorflow/compiler/xla/service/gpu/ir_emission_utils.cc:812] TIM: 
iter 260: energy: 41878.48911275
2026-08-20 10:26:40.125712: E external/org_tensorflow/tensorflow/compiler/xla/service/gpu/ir_emission_utils.cc:812] TIM: 
2026-08-20 10:26:40.127438: E external/org_tensorflow/tensorflow/compiler/xla/service/gpu/ir_emission_utils.cc:812] TIM: 
iter 270: energy: 42664.31168496
2026-08-20 10:26:52.695447: E external/org_tensorflow/tensorflow/compiler/xla/service/gpu/ir_emission_utils.cc:812] TIM: 
2026-08-20 10:26:52.697200: E external/org_tensorflow/tensorflow/compiler/xla/service/gpu/ir_emission_utils.cc:812] TIM: 
iter 280: energy: 43482.42638503
2026-08-20 10:27:05.245680: E external/org_tensorflow/tensorflow/compiler/xla/service/gpu/ir_emission_utils.cc:812] TIM: 
2026-08-20 10:27:05.247501: E external/org_tensorflow/tensorflow/compiler/xla/service/gpu/ir_emission_utils.cc:812] TIM: 
iter 290: energy: 44326.19029364
2026-08-20 10:27:17.756196: E external/org_tensorflow/tensorflow/compiler/xla/service/gpu/ir_emission_utils.cc:812] TIM: 
2026-08-20 10:27:17.757944: E external/org_tensorflow/tensorflow/compiler/xla/service/gpu/ir_emission_utils.cc:812] TIM: 
iter 300: energy: 45190.05154392
iter 1: energy: 426401.42293021
iter 10: energy: 311315.06127352
2026-08-20 10:28:41.869459: E external/org_tensorflow/tensorflow/compiler/xla/service/gpu/ir_emission_utils.cc:812] TIM: 
2026-08-20 10:28:41.871656: E external/org_tensorflow/tensorflow/compiler/xla/service/gpu/ir_emission_utils.cc:812] TIM: 
{
  "implementation": "official AaltoML Bayes-Newton API",
  "model": "mf_st_svgp",
  "paper_role": "MF-ST-SVGP spatial sparse mean-field, temporal full Markov state",
  "direct_target": false,
  "prediction_target": "original_y",
  "training_target": "fixed_residual",
  "latent_gp_target": "fixed xlag residual",
  "uses_xlag": true,
  "xlag_mean_protocol": "shared fixed batch ridge mean from protocol NPZ",
  "xlag_beta": null,
  "xlag_beta_updates": [],
  "xlag_ridge": null,
  "xlag_update_spatial_count": null,
  "xlag_update_time_chunk_size": null,
  "sparse_space": true,
  "mean_field": true,
  "validation_protocol": true,
  "num_fit_space": 720,
  "num_validation_space": 80,
  "num_train_space": 800,
  "num_test_space": 200,
  "num_model_space": 800,
  "num_selection_model_space": 720,
  "num_refit_model_space": 800,
  "heldout_target_masking": "validation/test coordinates excluded during selection; test coordinates excluded during refit",
  "num_spatial_inducing": 64,
  "spatial_inducing_optimized": false,
  "num_time_steps": 186,
  "temporal_inducing_count": null,
  "temporal_state_count": 186,
  "temporal_inducing_locations": null,
  "paper_faithful_temporal_representation": true,
  "temporal_protocol": "full Markov state at every observed time",
  "iterations": 10,
  "iterations_requested": 300,
  "best_iteration": 10,
  "best_step": 10,
  "best_validation_nll": -0.17979434088289636,
  "validation_every": 10,
  "stop_reason": "maximum_iterations",
  "early_stop_relative_tol": null,
  "early_stop_patience": 10,
  "early_stop_min_iterations": 20,
  "jit": true,
  "parallel": true,
  "seed": 1,
  "rmse": 0.1709356420484669,
  "nll": -0.141204200360561,
  "coverage90": 0.9883602150537635,
  "mean_predictive_std": 0.2986500748289003,
  "train_seconds": 572.0911454185843,
  "cumulative_update_seconds": 459.3116276767105,
  "diagnostic_trajectory": [],
  "losses": [
    426401.42293020803,
    411579.72008378804,
    397275.1511748512,
    383486.12850922067,
    370209.2473176201,
    357440.4379623644,
    345173.80312536936,
    333402.3961909674,
    322119.2924953089,
    311315.06127352035
  ],
  "selection": {
    "trace": [
      {
        "iteration": 1,
        "training_loss": 408774.07652904326,
        "iteration_seconds": 50.6589779406786
      },
      {
        "iteration": 2,
        "training_loss": 394885.94309077365,
        "iteration_seconds": 1.1147067323327065
      },
      {
        "iteration": 3,
        "training_loss": 381472.04899872746,
        "iteration_seconds": 1.1133728753775358
      },
      {
        "iteration": 4,
        "training_loss": 368530.42382426374,
        "iteration_seconds": 1.1130566895008087
      },
      {
        "iteration": 5,
        "training_loss": 356058.17466160934,
        "iteration_seconds": 1.113306287676096
      },
      {
        "iteration": 6,
        "training_loss": 344051.4781404245,
        "iteration_seconds": 1.1133619211614132
      },
      {
        "iteration": 7,
        "training_loss": 332505.5781329167,
        "iteration_seconds": 1.1134919449687004
      },
      {
        "iteration": 8,
        "training_loss": 321414.78924304247,
        "iteration_seconds": 1.1132242381572723
      },
      {
        "iteration": 9,
        "training_loss": 310772.5061418421,
        "iteration_seconds": 1.1136011555790901
      },
      {
        "iteration": 10,
        "training_loss": 300571.21877825493,
        "iteration_seconds": 1.1133764032274485,
        "validation_nll": -0.17979434088289636,
        "validation_rmse": 0.16838116239940606,
        "validation_prediction_seconds": 72.74707376770675
      },
      {
        "iteration": 11,
        "training_loss": 290802.533487367,
        "iteration_seconds": 1.1476135831326246
      },
      {
        "iteration": 12,
        "training_loss": 281457.20002026134,
        "iteration_seconds": 1.1150966975837946
      },
      {
        "iteration": 13,
        "training_loss": 272525.1445303608,
        "iteration_seconds": 1.11566380597651
      },
      {
        "iteration": 14,
        "training_loss": 263995.5085761696,
        "iteration_seconds": 1.1169850025326014
      },
      {
        "iteration": 15,
        "training_loss": 255856.6942256419,
        "iteration_seconds": 1.1164231356233358
      },
      {
        "iteration": 16,
        "training_loss": 248096.41536405194,
        "iteration_seconds": 1.123587254434824
      },
      {
        "iteration": 17,
        "training_loss": 240701.75531616388,
        "iteration_seconds": 1.1174330599606037
      },
      {
        "iteration": 18,
        "training_loss": 233659.2308745056,
        "iteration_seconds": 1.1152803171426058
      },
      {
        "iteration": 19,
        "training_loss": 226954.86276726262,
        "iteration_seconds": 1.1155917532742023
      },
      {
        "iteration": 20,
        "training_loss": 220574.2525016626,
        "iteration_seconds": 1.1153078265488148,
        "validation_nll": -0.13894084514480867,
        "validation_rmse": 0.1617561983472081,
        "validation_prediction_seconds": 1.0712514575570822
      },
      {
        "iteration": 21,
        "training_loss": 214502.66536220978,
        "iteration_seconds": 1.1172465328127146
      },
      {
        "iteration": 22,
        "training_loss": 208725.1191372655,
        "iteration_seconds": 1.1215402372181416
      },
      {
        "iteration": 23,
        "training_loss": 203226.4778862584,
        "iteration_seconds": 1.1195060387253761
      },
      {
        "iteration": 24,
        "training_loss": 197991.54976139776,
        "iteration_seconds": 1.1207008361816406
      },
      {
        "iteration": 25,
        "training_loss": 193005.18757877662,
        "iteration_seconds": 1.1203475650399923
      },
      {
        "iteration": 26,
        "training_loss": 188252.390522575,
        "iteration_seconds": 1.1200136039406061
      },
      {
        "iteration": 27,
        "training_loss": 183718.40508420602,
        "iteration_seconds": 1.1200535520911217
      },
      {
        "iteration": 28,
        "training_loss": 179388.82313733175,
        "iteration_seconds": 1.1203777603805065
      },
      {
        "iteration": 29,
        "training_loss": 175249.67493218253,
        "iteration_seconds": 1.1201720088720322
      },
      {
        "iteration": 30,
        "training_loss": 171287.51480710483,
        "iteration_seconds": 1.1201072819530964,
        "validation_nll": -0.09941463350209422,
        "validation_rmse": 0.15668509371484007,
        "validation_prediction_seconds": 0.6905886270105839
      },
      {
        "iteration": 31,
        "training_loss": 167489.4975545234,
        "iteration_seconds": 1.1201237794011831
      },
      {
        "iteration": 32,
        "training_loss": 163843.443647356,
        "iteration_seconds": 1.1200811956077814
      },
      {
        "iteration": 33,
        "training_loss": 160337.89191701077,
        "iteration_seconds": 1.120020642876625
      },
      {
        "iteration": 34,
        "training_loss": 156962.13874203642,
        "iteration_seconds": 1.120140789076686
      },
      {
        "iteration": 35,
        "training_loss": 153706.2633280228,
        "iteration_seconds": 1.1205898225307465
      },
      {
        "iteration": 36,
        "training_loss": 150561.13918555435,
        "iteration_seconds": 1.1281068325042725
      },
      {
        "iteration": 37,
        "training_loss": 147518.43241633917,
        "iteration_seconds": 1.120653873309493
      },
      {
        "iteration": 38,
        "training_loss": 144570.5878519331,
        "iteration_seconds": 1.1202780194580555
      },
      {
        "iteration": 39,
        "training_loss": 141710.80444134446,
        "iteration_seconds": 1.1188129000365734
      },
      {
        "iteration": 40,
        "training_loss": 138933.0015289511,
        "iteration_seconds": 1.1209583189338446,
        "validation_nll": -0.07147668304005006,
        "validation_rmse": 0.1533915428646784,
        "validation_prediction_seconds": 0.6740756873041391
      },
      {
        "iteration": 41,
        "training_loss": 136231.77780466503,
        "iteration_seconds": 1.123674688860774
      },
      {
        "iteration": 42,
        "training_loss": 133602.36474839167,
        "iteration_seconds": 1.1199214439839125
      },
      {
        "iteration": 43,
        "training_loss": 131040.57633884356,
        "iteration_seconds": 1.12008854188025
      },
      {
        "iteration": 44,
        "training_loss": 128542.75667637587,
        "iteration_seconds": 1.1200882159173489
      },
      {
        "iteration": 45,
        "training_loss": 126105.72699422645,
        "iteration_seconds": 1.1198571790009737
      },
      {
        "iteration": 46,
        "training_loss": 123726.73332322598,
        "iteration_seconds": 1.11991011723876
      },
      {
        "iteration": 47,
        "training_loss": 121403.39585328556,
        "iteration_seconds": 1.120231095701456
      },
      {
        "iteration": 48,
        "training_loss": 119133.6608080006,
        "iteration_seconds": 1.127088913694024
      },
      {
        "iteration": 49,
        "training_loss": 116915.75543507654,
        "iteration_seconds": 1.1201338116079569
      },
      {
        "iteration": 50,
        "training_loss": 114748.14651916281,
        "iteration_seconds": 1.1198197156190872,
        "validation_nll": -0.055429762715586056,
        "validation_rmse": 0.15154152600588033,
        "validation_prediction_seconds": 0.6747983507812023
      },
      {
        "iteration": 51,
        "training_loss": 112629.50265282439,
        "iteration_seconds": 1.119723504409194
      },
      {
        "iteration": 52,
        "training_loss": 110558.66035485535,
        "iteration_seconds": 1.1198203209787607
      },
      {
        "iteration": 53,
        "training_loss": 108534.59400783922,
        "iteration_seconds": 1.1197225730866194
      },
      {
        "iteration": 54,
        "training_loss": 106556.38949393725,
        "iteration_seconds": 1.1196431368589401
      },
      {
        "iteration": 55,
        "training_loss": 104623.22133886663,
        "iteration_seconds": 1.1197525952011347
      },
      {
        "iteration": 56,
        "training_loss": 102734.33312609268,
        "iteration_seconds": 1.1203119456768036
      },
      {
        "iteration": 57,
        "training_loss": 100889.02091311628,
        "iteration_seconds": 1.1257340516895056
      },
      {
        "iteration": 58,
        "training_loss": 99086.619365577,
        "iteration_seconds": 1.1195974946022034
      },
      {
        "iteration": 59,
        "training_loss": 97326.49032160011,
        "iteration_seconds": 1.1196619775146246
      },
      {
        "iteration": 60,
        "training_loss": 95608.01350359723,
        "iteration_seconds": 1.120745487511158,
        "validation_nll": -0.04528431593521051,
        "validation_rmse": 0.1506038703439321,
        "validation_prediction_seconds": 0.6701454892754555
      },
      {
        "iteration": 61,
        "training_loss": 93930.57910655986,
        "iteration_seconds": 1.1205258294939995
      },
      {
        "iteration": 62,
        "training_loss": 92293.5820085156,
        "iteration_seconds": 1.1198287606239319
      },
      {
        "iteration": 63,
        "training_loss": 90696.41736838047,
        "iteration_seconds": 1.1197843719273806
      },
      {
        "iteration": 64,
        "training_loss": 89138.47739707702,
        "iteration_seconds": 1.120115615427494
      },
      {
        "iteration": 65,
        "training_loss": 87619.1491107021,
        "iteration_seconds": 1.1198430676013231
      },
      {
        "iteration": 66,
        "training_loss": 86137.81289452722,
        "iteration_seconds": 1.1197826098650694
      },
      {
        "iteration": 67,
        "training_loss": 84693.84172918485,
        "iteration_seconds": 1.1209783051162958
      },
      {
        "iteration": 68,
        "training_loss": 83286.60094795376,
        "iteration_seconds": 1.1198332570493221
      },
      {
        "iteration": 69,
        "training_loss": 81915.44841414085,
        "iteration_seconds": 1.1201753858476877
      },
      {
        "iteration": 70,
        "training_loss": 80579.7350228543,
        "iteration_seconds": 1.1197531763464212,
        "validation_nll": -0.035965522742631074,
        "validation_rmse": 0.15015173326669448,
        "validation_prediction_seconds": 0.6605870872735977
      },
      {
        "iteration": 71,
        "training_loss": 79278.80544647272,
        "iteration_seconds": 1.120068907737732
      },
      {
        "iteration": 72,
        "training_loss": 78011.99905669386,
        "iteration_seconds": 1.119875144213438
      },
      {
        "iteration": 73,
        "training_loss": 76778.65096756082,
        "iteration_seconds": 1.1196064222604036
      },
      {
        "iteration": 74,
        "training_loss": 75578.09315332049,
        "iteration_seconds": 1.120305098593235
      },
      {
        "iteration": 75,
        "training_loss": 74409.65560518659,
        "iteration_seconds": 1.1197988893836737
      },
      {
        "iteration": 76,
        "training_loss": 73272.66749624733,
        "iteration_seconds": 1.119957696646452
      },
      {
        "iteration": 77,
        "training_loss": 72166.45833284431,
        "iteration_seconds": 1.1195680443197489
      },
      {
        "iteration": 78,
        "training_loss": 71090.35907348187,
        "iteration_seconds": 1.1195539142936468
      },
      {
        "iteration": 79,
        "training_loss": 70043.70320245926,
        "iteration_seconds": 1.1197108123451471
      },
      {
        "iteration": 80,
        "training_loss": 69025.82774844742,
        "iteration_seconds": 1.1203099396079779,
        "validation_nll": -0.025225794203764893,
        "validation_rmse": 0.14992760096586616,
        "validation_prediction_seconds": 0.6503549292683601
      },
      {
        "iteration": 81,
        "training_loss": 68036.0742411851,
        "iteration_seconds": 1.1225464716553688
      },
      {
        "iteration": 82,
        "training_loss": 67073.78960195044,
        "iteration_seconds": 1.119615577161312
      },
      {
        "iteration": 83,
        "training_loss": 66138.32696568884,
        "iteration_seconds": 1.1195163317024708
      },
      {
        "iteration": 84,
        "training_loss": 65229.04643382481,
        "iteration_seconds": 1.1212869845330715
      },
      {
        "iteration": 85,
        "training_loss": 64345.31575807033,
        "iteration_seconds": 1.1195214316248894
      },
      {
        "iteration": 86,
        "training_loss": 63486.51095684059,
        "iteration_seconds": 1.1196577325463295
      },
      {
        "iteration": 87,
        "training_loss": 62652.01686598698,
        "iteration_seconds": 1.1196943316608667
      },
      {
        "iteration": 88,
        "training_loss": 61841.227626390755,
        "iteration_seconds": 1.1197543554008007
      },
      {
        "iteration": 89,
        "training_loss": 61053.547111862455,
        "iteration_seconds": 1.119458606466651
      },
      {
        "iteration": 90,
        "training_loss": 60288.389299364295,
        "iteration_seconds": 1.1196532510221004,
        "validation_nll": -0.012648453757069427,
        "validation_rmse": 0.1498017825792484,
        "validation_prediction_seconds": 0.6665917038917542
      },
      {
        "iteration": 91,
        "training_loss": 59545.17858588288,
        "iteration_seconds": 1.1201467867940664
      },
      {
        "iteration": 92,
        "training_loss": 58823.35005482752,
        "iteration_seconds": 1.119707178324461
      },
      {
        "iteration": 93,
        "training_loss": 58122.34969485586,
        "iteration_seconds": 1.1198115162551403
      },
      {
        "iteration": 94,
        "training_loss": 57441.63457528304,
        "iteration_seconds": 1.1196057107299566
      },
      {
        "iteration": 95,
        "training_loss": 56780.67298048339,
        "iteration_seconds": 1.1197844594717026
      },
      {
        "iteration": 96,
        "training_loss": 56138.944506868604,
        "iteration_seconds": 1.1197235491126776
      },
      {
        "iteration": 97,
        "training_loss": 55515.94012504339,
        "iteration_seconds": 1.1194854397326708
      },
      {
        "iteration": 98,
        "training_loss": 54911.1622102625,
        "iteration_seconds": 1.1195676289498806
      },
      {
        "iteration": 99,
        "training_loss": 54324.12454399525,
        "iteration_seconds": 1.1202880926430225
      },
      {
        "iteration": 100,
        "training_loss": 53754.352288608905,
        "iteration_seconds": 1.1196629479527473,
        "validation_nll": 0.0014523399696853238,
        "validation_rmse": 0.14971766869388897,
        "validation_prediction_seconds": 0.6496313232928514
      },
      {
        "iteration": 101,
        "training_loss": 53201.381938378676,
        "iteration_seconds": 1.1207746844738722
      },
      {
        "iteration": 102,
        "training_loss": 52664.761248357594,
        "iteration_seconds": 1.1199578065425158
      },
      {
        "iteration": 103,
        "training_loss": 52144.04914387688,
        "iteration_seconds": 1.1196311488747597
      },
      {
        "iteration": 104,
        "training_loss": 51638.81561236142,
        "iteration_seconds": 1.1197600085288286
      },
      {
        "iteration": 105,
        "training_loss": 51148.64157930424,
        "iteration_seconds": 1.1194127686321735
      },
      {
        "iteration": 106,
        "training_loss": 50673.11877029424,
        "iteration_seconds": 1.119707951322198
      },
      {
        "iteration": 107,
        "training_loss": 50211.849560891744,
        "iteration_seconds": 1.1196953859180212
      },
      {
        "iteration": 108,
        "training_loss": 49764.44681544183,
        "iteration_seconds": 1.1197393089532852
      },
      {
        "iteration": 109,
        "training_loss": 49330.53371668083,
        "iteration_seconds": 1.1195883937180042
      },
      {
        "iteration": 110,
        "training_loss": 48909.74358712812,
        "iteration_seconds": 1.1197894606739283,
        "validation_nll": 0.016608607378163304,
        "validation_rmse": 0.1496533664717929,
        "validation_prediction_seconds": 0.6522674448788166
      },
      {
        "iteration": 111,
        "training_loss": 48501.71970368677,
        "iteration_seconds": 1.119746845215559
      },
      {
        "iteration": 112,
        "training_loss": 48106.11510649731,
        "iteration_seconds": 1.1195271760225296
      },
      {
        "iteration": 113,
        "training_loss": 47722.592402995564,
        "iteration_seconds": 1.1201788485050201
      },
      {
        "iteration": 114,
        "training_loss": 47350.82356824924,
        "iteration_seconds": 1.125827755779028
      },
      {
        "iteration": 115,
        "training_loss": 46990.4897424333,
        "iteration_seconds": 1.1198614928871393
      },
      {
        "iteration": 116,
        "training_loss": 46641.28102617792,
        "iteration_seconds": 1.1205732002854347
      },
      {
        "iteration": 117,
        "training_loss": 46302.89627435338,
        "iteration_seconds": 1.1197139360010624
      },
      {
        "iteration": 118,
        "training_loss": 45975.042889448,
        "iteration_seconds": 1.1196493413299322
      },
      {
        "iteration": 119,
        "training_loss": 45657.43661466171,
        "iteration_seconds": 1.1199970599263906
      },
      {
        "iteration": 120,
        "training_loss": 45349.8013272651,
        "iteration_seconds": 1.1196785252541304,
        "validation_nll": 0.03241011241630004,
        "validation_rmse": 0.14960106752485866,
        "validation_prediction_seconds": 0.6529982779175043
      },
      {
        "iteration": 121,
        "training_loss": 45051.86883331428,
        "iteration_seconds": 1.1197695955634117
      },
      {
        "iteration": 122,
        "training_loss": 44763.37866319914,
        "iteration_seconds": 1.1195530630648136
      },
      {
        "iteration": 123,
        "training_loss": 44484.077869335306,
        "iteration_seconds": 1.1196400560438633
      },
      {
        "iteration": 124,
        "training_loss": 44213.720825846656,
        "iteration_seconds": 1.119611056521535
      },
      {
        "iteration": 125,
        "training_loss": 43952.06903039222,
        "iteration_seconds": 1.1194534916430712
      },
      {
        "iteration": 126,
        "training_loss": 43698.89090926328,
        "iteration_seconds": 1.119687581434846
      },
      {
        "iteration": 127,
        "training_loss": 43453.961624822114,
        "iteration_seconds": 1.1198184248059988
      },
      {
        "iteration": 128,
        "training_loss": 43217.06288631167,
        "iteration_seconds": 1.119750028476119
      },
      {
        "iteration": 129,
        "training_loss": 42987.982764157234,
        "iteration_seconds": 1.1198666002601385
      },
      {
        "iteration": 130,
        "training_loss": 42766.515507404925,
        "iteration_seconds": 1.1198803130537271,
        "validation_nll": 0.048550178158404796,
        "validation_rmse": 0.14955783541948245,
        "validation_prediction_seconds": 0.6566808260977268
      },
      {
        "iteration": 131,
        "training_loss": 42552.46136503352,
        "iteration_seconds": 1.1201923489570618
      },
      {
        "iteration": 132,
        "training_loss": 42345.62641072541,
        "iteration_seconds": 1.1196546852588654
      },
      {
        "iteration": 133,
        "training_loss": 42145.82237155386,
        "iteration_seconds": 1.119759302586317
      },
      {
        "iteration": 134,
        "training_loss": 41952.8664605543,
        "iteration_seconds": 1.119772421196103
      },
      {
        "iteration": 135,
        "training_loss": 41766.5812131851,
        "iteration_seconds": 1.119693299755454
      },
      {
        "iteration": 136,
        "training_loss": 41586.79432747606,
        "iteration_seconds": 1.1196583956480026
      },
      {
        "iteration": 137,
        "training_loss": 41413.33850840072,
        "iteration_seconds": 1.1197019573301077
      },
      {
        "iteration": 138,
        "training_loss": 41246.05131613719,
        "iteration_seconds": 1.119712119922042
      },
      {
        "iteration": 139,
        "training_loss": 41084.77501820412,
        "iteration_seconds": 1.120023524388671
      },
      {
        "iteration": 140,
        "training_loss": 40929.35644540365,
        "iteration_seconds": 1.1200890056788921,
        "validation_nll": 0.06481447203366061,
        "validation_rmse": 0.14952213793173272,
        "validation_prediction_seconds": 0.662503631785512
      },
      {
        "iteration": 141,
        "training_loss": 40779.64685196825,
        "iteration_seconds": 1.1197067573666573
      },
      {
        "iteration": 142,
        "training_loss": 40635.50177928957,
        "iteration_seconds": 1.1201149467378855
      },
      {
        "iteration": 143,
        "training_loss": 40496.78092355287,
        "iteration_seconds": 1.120333468541503
      },
      {
        "iteration": 144,
        "training_loss": 40363.34800721309,
        "iteration_seconds": 1.1201877519488335
      },
      {
        "iteration": 145,
        "training_loss": 40235.070654051146,
        "iteration_seconds": 1.1206663399934769
      },
      {
        "iteration": 146,
        "training_loss": 40111.82026792609,
        "iteration_seconds": 1.1200253404676914
      },
      {
        "iteration": 147,
        "training_loss": 39993.471915206756,
        "iteration_seconds": 1.1198951117694378
      },
      {
        "iteration": 148,
        "training_loss": 39879.9042105712,
        "iteration_seconds": 1.1200035884976387
      },
      {
        "iteration": 149,
        "training_loss": 39770.99920644681,
        "iteration_seconds": 1.119875978678465
      },
      {
        "iteration": 150,
        "training_loss": 39666.642285582435,
        "iteration_seconds": 1.1198963206261396,
        "validation_nll": 0.08105755065304837,
        "validation_rmse": 0.14949278888909887,
        "validation_prediction_seconds": 0.7388623096048832
      },
      {
        "iteration": 151,
        "training_loss": 39566.72205721459,
        "iteration_seconds": 1.1200709380209446
      },
      {
        "iteration": 152,
        "training_loss": 39471.130256186065,
        "iteration_seconds": 1.1198286563158035
      },
      {
        "iteration": 153,
        "training_loss": 39379.76164539164,
        "iteration_seconds": 1.1198435295373201
      },
      {
        "iteration": 154,
        "training_loss": 39292.51392132894,
        "iteration_seconds": 1.1199178881943226
      },
      {
        "iteration": 155,
        "training_loss": 39209.28762235172,
        "iteration_seconds": 1.120400296524167
      },
      {
        "iteration": 156,
        "training_loss": 39129.986040348536,
        "iteration_seconds": 1.1199870519340038
      },
      {
        "iteration": 157,
        "training_loss": 39054.515134676825,
        "iteration_seconds": 1.1200126558542252
      },
      {
        "iteration": 158,
        "training_loss": 38982.7834493221,
        "iteration_seconds": 1.119948172941804
      },
      {
        "iteration": 159,
        "training_loss": 38914.70203257346,
        "iteration_seconds": 1.1198239400982857
      },
      {
        "iteration": 160,
        "training_loss": 38850.18435915699,
        "iteration_seconds": 1.1199120692908764,
        "validation_nll": 0.09718187176750531,
        "validation_rmse": 0.14946872993022098,
        "validation_prediction_seconds": 0.6597023420035839
      },
      {
        "iteration": 161,
        "training_loss": 38789.14625511557,
        "iteration_seconds": 1.119740528985858
      },
      {
        "iteration": 162,
        "training_loss": 38731.505825170956,
        "iteration_seconds": 1.12007219158113
      },
      {
        "iteration": 163,
        "training_loss": 38677.18338214583,
        "iteration_seconds": 1.120093610137701
      },
      {
        "iteration": 164,
        "training_loss": 38626.10137913824,
        "iteration_seconds": 1.1198693122714758
      },
      {
        "iteration": 165,
        "training_loss": 38578.18434349849,
        "iteration_seconds": 1.1198791302740574
      },
      {
        "iteration": 166,
        "training_loss": 38533.3588133725,
        "iteration_seconds": 1.1197439767420292
      },
      {
        "iteration": 167,
        "training_loss": 38491.55327602086,
        "iteration_seconds": 1.1216258443892002
      },
      {
        "iteration": 168,
        "training_loss": 38452.69810839114,
        "iteration_seconds": 1.12387396954
      },
      {
        "iteration": 169,
        "training_loss": 38416.72551941255,
        "iteration_seconds": 1.1198892556130886
      },
      {
        "iteration": 170,
        "training_loss": 38383.569494666706,
        "iteration_seconds": 1.121268305927515,
        "validation_nll": 0.11312233659387112,
        "validation_rmse": 0.1494490328030874,
        "validation_prediction_seconds": 0.6705295220017433
      },
      {
        "iteration": 171,
        "training_loss": 38353.16574227624,
        "iteration_seconds": 1.1208511646836996
      },
      {
        "iteration": 172,
        "training_loss": 38325.45164096088,
        "iteration_seconds": 1.1196532882750034
      },
      {
        "iteration": 173,
        "training_loss": 38300.366189851076,
        "iteration_seconds": 1.119671892374754
      },
      {
        "iteration": 174,
        "training_loss": 38277.8499597265,
        "iteration_seconds": 1.120992312207818
      },
      {
        "iteration": 175,
        "training_loss": 38257.84504611447,
        "iteration_seconds": 1.120629208162427
      },
      {
        "iteration": 176,
        "training_loss": 38240.29502365523,
        "iteration_seconds": 1.119786575436592
      },
      {
        "iteration": 177,
        "training_loss": 38225.14490223146,
        "iteration_seconds": 1.119727499783039
      },
      {
        "iteration": 178,
        "training_loss": 38212.34108446736,
        "iteration_seconds": 1.1195595543831587
      },
      {
        "iteration": 179,
        "training_loss": 38201.83132448967,
        "iteration_seconds": 1.1203359719365835
      },
      {
        "iteration": 180,
        "training_loss": 38193.56468840287,
        "iteration_seconds": 1.1196545716375113,
        "validation_nll": 0.1288357402374186,
        "validation_rmse": 0.14943292303328284,
        "validation_prediction_seconds": 0.6582567226141691
      },
      {
        "iteration": 181,
        "training_loss": 38187.49151550885,
        "iteration_seconds": 1.1194905322045088
      },
      {
        "iteration": 182,
        "training_loss": 38183.56338131905,
        "iteration_seconds": 1.1195885054767132
      },
      {
        "iteration": 183,
        "training_loss": 38181.73306157213,
        "iteration_seconds": 1.1195724792778492
      },
      {
        "iteration": 184,
        "training_loss": 38181.95449739398,
        "iteration_seconds": 1.1197140868753195
      },
      {
        "iteration": 185,
        "training_loss": 38184.182761534175,
        "iteration_seconds": 1.119569655507803
      },
      {
        "iteration": 186,
        "training_loss": 38188.374025983154,
        "iteration_seconds": 1.1197730768471956
      },
      {
        "iteration": 187,
        "training_loss": 38194.485530291335,
        "iteration_seconds": 1.1200385559350252
      },
      {
        "iteration": 188,
        "training_loss": 38202.47555127117,
        "iteration_seconds": 1.1199399307370186
      },
      {
        "iteration": 189,
        "training_loss": 38212.3033731794,
        "iteration_seconds": 1.122797129675746
      },
      {
        "iteration": 190,
        "training_loss": 38223.92925952788,
        "iteration_seconds": 1.1198626011610031,
        "validation_nll": 0.14429377743316651,
        "validation_rmse": 0.14941978205262216,
        "validation_prediction_seconds": 0.6487254798412323
      },
      {
        "iteration": 191,
        "training_loss": 38237.314425227814,
        "iteration_seconds": 1.1211721394211054
      },
      {
        "iteration": 192,
        "training_loss": 38252.42100993445,
        "iteration_seconds": 1.119583198800683
      },
      {
        "iteration": 193,
        "training_loss": 38269.21205205016,
        "iteration_seconds": 1.1196309551596642
      },
      {
        "iteration": 194,
        "training_loss": 38287.65146376664,
        "iteration_seconds": 1.1195700000971556
      },
      {
        "iteration": 195,
        "training_loss": 38307.70400680747,
        "iteration_seconds": 1.1196045186370611
      },
      {
        "iteration": 196,
        "training_loss": 38329.335268809285,
        "iteration_seconds": 1.119615351781249
      },
      {
        "iteration": 197,
        "training_loss": 38352.5116407554,
        "iteration_seconds": 1.1196186523884535
      },
      {
        "iteration": 198,
        "training_loss": 38377.200294718496,
        "iteration_seconds": 1.1195394396781921
      },
      {
        "iteration": 199,
        "training_loss": 38403.369162726216,
        "iteration_seconds": 1.1196969877928495
      },
      {
        "iteration": 200,
        "training_loss": 38430.98691603547,
        "iteration_seconds": 1.1196769755333662,
        "validation_nll": 0.15947842500821766,
        "validation_rmse": 0.14940913087806612,
        "validation_prediction_seconds": 0.6591337434947491
      },
      {
        "iteration": 201,
        "training_loss": 38460.02294485801,
        "iteration_seconds": 1.120306309312582
      },
      {
        "iteration": 202,
        "training_loss": 38490.44733946008,
        "iteration_seconds": 1.1198541466146708
      },
      {
        "iteration": 203,
        "training_loss": 38522.230870858475,
        "iteration_seconds": 1.1196427159011364
      },
      {
        "iteration": 204,
        "training_loss": 38555.344972879975,
        "iteration_seconds": 1.11960363201797
      },
      {
        "iteration": 205,
        "training_loss": 38589.76172442845,
        "iteration_seconds": 1.1195229943841696
      },
      {
        "iteration": 206,
        "training_loss": 38625.45383240789,
        "iteration_seconds": 1.1194325033575296
      },
      {
        "iteration": 207,
        "training_loss": 38662.394615005935,
        "iteration_seconds": 1.1194496490061283
      },
      {
        "iteration": 208,
        "training_loss": 38700.55798582628,
        "iteration_seconds": 1.1195206865668297
      },
      {
        "iteration": 209,
        "training_loss": 38739.91843804659,
        "iteration_seconds": 1.1195154320448637
      },
      {
        "iteration": 210,
        "training_loss": 38780.451029410935,
        "iteration_seconds": 1.1196157727390528,
        "validation_nll": 0.17437886328542807,
        "validation_rmse": 0.14940060577028272,
        "validation_prediction_seconds": 0.6443454921245575
      },
      {
        "iteration": 211,
        "training_loss": 38822.13136771432,
        "iteration_seconds": 1.119897473603487
      },
      {
        "iteration": 212,
        "training_loss": 38864.93559622619,
        "iteration_seconds": 1.11981132440269
      },
      {
        "iteration": 213,
        "training_loss": 38908.840380163165,
        "iteration_seconds": 1.11970423348248
      },
      {
        "iteration": 214,
        "training_loss": 38953.822893250326,
        "iteration_seconds": 1.1198889762163162
      },
      {
        "iteration": 215,
        "training_loss": 38999.86080460047,
        "iteration_seconds": 1.1199140846729279
      },
      {
        "iteration": 216,
        "training_loss": 39046.93226627441,
        "iteration_seconds": 1.1199757736176252
      },
      {
        "iteration": 217,
        "training_loss": 39095.015900957165,
        "iteration_seconds": 1.1202876660972834
      },
      {
        "iteration": 218,
        "training_loss": 39144.09079008683,
        "iteration_seconds": 1.1197142321616411
      },
      {
        "iteration": 219,
        "training_loss": 39194.13646233728,
        "iteration_seconds": 1.1200477480888367
      },
      {
        "iteration": 220,
        "training_loss": 39245.13288240094,
        "iteration_seconds": 1.1209272649139166,
        "validation_nll": 0.18898938779834124,
        "validation_rmse": 0.1493939333665023,
        "validation_prediction_seconds": 0.6566911712288857
      },
      {
        "iteration": 221,
        "training_loss": 39297.06044016889,
        "iteration_seconds": 1.119823357090354
      },
      {
        "iteration": 222,
        "training_loss": 39349.89994007908,
        "iteration_seconds": 1.119670070707798
      },
      {
        "iteration": 223,
        "training_loss": 39403.63259108545,
        "iteration_seconds": 1.1197819486260414
      },
      {
        "iteration": 224,
        "training_loss": 39458.23999638826,
        "iteration_seconds": 1.119793463498354
      },
      {
        "iteration": 225,
        "training_loss": 39513.70414406032,
        "iteration_seconds": 1.1201705392450094
      },
      {
        "iteration": 226,
        "training_loss": 39570.00739742612,
        "iteration_seconds": 1.125906564295292
      },
      {
        "iteration": 227,
        "training_loss": 39627.13248611044,
        "iteration_seconds": 1.1197387594729662
      },
      {
        "iteration": 228,
        "training_loss": 39685.06249704579,
        "iteration_seconds": 1.1207609921693802
      },
      {
        "iteration": 229,
        "training_loss": 39743.78086590365,
        "iteration_seconds": 1.11984496191144
      },
      {
        "iteration": 230,
        "training_loss": 39803.27136868716,
        "iteration_seconds": 1.1223137360066175,
        "validation_nll": 0.20330796406594487,
        "validation_rmse": 0.14938890894432208,
        "validation_prediction_seconds": 0.6549830995500088
      },
      {
        "iteration": 231,
        "training_loss": 39863.51811363379,
        "iteration_seconds": 1.120180981233716
      },
      {
        "iteration": 232,
        "training_loss": 39924.505533280724,
        "iteration_seconds": 1.1199797615408897
      },
      {
        "iteration": 233,
        "training_loss": 39986.2183767418,
        "iteration_seconds": 1.119707114994526
      },
      {
        "iteration": 234,
        "training_loss": 40048.64170221583,
        "iteration_seconds": 1.1202265694737434
      },
      {
        "iteration": 235,
        "training_loss": 40111.76086976065,
        "iteration_seconds": 1.1207687202841043
      },
      {
        "iteration": 236,
        "training_loss": 40175.56153412198,
        "iteration_seconds": 1.1199898440390825
      },
      {
        "iteration": 237,
        "training_loss": 40240.029638016305,
        "iteration_seconds": 1.1199511028826237
      },
      {
        "iteration": 238,
        "training_loss": 40305.15140520496,
        "iteration_seconds": 1.120060095563531
      },
      {
        "iteration": 239,
        "training_loss": 40370.91333409713,
        "iteration_seconds": 1.1198287475854158
      },
      {
        "iteration": 240,
        "training_loss": 40437.30219148705,
        "iteration_seconds": 1.1199405156075954,
        "validation_nll": 0.21733520742438714,
        "validation_rmse": 0.14938537892560091,
        "validation_prediction_seconds": 0.6579403765499592
      },
      {
        "iteration": 241,
        "training_loss": 40504.30500622798,
        "iteration_seconds": 1.119649538770318
      },
      {
        "iteration": 242,
        "training_loss": 40571.909063283296,
        "iteration_seconds": 1.1197960805147886
      },
      {
        "iteration": 243,
        "training_loss": 40640.10189788666,
        "iteration_seconds": 1.1196410320699215
      },
      {
        "iteration": 244,
        "training_loss": 40708.87128987454,
        "iteration_seconds": 1.1196261867880821
      },
      {
        "iteration": 245,
        "training_loss": 40778.20525813388,
        "iteration_seconds": 1.1198466196656227
      },
      {
        "iteration": 246,
        "training_loss": 40848.09205514856,
        "iteration_seconds": 1.1200137455016375
      },
      {
        "iteration": 247,
        "training_loss": 40918.52016180259,
        "iteration_seconds": 1.1199370417743921
      },
      {
        "iteration": 248,
        "training_loss": 40989.47828227986,
        "iteration_seconds": 1.1197322234511375
      },
      {
        "iteration": 249,
        "training_loss": 41060.955338991305,
        "iteration_seconds": 1.1196987126022577
      },
      {
        "iteration": 250,
        "training_loss": 41132.94046785042,
        "iteration_seconds": 1.1196961794048548,
        "validation_nll": 0.23107364999195762,
        "validation_rmse": 0.14938322744451576,
        "validation_prediction_seconds": 0.650424599647522
      },
      {
        "iteration": 251,
        "training_loss": 41205.42301346187,
        "iteration_seconds": 1.1194800585508347
      },
      {
        "iteration": 252,
        "training_loss": 41278.39252449799,
        "iteration_seconds": 1.1193933449685574
      },
      {
        "iteration": 253,
        "training_loss": 41351.83874924801,
        "iteration_seconds": 1.1193578243255615
      },
      {
        "iteration": 254,
        "training_loss": 41425.75163127127,
        "iteration_seconds": 1.119431335479021
      },
      {
        "iteration": 255,
        "training_loss": 41500.12130509928,
        "iteration_seconds": 1.1194308288395405
      },
      {
        "iteration": 256,
        "training_loss": 41574.93809201982,
        "iteration_seconds": 1.119320334866643
      },
      {
        "iteration": 257,
        "training_loss": 41650.192496236064,
        "iteration_seconds": 1.1194103453308344
      },
      {
        "iteration": 258,
        "training_loss": 41725.87520060851,
        "iteration_seconds": 1.1195265743881464
      },
      {
        "iteration": 259,
        "training_loss": 41801.977063030296,
        "iteration_seconds": 1.1195605099201202
      },
      {
        "iteration": 260,
        "training_loss": 41878.489112754236,
        "iteration_seconds": 1.1193650271743536,
        "validation_nll": 0.24452720600025588,
        "validation_rmse": 0.14938236631512017,
        "validation_prediction_seconds": 0.6347936727106571
      },
      {
        "iteration": 261,
        "training_loss": 41955.40254641365,
        "iteration_seconds": 1.1197776198387146
      },
      {
        "iteration": 262,
        "training_loss": 42032.708724711905,
        "iteration_seconds": 1.1196513269096613
      },
      {
        "iteration": 263,
        "training_loss": 42110.399168909644,
        "iteration_seconds": 1.1197909582406282
      },
      {
        "iteration": 264,
        "training_loss": 42188.46555734723,
        "iteration_seconds": 1.1197331454604864
      },
      {
        "iteration": 265,
        "training_loss": 42266.89972213132,
        "iteration_seconds": 1.1195784658193588
      },
      {
        "iteration": 266,
        "training_loss": 42345.6936461475,
        "iteration_seconds": 1.1195945553481579
      },
      {
        "iteration": 267,
        "training_loss": 42424.839459504175,
        "iteration_seconds": 1.1196120791137218
      },
      {
        "iteration": 268,
        "training_loss": 42504.32943672489,
        "iteration_seconds": 1.1194616500288248
      },
      {
        "iteration": 269,
        "training_loss": 42584.15599377826,
        "iteration_seconds": 1.119511129334569
      },
      {
        "iteration": 270,
        "training_loss": 42664.311684958,
        "iteration_seconds": 1.1193392407149076,
        "validation_nll": 0.2577007770566782,
        "validation_rmse": 0.14938272765101993,
        "validation_prediction_seconds": 0.6516077164560556
      },
      {
        "iteration": 271,
        "training_loss": 42744.78920018935,
        "iteration_seconds": 1.1199285201728344
      },
      {
        "iteration": 272,
        "training_loss": 42825.58136217063,
        "iteration_seconds": 1.1197617631405592
      },
      {
        "iteration": 273,
        "training_loss": 42906.68112366897,
        "iteration_seconds": 1.1196617409586906
      },
      {
        "iteration": 274,
        "training_loss": 42988.08156481001,
        "iteration_seconds": 1.119753584265709
      },
      {
        "iteration": 275,
        "training_loss": 43069.77589060005,
        "iteration_seconds": 1.1197228413075209
      },
      {
        "iteration": 276,
        "training_loss": 43151.75742825639,
        "iteration_seconds": 1.1196147296577692
      },
      {
        "iteration": 277,
        "training_loss": 43234.0196248148,
        "iteration_seconds": 1.1195748765021563
      },
      {
        "iteration": 278,
        "training_loss": 43316.5560447239,
        "iteration_seconds": 1.1195063330233097
      },
      {
        "iteration": 279,
        "training_loss": 43399.360367392015,
        "iteration_seconds": 1.1194705609232187
      },
      {
        "iteration": 280,
        "training_loss": 43482.42638502823,
        "iteration_seconds": 1.1197202950716019,
        "validation_nll": 0.27059995796150577,
        "validation_rmse": 0.14938425847556497,
        "validation_prediction_seconds": 0.7479523215442896
      },
      {
        "iteration": 281,
        "training_loss": 43565.74800017988,
        "iteration_seconds": 1.1198359560221434
      },
      {
        "iteration": 282,
        "training_loss": 43649.31922384084,
        "iteration_seconds": 1.119682477787137
      },
      {
        "iteration": 283,
        "training_loss": 43733.134172895516,
        "iteration_seconds": 1.1196980495005846
      },
      {
        "iteration": 284,
        "training_loss": 43817.18706845603,
        "iteration_seconds": 1.1259657964110374
      },
      {
        "iteration": 285,
        "training_loss": 43901.47223351407,
        "iteration_seconds": 1.119643971323967
      },
      {
        "iteration": 286,
        "training_loss": 43985.98409092083,
        "iteration_seconds": 1.119682651013136
      },
      {
        "iteration": 287,
        "training_loss": 44070.71716170217,
        "iteration_seconds": 1.1212892960757017
      },
      {
        "iteration": 288,
        "training_loss": 44155.66606288002,
        "iteration_seconds": 1.1195646282285452
      },
      {
        "iteration": 289,
        "training_loss": 44240.82550564897,
        "iteration_seconds": 1.1198455654084682
      },
      {
        "iteration": 290,
        "training_loss": 44326.190293635766,
        "iteration_seconds": 1.1196508295834064,
        "validation_nll": 0.28323081592104377,
        "validation_rmse": 0.14938691679446753,
        "validation_prediction_seconds": 0.6594971995800734
      },
      {
        "iteration": 291,
        "training_loss": 44411.75532106613,
        "iteration_seconds": 1.1197965554893017
      },
      {
        "iteration": 292,
        "training_loss": 44497.51557097037,
        "iteration_seconds": 1.1194838713854551
      },
      {
        "iteration": 293,
        "training_loss": 44583.46611359168,
        "iteration_seconds": 1.1194245666265488
      },
      {
        "iteration": 294,
        "training_loss": 44669.60210447549,
        "iteration_seconds": 1.1194094810634851
      },
      {
        "iteration": 295,
        "training_loss": 44755.918783168076,
        "iteration_seconds": 1.1194428969174623
      },
      {
        "iteration": 296,
        "training_loss": 44842.411471326544,
        "iteration_seconds": 1.1195145957171917
      },
      {
        "iteration": 297,
        "training_loss": 44929.07557132322,
        "iteration_seconds": 1.1193640809506178
      },
      {
        "iteration": 298,
        "training_loss": 45015.90656463482,
        "iteration_seconds": 1.1194003764539957
      },
      {
        "iteration": 299,
        "training_loss": 45102.900010387704,
        "iteration_seconds": 1.1194048374891281
      },
      {
        "iteration": 300,
        "training_loss": 45190.05154392077,
        "iteration_seconds": 1.1197705119848251,
        "validation_nll": 0.2955997240406811,
        "validation_rmse": 0.14939066873132245,
        "validation_prediction_seconds": 0.674337649717927
      }
    ],
    "validation_trace": [
      {
        "iteration": 10,
        "training_loss": 300571.21877825493,
        "iteration_seconds": 1.1133764032274485,
        "validation_nll": -0.17979434088289636,
        "validation_rmse": 0.16838116239940606,
        "validation_prediction_seconds": 72.74707376770675
      },
      {
        "iteration": 20,
        "training_loss": 220574.2525016626,
        "iteration_seconds": 1.1153078265488148,
        "validation_nll": -0.13894084514480867,
        "validation_rmse": 0.1617561983472081,
        "validation_prediction_seconds": 1.0712514575570822
      },
      {
        "iteration": 30,
        "training_loss": 171287.51480710483,
        "iteration_seconds": 1.1201072819530964,
        "validation_nll": -0.09941463350209422,
        "validation_rmse": 0.15668509371484007,
        "validation_prediction_seconds": 0.6905886270105839
      },
      {
        "iteration": 40,
        "training_loss": 138933.0015289511,
        "iteration_seconds": 1.1209583189338446,
        "validation_nll": -0.07147668304005006,
        "validation_rmse": 0.1533915428646784,
        "validation_prediction_seconds": 0.6740756873041391
      },
      {
        "iteration": 50,
        "training_loss": 114748.14651916281,
        "iteration_seconds": 1.1198197156190872,
        "validation_nll": -0.055429762715586056,
        "validation_rmse": 0.15154152600588033,
        "validation_prediction_seconds": 0.6747983507812023
      },
      {
        "iteration": 60,
        "training_loss": 95608.01350359723,
        "iteration_seconds": 1.120745487511158,
        "validation_nll": -0.04528431593521051,
        "validation_rmse": 0.1506038703439321,
        "validation_prediction_seconds": 0.6701454892754555
      },
      {
        "iteration": 70,
        "training_loss": 80579.7350228543,
        "iteration_seconds": 1.1197531763464212,
        "validation_nll": -0.035965522742631074,
        "validation_rmse": 0.15015173326669448,
        "validation_prediction_seconds": 0.6605870872735977
      },
      {
        "iteration": 80,
        "training_loss": 69025.82774844742,
        "iteration_seconds": 1.1203099396079779,
        "validation_nll": -0.025225794203764893,
        "validation_rmse": 0.14992760096586616,
        "validation_prediction_seconds": 0.6503549292683601
      },
      {
        "iteration": 90,
        "training_loss": 60288.389299364295,
        "iteration_seconds": 1.1196532510221004,
        "validation_nll": -0.012648453757069427,
        "validation_rmse": 0.1498017825792484,
        "validation_prediction_seconds": 0.6665917038917542
      },
      {
        "iteration": 100,
        "training_loss": 53754.352288608905,
        "iteration_seconds": 1.1196629479527473,
        "validation_nll": 0.0014523399696853238,
        "validation_rmse": 0.14971766869388897,
        "validation_prediction_seconds": 0.6496313232928514
      },
      {
        "iteration": 110,
        "training_loss": 48909.74358712812,
        "iteration_seconds": 1.1197894606739283,
        "validation_nll": 0.016608607378163304,
        "validation_rmse": 0.1496533664717929,
        "validation_prediction_seconds": 0.6522674448788166
      },
      {
        "iteration": 120,
        "training_loss": 45349.8013272651,
        "iteration_seconds": 1.1196785252541304,
        "validation_nll": 0.03241011241630004,
        "validation_rmse": 0.14960106752485866,
        "validation_prediction_seconds": 0.6529982779175043
      },
      {
        "iteration": 130,
        "training_loss": 42766.515507404925,
        "iteration_seconds": 1.1198803130537271,
        "validation_nll": 0.048550178158404796,
        "validation_rmse": 0.14955783541948245,
        "validation_prediction_seconds": 0.6566808260977268
      },
      {
        "iteration": 140,
        "training_loss": 40929.35644540365,
        "iteration_seconds": 1.1200890056788921,
        "validation_nll": 0.06481447203366061,
        "validation_rmse": 0.14952213793173272,
        "validation_prediction_seconds": 0.662503631785512
      },
      {
        "iteration": 150,
        "training_loss": 39666.642285582435,
        "iteration_seconds": 1.1198963206261396,
        "validation_nll": 0.08105755065304837,
        "validation_rmse": 0.14949278888909887,
        "validation_prediction_seconds": 0.7388623096048832
      },
      {
        "iteration": 160,
        "training_loss": 38850.18435915699,
        "iteration_seconds": 1.1199120692908764,
        "validation_nll": 0.09718187176750531,
        "validation_rmse": 0.14946872993022098,
        "validation_prediction_seconds": 0.6597023420035839
      },
      {
        "iteration": 170,
        "training_loss": 38383.569494666706,
        "iteration_seconds": 1.121268305927515,
        "validation_nll": 0.11312233659387112,
        "validation_rmse": 0.1494490328030874,
        "validation_prediction_seconds": 0.6705295220017433
      },
      {
        "iteration": 180,
        "training_loss": 38193.56468840287,
        "iteration_seconds": 1.1196545716375113,
        "validation_nll": 0.1288357402374186,
        "validation_rmse": 0.14943292303328284,
        "validation_prediction_seconds": 0.6582567226141691
      },
      {
        "iteration": 190,
        "training_loss": 38223.92925952788,
        "iteration_seconds": 1.1198626011610031,
        "validation_nll": 0.14429377743316651,
        "validation_rmse": 0.14941978205262216,
        "validation_prediction_seconds": 0.6487254798412323
      },
      {
        "iteration": 200,
        "training_loss": 38430.98691603547,
        "iteration_seconds": 1.1196769755333662,
        "validation_nll": 0.15947842500821766,
        "validation_rmse": 0.14940913087806612,
        "validation_prediction_seconds": 0.6591337434947491
      },
      {
        "iteration": 210,
        "training_loss": 38780.451029410935,
        "iteration_seconds": 1.1196157727390528,
        "validation_nll": 0.17437886328542807,
        "validation_rmse": 0.14940060577028272,
        "validation_prediction_seconds": 0.6443454921245575
      },
      {
        "iteration": 220,
        "training_loss": 39245.13288240094,
        "iteration_seconds": 1.1209272649139166,
        "validation_nll": 0.18898938779834124,
        "validation_rmse": 0.1493939333665023,
        "validation_prediction_seconds": 0.6566911712288857
      },
      {
        "iteration": 230,
        "training_loss": 39803.27136868716,
        "iteration_seconds": 1.1223137360066175,
        "validation_nll": 0.20330796406594487,
        "validation_rmse": 0.14938890894432208,
        "validation_prediction_seconds": 0.6549830995500088
      },
      {
        "iteration": 240,
        "training_loss": 40437.30219148705,
        "iteration_seconds": 1.1199405156075954,
        "validation_nll": 0.21733520742438714,
        "validation_rmse": 0.14938537892560091,
        "validation_prediction_seconds": 0.6579403765499592
      },
      {
        "iteration": 250,
        "training_loss": 41132.94046785042,
        "iteration_seconds": 1.1196961794048548,
        "validation_nll": 0.23107364999195762,
        "validation_rmse": 0.14938322744451576,
        "validation_prediction_seconds": 0.650424599647522
      },
      {
        "iteration": 260,
        "training_loss": 41878.489112754236,
        "iteration_seconds": 1.1193650271743536,
        "validation_nll": 0.24452720600025588,
        "validation_rmse": 0.14938236631512017,
        "validation_prediction_seconds": 0.6347936727106571
      },
      {
        "iteration": 270,
        "training_loss": 42664.311684958,
        "iteration_seconds": 1.1193392407149076,
        "validation_nll": 0.2577007770566782,
        "validation_rmse": 0.14938272765101993,
        "validation_prediction_seconds": 0.6516077164560556
      },
      {
        "iteration": 280,
        "training_loss": 43482.42638502823,
        "iteration_seconds": 1.1197202950716019,
        "validation_nll": 0.27059995796150577,
        "validation_rmse": 0.14938425847556497,
        "validation_prediction_seconds": 0.7479523215442896
      },
      {
        "iteration": 290,
        "training_loss": 44326.190293635766,
        "iteration_seconds": 1.1196508295834064,
        "validation_nll": 0.28323081592104377,
        "validation_rmse": 0.14938691679446753,
        "validation_prediction_seconds": 0.6594971995800734
      },
      {
        "iteration": 300,
        "training_loss": 45190.05154392077,
        "iteration_seconds": 1.1197705119848251,
        "validation_nll": 0.2955997240406811,
        "validation_rmse": 0.14939066873132245,
        "validation_prediction_seconds": 0.674337649717927
      }
    ],
    "best_iteration": 10,
    "best_step": 10,
    "best_validation_nll": -0.17979434088289636,
    "time_to_best_validation_seconds": 134.0801697783172,
    "training_seconds": 497.6372222080827,
    "mean_iteration_seconds": 1.2849860773049295,
    "median_iteration_seconds": 1.119760885834694,
    "first_iteration_seconds": 50.6589779406786,
    "mean_steady_state_iteration_seconds": 1.1198556697351179,
    "iterations": 300,
    "losses": [
      408774.07652904326,
      394885.94309077365,
      381472.04899872746,
      368530.42382426374,
      356058.17466160934,
      344051.4781404245,
      332505.5781329167,
      321414.78924304247,
      310772.5061418421,
      300571.21877825493,
      290802.533487367,
      281457.20002026134,
      272525.1445303608,
      263995.5085761696,
      255856.6942256419,
      248096.41536405194,
      240701.75531616388,
      233659.2308745056,
      226954.86276726262,
      220574.2525016626,
      214502.66536220978,
      208725.1191372655,
      203226.4778862584,
      197991.54976139776,
      193005.18757877662,
      188252.390522575,
      183718.40508420602,
      179388.82313733175,
      175249.67493218253,
      171287.51480710483,
      167489.4975545234,
      163843.443647356,
      160337.89191701077,
      156962.13874203642,
      153706.2633280228,
      150561.13918555435,
      147518.43241633917,
      144570.5878519331,
      141710.80444134446,
      138933.0015289511,
      136231.77780466503,
      133602.36474839167,
      131040.57633884356,
      128542.75667637587,
      126105.72699422645,
      123726.73332322598,
      121403.39585328556,
      119133.6608080006,
      116915.75543507654,
      114748.14651916281,
      112629.50265282439,
      110558.66035485535,
      108534.59400783922,
      106556.38949393725,
      104623.22133886663,
      102734.33312609268,
      100889.02091311628,
      99086.619365577,
      97326.49032160011,
      95608.01350359723,
      93930.57910655986,
      92293.5820085156,
      90696.41736838047,
      89138.47739707702,
      87619.1491107021,
      86137.81289452722,
      84693.84172918485,
      83286.60094795376,
      81915.44841414085,
      80579.7350228543,
      79278.80544647272,
      78011.99905669386,
      76778.65096756082,
      75578.09315332049,
      74409.65560518659,
      73272.66749624733,
      72166.45833284431,
      71090.35907348187,
      70043.70320245926,
      69025.82774844742,
      68036.0742411851,
      67073.78960195044,
      66138.32696568884,
      65229.04643382481,
      64345.31575807033,
      63486.51095684059,
      62652.01686598698,
      61841.227626390755,
      61053.547111862455,
      60288.389299364295,
      59545.17858588288,
      58823.35005482752,
      58122.34969485586,
      57441.63457528304,
      56780.67298048339,
      56138.944506868604,
      55515.94012504339,
      54911.1622102625,
      54324.12454399525,
      53754.352288608905,
      53201.381938378676,
      52664.761248357594,
      52144.04914387688,
      51638.81561236142,
      51148.64157930424,
      50673.11877029424,
      50211.849560891744,
      49764.44681544183,
      49330.53371668083,
      48909.74358712812,
      48501.71970368677,
      48106.11510649731,
      47722.592402995564,
      47350.82356824924,
      46990.4897424333,
      46641.28102617792,
      46302.89627435338,
      45975.042889448,
      45657.43661466171,
      45349.8013272651,
      45051.86883331428,
      44763.37866319914,
      44484.077869335306,
      44213.720825846656,
      43952.06903039222,
      43698.89090926328,
      43453.961624822114,
      43217.06288631167,
      42987.982764157234,
      42766.515507404925,
      42552.46136503352,
      42345.62641072541,
      42145.82237155386,
      41952.8664605543,
      41766.5812131851,
      41586.79432747606,
      41413.33850840072,
      41246.05131613719,
      41084.77501820412,
      40929.35644540365,
      40779.64685196825,
      40635.50177928957,
      40496.78092355287,
      40363.34800721309,
      40235.070654051146,
      40111.82026792609,
      39993.471915206756,
      39879.9042105712,
      39770.99920644681,
      39666.642285582435,
      39566.72205721459,
      39471.130256186065,
      39379.76164539164,
      39292.51392132894,
      39209.28762235172,
      39129.986040348536,
      39054.515134676825,
      38982.7834493221,
      38914.70203257346,
      38850.18435915699,
      38789.14625511557,
      38731.505825170956,
      38677.18338214583,
      38626.10137913824,
      38578.18434349849,
      38533.3588133725,
      38491.55327602086,
      38452.69810839114,
      38416.72551941255,
      38383.569494666706,
      38353.16574227624,
      38325.45164096088,
      38300.366189851076,
      38277.8499597265,
      38257.84504611447,
      38240.29502365523,
      38225.14490223146,
      38212.34108446736,
      38201.83132448967,
      38193.56468840287,
      38187.49151550885,
      38183.56338131905,
      38181.73306157213,
      38181.95449739398,
      38184.182761534175,
      38188.374025983154,
      38194.485530291335,
      38202.47555127117,
      38212.3033731794,
      38223.92925952788,
      38237.314425227814,
      38252.42100993445,
      38269.21205205016,
      38287.65146376664,
      38307.70400680747,
      38329.335268809285,
      38352.5116407554,
      38377.200294718496,
      38403.369162726216,
      38430.98691603547,
      38460.02294485801,
      38490.44733946008,
      38522.230870858475,
      38555.344972879975,
      38589.76172442845,
      38625.45383240789,
      38662.394615005935,
      38700.55798582628,
      38739.91843804659,
      38780.451029410935,
      38822.13136771432,
      38864.93559622619,
      38908.840380163165,
      38953.822893250326,
      38999.86080460047,
      39046.93226627441,
      39095.015900957165,
      39144.09079008683,
      39194.13646233728,
      39245.13288240094,
      39297.06044016889,
      39349.89994007908,
      39403.63259108545,
      39458.23999638826,
      39513.70414406032,
      39570.00739742612,
      39627.13248611044,
      39685.06249704579,
      39743.78086590365,
      39803.27136868716,
      39863.51811363379,
      39924.505533280724,
      39986.2183767418,
      40048.64170221583,
      40111.76086976065,
      40175.56153412198,
      40240.029638016305,
      40305.15140520496,
      40370.91333409713,
      40437.30219148705,
      40504.30500622798,
      40571.909063283296,
      40640.10189788666,
      40708.87128987454,
      40778.20525813388,
      40848.09205514856,
      40918.52016180259,
      40989.47828227986,
      41060.955338991305,
      41132.94046785042,
      41205.42301346187,
      41278.39252449799,
      41351.83874924801,
      41425.75163127127,
      41500.12130509928,
      41574.93809201982,
      41650.192496236064,
      41725.87520060851,
      41801.977063030296,
      41878.489112754236,
      41955.40254641365,
      42032.708724711905,
      42110.399168909644,
      42188.46555734723,
      42266.89972213132,
      42345.6936461475,
      42424.839459504175,
      42504.32943672489,
      42584.15599377826,
      42664.311684958,
      42744.78920018935,
      42825.58136217063,
      42906.68112366897,
      42988.08156481001,
      43069.77589060005,
      43151.75742825639,
      43234.0196248148,
      43316.5560447239,
      43399.360367392015,
      43482.42638502823,
      43565.74800017988,
      43649.31922384084,
      43733.134172895516,
      43817.18706845603,
      43901.47223351407,
      43985.98409092083,
      44070.71716170217,
      44155.66606288002,
      44240.82550564897,
      44326.190293635766,
      44411.75532106613,
      44497.51557097037,
      44583.46611359168,
      44669.60210447549,
      44755.918783168076,
      44842.411471326544,
      44929.07557132322,
      45015.90656463482,
      45102.900010387704,
      45190.05154392077
    ],
    "cumulative_update_seconds": 385.49582319147885,
    "trajectory": [],
    "stop_reason": "maximum_iterations"
  },
  "refit": {
    "trace": [
      {
        "iteration": 1,
        "training_loss": 426401.42293020803,
        "iteration_seconds": 62.8571493010968
      },
      {
        "iteration": 2,
        "training_loss": 411579.72008378804,
        "iteration_seconds": 1.2181424740701914
      },
      {
        "iteration": 3,
        "training_loss": 397275.1511748512,
        "iteration_seconds": 1.2242503948509693
      },
      {
        "iteration": 4,
        "training_loss": 383486.12850922067,
        "iteration_seconds": 1.216434856876731
      },
      {
        "iteration": 5,
        "training_loss": 370209.2473176201,
        "iteration_seconds": 1.2166682686656713
      },
      {
        "iteration": 6,
        "training_loss": 357440.4379623644,
        "iteration_seconds": 1.2165860198438168
      },
      {
        "iteration": 7,
        "training_loss": 345173.80312536936,
        "iteration_seconds": 1.216774720698595
      },
      {
        "iteration": 8,
        "training_loss": 333402.3961909674,
        "iteration_seconds": 1.2166241835802794
      },
      {
        "iteration": 9,
        "training_loss": 322119.2924953089,
        "iteration_seconds": 1.2165899462997913
      },
      {
        "iteration": 10,
        "training_loss": 311315.06127352035,
        "iteration_seconds": 1.2165843192487955
      }
    ],
    "validation_trace": [],
    "best_iteration": 10,
    "best_step": 10,
    "best_validation_nll": null,
    "time_to_best_validation_seconds": null,
    "training_seconds": 74.45392321050167,
    "mean_iteration_seconds": 7.381580448523164,
    "median_iteration_seconds": 1.2166462261229753,
    "first_iteration_seconds": 62.8571493010968,
    "mean_steady_state_iteration_seconds": 1.2176283537927601,
    "iterations": 10,
    "losses": [
      426401.42293020803,
      411579.72008378804,
      397275.1511748512,
      383486.12850922067,
      370209.2473176201,
      357440.4379623644,
      345173.80312536936,
      333402.3961909674,
      322119.2924953089,
      311315.06127352035
    ],
    "cumulative_update_seconds": 73.81580448523164,
    "trajectory": [],
    "stop_reason": "maximum_iterations"
  },
  "timing": {
    "selection_training_seconds": 497.6372222080827,
    "refit_training_seconds": 74.45392321050167,
    "end_to_end_training_seconds": 572.0911454185843,
    "prediction_seconds": 13.992453444749117,
    "process_total_seconds": 607.2193643040955
  },
  "taskwise_metrics": [],
  "learned_temporal_lengthscale": 0.18275064963432222,
  "learned_temporal_variance": 1.063484063096854,
  "learned_spatial_lengthscales": [
    0.7474527292846045,
    0.747691658138773
  ],
  "learned_spatial_variances": [
    1.063484046165801,
    1.0634840461658008
  ],
  "learned_likelihood_variance": 0.05505901288930162,
  "learned_spatial_inducing_locations": [
    [
      -1.903152635150322,
      0.8687492638761469
    ],
    [
      -1.903152635150322,
      1.5453201721423844
    ],
    [
      -1.6841477289189866,
      1.5131025098439923
    ],
    [
      -1.7279487101652542,
      1.7386261459327381
    ],
    [
      -1.7279487101652542,
      1.3520141983520308
    ],
    [
      -1.3337398789488506,
      1.7708438082311302
    ],
    [
      -0.939531047732447,
      1.5453201721423844
    ],
    [
      -1.1147349727175149,
      0.6432256277874011
    ],
    [
      -1.0709339914712472,
      0.28883134250508624
    ],
    [
      -1.0271330102249794,
      0.997619913069716
    ],
    [
      -0.939531047732447,
      1.3520141983520308
    ],
    [
      -1.2023369352100473,
      -0.0011276181804442489
    ],
    [
      -1.2899388977025827,
      -0.355521903462759
    ],
    [
      -0.7205261415011113,
      0.7398786146825779
    ],
    [
      -0.7205261415011113,
      1.094272899964893
    ],
    [
      -0.8081281039936438,
      0.031090044117948044
    ],
    [
      -0.8957300664861793,
      0.4499196539970476
    ],
    [
      -0.6329241790085758,
      0.5143549785938321
    ],
    [
      -0.5453222165160403,
      -0.0333452804788364
    ],
    [
      -0.5015212352697757,
      -1.2253987855193502
    ],
    [
      -0.7205261415011113,
      -1.8053167068904112
    ],
    [
      -0.5015212352697757,
      0.19217835560990937
    ],
    [
      -0.6329241790085758,
      -1.9341873560839797
    ],
    [
      -0.4139192727772401,
      0.7076609523841856
    ],
    [
      -0.4139192727772401,
      0.9654022507713237
    ],
    [
      -0.1511133852996367,
      -0.0333452804788364
    ],
    [
      -0.4577202540235079,
      -1.579793070801665
    ],
    [
      -0.37011829153097237,
      1.5453201721423844
    ],
    [
      -0.19491436654590444,
      0.3532666671018707
    ],
    [
      -0.19491436654590444,
      -1.3220517724145269
    ],
    [
      -0.37011829153097237,
      -0.9032221625354276
    ],
    [
      0.02409053968543124,
      -1.4187047593097037
    ],
    [
      -0.19491436654590444,
      -1.7086637199952341
    ],
    [
      0.06789152093169899,
      1.0298375753681084
    ],
    [
      -0.06351142280710428,
      0.6754432900857933
    ],
    [
      0.06789152093169899,
      -1.1609634609225656
    ],
    [
      0.02409053968543124,
      -0.9032221625354276
    ],
    [
      0.06789152093169899,
      0.3210490048034784
    ],
    [
      0.3744983896555671,
      0.8687492638761469
    ],
    [
      0.19929446467049916,
      -1.4831400839064885
    ],
    [
      0.06789152093169899,
      -1.9341873560839797
    ],
    [
      0.33069740840930245,
      -1.64422839539845
    ],
    [
      0.2868964271630347,
      -1.0320928117289967
    ],
    [
      0.5059013333943704,
      -0.9032221625354276
    ],
    [
      0.4621003521481026,
      0.12774303101312492
    ],
    [
      0.3744983896555671,
      0.4177019916986553
    ],
    [
      0.5935032958869028,
      -1.1931811232209582
    ],
    [
      0.8125082021182385,
      0.28883134250508624
    ],
    [
      0.724906239625706,
      -1.1931811232209582
    ],
    [
      0.7687072208719739,
      -0.12999826737401313
    ],
    [
      0.6373042771331705,
      0.5787903031906166
    ],
    [
      0.9877121271033095,
      -0.8387868379386431
    ],
    [
      1.031513108349574,
      0.09552536871473263
    ],
    [
      1.2943189958271775,
      -0.355521903462759
    ],
    [
      1.2943189958271775,
      -0.0333452804788364
    ],
    [
      1.2505180145809098,
      -0.6132632018498971
    ],
    [
      1.4695229208122456,
      -0.3877395657611515
    ],
    [
      1.4257219395659808,
      0.25661368020669395
    ],
    [
      1.9951346957674523,
      -0.9676574871322122
    ],
    [
      1.6447268457973165,
      0.4177019916986553
    ],
    [
      1.6885278270435813,
      0.031090044117948044
    ],
    [
      1.6885278270435813,
      -0.581045539551505
    ],
    [
      1.9951346957674523,
      -0.29108657886597444
    ],
    [
      2.257940583245056,
      0.12774303101312492
    ]
  ],
  "data_source": "/root/autodl-tmp/iclr_era5_a100_protocol_autodl_4090_capacity_ladder_20260820T023000Z/official_protocol/task1_2/seed1/data.npz",
  "python": "3.7.12",
  "jax": "0.2.9",
  "jaxlib": "0.1.60",
  "objax": "1.3.1",
  "bayesnewton": "1.1"
}
