job=array-43
argv=/root/autodl-tmp/stvgp_envs/stvgp_legacy/bin/python scripts/run_official_stvgp_legacy.py --model mf_st_svgp --data-npz /root/autodl-tmp/iclr_era5_a100_protocol_autodl_4090_capacity_ladder_20260820T023000Z/official_protocol/task1_2/seed2/data.npz --num-spatial-inducing 64 --fixed-spatial-inducing --iterations 300 --seed 2 --use-xlag-mean --jit --parallel --trajectory-every 10 --predictions-output /root/autodl-tmp/iclr_era5_a100_protocol_autodl_4090_capacity_ladder_20260820T023000Z/runs/task1_2/batch/official_mf_st_svgp_ms64/seed2/predictions.npz --trajectory-output /root/autodl-tmp/iclr_era5_a100_protocol_autodl_4090_capacity_ladder_20260820T023000Z/runs/task1_2/batch/official_mf_st_svgp_ms64/seed2/trajectory.json --output /root/autodl-tmp/iclr_era5_a100_protocol_autodl_4090_capacity_ladder_20260820T023000Z/runs/task1_2/batch/official_mf_st_svgp_ms64/seed2/result.json
iter 1: energy: 398087.67491260
2026-08-20 10:30:29.615101: E external/org_tensorflow/tensorflow/compiler/xla/service/gpu/ir_emission_utils.cc:812] TIM: 
2026-08-20 10:30:29.617312: E external/org_tensorflow/tensorflow/compiler/xla/service/gpu/ir_emission_utils.cc:812] TIM: 
iter 10: energy: 294282.65054568
2026-08-20 10:31:34.942711: E external/org_tensorflow/tensorflow/compiler/xla/service/gpu/ir_emission_utils.cc:812] TIM: 
2026-08-20 10:31:34.944972: E external/org_tensorflow/tensorflow/compiler/xla/service/gpu/ir_emission_utils.cc:812] TIM: 
iter 20: energy: 217753.41389776
2026-08-20 10:31:47.739977: E external/org_tensorflow/tensorflow/compiler/xla/service/gpu/ir_emission_utils.cc:812] TIM: 
2026-08-20 10:31:47.742198: E external/org_tensorflow/tensorflow/compiler/xla/service/gpu/ir_emission_utils.cc:812] TIM: 
iter 30: energy: 170470.19888823
2026-08-20 10:32:00.319293: E external/org_tensorflow/tensorflow/compiler/xla/service/gpu/ir_emission_utils.cc:812] TIM: 
2026-08-20 10:32:00.321338: E external/org_tensorflow/tensorflow/compiler/xla/service/gpu/ir_emission_utils.cc:812] TIM: 
iter 40: energy: 138648.95582888
2026-08-20 10:32:12.844903: E external/org_tensorflow/tensorflow/compiler/xla/service/gpu/ir_emission_utils.cc:812] TIM: 
2026-08-20 10:32:12.846933: E external/org_tensorflow/tensorflow/compiler/xla/service/gpu/ir_emission_utils.cc:812] TIM: 
iter 50: energy: 114251.23128235
2026-08-20 10:32:25.371948: E external/org_tensorflow/tensorflow/compiler/xla/service/gpu/ir_emission_utils.cc:812] TIM: 
2026-08-20 10:32:25.373818: E external/org_tensorflow/tensorflow/compiler/xla/service/gpu/ir_emission_utils.cc:812] TIM: 
iter 60: energy: 94902.52289828
2026-08-20 10:32:37.870312: E external/org_tensorflow/tensorflow/compiler/xla/service/gpu/ir_emission_utils.cc:812] TIM: 
2026-08-20 10:32:37.872209: E external/org_tensorflow/tensorflow/compiler/xla/service/gpu/ir_emission_utils.cc:812] TIM: 
iter 70: energy: 79887.62471277
2026-08-20 10:32:50.395802: E external/org_tensorflow/tensorflow/compiler/xla/service/gpu/ir_emission_utils.cc:812] TIM: 
2026-08-20 10:32:50.397712: E external/org_tensorflow/tensorflow/compiler/xla/service/gpu/ir_emission_utils.cc:812] TIM: 
iter 80: energy: 68515.86760133
2026-08-20 10:33:02.905338: E external/org_tensorflow/tensorflow/compiler/xla/service/gpu/ir_emission_utils.cc:812] TIM: 
2026-08-20 10:33:02.907145: E external/org_tensorflow/tensorflow/compiler/xla/service/gpu/ir_emission_utils.cc:812] TIM: 
iter 90: energy: 60035.55254156
2026-08-20 10:33:15.422097: E external/org_tensorflow/tensorflow/compiler/xla/service/gpu/ir_emission_utils.cc:812] TIM: 
2026-08-20 10:33:15.423838: E external/org_tensorflow/tensorflow/compiler/xla/service/gpu/ir_emission_utils.cc:812] TIM: 
iter 100: energy: 53767.65564729
2026-08-20 10:33:27.924856: E external/org_tensorflow/tensorflow/compiler/xla/service/gpu/ir_emission_utils.cc:812] TIM: 
2026-08-20 10:33:27.926788: E external/org_tensorflow/tensorflow/compiler/xla/service/gpu/ir_emission_utils.cc:812] TIM: 
iter 110: energy: 49164.18507499
2026-08-20 10:33:40.428731: E external/org_tensorflow/tensorflow/compiler/xla/service/gpu/ir_emission_utils.cc:812] TIM: 
2026-08-20 10:33:40.430549: E external/org_tensorflow/tensorflow/compiler/xla/service/gpu/ir_emission_utils.cc:812] TIM: 
iter 120: energy: 45807.79457071
2026-08-20 10:33:52.942118: E external/org_tensorflow/tensorflow/compiler/xla/service/gpu/ir_emission_utils.cc:812] TIM: 
2026-08-20 10:33:52.943874: E external/org_tensorflow/tensorflow/compiler/xla/service/gpu/ir_emission_utils.cc:812] TIM: 
iter 130: energy: 43389.40424431
2026-08-20 10:34:05.492165: E external/org_tensorflow/tensorflow/compiler/xla/service/gpu/ir_emission_utils.cc:812] TIM: 
2026-08-20 10:34:05.493896: E external/org_tensorflow/tensorflow/compiler/xla/service/gpu/ir_emission_utils.cc:812] TIM: 
iter 140: energy: 41682.51016548
2026-08-20 10:34:18.097915: E external/org_tensorflow/tensorflow/compiler/xla/service/gpu/ir_emission_utils.cc:812] TIM: 
2026-08-20 10:34:18.099661: E external/org_tensorflow/tensorflow/compiler/xla/service/gpu/ir_emission_utils.cc:812] TIM: 
iter 150: energy: 40521.07007708
2026-08-20 10:34:30.633233: E external/org_tensorflow/tensorflow/compiler/xla/service/gpu/ir_emission_utils.cc:812] TIM: 
2026-08-20 10:34:30.634990: E external/org_tensorflow/tensorflow/compiler/xla/service/gpu/ir_emission_utils.cc:812] TIM: 
iter 160: energy: 39782.50524546
2026-08-20 10:34:43.130042: E external/org_tensorflow/tensorflow/compiler/xla/service/gpu/ir_emission_utils.cc:812] TIM: 
2026-08-20 10:34:43.131784: E external/org_tensorflow/tensorflow/compiler/xla/service/gpu/ir_emission_utils.cc:812] TIM: 
iter 170: energy: 39375.33350762
2026-08-20 10:34:55.648921: E external/org_tensorflow/tensorflow/compiler/xla/service/gpu/ir_emission_utils.cc:812] TIM: 
2026-08-20 10:34:55.650771: E external/org_tensorflow/tensorflow/compiler/xla/service/gpu/ir_emission_utils.cc:812] TIM: 
iter 180: energy: 39230.40696993
2026-08-20 10:35:08.160571: E external/org_tensorflow/tensorflow/compiler/xla/service/gpu/ir_emission_utils.cc:812] TIM: 
2026-08-20 10:35:08.162303: E external/org_tensorflow/tensorflow/compiler/xla/service/gpu/ir_emission_utils.cc:812] TIM: 
iter 190: energy: 39294.76494660
2026-08-20 10:35:20.654210: E external/org_tensorflow/tensorflow/compiler/xla/service/gpu/ir_emission_utils.cc:812] TIM: 
2026-08-20 10:35:20.655978: E external/org_tensorflow/tensorflow/compiler/xla/service/gpu/ir_emission_utils.cc:812] TIM: 
iter 200: energy: 39527.31987463
2026-08-20 10:35:33.167114: E external/org_tensorflow/tensorflow/compiler/xla/service/gpu/ir_emission_utils.cc:812] TIM: 
2026-08-20 10:35:33.168829: E external/org_tensorflow/tensorflow/compiler/xla/service/gpu/ir_emission_utils.cc:812] TIM: 
iter 210: energy: 39895.80899380
2026-08-20 10:35:45.661609: E external/org_tensorflow/tensorflow/compiler/xla/service/gpu/ir_emission_utils.cc:812] TIM: 
2026-08-20 10:35:45.663329: E external/org_tensorflow/tensorflow/compiler/xla/service/gpu/ir_emission_utils.cc:812] TIM: 
iter 220: energy: 40374.61756528
2026-08-20 10:35:58.178279: E external/org_tensorflow/tensorflow/compiler/xla/service/gpu/ir_emission_utils.cc:812] TIM: 
2026-08-20 10:35:58.180058: E external/org_tensorflow/tensorflow/compiler/xla/service/gpu/ir_emission_utils.cc:812] TIM: 
iter 230: energy: 40943.20489588
2026-08-20 10:36:10.690177: E external/org_tensorflow/tensorflow/compiler/xla/service/gpu/ir_emission_utils.cc:812] TIM: 
2026-08-20 10:36:10.692777: E external/org_tensorflow/tensorflow/compiler/xla/service/gpu/ir_emission_utils.cc:812] TIM: 
iter 240: energy: 41584.95106755
2026-08-20 10:36:23.197749: E external/org_tensorflow/tensorflow/compiler/xla/service/gpu/ir_emission_utils.cc:812] TIM: 
2026-08-20 10:36:23.199442: E external/org_tensorflow/tensorflow/compiler/xla/service/gpu/ir_emission_utils.cc:812] TIM: 
iter 250: energy: 42286.30067861
2026-08-20 10:36:35.718092: E external/org_tensorflow/tensorflow/compiler/xla/service/gpu/ir_emission_utils.cc:812] TIM: 
2026-08-20 10:36:35.719800: E external/org_tensorflow/tensorflow/compiler/xla/service/gpu/ir_emission_utils.cc:812] TIM: 
iter 260: energy: 43036.11894768
2026-08-20 10:36:48.225663: E external/org_tensorflow/tensorflow/compiler/xla/service/gpu/ir_emission_utils.cc:812] TIM: 
2026-08-20 10:36:48.227379: E external/org_tensorflow/tensorflow/compiler/xla/service/gpu/ir_emission_utils.cc:812] TIM: 
iter 270: energy: 43825.20164064
2026-08-20 10:37:00.790878: E external/org_tensorflow/tensorflow/compiler/xla/service/gpu/ir_emission_utils.cc:812] TIM: 
2026-08-20 10:37:00.792608: E external/org_tensorflow/tensorflow/compiler/xla/service/gpu/ir_emission_utils.cc:812] TIM: 
iter 280: energy: 44645.89784809
2026-08-20 10:37:13.291267: E external/org_tensorflow/tensorflow/compiler/xla/service/gpu/ir_emission_utils.cc:812] TIM: 
2026-08-20 10:37:13.293052: E external/org_tensorflow/tensorflow/compiler/xla/service/gpu/ir_emission_utils.cc:812] TIM: 
iter 290: energy: 45491.81657505
2026-08-20 10:37:25.791937: E external/org_tensorflow/tensorflow/compiler/xla/service/gpu/ir_emission_utils.cc:812] TIM: 
2026-08-20 10:37:25.793665: E external/org_tensorflow/tensorflow/compiler/xla/service/gpu/ir_emission_utils.cc:812] TIM: 
iter 300: energy: 46357.59629969
iter 1: energy: 414206.41890379
iter 10: energy: 304758.51303429
2026-08-20 10:38:47.572071: E external/org_tensorflow/tensorflow/compiler/xla/service/gpu/ir_emission_utils.cc:812] TIM: 
2026-08-20 10:38:47.574250: E external/org_tensorflow/tensorflow/compiler/xla/service/gpu/ir_emission_utils.cc:812] TIM: 
{
  "implementation": "official AaltoML Bayes-Newton API",
  "model": "mf_st_svgp",
  "paper_role": "MF-ST-SVGP spatial sparse mean-field, temporal full Markov state",
  "direct_target": false,
  "prediction_target": "original_y",
  "training_target": "fixed_residual",
  "latent_gp_target": "fixed xlag residual",
  "uses_xlag": true,
  "xlag_mean_protocol": "shared fixed batch ridge mean from protocol NPZ",
  "xlag_beta": null,
  "xlag_beta_updates": [],
  "xlag_ridge": null,
  "xlag_update_spatial_count": null,
  "xlag_update_time_chunk_size": null,
  "sparse_space": true,
  "mean_field": true,
  "validation_protocol": true,
  "num_fit_space": 720,
  "num_validation_space": 80,
  "num_train_space": 800,
  "num_test_space": 200,
  "num_model_space": 800,
  "num_selection_model_space": 720,
  "num_refit_model_space": 800,
  "heldout_target_masking": "validation/test coordinates excluded during selection; test coordinates excluded during refit",
  "num_spatial_inducing": 64,
  "spatial_inducing_optimized": false,
  "num_time_steps": 186,
  "temporal_inducing_count": null,
  "temporal_state_count": 186,
  "temporal_inducing_locations": null,
  "paper_faithful_temporal_representation": true,
  "temporal_protocol": "full Markov state at every observed time",
  "iterations": 10,
  "iterations_requested": 300,
  "best_iteration": 10,
  "best_step": 10,
  "best_validation_nll": -0.16683462184343958,
  "validation_every": 10,
  "stop_reason": "maximum_iterations",
  "early_stop_relative_tol": null,
  "early_stop_patience": 10,
  "early_stop_min_iterations": 20,
  "jit": true,
  "parallel": true,
  "seed": 2,
  "rmse": 0.16185993075091762,
  "nll": -0.16044168441921566,
  "coverage90": 0.990994623655914,
  "mean_predictive_std": 0.29487470283795064,
  "train_seconds": 569.2846312876791,
  "cumulative_update_seconds": 456.98201326467097,
  "diagnostic_trajectory": [],
  "losses": [
    414206.4189037876,
    400102.3099209904,
    386491.9956067046,
    373374.67413215153,
    360744.83001353825,
    348602.92458251026,
    336936.5378392618,
    325747.85875321366,
    315023.00655448297,
    304758.5130342888
  ],
  "selection": {
    "trace": [
      {
        "iteration": 1,
        "training_loss": 398087.67491260264,
        "iteration_seconds": 50.56525305099785
      },
      {
        "iteration": 2,
        "training_loss": 384754.2409978146,
        "iteration_seconds": 1.1169449836015701
      },
      {
        "iteration": 3,
        "training_loss": 371877.9230627776,
        "iteration_seconds": 1.1157864183187485
      },
      {
        "iteration": 4,
        "training_loss": 359456.9754203595,
        "iteration_seconds": 1.115182751789689
      },
      {
        "iteration": 5,
        "training_loss": 347488.7602362656,
        "iteration_seconds": 1.1136296261101961
      },
      {
        "iteration": 6,
        "training_loss": 335969.73451035423,
        "iteration_seconds": 1.1137215327471495
      },
      {
        "iteration": 7,
        "training_loss": 324895.4416902163,
        "iteration_seconds": 1.113778967410326
      },
      {
        "iteration": 8,
        "training_loss": 314260.50805591047,
        "iteration_seconds": 1.1137625463306904
      },
      {
        "iteration": 9,
        "training_loss": 304058.6440237004,
        "iteration_seconds": 1.113727057352662
      },
      {
        "iteration": 10,
        "training_loss": 294282.65054567554,
        "iteration_seconds": 1.1135821733623743,
        "validation_nll": -0.16683462184343958,
        "validation_rmse": 0.16504489485112037,
        "validation_prediction_seconds": 72.38356018997729
      },
      {
        "iteration": 11,
        "training_loss": 284924.4308355192,
        "iteration_seconds": 1.1415193974971771
      },
      {
        "iteration": 12,
        "training_loss": 275975.0077112883,
        "iteration_seconds": 1.115341192111373
      },
      {
        "iteration": 13,
        "training_loss": 267424.5469318705,
        "iteration_seconds": 1.1154615599662066
      },
      {
        "iteration": 14,
        "training_loss": 259262.38698853902,
        "iteration_seconds": 1.1156897209584713
      },
      {
        "iteration": 15,
        "training_loss": 251477.07590025105,
        "iteration_seconds": 1.1155258864164352
      },
      {
        "iteration": 16,
        "training_loss": 244056.41562716733,
        "iteration_seconds": 1.1156322117894888
      },
      {
        "iteration": 17,
        "training_loss": 236987.51475950843,
        "iteration_seconds": 1.1155640706419945
      },
      {
        "iteration": 18,
        "training_loss": 230256.8501090412,
        "iteration_seconds": 1.1156331449747086
      },
      {
        "iteration": 19,
        "training_loss": 223850.33775452408,
        "iteration_seconds": 1.1135257836431265
      },
      {
        "iteration": 20,
        "training_loss": 217753.41389775602,
        "iteration_seconds": 1.115992708131671,
        "validation_nll": -0.11835331325365633,
        "validation_rmse": 0.1591024212932256,
        "validation_prediction_seconds": 1.017690472304821
      },
      {
        "iteration": 21,
        "training_loss": 211951.12560520926,
        "iteration_seconds": 1.1190052274614573
      },
      {
        "iteration": 22,
        "training_loss": 206428.231111038,
        "iteration_seconds": 1.1247614324092865
      },
      {
        "iteration": 23,
        "training_loss": 201169.3088562498,
        "iteration_seconds": 1.1147209722548723
      },
      {
        "iteration": 24,
        "training_loss": 196158.8738636321,
        "iteration_seconds": 1.1161046959459782
      },
      {
        "iteration": 25,
        "training_loss": 191381.49943685415,
        "iteration_seconds": 1.118318371474743
      },
      {
        "iteration": 26,
        "training_loss": 186821.94157619542,
        "iteration_seconds": 1.1204449776560068
      },
      {
        "iteration": 27,
        "training_loss": 182465.26300337748,
        "iteration_seconds": 1.1202271990478039
      },
      {
        "iteration": 28,
        "training_loss": 178296.95333033055,
        "iteration_seconds": 1.119666462764144
      },
      {
        "iteration": 29,
        "training_loss": 174303.04176947242,
        "iteration_seconds": 1.1197075303643942
      },
      {
        "iteration": 30,
        "training_loss": 170470.1988882306,
        "iteration_seconds": 1.1228524949401617,
        "validation_nll": -0.0751147693358409,
        "validation_rmse": 0.15465679743098934,
        "validation_prediction_seconds": 0.7169173322618008
      },
      {
        "iteration": 31,
        "training_loss": 166785.82427859493,
        "iteration_seconds": 1.1263166703283787
      },
      {
        "iteration": 32,
        "training_loss": 163238.11761225876,
        "iteration_seconds": 1.1209950763732195
      },
      {
        "iteration": 33,
        "training_loss": 159816.1313420576,
        "iteration_seconds": 1.1220311764627695
      },
      {
        "iteration": 34,
        "training_loss": 156509.8042050046,
        "iteration_seconds": 1.119912512600422
      },
      {
        "iteration": 35,
        "training_loss": 153309.97560528642,
        "iteration_seconds": 1.119735011830926
      },
      {
        "iteration": 36,
        "training_loss": 150208.3818198538,
        "iteration_seconds": 1.1201367992907763
      },
      {
        "iteration": 37,
        "training_loss": 147197.63570213155,
        "iteration_seconds": 1.1204604338854551
      },
      {
        "iteration": 38,
        "training_loss": 144271.19212193287,
        "iteration_seconds": 1.127849455922842
      },
      {
        "iteration": 39,
        "training_loss": 141423.30173389113,
        "iteration_seconds": 1.119847111403942
      },
      {
        "iteration": 40,
        "training_loss": 138648.95582888136,
        "iteration_seconds": 1.1197647582739592,
        "validation_nll": -0.04772773324440338,
        "validation_rmse": 0.1518005493161649,
        "validation_prediction_seconds": 0.6713587380945683
      },
      {
        "iteration": 41,
        "training_loss": 135943.8249999414,
        "iteration_seconds": 1.1204881984740496
      },
      {
        "iteration": 42,
        "training_loss": 133304.1941877557,
        "iteration_seconds": 1.1199993807822466
      },
      {
        "iteration": 43,
        "training_loss": 130726.89639772009,
        "iteration_seconds": 1.1197223756462336
      },
      {
        "iteration": 44,
        "training_loss": 128209.2470396536,
        "iteration_seconds": 1.1199752129614353
      },
      {
        "iteration": 45,
        "training_loss": 125748.98047309427,
        "iteration_seconds": 1.1196850929409266
      },
      {
        "iteration": 46,
        "training_loss": 123344.18996918586,
        "iteration_seconds": 1.119694309309125
      },
      {
        "iteration": 47,
        "training_loss": 120993.27195693832,
        "iteration_seconds": 1.1194996945559978
      },
      {
        "iteration": 48,
        "training_loss": 118694.87510757288,
        "iteration_seconds": 1.1203695200383663
      },
      {
        "iteration": 49,
        "training_loss": 116447.85454860481,
        "iteration_seconds": 1.1262072119861841
      },
      {
        "iteration": 50,
        "training_loss": 114251.23128235387,
        "iteration_seconds": 1.1200471613556147,
        "validation_nll": -0.03404255995925304,
        "validation_rmse": 0.1501642316502892,
        "validation_prediction_seconds": 0.6775453630834818
      },
      {
        "iteration": 51,
        "training_loss": 112104.15671131178,
        "iteration_seconds": 1.1198910642415285
      },
      {
        "iteration": 52,
        "training_loss": 110005.88204859372,
        "iteration_seconds": 1.119650499895215
      },
      {
        "iteration": 53,
        "training_loss": 107955.7323008707,
        "iteration_seconds": 1.119697755202651
      },
      {
        "iteration": 54,
        "training_loss": 105953.0844537093,
        "iteration_seconds": 1.121390549466014
      },
      {
        "iteration": 55,
        "training_loss": 103997.34945974371,
        "iteration_seconds": 1.119628293439746
      },
      {
        "iteration": 56,
        "training_loss": 102087.95761728578,
        "iteration_seconds": 1.119717501103878
      },
      {
        "iteration": 57,
        "training_loss": 100224.34693368105,
        "iteration_seconds": 1.1196776796132326
      },
      {
        "iteration": 58,
        "training_loss": 98405.95408220636,
        "iteration_seconds": 1.119953203946352
      },
      {
        "iteration": 59,
        "training_loss": 96632.20758710953,
        "iteration_seconds": 1.1198910158127546
      },
      {
        "iteration": 60,
        "training_loss": 94902.52289828286,
        "iteration_seconds": 1.1195848993957043,
        "validation_nll": -0.026097301998309355,
        "validation_rmse": 0.14925641314912103,
        "validation_prediction_seconds": 0.6443757880479097
      },
      {
        "iteration": 61,
        "training_loss": 93216.29904931667,
        "iteration_seconds": 1.1199639271944761
      },
      {
        "iteration": 62,
        "training_loss": 91572.91662527458,
        "iteration_seconds": 1.1198814883828163
      },
      {
        "iteration": 63,
        "training_loss": 89971.73679749214,
        "iteration_seconds": 1.1198911909013987
      },
      {
        "iteration": 64,
        "training_loss": 88412.1012144403,
        "iteration_seconds": 1.1195102501660585
      },
      {
        "iteration": 65,
        "training_loss": 86893.33256466966,
        "iteration_seconds": 1.1195089519023895
      },
      {
        "iteration": 66,
        "training_loss": 85414.73565687053,
        "iteration_seconds": 1.1196458209306002
      },
      {
        "iteration": 67,
        "training_loss": 83975.59888336062,
        "iteration_seconds": 1.11966210603714
      },
      {
        "iteration": 68,
        "training_loss": 82575.19595697161,
        "iteration_seconds": 1.1196947358548641
      },
      {
        "iteration": 69,
        "training_loss": 81212.7878288813,
        "iteration_seconds": 1.1195507682859898
      },
      {
        "iteration": 70,
        "training_loss": 79887.62471277057,
        "iteration_seconds": 1.1195944119244814,
        "validation_nll": -0.018321096807895388,
        "validation_rmse": 0.14871931348993808,
        "validation_prediction_seconds": 0.6576657649129629
      },
      {
        "iteration": 71,
        "training_loss": 78598.94815406436,
        "iteration_seconds": 1.1196058318018913
      },
      {
        "iteration": 72,
        "training_loss": 77345.99309648154,
        "iteration_seconds": 1.1198680009692907
      },
      {
        "iteration": 73,
        "training_loss": 76127.9899077249,
        "iteration_seconds": 1.1203790791332722
      },
      {
        "iteration": 74,
        "training_loss": 74944.16633597785,
        "iteration_seconds": 1.125945696607232
      },
      {
        "iteration": 75,
        "training_loss": 73793.74937552446,
        "iteration_seconds": 1.1199114993214607
      },
      {
        "iteration": 76,
        "training_loss": 72675.96702667605,
        "iteration_seconds": 1.1198761444538832
      },
      {
        "iteration": 77,
        "training_loss": 71590.04993985745,
        "iteration_seconds": 1.1215613521635532
      },
      {
        "iteration": 78,
        "training_loss": 70535.2329376823,
        "iteration_seconds": 1.1199551280587912
      },
      {
        "iteration": 79,
        "training_loss": 69510.75641282473,
        "iteration_seconds": 1.1198212932795286
      },
      {
        "iteration": 80,
        "training_loss": 68515.86760132958,
        "iteration_seconds": 1.1200493425130844,
        "validation_nll": -0.008599967459799993,
        "validation_rmse": 0.14835425017857448,
        "validation_prediction_seconds": 0.6600236743688583
      },
      {
        "iteration": 81,
        "training_loss": 67549.82173321943,
        "iteration_seconds": 1.1198711190372705
      },
      {
        "iteration": 82,
        "training_loss": 66611.88306419144,
        "iteration_seconds": 1.1198057532310486
      },
      {
        "iteration": 83,
        "training_loss": 65701.32579284487,
        "iteration_seconds": 1.1197413094341755
      },
      {
        "iteration": 84,
        "training_loss": 64817.43486890849,
        "iteration_seconds": 1.1195961721241474
      },
      {
        "iteration": 85,
        "training_loss": 63959.50669813622,
        "iteration_seconds": 1.1197802890092134
      },
      {
        "iteration": 86,
        "training_loss": 63126.84975066851,
        "iteration_seconds": 1.1197394374758005
      },
      {
        "iteration": 87,
        "training_loss": 62318.78507880971,
        "iteration_seconds": 1.1194944977760315
      },
      {
        "iteration": 88,
        "training_loss": 61534.64675059309,
        "iteration_seconds": 1.1198096070438623
      },
      {
        "iteration": 89,
        "training_loss": 60773.78220608283,
        "iteration_seconds": 1.1197702419012785
      },
      {
        "iteration": 90,
        "training_loss": 60035.55254155956,
        "iteration_seconds": 1.120081638917327,
        "validation_nll": 0.003261669639121182,
        "validation_rmse": 0.14806899726531075,
        "validation_prediction_seconds": 0.6620296612381935
      },
      {
        "iteration": 91,
        "training_loss": 59319.33272859035,
        "iteration_seconds": 1.1199006717652082
      },
      {
        "iteration": 92,
        "training_loss": 58624.51177292527,
        "iteration_seconds": 1.1197584755718708
      },
      {
        "iteration": 93,
        "training_loss": 57950.492818901665,
        "iteration_seconds": 1.1196289639919996
      },
      {
        "iteration": 94,
        "training_loss": 57296.69320460246,
        "iteration_seconds": 1.1199936978518963
      },
      {
        "iteration": 95,
        "training_loss": 56662.54447195132,
        "iteration_seconds": 1.1201021187007427
      },
      {
        "iteration": 96,
        "training_loss": 56047.4923371874,
        "iteration_seconds": 1.1199458111077547
      },
      {
        "iteration": 97,
        "training_loss": 55450.99662505346,
        "iteration_seconds": 1.1198000125586987
      },
      {
        "iteration": 98,
        "training_loss": 54872.531170803355,
        "iteration_seconds": 1.1196310259401798
      },
      {
        "iteration": 99,
        "training_loss": 54311.58369407663,
        "iteration_seconds": 1.119663605466485
      },
      {
        "iteration": 100,
        "training_loss": 53767.655647290754,
        "iteration_seconds": 1.1196960918605328,
        "validation_nll": 0.01679138408192408,
        "validation_rmse": 0.14782671568718844,
        "validation_prediction_seconds": 0.6403620596975088
      },
      {
        "iteration": 101,
        "training_loss": 53240.26204191067,
        "iteration_seconds": 1.1196140851825476
      },
      {
        "iteration": 102,
        "training_loss": 52728.93125585583,
        "iteration_seconds": 1.1198960486799479
      },
      {
        "iteration": 103,
        "training_loss": 52233.20482356311,
        "iteration_seconds": 1.1198057290166616
      },
      {
        "iteration": 104,
        "training_loss": 51752.637212421745,
        "iteration_seconds": 1.1197195947170258
      },
      {
        "iteration": 105,
        "training_loss": 51286.79558642511,
        "iteration_seconds": 1.1199927143752575
      },
      {
        "iteration": 106,
        "training_loss": 50835.25956013496,
        "iteration_seconds": 1.1196705177426338
      },
      {
        "iteration": 107,
        "training_loss": 50397.620943931164,
        "iteration_seconds": 1.119562165811658
      },
      {
        "iteration": 108,
        "training_loss": 49973.4834828435,
        "iteration_seconds": 1.1196481510996819
      },
      {
        "iteration": 109,
        "training_loss": 49562.46258972725,
        "iteration_seconds": 1.1196485329419374
      },
      {
        "iteration": 110,
        "training_loss": 49164.18507498666,
        "iteration_seconds": 1.1217292994260788,
        "validation_nll": 0.031434476684636246,
        "validation_rmse": 0.14761425592239596,
        "validation_prediction_seconds": 0.6528459805995226
      },
      {
        "iteration": 111,
        "training_loss": 48778.28887326643,
        "iteration_seconds": 1.1222941037267447
      },
      {
        "iteration": 112,
        "training_loss": 48404.42276875139,
        "iteration_seconds": 1.1198228877037764
      },
      {
        "iteration": 113,
        "training_loss": 48042.24611965031,
        "iteration_seconds": 1.1196233835071325
      },
      {
        "iteration": 114,
        "training_loss": 47691.42858313059,
        "iteration_seconds": 1.1198896039277315
      },
      {
        "iteration": 115,
        "training_loss": 47351.64984133048,
        "iteration_seconds": 1.121214086189866
      },
      {
        "iteration": 116,
        "training_loss": 47022.59932889242,
        "iteration_seconds": 1.1197842806577682
      },
      {
        "iteration": 117,
        "training_loss": 46703.97596296482,
        "iteration_seconds": 1.1197938490658998
      },
      {
        "iteration": 118,
        "training_loss": 46395.48787628359,
        "iteration_seconds": 1.1198377050459385
      },
      {
        "iteration": 119,
        "training_loss": 46096.85215336934,
        "iteration_seconds": 1.1196317803114653
      },
      {
        "iteration": 120,
        "training_loss": 45807.79457070818,
        "iteration_seconds": 1.120009547099471,
        "validation_nll": 0.04674282809019657,
        "validation_rmse": 0.14742670688350631,
        "validation_prediction_seconds": 0.6560372430831194
      },
      {
        "iteration": 121,
        "training_loss": 45528.049340950674,
        "iteration_seconds": 1.119752548635006
      },
      {
        "iteration": 122,
        "training_loss": 45257.358861771645,
        "iteration_seconds": 1.119684373959899
      },
      {
        "iteration": 123,
        "training_loss": 44995.47346930299,
        "iteration_seconds": 1.119652384892106
      },
      {
        "iteration": 124,
        "training_loss": 44742.1511964259,
        "iteration_seconds": 1.1197301000356674
      },
      {
        "iteration": 125,
        "training_loss": 44497.1575364013,
        "iteration_seconds": 1.1197750605642796
      },
      {
        "iteration": 126,
        "training_loss": 44260.26521181874,
        "iteration_seconds": 1.1200232468545437
      },
      {
        "iteration": 127,
        "training_loss": 44031.25394837919,
        "iteration_seconds": 1.1221015751361847
      },
      {
        "iteration": 128,
        "training_loss": 43809.910254917806,
        "iteration_seconds": 1.120011392980814
      },
      {
        "iteration": 129,
        "training_loss": 43596.027208330925,
        "iteration_seconds": 1.1209982130676508
      },
      {
        "iteration": 130,
        "training_loss": 43389.40424430696,
        "iteration_seconds": 1.120019894093275,
        "validation_nll": 0.06239875331093193,
        "validation_rmse": 0.14726130184888028,
        "validation_prediction_seconds": 0.6945007182657719
      },
      {
        "iteration": 131,
        "training_loss": 43189.84695354826,
        "iteration_seconds": 1.1200846917927265
      },
      {
        "iteration": 132,
        "training_loss": 42997.166883642436,
        "iteration_seconds": 1.1201835926622152
      },
      {
        "iteration": 133,
        "training_loss": 42811.18134634453,
        "iteration_seconds": 1.1202302109450102
      },
      {
        "iteration": 134,
        "training_loss": 42631.71323032444,
        "iteration_seconds": 1.119915558025241
      },
      {
        "iteration": 135,
        "training_loss": 42458.59081955999,
        "iteration_seconds": 1.119841942563653
      },
      {
        "iteration": 136,
        "training_loss": 42291.64761673228,
        "iteration_seconds": 1.1198170743882656
      },
      {
        "iteration": 137,
        "training_loss": 42130.722172454116,
        "iteration_seconds": 1.1198380794376135
      },
      {
        "iteration": 138,
        "training_loss": 41975.65791914996,
        "iteration_seconds": 1.119771521538496
      },
      {
        "iteration": 139,
        "training_loss": 41826.303010427684,
        "iteration_seconds": 1.1197700798511505
      },
      {
        "iteration": 140,
        "training_loss": 41682.51016547822,
        "iteration_seconds": 1.1197941917926073,
        "validation_nll": 0.07818911941691815,
        "validation_rmse": 0.14711558461267918,
        "validation_prediction_seconds": 0.6808009464293718
      },
      {
        "iteration": 141,
        "training_loss": 41544.13651809801,
        "iteration_seconds": 1.1199665647000074
      },
      {
        "iteration": 142,
        "training_loss": 41411.04347107618,
        "iteration_seconds": 1.1199164409190416
      },
      {
        "iteration": 143,
        "training_loss": 41283.09655466012,
        "iteration_seconds": 1.1198643408715725
      },
      {
        "iteration": 144,
        "training_loss": 41160.16529020056,
        "iteration_seconds": 1.1199424881488085
      },
      {
        "iteration": 145,
        "training_loss": 41042.12305795855,
        "iteration_seconds": 1.1198689118027687
      },
      {
        "iteration": 146,
        "training_loss": 40928.84696941858,
        "iteration_seconds": 1.1200455278158188
      },
      {
        "iteration": 147,
        "training_loss": 40820.21774388262,
        "iteration_seconds": 1.120036968961358
      },
      {
        "iteration": 148,
        "training_loss": 40716.11958902242,
        "iteration_seconds": 1.1197172291576862
      },
      {
        "iteration": 149,
        "training_loss": 40616.44008581265,
        "iteration_seconds": 1.1198739018291235
      },
      {
        "iteration": 150,
        "training_loss": 40521.07007708016,
        "iteration_seconds": 1.1205323990434408,
        "validation_nll": 0.09397374259468882,
        "validation_rmse": 0.14698712336764483,
        "validation_prediction_seconds": 0.743318110704422
      },
      {
        "iteration": 151,
        "training_loss": 40429.903559971775,
        "iteration_seconds": 1.1201900821179152
      },
      {
        "iteration": 152,
        "training_loss": 40342.83758214564,
        "iteration_seconds": 1.1216882783919573
      },
      {
        "iteration": 153,
        "training_loss": 40259.77214136714,
        "iteration_seconds": 1.1199281606823206
      },
      {
        "iteration": 154,
        "training_loss": 40180.6100889424,
        "iteration_seconds": 1.119933968409896
      },
      {
        "iteration": 155,
        "training_loss": 40105.25703602604,
        "iteration_seconds": 1.1199609898030758
      },
      {
        "iteration": 156,
        "training_loss": 40033.62126353278,
        "iteration_seconds": 1.1199602838605642
      },
      {
        "iteration": 157,
        "training_loss": 39965.613635025045,
        "iteration_seconds": 1.1199040655046701
      },
      {
        "iteration": 158,
        "training_loss": 39901.14751277212,
        "iteration_seconds": 1.119889859110117
      },
      {
        "iteration": 159,
        "training_loss": 39840.138676591916,
        "iteration_seconds": 1.1199140530079603
      },
      {
        "iteration": 160,
        "training_loss": 39782.50524546229,
        "iteration_seconds": 1.1206003278493881,
        "validation_nll": 0.10966054691403568,
        "validation_rmse": 0.14687362015100636,
        "validation_prediction_seconds": 0.6411209926009178
      },
      {
        "iteration": 161,
        "training_loss": 39728.16760244215,
        "iteration_seconds": 1.1199058946222067
      },
      {
        "iteration": 162,
        "training_loss": 39677.04832129332,
        "iteration_seconds": 1.1199943162500858
      },
      {
        "iteration": 163,
        "training_loss": 39629.07209653023,
        "iteration_seconds": 1.1201817877590656
      },
      {
        "iteration": 164,
        "training_loss": 39584.16567546991,
        "iteration_seconds": 1.1197888683527708
      },
      {
        "iteration": 165,
        "training_loss": 39542.25779269595,
        "iteration_seconds": 1.11974704451859
      },
      {
        "iteration": 166,
        "training_loss": 39503.279107161856,
        "iteration_seconds": 1.1197043284773827
      },
      {
        "iteration": 167,
        "training_loss": 39467.16214090644,
        "iteration_seconds": 1.1195297557860613
      },
      {
        "iteration": 168,
        "training_loss": 39433.84122058097,
        "iteration_seconds": 1.1196376234292984
      },
      {
        "iteration": 169,
        "training_loss": 39403.252420390374,
        "iteration_seconds": 1.119571726769209
      },
      {
        "iteration": 170,
        "training_loss": 39375.3335076223,
        "iteration_seconds": 1.1196240298449993,
        "validation_nll": 0.12518864724551837,
        "validation_rmse": 0.14677303101013686,
        "validation_prediction_seconds": 0.6540931928902864
      },
      {
        "iteration": 171,
        "training_loss": 39350.023889625154,
        "iteration_seconds": 1.119874358177185
      },
      {
        "iteration": 172,
        "training_loss": 39327.264562860946,
        "iteration_seconds": 1.1199031490832567
      },
      {
        "iteration": 173,
        "training_loss": 39306.99806374498,
        "iteration_seconds": 1.1215103827416897
      },
      {
        "iteration": 174,
        "training_loss": 39289.16842093377,
        "iteration_seconds": 1.1239322610199451
      },
      {
        "iteration": 175,
        "training_loss": 39273.721109790786,
        "iteration_seconds": 1.119619907811284
      },
      {
        "iteration": 176,
        "training_loss": 39260.60300787521,
        "iteration_seconds": 1.1196998357772827
      },
      {
        "iteration": 177,
        "training_loss": 39249.76235217729,
        "iteration_seconds": 1.1197697017341852
      },
      {
        "iteration": 178,
        "training_loss": 39241.14869813464,
        "iteration_seconds": 1.1214788220822811
      },
      {
        "iteration": 179,
        "training_loss": 39234.71287947515,
        "iteration_seconds": 1.1198625564575195
      },
      {
        "iteration": 180,
        "training_loss": 39230.40696993325,
        "iteration_seconds": 1.1195911783725023,
        "validation_nll": 0.14051749960193521,
        "validation_rmse": 0.1466836165937809,
        "validation_prediction_seconds": 0.6636276226490736
      },
      {
        "iteration": 181,
        "training_loss": 39228.18424599635,
        "iteration_seconds": 1.1198321226984262
      },
      {
        "iteration": 182,
        "training_loss": 39227.99915123917,
        "iteration_seconds": 1.1195517182350159
      },
      {
        "iteration": 183,
        "training_loss": 39229.80726130662,
        "iteration_seconds": 1.1196322087198496
      },
      {
        "iteration": 184,
        "training_loss": 39233.565250734624,
        "iteration_seconds": 1.119520876556635
      },
      {
        "iteration": 185,
        "training_loss": 39239.23086045979,
        "iteration_seconds": 1.1195495668798685
      },
      {
        "iteration": 186,
        "training_loss": 39246.762866642035,
        "iteration_seconds": 1.1197053287178278
      },
      {
        "iteration": 187,
        "training_loss": 39256.121050388494,
        "iteration_seconds": 1.119536442682147
      },
      {
        "iteration": 188,
        "training_loss": 39267.26616854133,
        "iteration_seconds": 1.1207862682640553
      },
      {
        "iteration": 189,
        "training_loss": 39280.15992573305,
        "iteration_seconds": 1.119509767740965
      },
      {
        "iteration": 190,
        "training_loss": 39294.76494660211,
        "iteration_seconds": 1.1194741763174534,
        "validation_nll": 0.15562008018694365,
        "validation_rmse": 0.14660393603928668,
        "validation_prediction_seconds": 0.6395299378782511
      },
      {
        "iteration": 191,
        "training_loss": 39311.04475003708,
        "iteration_seconds": 1.1200222447514534
      },
      {
        "iteration": 192,
        "training_loss": 39328.9637231151,
        "iteration_seconds": 1.1197688728570938
      },
      {
        "iteration": 193,
        "training_loss": 39348.48709696019,
        "iteration_seconds": 1.1196089424192905
      },
      {
        "iteration": 194,
        "training_loss": 39369.58092246839,
        "iteration_seconds": 1.1197417806833982
      },
      {
        "iteration": 195,
        "training_loss": 39392.212047525914,
        "iteration_seconds": 1.119664952158928
      },
      {
        "iteration": 196,
        "training_loss": 39416.348094602465,
        "iteration_seconds": 1.1196194346994162
      },
      {
        "iteration": 197,
        "training_loss": 39441.95743926498,
        "iteration_seconds": 1.1197211407124996
      },
      {
        "iteration": 198,
        "training_loss": 39469.00918906531,
        "iteration_seconds": 1.119454538449645
      },
      {
        "iteration": 199,
        "training_loss": 39497.47316353675,
        "iteration_seconds": 1.1194034162908792
      },
      {
        "iteration": 200,
        "training_loss": 39527.31987463165,
        "iteration_seconds": 1.119476793333888,
        "validation_nll": 0.17047857869448652,
        "validation_rmse": 0.14653281159031417,
        "validation_prediction_seconds": 0.6597077064216137
      },
      {
        "iteration": 201,
        "training_loss": 39558.52050764969,
        "iteration_seconds": 1.1198143642395735
      },
      {
        "iteration": 202,
        "training_loss": 39591.04690307635,
        "iteration_seconds": 1.1196127720177174
      },
      {
        "iteration": 203,
        "training_loss": 39624.87153866526,
        "iteration_seconds": 1.1197035014629364
      },
      {
        "iteration": 204,
        "training_loss": 39659.96751239989,
        "iteration_seconds": 1.1196130197495222
      },
      {
        "iteration": 205,
        "training_loss": 39696.30852571328,
        "iteration_seconds": 1.1200443673878908
      },
      {
        "iteration": 206,
        "training_loss": 39733.86886745179,
        "iteration_seconds": 1.1194112598896027
      },
      {
        "iteration": 207,
        "training_loss": 39772.62339832785,
        "iteration_seconds": 1.1197210624814034
      },
      {
        "iteration": 208,
        "training_loss": 39812.54753552616,
        "iteration_seconds": 1.1195146162062883
      },
      {
        "iteration": 209,
        "training_loss": 39853.617238347826,
        "iteration_seconds": 1.1195517592132092
      },
      {
        "iteration": 210,
        "training_loss": 39895.80899379577,
        "iteration_seconds": 1.1194418538361788,
        "validation_nll": 0.18508162512722237,
        "validation_rmse": 0.14646928409794424,
        "validation_prediction_seconds": 0.6391040738672018
      },
      {
        "iteration": 211,
        "training_loss": 39939.09980282205,
        "iteration_seconds": 1.1199847478419542
      },
      {
        "iteration": 212,
        "training_loss": 39983.46716708114,
        "iteration_seconds": 1.1198248527944088
      },
      {
        "iteration": 213,
        "training_loss": 40028.889075792686,
        "iteration_seconds": 1.119705418124795
      },
      {
        "iteration": 214,
        "training_loss": 40075.34399345482,
        "iteration_seconds": 1.1198353096842766
      },
      {
        "iteration": 215,
        "training_loss": 40122.81084736716,
        "iteration_seconds": 1.1197900380939245
      },
      {
        "iteration": 216,
        "training_loss": 40171.26901599148,
        "iteration_seconds": 1.1197065990418196
      },
      {
        "iteration": 217,
        "training_loss": 40220.69831756648,
        "iteration_seconds": 1.1196369752287865
      },
      {
        "iteration": 218,
        "training_loss": 40271.07899872633,
        "iteration_seconds": 1.1194929033517838
      },
      {
        "iteration": 219,
        "training_loss": 40322.391724033456,
        "iteration_seconds": 1.1195607986301184
      },
      {
        "iteration": 220,
        "training_loss": 40374.61756527674,
        "iteration_seconds": 1.1195553075522184,
        "validation_nll": 0.1994224532499504,
        "validation_rmse": 0.1464125702404377,
        "validation_prediction_seconds": 0.6520441044121981
      },
      {
        "iteration": 221,
        "training_loss": 40427.73799136875,
        "iteration_seconds": 1.1198334004729986
      },
      {
        "iteration": 222,
        "training_loss": 40481.73485859437,
        "iteration_seconds": 1.1196887884289026
      },
      {
        "iteration": 223,
        "training_loss": 40536.590400830086,
        "iteration_seconds": 1.1195084508508444
      },
      {
        "iteration": 224,
        "training_loss": 40592.28722052771,
        "iteration_seconds": 1.1196930948644876
      },
      {
        "iteration": 225,
        "training_loss": 40648.80827937991,
        "iteration_seconds": 1.1196579542011023
      },
      {
        "iteration": 226,
        "training_loss": 40706.136889774876,
        "iteration_seconds": 1.1196177080273628
      },
      {
        "iteration": 227,
        "training_loss": 40764.25670617906,
        "iteration_seconds": 1.1197082120925188
      },
      {
        "iteration": 228,
        "training_loss": 40823.1517169546,
        "iteration_seconds": 1.119533071294427
      },
      {
        "iteration": 229,
        "training_loss": 40882.806236150966,
        "iteration_seconds": 1.1200731713324785
      },
      {
        "iteration": 230,
        "training_loss": 40943.20489587617,
        "iteration_seconds": 1.1259485855698586,
        "validation_nll": 0.21349764639354346,
        "validation_rmse": 0.1463620258691779,
        "validation_prediction_seconds": 0.6589001510292292
      },
      {
        "iteration": 231,
        "training_loss": 41004.33263866982,
        "iteration_seconds": 1.1200883369892836
      },
      {
        "iteration": 232,
        "training_loss": 41066.174709985324,
        "iteration_seconds": 1.1198826488107443
      },
      {
        "iteration": 233,
        "training_loss": 41128.71665127127,
        "iteration_seconds": 1.1196194607764482
      },
      {
        "iteration": 234,
        "training_loss": 41191.944292685424,
        "iteration_seconds": 1.1207708697766066
      },
      {
        "iteration": 235,
        "training_loss": 41255.8437465952,
        "iteration_seconds": 1.1198262125253677
      },
      {
        "iteration": 236,
        "training_loss": 41320.40140089672,
        "iteration_seconds": 1.12028868496418
      },
      {
        "iteration": 237,
        "training_loss": 41385.603912516264,
        "iteration_seconds": 1.1199453100562096
      },
      {
        "iteration": 238,
        "training_loss": 41451.438201266574,
        "iteration_seconds": 1.1198083404451609
      },
      {
        "iteration": 239,
        "training_loss": 41517.89144377882,
        "iteration_seconds": 1.119903014972806
      },
      {
        "iteration": 240,
        "training_loss": 41584.95106755296,
        "iteration_seconds": 1.1200774144381285,
        "validation_nll": 0.2273062556093744,
        "validation_rmse": 0.14631711640202624,
        "validation_prediction_seconds": 0.6547554824501276
      },
      {
        "iteration": 241,
        "training_loss": 41652.60474529548,
        "iteration_seconds": 1.1197076588869095
      },
      {
        "iteration": 242,
        "training_loss": 41720.84038925514,
        "iteration_seconds": 1.1197125371545553
      },
      {
        "iteration": 243,
        "training_loss": 41789.64614582615,
        "iteration_seconds": 1.119689866900444
      },
      {
        "iteration": 244,
        "training_loss": 41859.01039021253,
        "iteration_seconds": 1.1197313610464334
      },
      {
        "iteration": 245,
        "training_loss": 41928.92172139889,
        "iteration_seconds": 1.1197284366935492
      },
      {
        "iteration": 246,
        "training_loss": 41999.368956903694,
        "iteration_seconds": 1.1195978205651045
      },
      {
        "iteration": 247,
        "training_loss": 42070.34112818458,
        "iteration_seconds": 1.1196129843592644
      },
      {
        "iteration": 248,
        "training_loss": 42141.82747569663,
        "iteration_seconds": 1.1195227969437838
      },
      {
        "iteration": 249,
        "training_loss": 42213.81744424719,
        "iteration_seconds": 1.1196711845695972
      },
      {
        "iteration": 250,
        "training_loss": 42286.30067860568,
        "iteration_seconds": 1.1197782065719366,
        "validation_nll": 0.24084916377757865,
        "validation_rmse": 0.14627739363623685,
        "validation_prediction_seconds": 0.6534629482775927
      },
      {
        "iteration": 251,
        "training_loss": 42359.267019039195,
        "iteration_seconds": 1.1199969239532948
      },
      {
        "iteration": 252,
        "training_loss": 42432.7064969574,
        "iteration_seconds": 1.1197538245469332
      },
      {
        "iteration": 253,
        "training_loss": 42506.60933096177,
        "iteration_seconds": 1.1197294276207685
      },
      {
        "iteration": 254,
        "training_loss": 42580.96592261584,
        "iteration_seconds": 1.1215765252709389
      },
      {
        "iteration": 255,
        "training_loss": 42655.766852413595,
        "iteration_seconds": 1.1198779828846455
      },
      {
        "iteration": 256,
        "training_loss": 42731.00287611707,
        "iteration_seconds": 1.1200185362249613
      },
      {
        "iteration": 257,
        "training_loss": 42806.66492085648,
        "iteration_seconds": 1.121033577248454
      },
      {
        "iteration": 258,
        "training_loss": 42882.74408155889,
        "iteration_seconds": 1.1199133731424809
      },
      {
        "iteration": 259,
        "training_loss": 42959.23161725624,
        "iteration_seconds": 1.1199820432811975
      },
      {
        "iteration": 260,
        "training_loss": 43036.11894768028,
        "iteration_seconds": 1.1199271995574236,
        "validation_nll": 0.25412861754125693,
        "validation_rmse": 0.14624247785230235,
        "validation_prediction_seconds": 0.6609155405312777
      },
      {
        "iteration": 261,
        "training_loss": 43113.39765000087,
        "iteration_seconds": 1.119608785957098
      },
      {
        "iteration": 262,
        "training_loss": 43191.05945506663,
        "iteration_seconds": 1.1196779571473598
      },
      {
        "iteration": 263,
        "training_loss": 43269.09624467685,
        "iteration_seconds": 1.1208320502191782
      },
      {
        "iteration": 264,
        "training_loss": 43347.500048231974,
        "iteration_seconds": 1.1200927160680294
      },
      {
        "iteration": 265,
        "training_loss": 43426.26303952775,
        "iteration_seconds": 1.119559546932578
      },
      {
        "iteration": 266,
        "training_loss": 43505.37753391825,
        "iteration_seconds": 1.1195081546902657
      },
      {
        "iteration": 267,
        "training_loss": 43584.83598534693,
        "iteration_seconds": 1.1194891594350338
      },
      {
        "iteration": 268,
        "training_loss": 43664.63098350365,
        "iteration_seconds": 1.1195252668112516
      },
      {
        "iteration": 269,
        "training_loss": 43744.75525100343,
        "iteration_seconds": 1.1195597648620605
      },
      {
        "iteration": 270,
        "training_loss": 43825.2016406398,
        "iteration_seconds": 1.119688594713807,
        "validation_nll": 0.26714787715740457,
        "validation_rmse": 0.1462120440637231,
        "validation_prediction_seconds": 0.6462546437978745
      },
      {
        "iteration": 271,
        "training_loss": 43905.9631327854,
        "iteration_seconds": 1.1198287717998028
      },
      {
        "iteration": 272,
        "training_loss": 43987.03283283475,
        "iteration_seconds": 1.1197661366313696
      },
      {
        "iteration": 273,
        "training_loss": 44068.40396854823,
        "iteration_seconds": 1.1195435393601656
      },
      {
        "iteration": 274,
        "training_loss": 44150.06988768111,
        "iteration_seconds": 1.119775028899312
      },
      {
        "iteration": 275,
        "training_loss": 44232.024055522576,
        "iteration_seconds": 1.11980040371418
      },
      {
        "iteration": 276,
        "training_loss": 44314.26005263394,
        "iteration_seconds": 1.1198446340858936
      },
      {
        "iteration": 277,
        "training_loss": 44396.771572351165,
        "iteration_seconds": 1.1196600794792175
      },
      {
        "iteration": 278,
        "training_loss": 44479.5524187737,
        "iteration_seconds": 1.1197550017386675
      },
      {
        "iteration": 279,
        "training_loss": 44562.5965044201,
        "iteration_seconds": 1.119594207033515
      },
      {
        "iteration": 280,
        "training_loss": 44645.897848093824,
        "iteration_seconds": 1.119693148881197,
        "validation_nll": 0.2799109512795575,
        "validation_rmse": 0.14618581143293133,
        "validation_prediction_seconds": 0.6961063053458929
      },
      {
        "iteration": 281,
        "training_loss": 44729.450572823174,
        "iteration_seconds": 1.119675213471055
      },
      {
        "iteration": 282,
        "training_loss": 44813.24890378548,
        "iteration_seconds": 1.1197844911366701
      },
      {
        "iteration": 283,
        "training_loss": 44897.287166386144,
        "iteration_seconds": 1.1196212880313396
      },
      {
        "iteration": 284,
        "training_loss": 44981.55978421937,
        "iteration_seconds": 1.1197300255298615
      },
      {
        "iteration": 285,
        "training_loss": 45066.061277211,
        "iteration_seconds": 1.1196778565645218
      },
      {
        "iteration": 286,
        "training_loss": 45150.78625963844,
        "iteration_seconds": 1.1196398716419935
      },
      {
        "iteration": 287,
        "training_loss": 45235.72943846905,
        "iteration_seconds": 1.1201662234961987
      },
      {
        "iteration": 288,
        "training_loss": 45320.8856115145,
        "iteration_seconds": 1.1268429663032293
      },
      {
        "iteration": 289,
        "training_loss": 45406.24966560287,
        "iteration_seconds": 1.120072616264224
      },
      {
        "iteration": 290,
        "training_loss": 45491.81657505466,
        "iteration_seconds": 1.1199069041758776,
        "validation_nll": 0.2924223941536429,
        "validation_rmse": 0.1461635350773785,
        "validation_prediction_seconds": 0.6494762189686298
      },
      {
        "iteration": 291,
        "training_loss": 45577.58139974711,
        "iteration_seconds": 1.1208553183823824
      },
      {
        "iteration": 292,
        "training_loss": 45663.53928379656,
        "iteration_seconds": 1.1197538245469332
      },
      {
        "iteration": 293,
        "training_loss": 45749.68545381888,
        "iteration_seconds": 1.1197870280593634
      },
      {
        "iteration": 294,
        "training_loss": 45836.01521721046,
        "iteration_seconds": 1.119796048849821
      },
      {
        "iteration": 295,
        "training_loss": 45922.52396092657,
        "iteration_seconds": 1.1199378669261932
      },
      {
        "iteration": 296,
        "training_loss": 46009.20714976528,
        "iteration_seconds": 1.1199905257672071
      },
      {
        "iteration": 297,
        "training_loss": 46096.06032506755,
        "iteration_seconds": 1.1198888458311558
      },
      {
        "iteration": 298,
        "training_loss": 46183.07910311676,
        "iteration_seconds": 1.1197198145091534
      },
      {
        "iteration": 299,
        "training_loss": 46270.25917390466,
        "iteration_seconds": 1.1198370400816202
      },
      {
        "iteration": 300,
        "training_loss": 46357.59629969316,
        "iteration_seconds": 1.1200154535472393,
        "validation_nll": 0.3046871494353997,
        "validation_rmse": 0.14614499967500827,
        "validation_prediction_seconds": 0.640247730538249
      }
    ],
    "validation_trace": [
      {
        "iteration": 10,
        "training_loss": 294282.65054567554,
        "iteration_seconds": 1.1135821733623743,
        "validation_nll": -0.16683462184343958,
        "validation_rmse": 0.16504489485112037,
        "validation_prediction_seconds": 72.38356018997729
      },
      {
        "iteration": 20,
        "training_loss": 217753.41389775602,
        "iteration_seconds": 1.115992708131671,
        "validation_nll": -0.11835331325365633,
        "validation_rmse": 0.1591024212932256,
        "validation_prediction_seconds": 1.017690472304821
      },
      {
        "iteration": 30,
        "training_loss": 170470.1988882306,
        "iteration_seconds": 1.1228524949401617,
        "validation_nll": -0.0751147693358409,
        "validation_rmse": 0.15465679743098934,
        "validation_prediction_seconds": 0.7169173322618008
      },
      {
        "iteration": 40,
        "training_loss": 138648.95582888136,
        "iteration_seconds": 1.1197647582739592,
        "validation_nll": -0.04772773324440338,
        "validation_rmse": 0.1518005493161649,
        "validation_prediction_seconds": 0.6713587380945683
      },
      {
        "iteration": 50,
        "training_loss": 114251.23128235387,
        "iteration_seconds": 1.1200471613556147,
        "validation_nll": -0.03404255995925304,
        "validation_rmse": 0.1501642316502892,
        "validation_prediction_seconds": 0.6775453630834818
      },
      {
        "iteration": 60,
        "training_loss": 94902.52289828286,
        "iteration_seconds": 1.1195848993957043,
        "validation_nll": -0.026097301998309355,
        "validation_rmse": 0.14925641314912103,
        "validation_prediction_seconds": 0.6443757880479097
      },
      {
        "iteration": 70,
        "training_loss": 79887.62471277057,
        "iteration_seconds": 1.1195944119244814,
        "validation_nll": -0.018321096807895388,
        "validation_rmse": 0.14871931348993808,
        "validation_prediction_seconds": 0.6576657649129629
      },
      {
        "iteration": 80,
        "training_loss": 68515.86760132958,
        "iteration_seconds": 1.1200493425130844,
        "validation_nll": -0.008599967459799993,
        "validation_rmse": 0.14835425017857448,
        "validation_prediction_seconds": 0.6600236743688583
      },
      {
        "iteration": 90,
        "training_loss": 60035.55254155956,
        "iteration_seconds": 1.120081638917327,
        "validation_nll": 0.003261669639121182,
        "validation_rmse": 0.14806899726531075,
        "validation_prediction_seconds": 0.6620296612381935
      },
      {
        "iteration": 100,
        "training_loss": 53767.655647290754,
        "iteration_seconds": 1.1196960918605328,
        "validation_nll": 0.01679138408192408,
        "validation_rmse": 0.14782671568718844,
        "validation_prediction_seconds": 0.6403620596975088
      },
      {
        "iteration": 110,
        "training_loss": 49164.18507498666,
        "iteration_seconds": 1.1217292994260788,
        "validation_nll": 0.031434476684636246,
        "validation_rmse": 0.14761425592239596,
        "validation_prediction_seconds": 0.6528459805995226
      },
      {
        "iteration": 120,
        "training_loss": 45807.79457070818,
        "iteration_seconds": 1.120009547099471,
        "validation_nll": 0.04674282809019657,
        "validation_rmse": 0.14742670688350631,
        "validation_prediction_seconds": 0.6560372430831194
      },
      {
        "iteration": 130,
        "training_loss": 43389.40424430696,
        "iteration_seconds": 1.120019894093275,
        "validation_nll": 0.06239875331093193,
        "validation_rmse": 0.14726130184888028,
        "validation_prediction_seconds": 0.6945007182657719
      },
      {
        "iteration": 140,
        "training_loss": 41682.51016547822,
        "iteration_seconds": 1.1197941917926073,
        "validation_nll": 0.07818911941691815,
        "validation_rmse": 0.14711558461267918,
        "validation_prediction_seconds": 0.6808009464293718
      },
      {
        "iteration": 150,
        "training_loss": 40521.07007708016,
        "iteration_seconds": 1.1205323990434408,
        "validation_nll": 0.09397374259468882,
        "validation_rmse": 0.14698712336764483,
        "validation_prediction_seconds": 0.743318110704422
      },
      {
        "iteration": 160,
        "training_loss": 39782.50524546229,
        "iteration_seconds": 1.1206003278493881,
        "validation_nll": 0.10966054691403568,
        "validation_rmse": 0.14687362015100636,
        "validation_prediction_seconds": 0.6411209926009178
      },
      {
        "iteration": 170,
        "training_loss": 39375.3335076223,
        "iteration_seconds": 1.1196240298449993,
        "validation_nll": 0.12518864724551837,
        "validation_rmse": 0.14677303101013686,
        "validation_prediction_seconds": 0.6540931928902864
      },
      {
        "iteration": 180,
        "training_loss": 39230.40696993325,
        "iteration_seconds": 1.1195911783725023,
        "validation_nll": 0.14051749960193521,
        "validation_rmse": 0.1466836165937809,
        "validation_prediction_seconds": 0.6636276226490736
      },
      {
        "iteration": 190,
        "training_loss": 39294.76494660211,
        "iteration_seconds": 1.1194741763174534,
        "validation_nll": 0.15562008018694365,
        "validation_rmse": 0.14660393603928668,
        "validation_prediction_seconds": 0.6395299378782511
      },
      {
        "iteration": 200,
        "training_loss": 39527.31987463165,
        "iteration_seconds": 1.119476793333888,
        "validation_nll": 0.17047857869448652,
        "validation_rmse": 0.14653281159031417,
        "validation_prediction_seconds": 0.6597077064216137
      },
      {
        "iteration": 210,
        "training_loss": 39895.80899379577,
        "iteration_seconds": 1.1194418538361788,
        "validation_nll": 0.18508162512722237,
        "validation_rmse": 0.14646928409794424,
        "validation_prediction_seconds": 0.6391040738672018
      },
      {
        "iteration": 220,
        "training_loss": 40374.61756527674,
        "iteration_seconds": 1.1195553075522184,
        "validation_nll": 0.1994224532499504,
        "validation_rmse": 0.1464125702404377,
        "validation_prediction_seconds": 0.6520441044121981
      },
      {
        "iteration": 230,
        "training_loss": 40943.20489587617,
        "iteration_seconds": 1.1259485855698586,
        "validation_nll": 0.21349764639354346,
        "validation_rmse": 0.1463620258691779,
        "validation_prediction_seconds": 0.6589001510292292
      },
      {
        "iteration": 240,
        "training_loss": 41584.95106755296,
        "iteration_seconds": 1.1200774144381285,
        "validation_nll": 0.2273062556093744,
        "validation_rmse": 0.14631711640202624,
        "validation_prediction_seconds": 0.6547554824501276
      },
      {
        "iteration": 250,
        "training_loss": 42286.30067860568,
        "iteration_seconds": 1.1197782065719366,
        "validation_nll": 0.24084916377757865,
        "validation_rmse": 0.14627739363623685,
        "validation_prediction_seconds": 0.6534629482775927
      },
      {
        "iteration": 260,
        "training_loss": 43036.11894768028,
        "iteration_seconds": 1.1199271995574236,
        "validation_nll": 0.25412861754125693,
        "validation_rmse": 0.14624247785230235,
        "validation_prediction_seconds": 0.6609155405312777
      },
      {
        "iteration": 270,
        "training_loss": 43825.2016406398,
        "iteration_seconds": 1.119688594713807,
        "validation_nll": 0.26714787715740457,
        "validation_rmse": 0.1462120440637231,
        "validation_prediction_seconds": 0.6462546437978745
      },
      {
        "iteration": 280,
        "training_loss": 44645.897848093824,
        "iteration_seconds": 1.119693148881197,
        "validation_nll": 0.2799109512795575,
        "validation_rmse": 0.14618581143293133,
        "validation_prediction_seconds": 0.6961063053458929
      },
      {
        "iteration": 290,
        "training_loss": 45491.81657505466,
        "iteration_seconds": 1.1199069041758776,
        "validation_nll": 0.2924223941536429,
        "validation_rmse": 0.1461635350773785,
        "validation_prediction_seconds": 0.6494762189686298
      },
      {
        "iteration": 300,
        "training_loss": 46357.59629969316,
        "iteration_seconds": 1.1200154535472393,
        "validation_nll": 0.3046871494353997,
        "validation_rmse": 0.14614499967500827,
        "validation_prediction_seconds": 0.640247730538249
      }
    ],
    "best_iteration": 10,
    "best_step": 10,
    "best_validation_nll": -0.16683462184343958,
    "time_to_best_validation_seconds": 133.63114695809782,
    "training_seconds": 497.0510543100536,
    "mean_iteration_seconds": 1.2846268559868137,
    "median_iteration_seconds": 1.119773275218904,
    "first_iteration_seconds": 50.56525305099785,
    "mean_steady_state_iteration_seconds": 1.1198087081774122,
    "iterations": 300,
    "losses": [
      398087.67491260264,
      384754.2409978146,
      371877.9230627776,
      359456.9754203595,
      347488.7602362656,
      335969.73451035423,
      324895.4416902163,
      314260.50805591047,
      304058.6440237004,
      294282.65054567554,
      284924.4308355192,
      275975.0077112883,
      267424.5469318705,
      259262.38698853902,
      251477.07590025105,
      244056.41562716733,
      236987.51475950843,
      230256.8501090412,
      223850.33775452408,
      217753.41389775602,
      211951.12560520926,
      206428.231111038,
      201169.3088562498,
      196158.8738636321,
      191381.49943685415,
      186821.94157619542,
      182465.26300337748,
      178296.95333033055,
      174303.04176947242,
      170470.1988882306,
      166785.82427859493,
      163238.11761225876,
      159816.1313420576,
      156509.8042050046,
      153309.97560528642,
      150208.3818198538,
      147197.63570213155,
      144271.19212193287,
      141423.30173389113,
      138648.95582888136,
      135943.8249999414,
      133304.1941877557,
      130726.89639772009,
      128209.2470396536,
      125748.98047309427,
      123344.18996918586,
      120993.27195693832,
      118694.87510757288,
      116447.85454860481,
      114251.23128235387,
      112104.15671131178,
      110005.88204859372,
      107955.7323008707,
      105953.0844537093,
      103997.34945974371,
      102087.95761728578,
      100224.34693368105,
      98405.95408220636,
      96632.20758710953,
      94902.52289828286,
      93216.29904931667,
      91572.91662527458,
      89971.73679749214,
      88412.1012144403,
      86893.33256466966,
      85414.73565687053,
      83975.59888336062,
      82575.19595697161,
      81212.7878288813,
      79887.62471277057,
      78598.94815406436,
      77345.99309648154,
      76127.9899077249,
      74944.16633597785,
      73793.74937552446,
      72675.96702667605,
      71590.04993985745,
      70535.2329376823,
      69510.75641282473,
      68515.86760132958,
      67549.82173321943,
      66611.88306419144,
      65701.32579284487,
      64817.43486890849,
      63959.50669813622,
      63126.84975066851,
      62318.78507880971,
      61534.64675059309,
      60773.78220608283,
      60035.55254155956,
      59319.33272859035,
      58624.51177292527,
      57950.492818901665,
      57296.69320460246,
      56662.54447195132,
      56047.4923371874,
      55450.99662505346,
      54872.531170803355,
      54311.58369407663,
      53767.655647290754,
      53240.26204191067,
      52728.93125585583,
      52233.20482356311,
      51752.637212421745,
      51286.79558642511,
      50835.25956013496,
      50397.620943931164,
      49973.4834828435,
      49562.46258972725,
      49164.18507498666,
      48778.28887326643,
      48404.42276875139,
      48042.24611965031,
      47691.42858313059,
      47351.64984133048,
      47022.59932889242,
      46703.97596296482,
      46395.48787628359,
      46096.85215336934,
      45807.79457070818,
      45528.049340950674,
      45257.358861771645,
      44995.47346930299,
      44742.1511964259,
      44497.1575364013,
      44260.26521181874,
      44031.25394837919,
      43809.910254917806,
      43596.027208330925,
      43389.40424430696,
      43189.84695354826,
      42997.166883642436,
      42811.18134634453,
      42631.71323032444,
      42458.59081955999,
      42291.64761673228,
      42130.722172454116,
      41975.65791914996,
      41826.303010427684,
      41682.51016547822,
      41544.13651809801,
      41411.04347107618,
      41283.09655466012,
      41160.16529020056,
      41042.12305795855,
      40928.84696941858,
      40820.21774388262,
      40716.11958902242,
      40616.44008581265,
      40521.07007708016,
      40429.903559971775,
      40342.83758214564,
      40259.77214136714,
      40180.6100889424,
      40105.25703602604,
      40033.62126353278,
      39965.613635025045,
      39901.14751277212,
      39840.138676591916,
      39782.50524546229,
      39728.16760244215,
      39677.04832129332,
      39629.07209653023,
      39584.16567546991,
      39542.25779269595,
      39503.279107161856,
      39467.16214090644,
      39433.84122058097,
      39403.252420390374,
      39375.3335076223,
      39350.023889625154,
      39327.264562860946,
      39306.99806374498,
      39289.16842093377,
      39273.721109790786,
      39260.60300787521,
      39249.76235217729,
      39241.14869813464,
      39234.71287947515,
      39230.40696993325,
      39228.18424599635,
      39227.99915123917,
      39229.80726130662,
      39233.565250734624,
      39239.23086045979,
      39246.762866642035,
      39256.121050388494,
      39267.26616854133,
      39280.15992573305,
      39294.76494660211,
      39311.04475003708,
      39328.9637231151,
      39348.48709696019,
      39369.58092246839,
      39392.212047525914,
      39416.348094602465,
      39441.95743926498,
      39469.00918906531,
      39497.47316353675,
      39527.31987463165,
      39558.52050764969,
      39591.04690307635,
      39624.87153866526,
      39659.96751239989,
      39696.30852571328,
      39733.86886745179,
      39772.62339832785,
      39812.54753552616,
      39853.617238347826,
      39895.80899379577,
      39939.09980282205,
      39983.46716708114,
      40028.889075792686,
      40075.34399345482,
      40122.81084736716,
      40171.26901599148,
      40220.69831756648,
      40271.07899872633,
      40322.391724033456,
      40374.61756527674,
      40427.73799136875,
      40481.73485859437,
      40536.590400830086,
      40592.28722052771,
      40648.80827937991,
      40706.136889774876,
      40764.25670617906,
      40823.1517169546,
      40882.806236150966,
      40943.20489587617,
      41004.33263866982,
      41066.174709985324,
      41128.71665127127,
      41191.944292685424,
      41255.8437465952,
      41320.40140089672,
      41385.603912516264,
      41451.438201266574,
      41517.89144377882,
      41584.95106755296,
      41652.60474529548,
      41720.84038925514,
      41789.64614582615,
      41859.01039021253,
      41928.92172139889,
      41999.368956903694,
      42070.34112818458,
      42141.82747569663,
      42213.81744424719,
      42286.30067860568,
      42359.267019039195,
      42432.7064969574,
      42506.60933096177,
      42580.96592261584,
      42655.766852413595,
      42731.00287611707,
      42806.66492085648,
      42882.74408155889,
      42959.23161725624,
      43036.11894768028,
      43113.39765000087,
      43191.05945506663,
      43269.09624467685,
      43347.500048231974,
      43426.26303952775,
      43505.37753391825,
      43584.83598534693,
      43664.63098350365,
      43744.75525100343,
      43825.2016406398,
      43905.9631327854,
      43987.03283283475,
      44068.40396854823,
      44150.06988768111,
      44232.024055522576,
      44314.26005263394,
      44396.771572351165,
      44479.5524187737,
      44562.5965044201,
      44645.897848093824,
      44729.450572823174,
      44813.24890378548,
      44897.287166386144,
      44981.55978421937,
      45066.061277211,
      45150.78625963844,
      45235.72943846905,
      45320.8856115145,
      45406.24966560287,
      45491.81657505466,
      45577.58139974711,
      45663.53928379656,
      45749.68545381888,
      45836.01521721046,
      45922.52396092657,
      46009.20714976528,
      46096.06032506755,
      46183.07910311676,
      46270.25917390466,
      46357.59629969316
    ],
    "cumulative_update_seconds": 385.3880567960441,
    "trajectory": [],
    "stop_reason": "maximum_iterations"
  },
  "refit": {
    "trace": [
      {
        "iteration": 1,
        "training_loss": 414206.4189037876,
        "iteration_seconds": 60.641130078583956
      },
      {
        "iteration": 2,
        "training_loss": 400102.3099209904,
        "iteration_seconds": 1.2179746963083744
      },
      {
        "iteration": 3,
        "training_loss": 386491.9956067046,
        "iteration_seconds": 1.2167727574706078
      },
      {
        "iteration": 4,
        "training_loss": 373374.67413215153,
        "iteration_seconds": 1.216711724177003
      },
      {
        "iteration": 5,
        "training_loss": 360744.83001353825,
        "iteration_seconds": 1.2167975641787052
      },
      {
        "iteration": 6,
        "training_loss": 348602.92458251026,
        "iteration_seconds": 1.21698497235775
      },
      {
        "iteration": 7,
        "training_loss": 336936.5378392618,
        "iteration_seconds": 1.2168891243636608
      },
      {
        "iteration": 8,
        "training_loss": 325747.85875321366,
        "iteration_seconds": 1.2169287726283073
      },
      {
        "iteration": 9,
        "training_loss": 315023.00655448297,
        "iteration_seconds": 1.216992912814021
      },
      {
        "iteration": 10,
        "training_loss": 304758.5130342888,
        "iteration_seconds": 1.2167738657444715
      }
    ],
    "validation_trace": [],
    "best_iteration": 10,
    "best_step": 10,
    "best_validation_nll": null,
    "time_to_best_validation_seconds": null,
    "training_seconds": 72.23357697762549,
    "mean_iteration_seconds": 7.159395646862686,
    "median_iteration_seconds": 1.216908948495984,
    "first_iteration_seconds": 60.641130078583956,
    "mean_steady_state_iteration_seconds": 1.2169807100047667,
    "iterations": 10,
    "losses": [
      414206.4189037876,
      400102.3099209904,
      386491.9956067046,
      373374.67413215153,
      360744.83001353825,
      348602.92458251026,
      336936.5378392618,
      325747.85875321366,
      315023.00655448297,
      304758.5130342888
    ],
    "cumulative_update_seconds": 71.59395646862686,
    "trajectory": [],
    "stop_reason": "maximum_iterations"
  },
  "timing": {
    "selection_training_seconds": 497.0510543100536,
    "refit_training_seconds": 72.23357697762549,
    "end_to_end_training_seconds": 569.2846312876791,
    "prediction_seconds": 13.764763444662094,
    "process_total_seconds": 604.127285471186
  },
  "taskwise_metrics": [],
  "learned_temporal_lengthscale": 0.18274815889496127,
  "learned_temporal_variance": 1.0634662518086782,
  "learned_spatial_lengthscales": [
    0.7477205246752884,
    0.7477097738488832
  ],
  "learned_spatial_variances": [
    1.0634662582366212,
    1.0634662582366212
  ],
  "learned_likelihood_variance": 0.05505877182708649,
  "learned_spatial_inducing_locations": [
    [
      -1.8593516539040544,
      0.8043139392793623
    ],
    [
      -1.903152635150322,
      1.094272899964893
    ],
    [
      -1.8155506726577897,
      1.609755496739169
    ],
    [
      -1.6841477289189866,
      1.4486671852472077
    ],
    [
      -1.6403467476727187,
      1.8030614705295227
    ],
    [
      -1.421341841441383,
      -0.4521748903579358
    ],
    [
      -1.2899388977025827,
      1.7708438082311302
    ],
    [
      -1.0709339914712472,
      0.6754432900857933
    ],
    [
      -0.939531047732447,
      0.9009669261745392
    ],
    [
      -0.939531047732447,
      1.1909258868600696
    ],
    [
      -0.939531047732447,
      1.4164495229488154
    ],
    [
      -1.1147349727175149,
      0.3532666671018707
    ],
    [
      -1.2023369352100473,
      -0.09778060507562099
    ],
    [
      -0.8957300664861793,
      0.4499196539970476
    ],
    [
      -0.7205261415011113,
      0.7398786146825779
    ],
    [
      -0.8519290852399115,
      0.09552536871473263
    ],
    [
      -0.5015212352697757,
      0.5465726408922243
    ],
    [
      -0.37011829153097237,
      0.25661368020669395
    ],
    [
      -0.5015212352697757,
      -1.2576164478177423
    ],
    [
      -0.589123197762308,
      -1.6120107331000573
    ],
    [
      -0.4577202540235079,
      1.5775378344407769
    ],
    [
      -0.5015212352697757,
      -0.12999826737401313
    ],
    [
      -0.6767251602548435,
      -1.8375343691888033
    ],
    [
      -0.7205261415011113,
      1.0298375753681084
    ],
    [
      -0.4577202540235079,
      1.2553612114568542
    ],
    [
      -0.01971044156083652,
      0.6110079654890088
    ],
    [
      -0.3263173102847046,
      0.8687492638761469
    ],
    [
      -0.37011829153097237,
      -0.9032221625354276
    ],
    [
      -0.19491436654590444,
      -1.7086637199952341
    ],
    [
      -0.19491436654590444,
      -1.1609634609225656
    ],
    [
      -0.19491436654590444,
      -1.4509224216080958
    ],
    [
      0.06789152093169899,
      -1.1931811232209582
    ],
    [
      -0.06351142280710428,
      1.0620552376665007
    ],
    [
      -0.10731240405336892,
      -0.0655629427772287
    ],
    [
      -0.01971044156083652,
      -1.8697520314871956
    ],
    [
      0.02409053968543124,
      -1.9664050183823725
    ],
    [
      -0.06351142280710428,
      -0.9354398248338197
    ],
    [
      0.19929446467049916,
      -0.9354398248338197
    ],
    [
      0.15549348342423142,
      -1.4509224216080958
    ],
    [
      0.19929446467049916,
      0.9009669261745392
    ],
    [
      0.2868964271630347,
      -1.7086637199952341
    ],
    [
      0.33069740840930245,
      -1.096528136325781
    ],
    [
      0.41829937090183483,
      -0.8710045002370355
    ],
    [
      0.41829937090183483,
      -1.4831400839064885
    ],
    [
      0.5935032958869028,
      -1.096528136325781
    ],
    [
      0.5059013333943704,
      -0.9354398248338197
    ],
    [
      0.24309544591676693,
      0.3532666671018707
    ],
    [
      0.6811052583794382,
      -1.2576164478177423
    ],
    [
      0.724906239625706,
      -0.8065691756402509
    ],
    [
      0.4621003521481026,
      0.6432256277874011
    ],
    [
      0.6373042771331705,
      0.28883134250508624
    ],
    [
      0.900110164610774,
      0.4177019916986553
    ],
    [
      0.900110164610774,
      0.06330770641634034
    ],
    [
      1.2505180145809098,
      -0.6132632018498971
    ],
    [
      1.075314089595842,
      -0.09778060507562099
    ],
    [
      1.4695229208122456,
      -0.29108657886597444
    ],
    [
      1.4257219395659808,
      0.19217835560990937
    ],
    [
      1.6885278270435813,
      -0.581045539551505
    ],
    [
      1.6447268457973165,
      0.4177019916986553
    ],
    [
      1.6885278270435813,
      0.09552536871473263
    ],
    [
      1.9513337145211846,
      -0.09778060507562099
    ],
    [
      1.9951346957674523,
      -0.29108657886597444
    ],
    [
      1.9951346957674523,
      -0.9676574871322122
    ],
    [
      2.257940583245056,
      0.12774303101312492
    ]
  ],
  "data_source": "/root/autodl-tmp/iclr_era5_a100_protocol_autodl_4090_capacity_ladder_20260820T023000Z/official_protocol/task1_2/seed2/data.npz",
  "python": "3.7.12",
  "jax": "0.2.9",
  "jaxlib": "0.1.60",
  "objax": "1.3.1",
  "bayesnewton": "1.1"
}
