job=array-138
argv=/root/autodl-tmp/stvgp_envs/routeb/bin/python scripts/run_iclr_era5_routeb_batch.py --protocol-npz /root/autodl-tmp/iclr_era5_a100_protocol_autodl_4090_capacity_ladder_20260820T023000Z/protocol/task1_2/seed1/protocol.npz --protocol-json /root/autodl-tmp/iclr_era5_a100_protocol_autodl_4090_capacity_ladder_20260820T023000Z/protocol/task1_2/seed1/protocol.json --output-dir /root/autodl-tmp/iclr_era5_a100_protocol_autodl_4090_capacity_ladder_20260820T023000Z/runs/task1_2/batch/routeb_joint_inducing_points_mt128_ms64/seed1 --data-part stream --target-mode joint_xlag --representation inducing_points --mt 128 --ms 64 --iterations 100 --learning-rate 0.02 --validation-every 5 --include-conditional-residual-variance --beta-prior-variance 1000.0 --rff-sample-size 256 --xlag-length 10 --prediction-chunk-size 8192 --split-seed 1 --model-seed 0 --device cuda --dtype float64 --evaluation-backend torch --warmup-steps 1 --profile-flops --predictions-output /root/autodl-tmp/iclr_era5_a100_protocol_autodl_4090_capacity_ladder_20260820T023000Z/runs/task1_2/batch/routeb_joint_inducing_points_mt128_ms64/seed1/predictions.npz

libgomp: Invalid value for environment variable OMP_NUM_THREADS
{"iteration": 1, "train_nlml_per_observation": -0.8660903940703639, "finite_nlml_per_observation": -0.8660903940703639, "vfe_trace_correction_per_observation": 0.0, "vfe_trace_residual_per_observation": 0.0, "gradient_norm_before_clip": 0.2171374543105892, "iteration_seconds": 0.10269049555063248, "ell_t": 0.05101006552471322, "ell_s": [0.357070468054523, 0.3570704684212425], "kernel_variance": 0.9801987052970547, "noise_std": 0.09801986745059375, "validation_nll": -0.14650334713984478, "validation_rmse": 0.09102426861902237, "validation_seconds": 0.5057744607329369, "validation_checks_without_improvement": 0, "training_elapsed_seconds": 0.6094816122204065}
{"iteration": 5, "train_nlml_per_observation": -0.890199913629716, "finite_nlml_per_observation": -0.890199913629716, "vfe_trace_correction_per_observation": 0.0, "vfe_trace_residual_per_observation": 0.0, "gradient_norm_before_clip": 0.14408654235955268, "iteration_seconds": 0.03932584077119827, "ell_t": 0.05293011480570061, "ell_s": [0.3865860171478263, 0.386775531541417], "kernel_variance": 0.9102419889243326, "noise_std": 0.09080790070690366, "validation_nll": -0.26022317523818433, "validation_rmse": 0.09004646844819762, "validation_seconds": 0.4177200309932232, "validation_checks_without_improvement": 0, "training_elapsed_seconds": 1.1842024642974138}
{"iteration": 10, "train_nlml_per_observation": -0.9070347617553948, "finite_nlml_per_observation": -0.9070347617553948, "vfe_trace_correction_per_observation": 0.0, "vfe_trace_residual_per_observation": 0.0, "gradient_norm_before_clip": 0.12082099882579338, "iteration_seconds": 0.03599940054118633, "ell_t": 0.04971873970054127, "ell_s": [0.42522020059091414, 0.4271040462726604], "kernel_variance": 0.8512880357041792, "noise_std": 0.08535805289605193, "validation_nll": -0.38592561854573637, "validation_rmse": 0.08908378652233527, "validation_seconds": 0.44469417817890644, "validation_checks_without_improvement": 0, "training_elapsed_seconds": 1.815256167203188}
{"iteration": 15, "train_nlml_per_observation": -0.9187146139825904, "finite_nlml_per_observation": -0.9187146139825904, "vfe_trace_correction_per_observation": 0.0, "vfe_trace_residual_per_observation": 0.0, "gradient_norm_before_clip": 0.09596406065800865, "iteration_seconds": 0.035922715440392494, "ell_t": 0.04561245471980325, "ell_s": [0.46274250937417877, 0.47032988714105534], "kernel_variance": 0.8018899539071368, "noise_std": 0.08523738151417422, "validation_nll": -0.49288719181993496, "validation_rmse": 0.08856399919588842, "validation_seconds": 0.42934368550777435, "validation_checks_without_improvement": 0, "training_elapsed_seconds": 2.4273513350635767}
{"iteration": 20, "train_nlml_per_observation": -0.926899026296385, "finite_nlml_per_observation": -0.926899026296385, "vfe_trace_correction_per_observation": 0.0, "vfe_trace_residual_per_observation": 0.0, "gradient_norm_before_clip": 0.060414805771720814, "iteration_seconds": 0.03701817989349365, "ell_t": 0.04221877215415521, "ell_s": [0.4951662225932, 0.5145334522892426], "kernel_variance": 0.742014129401788, "noise_std": 0.08695762458264722, "validation_nll": -0.5855696547126249, "validation_rmse": 0.08837348268244717, "validation_seconds": 0.4379866737872362, "validation_checks_without_improvement": 0, "training_elapsed_seconds": 3.0499477591365576}
{"iteration": 25, "train_nlml_per_observation": -0.9315308083824864, "finite_nlml_per_observation": -0.9315308083824864, "vfe_trace_correction_per_observation": 0.0, "vfe_trace_residual_per_observation": 0.0, "gradient_norm_before_clip": 0.05016842915105691, "iteration_seconds": 0.036172227934002876, "ell_t": 0.03980469103515789, "ell_s": [0.5205553807446756, 0.5571922587465081], "kernel_variance": 0.6755280954108206, "noise_std": 0.08711372885661478, "validation_nll": -0.6660976957103062, "validation_rmse": 0.08835769924513563, "validation_seconds": 0.42110139690339565, "validation_checks_without_improvement": 0, "training_elapsed_seconds": 3.655598282814026}
{"iteration": 30, "train_nlml_per_observation": -0.9346309704059055, "finite_nlml_per_observation": -0.9346309704059055, "vfe_trace_correction_per_observation": 0.0, "vfe_trace_residual_per_observation": 0.0, "gradient_norm_before_clip": 0.026795330591230997, "iteration_seconds": 0.036616839468479156, "ell_t": 0.03772519601564326, "ell_s": [0.5395800261231238, 0.595956585343512], "kernel_variance": 0.6121760956615262, "noise_std": 0.08568092681686952, "validation_nll": -0.7337147109937353, "validation_rmse": 0.08840659700333722, "validation_seconds": 0.4367374759167433, "validation_checks_without_improvement": 0, "training_elapsed_seconds": 4.279135251417756}
{"iteration": 35, "train_nlml_per_observation": -0.9361978208846692, "finite_nlml_per_observation": -0.9361978208846692, "vfe_trace_correction_per_observation": 0.0, "vfe_trace_residual_per_observation": 0.0, "gradient_norm_before_clip": 0.021881797580581112, "iteration_seconds": 0.036930473521351814, "ell_t": 0.035421263166911264, "ell_s": [0.5542940726908179, 0.6288218674545327], "kernel_variance": 0.5570798900785913, "noise_std": 0.08478156796819439, "validation_nll": -0.7849087242310951, "validation_rmse": 0.08847253903898726, "validation_seconds": 0.4262753762304783, "validation_checks_without_improvement": 0, "training_elapsed_seconds": 4.893195567652583}
{"iteration": 40, "train_nlml_per_observation": -0.9371563029679479, "finite_nlml_per_observation": -0.9371563029679479, "vfe_trace_correction_per_observation": 0.0, "vfe_trace_residual_per_observation": 0.0, "gradient_norm_before_clip": 0.011903405128236262, "iteration_seconds": 0.037100767716765404, "ell_t": 0.033053963418634404, "ell_s": [0.566836539739341, 0.6544366722525118], "kernel_variance": 0.5087021111351093, "noise_std": 0.08525308665904695, "validation_nll": -0.8208869984897237, "validation_rmse": 0.08854609657209787, "validation_seconds": 0.44234322011470795, "validation_checks_without_improvement": 0, "training_elapsed_seconds": 5.525510273873806}
{"iteration": 45, "train_nlml_per_observation": -0.9376942471360231, "finite_nlml_per_observation": -0.9376942471360231, "vfe_trace_correction_per_observation": 0.0, "vfe_trace_residual_per_observation": 0.0, "gradient_norm_before_clip": 0.008899278353232839, "iteration_seconds": 0.03688271529972553, "ell_t": 0.031063235639350956, "ell_s": [0.5782339417401066, 0.6726578119675962], "kernel_variance": 0.46340329690094545, "noise_std": 0.08586888806492733, "validation_nll": -0.8488064573136659, "validation_rmse": 0.08861991690362996, "validation_seconds": 0.4275709483772516, "validation_checks_without_improvement": 0, "training_elapsed_seconds": 6.142176523804665}
{"iteration": 50, "train_nlml_per_observation": -0.9380452479983047, "finite_nlml_per_observation": -0.9380452479983047, "vfe_trace_correction_per_observation": 0.0, "vfe_trace_residual_per_observation": 0.0, "gradient_norm_before_clip": 0.007285839939077865, "iteration_seconds": 0.0370127372443676, "ell_t": 0.029570489973319316, "ell_s": [0.5879726848770603, 0.6844448693580413], "kernel_variance": 0.4208219278474312, "noise_std": 0.08565433392165059, "validation_nll": -0.8735861786157154, "validation_rmse": 0.08868174160038562, "validation_seconds": 0.5115990042686462, "validation_checks_without_improvement": 0, "training_elapsed_seconds": 6.842932427302003}
{"iteration": 55, "train_nlml_per_observation": -0.9382996057490697, "finite_nlml_per_observation": -0.9382996057490697, "vfe_trace_correction_per_observation": 0.0, "vfe_trace_residual_per_observation": 0.0, "gradient_norm_before_clip": 0.005271863703266601, "iteration_seconds": 0.036691417917609215, "ell_t": 0.028344914252413037, "ell_s": [0.594702553815386, 0.6911868886904876], "kernel_variance": 0.3829936874269647, "noise_std": 0.08522426928318837, "validation_nll": -0.89364908339234, "validation_rmse": 0.08872069929103545, "validation_seconds": 0.425965815782547, "validation_checks_without_improvement": 0, "training_elapsed_seconds": 7.458414135500789}
{"iteration": 60, "train_nlml_per_observation": -0.9384958376849267, "finite_nlml_per_observation": -0.9384958376849267, "vfe_trace_correction_per_observation": 0.0, "vfe_trace_residual_per_observation": 0.0, "gradient_norm_before_clip": 0.005915956143248047, "iteration_seconds": 0.03709418326616287, "ell_t": 0.02720178443068216, "ell_s": [0.5975720142990298, 0.6942305601773644], "kernel_variance": 0.3509534490852634, "noise_std": 0.08532022110924524, "validation_nll": -0.9070178991279192, "validation_rmse": 0.08873274076245483, "validation_seconds": 0.41333010978996754, "validation_checks_without_improvement": 0, "training_elapsed_seconds": 8.061006247997284}
{"iteration": 65, "train_nlml_per_observation": -0.9386691110717338, "finite_nlml_per_observation": -0.9386691110717338, "vfe_trace_correction_per_observation": 0.0, "vfe_trace_residual_per_observation": 0.0, "gradient_norm_before_clip": 0.004900866830827115, "iteration_seconds": 0.038211653009057045, "ell_t": 0.02619411994077359, "ell_s": [0.5970766568601682, 0.6946798159658811], "kernel_variance": 0.323832320805481, "noise_std": 0.08558531416510465, "validation_nll": -0.9161804156702046, "validation_rmse": 0.08872222423619484, "validation_seconds": 0.4260227754712105, "validation_checks_without_improvement": 0, "training_elapsed_seconds": 8.678373718634248}
{"iteration": 70, "train_nlml_per_observation": -0.9388126622142352, "finite_nlml_per_observation": -0.9388126622142352, "vfe_trace_correction_per_observation": 0.0, "vfe_trace_residual_per_observation": 0.0, "gradient_norm_before_clip": 0.004814041124972934, "iteration_seconds": 0.03650423139333725, "ell_t": 0.025411317837733188, "ell_s": [0.5946043734067286, 0.6932932366517546], "kernel_variance": 0.3005651937710609, "noise_std": 0.08550890210469445, "validation_nll": -0.9242489047784185, "validation_rmse": 0.08869909339048071, "validation_seconds": 0.42074316181242466, "validation_checks_without_improvement": 0, "training_elapsed_seconds": 9.28518265299499}
{"iteration": 75, "train_nlml_per_observation": -0.9389280476351806, "finite_nlml_per_observation": -0.9389280476351806, "vfe_trace_correction_per_observation": 0.0, "vfe_trace_residual_per_observation": 0.0, "gradient_norm_before_clip": 0.004378775002811618, "iteration_seconds": 0.03578740730881691, "ell_t": 0.024814858243731672, "ell_s": [0.5914834589485931, 0.6905546392922468], "kernel_variance": 0.28096570323393893, "noise_std": 0.08534301729326639, "validation_nll": -0.9310566719108015, "validation_rmse": 0.08867302486523904, "validation_seconds": 0.42418242432177067, "validation_checks_without_improvement": 0, "training_elapsed_seconds": 9.889342654496431}
{"iteration": 80, "train_nlml_per_observation": -0.9390148638703119, "finite_nlml_per_observation": -0.9390148638703119, "vfe_trace_correction_per_observation": 0.0, "vfe_trace_residual_per_observation": 0.0, "gradient_norm_before_clip": 0.0038257378350359476, "iteration_seconds": 0.035915518179535866, "ell_t": 0.024322355361313972, "ell_s": [0.5885241352941879, 0.6869009376466131], "kernel_variance": 0.2650752425894987, "noise_std": 0.08540762712984974, "validation_nll": -0.9357055376359416, "validation_rmse": 0.0886483042091611, "validation_seconds": 0.4292366225272417, "validation_checks_without_improvement": 0, "training_elapsed_seconds": 10.50088893994689}
{"iteration": 85, "train_nlml_per_observation": -0.9390757893589314, "finite_nlml_per_observation": -0.9390757893589314, "vfe_trace_correction_per_observation": 0.0, "vfe_trace_residual_per_observation": 0.0, "gradient_norm_before_clip": 0.0031651091464545552, "iteration_seconds": 0.038459429517388344, "ell_t": 0.023910854677374624, "ell_s": [0.5860037942576156, 0.6828514753365422], "kernel_variance": 0.25253583846528277, "noise_std": 0.08549805227414255, "validation_nll": -0.9390707349531257, "validation_rmse": 0.08862448782556778, "validation_seconds": 0.4329561162739992, "validation_checks_without_improvement": 0, "training_elapsed_seconds": 11.12543815933168}
{"iteration": 90, "train_nlml_per_observation": -0.9391148715985124, "finite_nlml_per_observation": -0.9391148715985124, "vfe_trace_correction_per_observation": 0.0, "vfe_trace_residual_per_observation": 0.0, "gradient_norm_before_clip": 0.002167928995327537, "iteration_seconds": 0.03652270324528217, "ell_t": 0.023587356737249123, "ell_s": [0.5838323005495367, 0.6789203794834863], "kernel_variance": 0.2428246560048314, "noise_std": 0.08543819254747569, "validation_nll": -0.9419810854676889, "validation_rmse": 0.08860160835881874, "validation_seconds": 0.4331792760640383, "validation_checks_without_improvement": 0, "training_elapsed_seconds": 11.745398811995983}
{"iteration": 95, "train_nlml_per_observation": -0.9391366524010488, "finite_nlml_per_observation": -0.9391366524010488, "vfe_trace_correction_per_observation": 0.0, "vfe_trace_residual_per_observation": 0.0, "gradient_norm_before_clip": 0.0016610029288896926, "iteration_seconds": 0.03655076399445534, "ell_t": 0.023345428389491555, "ell_s": [0.5818331729187923, 0.6754827618732518], "kernel_variance": 0.23551558812158588, "noise_std": 0.0853964581464087, "validation_nll": -0.9440505718262318, "validation_rmse": 0.08858183464513666, "validation_seconds": 0.4334049727767706, "validation_checks_without_improvement": 0, "training_elapsed_seconds": 12.36591225862503}
{"iteration": 100, "train_nlml_per_observation": -0.9391478637729475, "finite_nlml_per_observation": -0.9391478637729475, "vfe_trace_correction_per_observation": 0.0, "vfe_trace_residual_per_observation": 0.0, "gradient_norm_before_clip": 0.0008515727789625366, "iteration_seconds": 0.03583342023193836, "ell_t": 0.023177400703630016, "ell_s": [0.5799858973334264, 0.6727247711313341], "kernel_variance": 0.23019512964211103, "noise_std": 0.08544460199503959, "validation_nll": -0.9452154975777877, "validation_rmse": 0.08856643057675122, "validation_seconds": 0.43649736046791077, "validation_checks_without_improvement": 0, "training_elapsed_seconds": 12.983377635478973}
{
  "implementation": "Route B finite_dtc structured empirical Bayes",
  "training_objective": "finite_dtc",
  "protocol": "controlled batch/full-history with spatial held-out validation",
  "data_part": "stream",
  "target_mode": "joint_xlag",
  "temporal_representation": "inducing_points",
  "temporal_kernel": {
    "family": "matern32",
    "spectral_mixture": null
  },
  "evaluation_backend": "torch",
  "temporal_factor_device": "cuda",
  "split_seed": 1,
  "mt": 128,
  "ms": 64,
  "num_time": 186,
  "num_train_space": 800,
  "num_validation_space": 80,
  "num_test_space": 200,
  "num_xlag_features": 133,
  "active_joint_mean_features": 133,
  "hyperparameters": "learned by Route B marginal likelihood; fixed inducing locations",
  "objective_optimization": {
    "version": "E0",
    "cached_statistics": false,
    "combined_basis_transforms": false,
    "removed_redundant_final_solve": false,
    "cross_contraction": "einsum",
    "feature_block_size": null,
    "feature_projection": null,
    "feature_dimension": 133
  },
  "predictive_variance": "full structured-joint conditional; conditional residual included",
  "best_iteration": 100,
  "iterations_completed": 100,
  "stop_reason": "max_iterations",
  "validation_checks_without_improvement": 0,
  "best_validation_nll": -0.9452154975777877,
  "time_to_best_validation_seconds": 12.982902865856886,
  "learned_theta": {
    "ell_t": 0.023177400703630016,
    "ell_s": [
      0.5799858973334264,
      0.6727247711313341
    ],
    "kernel_variance": 0.23019512964211103,
    "noise_std": 0.08544460199503959
  },
  "final": {
    "rmse": 0.09543704709635627,
    "nll": -0.8822168511491025,
    "coverage90": 0.972983870967742,
    "ece": 0.12649865591397852,
    "mean_predictive_std": 0.13580065331811156,
    "posterior_update_seconds": 0.04334357567131519,
    "prediction_seconds": 0.09089682810008526,
    "diagnostic_avg_sigma2": 0.007300780010090723,
    "diagnostic_avg_nu_star": 0.012022063132813399,
    "diagnostic_avg_nu_star_raw": 0.012022063132813399,
    "diagnostic_avg_u_posterior_term": 0.00033641856994735564,
    "diagnostic_avg_beta_schur_term": 3.985072471441908e-06
  },
  "timing": {
    "warmup_seconds": 0.03913074918091297,
    "flop_profile_seconds": 0.2524018120020628,
    "training_seconds": 12.983461463823915,
    "mean_iteration_seconds": 0.037702790014445785,
    "median_iteration_seconds": 0.037015458568930626,
    "mean_steady_state_iteration_seconds": 0.03704634854438329,
    "validation_seconds": 9.176665086299181,
    "xlag_feature_loading_seconds": 2.7163361199200153,
    "posterior_setup_seconds": 0.04334357567131519,
    "prediction_seconds": 0.09089682810008526,
    "process_total_seconds": 19.033924026414752
  },
  "resources": {
    "device": "cuda",
    "dtype": "float64",
    "peak_rss_mib": 1859.68359375,
    "torch": "2.5.1+cu121",
    "torch_cuda_build": "12.1",
    "cuda_available": true,
    "gpu_name": "NVIDIA GeForce RTX 4090",
    "gpu_compute_capability": [
      8,
      9
    ],
    "gpu_total_memory_mib": 48508.0625,
    "peak_cuda_allocated_mib": 1339.0693359375,
    "peak_cuda_reserved_mib": 1674.0,
    "persistent_model_state_bytes": 10332800,
    "persistent_model_state_mib": 9.8541259765625,
    "serialized_training_checkpoint_bytes": 9565,
    "history_replay_buffer_bytes": 1190400,
    "profiled_forward_backward_flops_per_step": 16649522790,
    "estimated_training_flops": 1664952279000,
    "flops_scope": "PyTorch-supported operations in one Route-B objective forward/backward; optimizer, validation, posterior recovery and prediction excluded",
    "flop_profile_error": null,
    "training_device": "cuda",
    "temporal_factor_device": "cuda",
    "spherical_bessel_device": null,
    "posterior_update_device": "cuda",
    "prediction_device": "cuda",
    "posterior_solver_backend": "torch"
  },
  "environment": {
    "hostname": "autodl-container-qkb5g0ybu5-f51eca91",
    "platform": "Linux-5.15.0-78-generic-x86_64-with-glibc2.35",
    "python": "3.11.15",
    "processor": "x86_64",
    "pid": 245506,
    "git": {
      "commit": "90411f423e38daa49cbda0489cc618b3d154b31c",
      "branch": "",
      "dirty": true
    }
  },
  "args": {
    "protocol_npz": "/root/autodl-tmp/iclr_era5_a100_protocol_autodl_4090_capacity_ladder_20260820T023000Z/protocol/task1_2/seed1/protocol.npz",
    "protocol_json": "/root/autodl-tmp/iclr_era5_a100_protocol_autodl_4090_capacity_ladder_20260820T023000Z/protocol/task1_2/seed1/protocol.json",
    "data_root": null,
    "output_dir": "/root/autodl-tmp/iclr_era5_a100_protocol_autodl_4090_capacity_ladder_20260820T023000Z/runs/task1_2/batch/routeb_joint_inducing_points_mt128_ms64/seed1",
    "data_part": "stream",
    "target_mode": "joint_xlag",
    "representation": "inducing_points",
    "mt": 128,
    "ms": 64,
    "iterations": 100,
    "training_objective": "finite_dtc",
    "include_conditional_residual_variance": true,
    "learning_rate": 0.02,
    "validation_every": 5,
    "early_stopping_patience_validations": 0,
    "early_stopping_min_delta": 0.0,
    "max_training_seconds": 0.0,
    "beta_prior_variance": 1000.0,
    "rff_sample_size": 256,
    "temporal_kernel": "matern32",
    "spectral_mixture_json": null,
    "xlag_length": 10,
    "joint_phi_npy": null,
    "initial_ell_t": 0.05,
    "initial_ell_s": [
      0.35,
      0.35
    ],
    "initial_kernel_variance": 1.0,
    "initial_noise": 0.1,
    "prediction_chunk_size": 8192,
    "split_seed": 1,
    "model_seed": 0,
    "save_pointwise": false,
    "predictions_output": "/root/autodl-tmp/iclr_era5_a100_protocol_autodl_4090_capacity_ladder_20260820T023000Z/runs/task1_2/batch/routeb_joint_inducing_points_mt128_ms64/seed1/predictions.npz",
    "device": "cuda",
    "dtype": "float64",
    "evaluation_backend": "torch",
    "warmup_steps": 1,
    "profile_flops": true,
    "objective_optimization_version": "E0",
    "cross_contraction": "einsum",
    "feature_block_size": null,
    "feature_projection_npz": null
  }
}
