job=array-17
argv=/root/autodl-tmp/stvgp_envs/gpflow/bin/python scripts/run_official_bui_osgpr_era5.py --protocol-npz /root/autodl-tmp/iclr_era5_a100_protocol_autodl_4090_capacity_ladder_20260820T023000Z/protocol/task1_10/seed3/protocol.npz --theta-json /root/autodl-tmp/iclr_era5_a100_protocol_autodl_4090_capacity_ladder_20260820T023000Z/calibration/routeb_joint_inducing_points/seed3/result.json --output /root/autodl-tmp/iclr_era5_a100_protocol_autodl_4090_capacity_ladder_20260820T023000Z/runs/task1_10/online/bui_osgpr_mt2_ms64/seed3/result.json --blockwise-output /root/autodl-tmp/iclr_era5_a100_protocol_autodl_4090_capacity_ladder_20260820T023000Z/runs/task1_10/online/bui_osgpr_mt2_ms64/seed3/blocks.csv --predictions-output /root/autodl-tmp/iclr_era5_a100_protocol_autodl_4090_capacity_ladder_20260820T023000Z/runs/task1_10/online/bui_osgpr_mt2_ms64/seed3/predictions.npz --mt 2 --ms 64 --seed 3 --device cuda --dtype float64
2026-08-20 22:22:56.967610: E external/local_xla/xla/stream_executor/cuda/cuda_dnn.cc:9261] Unable to register cuDNN factory: Attempting to register factory for plugin cuDNN when one has already been registered
2026-08-20 22:22:56.967647: E external/local_xla/xla/stream_executor/cuda/cuda_fft.cc:607] Unable to register cuFFT factory: Attempting to register factory for plugin cuFFT when one has already been registered
2026-08-20 22:22:56.968891: E external/local_xla/xla/stream_executor/cuda/cuda_blas.cc:1515] Unable to register cuBLAS factory: Attempting to register factory for plugin cuBLAS when one has already been registered
/root/autodl-tmp/stvgp_envs/gpflow/lib/python3.10/site-packages/gpflow/versions.py:1: UserWarning: pkg_resources is deprecated as an API. See https://setuptools.pypa.io/en/latest/pkg_resources.html. The pkg_resources package is slated for removal as early as 2025-11-30. Refrain from using this package or pin to Setuptools<81.
  import pkg_resources
{"block_id": 0, "block_start": 0, "block_stop": 10, "hours": 10, "update_seconds": 1.8918275590986013, "prediction_seconds": 0.07065566629171371, "rmse": 0.5308863243889472, "nll": 0.8207467609249034, "coverage90": 0.9795, "mean_predictive_std": 0.6481417473273184}
{"block_id": 1, "block_start": 10, "block_stop": 20, "hours": 10, "update_seconds": 0.17309505864977837, "prediction_seconds": 0.09359226189553738, "rmse": 0.3977179533155212, "nll": 0.6735623613532726, "coverage90": 0.99, "mean_predictive_std": 0.6481417473273184}
{"block_id": 2, "block_start": 20, "block_stop": 30, "hours": 10, "update_seconds": 0.14465592615306377, "prediction_seconds": 0.09200744703412056, "rmse": 0.36049695469754295, "nll": 0.6399723343318432, "coverage90": 0.999, "mean_predictive_std": 0.6481417473273184}
{"block_id": 3, "block_start": 30, "block_stop": 40, "hours": 10, "update_seconds": 0.14787457883358002, "prediction_seconds": 0.08986747823655605, "rmse": 0.3525442725950186, "nll": 0.6332230414172905, "coverage90": 0.993, "mean_predictive_std": 0.6481417473273184}
{"block_id": 4, "block_start": 40, "block_stop": 50, "hours": 10, "update_seconds": 0.14616689272224903, "prediction_seconds": 0.08930452167987823, "rmse": 0.5111699439375123, "nll": 0.7962928473330506, "coverage90": 0.9675, "mean_predictive_std": 0.6481417473273184}
{"block_id": 5, "block_start": 50, "block_stop": 60, "hours": 10, "update_seconds": 0.1463264524936676, "prediction_seconds": 0.092771390452981, "rmse": 0.6242025454018014, "nll": 0.9490396411301042, "coverage90": 0.9055, "mean_predictive_std": 0.6481417473273184}
{"block_id": 6, "block_start": 60, "block_stop": 70, "hours": 10, "update_seconds": 0.14279870875179768, "prediction_seconds": 0.09359058178961277, "rmse": 0.514208668781841, "nll": 0.8000014101910455, "coverage90": 0.977, "mean_predictive_std": 0.6481417473273184}
{"block_id": 7, "block_start": 70, "block_stop": 80, "hours": 10, "update_seconds": 0.14573610201478004, "prediction_seconds": 0.08954992890357971, "rmse": 0.49516599353520985, "nll": 0.7771238149058235, "coverage90": 0.9545, "mean_predictive_std": 0.6481417473273184}
{"block_id": 8, "block_start": 80, "block_stop": 90, "hours": 10, "update_seconds": 0.14643211849033833, "prediction_seconds": 0.08970903232693672, "rmse": 0.4209070053859737, "nll": 0.6961566145063349, "coverage90": 0.9785, "mean_predictive_std": 0.6481417473273184}
{"block_id": 9, "block_start": 90, "block_stop": 100, "hours": 10, "update_seconds": 0.14798330329358578, "prediction_seconds": 0.08984878659248352, "rmse": 0.594076751314776, "nll": 0.9053563470445346, "coverage90": 0.951, "mean_predictive_std": 0.6481417473273184}
{"block_id": 10, "block_start": 100, "block_stop": 110, "hours": 10, "update_seconds": 0.14487051963806152, "prediction_seconds": 0.08955369517207146, "rmse": 0.70460855853095, "nll": 1.076208797481268, "coverage90": 0.885, "mean_predictive_std": 0.6481417473273184}
{"block_id": 11, "block_start": 110, "block_stop": 120, "hours": 10, "update_seconds": 0.1437722872942686, "prediction_seconds": 0.09048411436378956, "rmse": 1.0584194233558353, "nll": 1.8186471245395677, "coverage90": 0.6235, "mean_predictive_std": 0.6481417473273184}
{"block_id": 12, "block_start": 120, "block_stop": 130, "hours": 10, "update_seconds": 0.14594990760087967, "prediction_seconds": 0.0895979069173336, "rmse": 1.0733349169006527, "nll": 1.8564918010643932, "coverage90": 0.556, "mean_predictive_std": 0.6481417473273184}
{"block_id": 13, "block_start": 130, "block_stop": 140, "hours": 10, "update_seconds": 0.14252951182425022, "prediction_seconds": 0.09176241047680378, "rmse": 0.6699823538051948, "nll": 1.0195576939685378, "coverage90": 0.894, "mean_predictive_std": 0.6481417473273184}
{"block_id": 14, "block_start": 140, "block_stop": 150, "hours": 10, "update_seconds": 0.1435998324304819, "prediction_seconds": 0.09146180748939514, "rmse": 0.5745318668297934, "nll": 0.878171167484731, "coverage90": 0.9275, "mean_predictive_std": 0.6481417473273184}
{"block_id": 15, "block_start": 150, "block_stop": 160, "hours": 10, "update_seconds": 0.14618521556258202, "prediction_seconds": 0.08961666375398636, "rmse": 0.8895131091563174, "nll": 1.4270406991591105, "coverage90": 0.7025, "mean_predictive_std": 0.6481417473273184}
{"block_id": 16, "block_start": 160, "block_stop": 170, "hours": 10, "update_seconds": 0.14677505567669868, "prediction_seconds": 0.08972501195967197, "rmse": 1.0543546559704775, "nll": 1.80842552716027, "coverage90": 0.5355, "mean_predictive_std": 0.6481417473273184}
{"block_id": 17, "block_start": 170, "block_stop": 180, "hours": 10, "update_seconds": 0.14572888426482677, "prediction_seconds": 0.08931085281074047, "rmse": 0.9028704941962812, "nll": 1.4555366019499743, "coverage90": 0.7325, "mean_predictive_std": 0.6481417473273184}
{"block_id": 18, "block_start": 180, "block_stop": 186, "hours": 6, "update_seconds": 0.14797674678266048, "prediction_seconds": 0.08992881141602993, "rmse": 0.8808684065884016, "nll": 1.4088249542823912, "coverage90": 0.7933333333333333, "mean_predictive_std": 0.6481417473273183}
{"block_id": 19, "block_start": 186, "block_stop": 196, "hours": 10, "update_seconds": 0.14671782031655312, "prediction_seconds": 0.08928199857473373, "rmse": 1.6635521100333575, "nll": 3.779135197020313, "coverage90": 0.06, "mean_predictive_std": 0.6481417473273184}
{"block_id": 20, "block_start": 196, "block_stop": 206, "hours": 10, "update_seconds": 0.14212827384471893, "prediction_seconds": 0.08905596099793911, "rmse": 1.1885782480929774, "nll": 2.166748912519096, "coverage90": 0.506, "mean_predictive_std": 0.6481417473273184}
{"block_id": 21, "block_start": 206, "block_stop": 216, "hours": 10, "update_seconds": 0.1427223440259695, "prediction_seconds": 0.08908705227077007, "rmse": 0.941484922061105, "nll": 1.5403030983301627, "coverage90": 0.771, "mean_predictive_std": 0.6481417473273184}
{"block_id": 22, "block_start": 216, "block_stop": 226, "hours": 10, "update_seconds": 0.1486138328909874, "prediction_seconds": 0.09077584929764271, "rmse": 0.9289212729813803, "nll": 1.5123337889533681, "coverage90": 0.7495, "mean_predictive_std": 0.6481417473273184}
{"block_id": 23, "block_start": 226, "block_stop": 236, "hours": 10, "update_seconds": 0.1428721658885479, "prediction_seconds": 0.08878995664417744, "rmse": 0.8283643100497922, "nll": 1.3020118837020958, "coverage90": 0.8565, "mean_predictive_std": 0.6481417473273184}
{"block_id": 24, "block_start": 236, "block_stop": 246, "hours": 10, "update_seconds": 0.14145601727068424, "prediction_seconds": 0.08929129503667355, "rmse": 1.1189151399147468, "nll": 1.975423205904502, "coverage90": 0.488, "mean_predictive_std": 0.6481417473273184}
{"block_id": 25, "block_start": 246, "block_stop": 256, "hours": 10, "update_seconds": 0.14149964787065983, "prediction_seconds": 0.0911684688180685, "rmse": 1.1257396431781759, "nll": 1.9936558904063346, "coverage90": 0.539, "mean_predictive_std": 0.6481417473273184}
{"block_id": 26, "block_start": 256, "block_stop": 266, "hours": 10, "update_seconds": 0.1418865341693163, "prediction_seconds": 0.09094703011214733, "rmse": 1.3505980522122505, "nll": 2.6564047899475063, "coverage90": 0.352, "mean_predictive_std": 0.6481417473273184}
{"block_id": 27, "block_start": 266, "block_stop": 276, "hours": 10, "update_seconds": 0.14185259863734245, "prediction_seconds": 0.09065802581608295, "rmse": 1.2633490241322891, "nll": 2.3849563180060818, "coverage90": 0.426, "mean_predictive_std": 0.6481417473273184}
{"block_id": 28, "block_start": 276, "block_stop": 286, "hours": 10, "update_seconds": 0.1440152581781149, "prediction_seconds": 0.08905360475182533, "rmse": 1.135529368643093, "nll": 2.020004199973855, "coverage90": 0.595, "mean_predictive_std": 0.6481417473273184}
{"block_id": 29, "block_start": 286, "block_stop": 296, "hours": 10, "update_seconds": 0.1429495457559824, "prediction_seconds": 0.088601503521204, "rmse": 0.9702158126036194, "nll": 1.605676187494179, "coverage90": 0.7035, "mean_predictive_std": 0.6481417473273184}
{"block_id": 30, "block_start": 296, "block_stop": 306, "hours": 10, "update_seconds": 0.142801683396101, "prediction_seconds": 0.08875708654522896, "rmse": 0.5853476514691869, "nll": 0.8931025810230093, "coverage90": 0.921, "mean_predictive_std": 0.6481417473273184}
{"block_id": 31, "block_start": 306, "block_stop": 316, "hours": 10, "update_seconds": 0.15242296271026134, "prediction_seconds": 0.08907809481024742, "rmse": 0.60654333449125, "nll": 0.9231712334189013, "coverage90": 0.9125, "mean_predictive_std": 0.6481417473273184}
{"block_id": 32, "block_start": 316, "block_stop": 326, "hours": 10, "update_seconds": 0.14488840848207474, "prediction_seconds": 0.0886802151799202, "rmse": 0.5593642176038703, "nll": 0.8577009929723165, "coverage90": 0.9385, "mean_predictive_std": 0.6481417473273184}
{"block_id": 33, "block_start": 326, "block_stop": 336, "hours": 10, "update_seconds": 0.1433795802295208, "prediction_seconds": 0.09043177776038647, "rmse": 0.5259505235554249, "nll": 0.81453813366783, "coverage90": 0.945, "mean_predictive_std": 0.6481417473273184}
{"block_id": 34, "block_start": 336, "block_stop": 346, "hours": 10, "update_seconds": 0.141586784273386, "prediction_seconds": 0.0886848010122776, "rmse": 0.5379009111746527, "nll": 0.8296700171637578, "coverage90": 0.942, "mean_predictive_std": 0.6481417473273184}
{"block_id": 35, "block_start": 346, "block_stop": 356, "hours": 10, "update_seconds": 0.14086182042956352, "prediction_seconds": 0.08870711550116539, "rmse": 0.6517592516091923, "nll": 0.9908895956880247, "coverage90": 0.9185, "mean_predictive_std": 0.6481417473273184}
{"block_id": 36, "block_start": 356, "block_stop": 366, "hours": 10, "update_seconds": 0.1415757443755865, "prediction_seconds": 0.0887342132627964, "rmse": 0.78160401808257, "nll": 1.2124084691438344, "coverage90": 0.87, "mean_predictive_std": 0.6481417473273184}
{"block_id": 37, "block_start": 366, "block_stop": 372, "hours": 6, "update_seconds": 0.14114018715918064, "prediction_seconds": 0.08831549808382988, "rmse": 0.5881943573963373, "nll": 0.8970788088398917, "coverage90": 0.9291666666666667, "mean_predictive_std": 0.6481417473273183}
{"block_id": 38, "block_start": 372, "block_stop": 382, "hours": 10, "update_seconds": 0.14358866401016712, "prediction_seconds": 0.0899092722684145, "rmse": 0.37220496811565656, "nll": 0.6501826826006015, "coverage90": 0.992, "mean_predictive_std": 0.6481417473273184}
{"block_id": 39, "block_start": 382, "block_stop": 392, "hours": 10, "update_seconds": 0.14113584719598293, "prediction_seconds": 0.09064943715929985, "rmse": 0.3963431471204488, "nll": 0.6722630135550112, "coverage90": 0.9605, "mean_predictive_std": 0.6481417473273184}
{"block_id": 40, "block_start": 392, "block_stop": 402, "hours": 10, "update_seconds": 0.1410349402576685, "prediction_seconds": 0.09095745906233788, "rmse": 0.29561310916362643, "nll": 0.589303222214294, "coverage90": 0.999, "mean_predictive_std": 0.6481417473273184}
{"block_id": 41, "block_start": 402, "block_stop": 412, "hours": 10, "update_seconds": 0.14142556488513947, "prediction_seconds": 0.09065191633999348, "rmse": 0.4944451015624349, "nll": 0.7762747033360248, "coverage90": 0.9975, "mean_predictive_std": 0.6481417473273184}
{"block_id": 42, "block_start": 412, "block_stop": 422, "hours": 10, "update_seconds": 0.14116392470896244, "prediction_seconds": 0.08988494612276554, "rmse": 0.3013156632757646, "nll": 0.5933547790991541, "coverage90": 0.9995, "mean_predictive_std": 0.6481417473273184}
{"block_id": 43, "block_start": 422, "block_stop": 432, "hours": 10, "update_seconds": 0.14241502806544304, "prediction_seconds": 0.08876479417085648, "rmse": 0.7736811174075372, "nll": 1.1977420448145593, "coverage90": 0.851, "mean_predictive_std": 0.6481417473273184}
{"block_id": 44, "block_start": 432, "block_stop": 442, "hours": 10, "update_seconds": 0.14398193545639515, "prediction_seconds": 0.08867047168314457, "rmse": 0.8528874936966825, "nll": 1.3510845467707444, "coverage90": 0.8225, "mean_predictive_std": 0.6481417473273184}
{"block_id": 45, "block_start": 442, "block_stop": 452, "hours": 10, "update_seconds": 0.14227993600070477, "prediction_seconds": 0.0881439596414566, "rmse": 1.0565814504486761, "nll": 1.8140203358038238, "coverage90": 0.6245, "mean_predictive_std": 0.6481417473273184}
{"block_id": 46, "block_start": 452, "block_stop": 462, "hours": 10, "update_seconds": 0.14285902492702007, "prediction_seconds": 0.0889729056507349, "rmse": 1.23900178823547, "nll": 2.312441314646733, "coverage90": 0.469, "mean_predictive_std": 0.6481417473273184}
{"block_id": 47, "block_start": 462, "block_stop": 472, "hours": 10, "update_seconds": 0.14059882797300816, "prediction_seconds": 0.08832059241831303, "rmse": 0.8764874742115254, "nll": 1.3996615619424955, "coverage90": 0.811, "mean_predictive_std": 0.6481417473273184}
{"block_id": 48, "block_start": 472, "block_stop": 482, "hours": 10, "update_seconds": 0.14197736606001854, "prediction_seconds": 0.0886255782097578, "rmse": 1.1042119510426713, "nll": 1.9365181682318575, "coverage90": 0.5335, "mean_predictive_std": 0.6481417473273184}
{"block_id": 49, "block_start": 482, "block_stop": 492, "hours": 10, "update_seconds": 0.14070646278560162, "prediction_seconds": 0.08812709152698517, "rmse": 0.8417525335640917, "nll": 1.3286252507280811, "coverage90": 0.7975, "mean_predictive_std": 0.6481417473273184}
{"block_id": 50, "block_start": 492, "block_stop": 502, "hours": 10, "update_seconds": 0.143105648458004, "prediction_seconds": 0.08867513947188854, "rmse": 0.6604113060595718, "nll": 1.0044022151333731, "coverage90": 0.903, "mean_predictive_std": 0.6481417473273184}
{"block_id": 51, "block_start": 502, "block_stop": 512, "hours": 10, "update_seconds": 0.14319661259651184, "prediction_seconds": 0.08828148990869522, "rmse": 0.47856804939957304, "nll": 0.7578873765382282, "coverage90": 0.9595, "mean_predictive_std": 0.6481417473273184}
{"block_id": 52, "block_start": 512, "block_stop": 522, "hours": 10, "update_seconds": 0.14293014630675316, "prediction_seconds": 0.08854198828339577, "rmse": 0.30300840059613604, "nll": 0.5945723365717263, "coverage90": 0.9985, "mean_predictive_std": 0.6481417473273184}
{"block_id": 53, "block_start": 522, "block_stop": 532, "hours": 10, "update_seconds": 0.14362741634249687, "prediction_seconds": 0.08868570812046528, "rmse": 0.4026535021796827, "nll": 0.6782640845844976, "coverage90": 0.9895, "mean_predictive_std": 0.6481417473273184}
{"block_id": 54, "block_start": 532, "block_stop": 542, "hours": 10, "update_seconds": 0.1422448232769966, "prediction_seconds": 0.09025334753096104, "rmse": 0.32291780539101156, "nll": 0.6094047364207567, "coverage90": 0.9985, "mean_predictive_std": 0.6481417473273184}
{"block_id": 55, "block_start": 542, "block_stop": 552, "hours": 10, "update_seconds": 0.14064164087176323, "prediction_seconds": 0.09066232852637768, "rmse": 0.3483911440453003, "nll": 0.6297581997667377, "coverage90": 0.996, "mean_predictive_std": 0.6481417473273184}
{"block_id": 56, "block_start": 552, "block_stop": 558, "hours": 6, "update_seconds": 0.1411543507128954, "prediction_seconds": 0.0909443199634552, "rmse": 0.6335930100552517, "nll": 0.9630977580570282, "coverage90": 0.9225, "mean_predictive_std": 0.6481417473273183}
{"block_id": 57, "block_start": 558, "block_stop": 568, "hours": 10, "update_seconds": 0.14172858744859695, "prediction_seconds": 0.08965133130550385, "rmse": 0.9020524721996901, "nll": 1.4537792705616672, "coverage90": 0.681, "mean_predictive_std": 0.6481417473273184}
{"block_id": 58, "block_start": 568, "block_stop": 578, "hours": 10, "update_seconds": 0.1423259787261486, "prediction_seconds": 0.08844231441617012, "rmse": 1.0637715568601496, "nll": 1.832166026404424, "coverage90": 0.633, "mean_predictive_std": 0.6481417473273184}
{"block_id": 59, "block_start": 578, "block_stop": 588, "hours": 10, "update_seconds": 0.14098834432661533, "prediction_seconds": 0.08897766470909119, "rmse": 0.5843099047869231, "nll": 0.8916578729570179, "coverage90": 0.938, "mean_predictive_std": 0.6481417473273184}
{"block_id": 60, "block_start": 588, "block_stop": 598, "hours": 10, "update_seconds": 0.14149021171033382, "prediction_seconds": 0.08856558799743652, "rmse": 0.4104770753549332, "nll": 0.685835820440385, "coverage90": 0.991, "mean_predictive_std": 0.6481417473273184}
{"block_id": 61, "block_start": 598, "block_stop": 608, "hours": 10, "update_seconds": 0.14048410393297672, "prediction_seconds": 0.08873706869781017, "rmse": 0.6257827629747925, "nll": 0.9513906366894533, "coverage90": 0.928, "mean_predictive_std": 0.6481417473273184}
{"block_id": 62, "block_start": 608, "block_stop": 618, "hours": 10, "update_seconds": 0.14149140194058418, "prediction_seconds": 0.09048288874328136, "rmse": 0.5359268663166354, "nll": 0.8271469915214027, "coverage90": 0.9835, "mean_predictive_std": 0.6481417473273184}
{"block_id": 63, "block_start": 618, "block_stop": 628, "hours": 10, "update_seconds": 0.14287790842354298, "prediction_seconds": 0.08898979984223843, "rmse": 1.1519063325912375, "nll": 2.0645916156689235, "coverage90": 0.524, "mean_predictive_std": 0.6481417473273184}
{"block_id": 64, "block_start": 628, "block_stop": 638, "hours": 10, "update_seconds": 0.1435145102441311, "prediction_seconds": 0.08870837651193142, "rmse": 1.1936925727195646, "nll": 2.181250295934735, "coverage90": 0.418, "mean_predictive_std": 0.6481417473273184}
{"block_id": 65, "block_start": 638, "block_stop": 648, "hours": 10, "update_seconds": 0.14331586845219135, "prediction_seconds": 0.08857719227671623, "rmse": 1.3315657207010734, "nll": 2.5956462541696528, "coverage90": 0.2675, "mean_predictive_std": 0.6481417473273184}
{"block_id": 66, "block_start": 648, "block_stop": 658, "hours": 10, "update_seconds": 0.1434188149869442, "prediction_seconds": 0.08912301808595657, "rmse": 0.7734451025547423, "nll": 1.1973074394385241, "coverage90": 0.8485, "mean_predictive_std": 0.6481417473273184}
{"block_id": 67, "block_start": 658, "block_stop": 668, "hours": 10, "update_seconds": 0.143251184374094, "prediction_seconds": 0.08827117271721363, "rmse": 0.5264974611333572, "nll": 0.8152232564623064, "coverage90": 0.9635, "mean_predictive_std": 0.6481417473273184}
{"block_id": 68, "block_start": 668, "block_stop": 678, "hours": 10, "update_seconds": 0.14355948008596897, "prediction_seconds": 0.08978367410600185, "rmse": 0.7584811678118631, "nll": 1.1700230850088158, "coverage90": 0.8815, "mean_predictive_std": 0.6481417473273184}
{"block_id": 69, "block_start": 678, "block_stop": 688, "hours": 10, "update_seconds": 0.14210008084774017, "prediction_seconds": 0.09044288843870163, "rmse": 0.398778814706597, "nll": 0.6745680711369357, "coverage90": 0.988, "mean_predictive_std": 0.6481417473273184}
{"block_id": 70, "block_start": 688, "block_stop": 698, "hours": 10, "update_seconds": 0.14158199541270733, "prediction_seconds": 0.09256393648684025, "rmse": 0.7432980461656509, "nll": 1.1428838767497103, "coverage90": 0.883, "mean_predictive_std": 0.6481417473273184}
{"block_id": 71, "block_start": 698, "block_stop": 708, "hours": 10, "update_seconds": 0.1424119994044304, "prediction_seconds": 0.08828910440206528, "rmse": 0.825617845398653, "nll": 1.2966051516587218, "coverage90": 0.861, "mean_predictive_std": 0.6481417473273184}
{"block_id": 72, "block_start": 708, "block_stop": 718, "hours": 10, "update_seconds": 0.14126577973365784, "prediction_seconds": 0.0885157473385334, "rmse": 1.2465289378536946, "nll": 2.3347092369866584, "coverage90": 0.573, "mean_predictive_std": 0.6481417473273184}
{"block_id": 73, "block_start": 718, "block_stop": 728, "hours": 10, "update_seconds": 0.14244231581687927, "prediction_seconds": 0.08964058756828308, "rmse": 1.4190768236603577, "nll": 2.882148035573366, "coverage90": 0.509, "mean_predictive_std": 0.6481417473273184}
{"block_id": 74, "block_start": 728, "block_stop": 738, "hours": 10, "update_seconds": 0.14144100807607174, "prediction_seconds": 0.09150972031056881, "rmse": 1.1187076935552833, "nll": 1.9748707180746485, "coverage90": 0.547, "mean_predictive_std": 0.6481417473273184}
{"block_id": 75, "block_start": 738, "block_stop": 744, "hours": 6, "update_seconds": 0.14299640618264675, "prediction_seconds": 0.0884836483746767, "rmse": 1.5339120699536901, "nll": 3.2857627891340937, "coverage90": 0.225, "mean_predictive_std": 0.6481417473273183}
{"block_id": 76, "block_start": 744, "block_stop": 754, "hours": 10, "update_seconds": 0.14272262156009674, "prediction_seconds": 0.08984697796404362, "rmse": 1.0026164669092037, "nll": 1.6817567927390946, "coverage90": 0.6485, "mean_predictive_std": 0.6481417473273184}
{"block_id": 77, "block_start": 754, "block_stop": 764, "hours": 10, "update_seconds": 0.14331211149692535, "prediction_seconds": 0.08868382312357426, "rmse": 0.709382514422011, "nll": 1.084243227692959, "coverage90": 0.881, "mean_predictive_std": 0.6481417473273184}
{"block_id": 78, "block_start": 764, "block_stop": 774, "hours": 10, "update_seconds": 0.1422236394137144, "prediction_seconds": 0.09089295193552971, "rmse": 0.7954472530146314, "nll": 1.2383929123515127, "coverage90": 0.844, "mean_predictive_std": 0.6481417473273184}
{"block_id": 79, "block_start": 774, "block_stop": 784, "hours": 10, "update_seconds": 0.14177894219756126, "prediction_seconds": 0.08898068591952324, "rmse": 0.9209351834990441, "nll": 1.494750414904538, "coverage90": 0.74, "mean_predictive_std": 0.6481417473273184}
{"block_id": 80, "block_start": 784, "block_stop": 794, "hours": 10, "update_seconds": 0.14202801883220673, "prediction_seconds": 0.08994443528354168, "rmse": 1.222435709267844, "nll": 2.263908156490808, "coverage90": 0.503, "mean_predictive_std": 0.6481417473273184}
{"block_id": 81, "block_start": 794, "block_stop": 804, "hours": 10, "update_seconds": 0.14315224811434746, "prediction_seconds": 0.08840420097112656, "rmse": 1.5995900780752241, "nll": 3.5307142212535174, "coverage90": 0.249, "mean_predictive_std": 0.6481417473273184}
{"block_id": 82, "block_start": 804, "block_stop": 814, "hours": 10, "update_seconds": 0.14373065531253815, "prediction_seconds": 0.08976193517446518, "rmse": 1.6649953609297286, "nll": 3.784852965999791, "coverage90": 0.2315, "mean_predictive_std": 0.6481417473273184}
{"block_id": 83, "block_start": 814, "block_stop": 824, "hours": 10, "update_seconds": 0.14140375144779682, "prediction_seconds": 0.08933346718549728, "rmse": 1.900247432530194, "nll": 4.783133448560644, "coverage90": 0.132, "mean_predictive_std": 0.6481417473273184}
{"block_id": 84, "block_start": 824, "block_stop": 834, "hours": 10, "update_seconds": 0.14244120940566063, "prediction_seconds": 0.08903651870787144, "rmse": 1.568707770259101, "nll": 3.414257177082629, "coverage90": 0.24, "mean_predictive_std": 0.6481417473273184}
{"block_id": 85, "block_start": 834, "block_stop": 844, "hours": 10, "update_seconds": 0.14249484427273273, "prediction_seconds": 0.08842937834560871, "rmse": 1.8149915404042958, "nll": 4.406133604803557, "coverage90": 0.1025, "mean_predictive_std": 0.6481417473273184}
{"block_id": 86, "block_start": 844, "block_stop": 854, "hours": 10, "update_seconds": 0.14209779538214207, "prediction_seconds": 0.08898512460291386, "rmse": 1.3236327645813732, "nll": 2.570575808358047, "coverage90": 0.423, "mean_predictive_std": 0.6481417473273184}
{"block_id": 87, "block_start": 854, "block_stop": 864, "hours": 10, "update_seconds": 0.14198187366127968, "prediction_seconds": 0.0893700085580349, "rmse": 1.0413937925556458, "nll": 1.7760957210260722, "coverage90": 0.6195, "mean_predictive_std": 0.6481417473273184}
{"block_id": 88, "block_start": 864, "block_stop": 874, "hours": 10, "update_seconds": 0.14290272071957588, "prediction_seconds": 0.08896847441792488, "rmse": 0.6929972256143103, "nll": 1.0568937055438843, "coverage90": 0.908, "mean_predictive_std": 0.6481417473273184}
{"block_id": 89, "block_start": 874, "block_stop": 884, "hours": 10, "update_seconds": 0.1415585558861494, "prediction_seconds": 0.08869456313550472, "rmse": 0.5348547331899774, "nll": 0.8257805859387805, "coverage90": 0.949, "mean_predictive_std": 0.6481417473273184}
{"block_id": 90, "block_start": 884, "block_stop": 894, "hours": 10, "update_seconds": 0.14139615930616856, "prediction_seconds": 0.08852948620915413, "rmse": 0.850666453508749, "nll": 1.3465811281307427, "coverage90": 0.766, "mean_predictive_std": 0.6481417473273184}
{"block_id": 91, "block_start": 894, "block_stop": 904, "hours": 10, "update_seconds": 0.1406945027410984, "prediction_seconds": 0.08936999551951885, "rmse": 0.5741073736602019, "nll": 0.8775908249951428, "coverage90": 0.9355, "mean_predictive_std": 0.6481417473273184}
{"block_id": 92, "block_start": 904, "block_stop": 914, "hours": 10, "update_seconds": 0.1417938768863678, "prediction_seconds": 0.08872609585523605, "rmse": 0.657777898730128, "nll": 1.0002705434491357, "coverage90": 0.8975, "mean_predictive_std": 0.6481417473273184}
{"block_id": 93, "block_start": 914, "block_stop": 924, "hours": 10, "update_seconds": 0.1416335143148899, "prediction_seconds": 0.0885469876229763, "rmse": 0.8697399986167212, "nll": 1.3856375539019072, "coverage90": 0.734, "mean_predictive_std": 0.6481417473273184}
{"block_id": 94, "block_start": 924, "block_stop": 930, "hours": 6, "update_seconds": 0.14136511459946632, "prediction_seconds": 0.08799330703914165, "rmse": 1.439893692381177, "nll": 2.9529842090913623, "coverage90": 0.405, "mean_predictive_std": 0.6481417473273183}
{"block_id": 95, "block_start": 930, "block_stop": 940, "hours": 10, "update_seconds": 0.14048714563250542, "prediction_seconds": 0.08833258040249348, "rmse": 1.837140448316082, "nll": 4.502411989480697, "coverage90": 0.168, "mean_predictive_std": 0.6481417473273184}
{"block_id": 96, "block_start": 940, "block_stop": 950, "hours": 10, "update_seconds": 0.1405851859599352, "prediction_seconds": 0.08824390918016434, "rmse": 1.6409636832655659, "nll": 3.690292071377982, "coverage90": 0.2715, "mean_predictive_std": 0.6481417473273184}
{"block_id": 97, "block_start": 950, "block_stop": 960, "hours": 10, "update_seconds": 0.14034410938620567, "prediction_seconds": 0.08786553703248501, "rmse": 1.12118639571907, "nll": 1.9814788977478908, "coverage90": 0.5835, "mean_predictive_std": 0.6481417473273184}
{"block_id": 98, "block_start": 960, "block_stop": 970, "hours": 10, "update_seconds": 0.14071865938603878, "prediction_seconds": 0.08859407529234886, "rmse": 1.1366835745079407, "nll": 2.0231256926424246, "coverage90": 0.552, "mean_predictive_std": 0.6481417473273184}
{"block_id": 99, "block_start": 970, "block_stop": 980, "hours": 10, "update_seconds": 0.1403216365724802, "prediction_seconds": 0.08823907189071178, "rmse": 0.7733508370437772, "nll": 1.1971338929373334, "coverage90": 0.82, "mean_predictive_std": 0.6481417473273184}
{"block_id": 100, "block_start": 980, "block_stop": 990, "hours": 10, "update_seconds": 0.13992556184530258, "prediction_seconds": 0.08843201212584972, "rmse": 0.9022799297827903, "nll": 1.4542677507804447, "coverage90": 0.7835, "mean_predictive_std": 0.6481417473273184}
{"block_id": 101, "block_start": 990, "block_stop": 1000, "hours": 10, "update_seconds": 0.1406139824539423, "prediction_seconds": 0.08780834265053272, "rmse": 0.8285863524692781, "nll": 1.302449784302976, "coverage90": 0.866, "mean_predictive_std": 0.6481417473273184}
{"block_id": 102, "block_start": 1000, "block_stop": 1010, "hours": 10, "update_seconds": 0.14028837159276009, "prediction_seconds": 0.08868217468261719, "rmse": 0.9033206566858643, "nll": 1.456504351609719, "coverage90": 0.7775, "mean_predictive_std": 0.6481417473273184}
{"block_id": 103, "block_start": 1010, "block_stop": 1020, "hours": 10, "update_seconds": 0.14057722873985767, "prediction_seconds": 0.08808904327452183, "rmse": 0.8506013343936462, "nll": 1.3464492687042389, "coverage90": 0.7445, "mean_predictive_std": 0.6481417473273184}
{"block_id": 104, "block_start": 1020, "block_stop": 1030, "hours": 10, "update_seconds": 0.14029782451689243, "prediction_seconds": 0.08828236721456051, "rmse": 1.163125403025518, "nll": 2.0955048066249873, "coverage90": 0.612, "mean_predictive_std": 0.6481417473273184}
{"block_id": 105, "block_start": 1030, "block_stop": 1040, "hours": 10, "update_seconds": 0.13997798040509224, "prediction_seconds": 0.08789298310875893, "rmse": 1.7624993261055475, "nll": 4.182620269127401, "coverage90": 0.117, "mean_predictive_std": 0.6481417473273184}
{"block_id": 106, "block_start": 1040, "block_stop": 1050, "hours": 10, "update_seconds": 0.1403090711683035, "prediction_seconds": 0.088242556899786, "rmse": 1.1159470132728995, "nll": 1.9675280050823412, "coverage90": 0.489, "mean_predictive_std": 0.6481417473273184}
{"block_id": 107, "block_start": 1050, "block_stop": 1060, "hours": 10, "update_seconds": 0.14024412259459496, "prediction_seconds": 0.08797626383602619, "rmse": 0.9306328974164721, "nll": 1.5161221147836987, "coverage90": 0.741, "mean_predictive_std": 0.6481417473273184}
{"block_id": 108, "block_start": 1060, "block_stop": 1070, "hours": 10, "update_seconds": 0.1412148829549551, "prediction_seconds": 0.08821035921573639, "rmse": 0.5204795730225035, "nll": 0.8077241196430204, "coverage90": 0.965, "mean_predictive_std": 0.6481417473273184}
{"block_id": 109, "block_start": 1070, "block_stop": 1080, "hours": 10, "update_seconds": 0.14100459031760693, "prediction_seconds": 0.08796750754117966, "rmse": 0.9847139041837314, "nll": 1.6394105105950616, "coverage90": 0.689, "mean_predictive_std": 0.6481417473273184}
{"block_id": 110, "block_start": 1080, "block_stop": 1090, "hours": 10, "update_seconds": 0.14093187265098095, "prediction_seconds": 0.08822889998555183, "rmse": 0.8000006655543805, "nll": 1.2470395974758557, "coverage90": 0.829, "mean_predictive_std": 0.6481417473273184}
{"block_id": 111, "block_start": 1090, "block_stop": 1100, "hours": 10, "update_seconds": 0.14006299525499344, "prediction_seconds": 0.08804696053266525, "rmse": 0.8155298177523789, "nll": 1.2768998115275307, "coverage90": 0.8185, "mean_predictive_std": 0.6481417473273184}
{"block_id": 112, "block_start": 1100, "block_stop": 1110, "hours": 10, "update_seconds": 0.14111065864562988, "prediction_seconds": 0.08795769698917866, "rmse": 1.5456643088700701, "nll": 3.3288394077108228, "coverage90": 0.298, "mean_predictive_std": 0.6481417473273184}
{"block_id": 113, "block_start": 1110, "block_stop": 1116, "hours": 6, "update_seconds": 0.14029200188815594, "prediction_seconds": 0.0878385566174984, "rmse": 1.0129338451869474, "nll": 1.7065078075730913, "coverage90": 0.6316666666666667, "mean_predictive_std": 0.6481417473273183}
{"block_id": 114, "block_start": 1116, "block_stop": 1126, "hours": 10, "update_seconds": 0.14050308801233768, "prediction_seconds": 0.08821479231119156, "rmse": 1.2322524616984567, "nll": 2.2925891493596664, "coverage90": 0.451, "mean_predictive_std": 0.6481417473273184}
{"block_id": 115, "block_start": 1126, "block_stop": 1136, "hours": 10, "update_seconds": 0.14132480882108212, "prediction_seconds": 0.08853444084525108, "rmse": 1.4096376824354973, "nll": 2.8503682022879953, "coverage90": 0.2825, "mean_predictive_std": 0.6481417473273184}
{"block_id": 116, "block_start": 1136, "block_stop": 1146, "hours": 10, "update_seconds": 0.1410808190703392, "prediction_seconds": 0.0886468943208456, "rmse": 1.0976684397835934, "nll": 1.9193693344480858, "coverage90": 0.523, "mean_predictive_std": 0.6481417473273184}
{"block_id": 117, "block_start": 1146, "block_stop": 1156, "hours": 10, "update_seconds": 0.140451829880476, "prediction_seconds": 0.08821152336895466, "rmse": 1.357889894599876, "nll": 2.679911626804502, "coverage90": 0.327, "mean_predictive_std": 0.6481417473273184}
{"block_id": 118, "block_start": 1156, "block_stop": 1166, "hours": 10, "update_seconds": 0.14038709364831448, "prediction_seconds": 0.0887442659586668, "rmse": 1.1886499038151874, "nll": 2.166951658267301, "coverage90": 0.4615, "mean_predictive_std": 0.6481417473273184}
{"block_id": 119, "block_start": 1166, "block_stop": 1176, "hours": 10, "update_seconds": 0.14289642870426178, "prediction_seconds": 0.08866152539849281, "rmse": 1.7268488291917239, "nll": 4.034559532823231, "coverage90": 0.2215, "mean_predictive_std": 0.6481417473273184}
{"block_id": 120, "block_start": 1176, "block_stop": 1186, "hours": 10, "update_seconds": 0.1403412576764822, "prediction_seconds": 0.08852625824511051, "rmse": 1.6968234763957422, "nll": 3.912207744367616, "coverage90": 0.1385, "mean_predictive_std": 0.6481417473273184}
{"block_id": 121, "block_start": 1186, "block_stop": 1196, "hours": 10, "update_seconds": 0.14103963039815426, "prediction_seconds": 0.0890580266714096, "rmse": 1.6967984524941035, "nll": 3.912106668263306, "coverage90": 0.1805, "mean_predictive_std": 0.6481417473273184}
{"block_id": 122, "block_start": 1196, "block_stop": 1206, "hours": 10, "update_seconds": 0.141525000333786, "prediction_seconds": 0.0887473113834858, "rmse": 2.5406627911313167, "nll": 8.168172985143865, "coverage90": 0.003, "mean_predictive_std": 0.6481417473273184}
{"block_id": 123, "block_start": 1206, "block_stop": 1216, "hours": 10, "update_seconds": 0.14005238749086857, "prediction_seconds": 0.08832083083689213, "rmse": 1.7027146147893464, "nll": 3.9360446100927566, "coverage90": 0.094, "mean_predictive_std": 0.6481417473273184}
{"block_id": 124, "block_start": 1216, "block_stop": 1226, "hours": 10, "update_seconds": 0.14051488228142262, "prediction_seconds": 0.08879509195685387, "rmse": 1.2820393354317137, "nll": 2.441580325361037, "coverage90": 0.3465, "mean_predictive_std": 0.6481417473273184}
{"block_id": 125, "block_start": 1226, "block_stop": 1236, "hours": 10, "update_seconds": 0.14042328670620918, "prediction_seconds": 0.08867570757865906, "rmse": 1.168146776352653, "nll": 2.109437834482649, "coverage90": 0.4825, "mean_predictive_std": 0.6481417473273184}
{"block_id": 126, "block_start": 1236, "block_stop": 1246, "hours": 10, "update_seconds": 0.1401559468358755, "prediction_seconds": 0.08846620842814445, "rmse": 1.8425458623778619, "nll": 4.526085887765102, "coverage90": 0.1675, "mean_predictive_std": 0.6481417473273184}
{"block_id": 127, "block_start": 1246, "block_stop": 1256, "hours": 10, "update_seconds": 0.14061351493000984, "prediction_seconds": 0.0883028395473957, "rmse": 2.1046027228333846, "nll": 5.757230367060032, "coverage90": 0.105, "mean_predictive_std": 0.6481417473273184}
{"block_id": 128, "block_start": 1256, "block_stop": 1266, "hours": 10, "update_seconds": 0.14062623493373394, "prediction_seconds": 0.08808534778654575, "rmse": 1.698016205356549, "nll": 3.9170271229977613, "coverage90": 0.159, "mean_predictive_std": 0.6481417473273184}
{"block_id": 129, "block_start": 1266, "block_stop": 1276, "hours": 10, "update_seconds": 0.14023136533796787, "prediction_seconds": 0.08857405744493008, "rmse": 2.154216561968653, "nll": 6.008721142098985, "coverage90": 0.056, "mean_predictive_std": 0.6481417473273184}
{"block_id": 130, "block_start": 1276, "block_stop": 1286, "hours": 10, "update_seconds": 0.1405581757426262, "prediction_seconds": 0.08844977617263794, "rmse": 1.5254966426258498, "nll": 3.2551189138463283, "coverage90": 0.0895, "mean_predictive_std": 0.6481417473273184}
{"block_id": 131, "block_start": 1286, "block_stop": 1296, "hours": 10, "update_seconds": 0.1400981191545725, "prediction_seconds": 0.08796756342053413, "rmse": 2.078413060573049, "nll": 5.626838827181135, "coverage90": 0.06, "mean_predictive_std": 0.6481417473273184}
{"block_id": 132, "block_start": 1296, "block_stop": 1302, "hours": 6, "update_seconds": 0.1399649903178215, "prediction_seconds": 0.0882252287119627, "rmse": 2.1713472670827887, "nll": 6.096916957000956, "coverage90": 0.014166666666666666, "mean_predictive_std": 0.6481417473273183}
{"block_id": 133, "block_start": 1302, "block_stop": 1312, "hours": 10, "update_seconds": 0.14054854400455952, "prediction_seconds": 0.08802477829158306, "rmse": 1.1571825963334728, "nll": 2.079092589488209, "coverage90": 0.436, "mean_predictive_std": 0.6481417473273184}
{"block_id": 134, "block_start": 1312, "block_stop": 1322, "hours": 10, "update_seconds": 0.14054029062390327, "prediction_seconds": 0.0886797159910202, "rmse": 1.430516466613925, "nll": 2.9209474670878746, "coverage90": 0.2655, "mean_predictive_std": 0.6481417473273184}
{"block_id": 135, "block_start": 1322, "block_stop": 1332, "hours": 10, "update_seconds": 0.14073461666703224, "prediction_seconds": 0.0881822220981121, "rmse": 0.9002456739658282, "nll": 1.44990342640285, "coverage90": 0.726, "mean_predictive_std": 0.6481417473273184}
{"block_id": 136, "block_start": 1332, "block_stop": 1342, "hours": 10, "update_seconds": 0.14085989631712437, "prediction_seconds": 0.08833297528326511, "rmse": 0.9974449868350396, "nll": 1.669445937947647, "coverage90": 0.717, "mean_predictive_std": 0.6481417473273184}
{"block_id": 137, "block_start": 1342, "block_stop": 1352, "hours": 10, "update_seconds": 0.1401901040226221, "prediction_seconds": 0.08838887140154839, "rmse": 1.0113487905849867, "nll": 1.7026888451047912, "coverage90": 0.661, "mean_predictive_std": 0.6481417473273184}
{"block_id": 138, "block_start": 1352, "block_stop": 1362, "hours": 10, "update_seconds": 0.14103483594954014, "prediction_seconds": 0.08822507970035076, "rmse": 0.6606294555917716, "nll": 1.0047452201859797, "coverage90": 0.909, "mean_predictive_std": 0.6481417473273184}
{"block_id": 139, "block_start": 1362, "block_stop": 1372, "hours": 10, "update_seconds": 0.140873609110713, "prediction_seconds": 0.08836103416979313, "rmse": 1.5771541373696518, "nll": 3.4458828388112916, "coverage90": 0.3045, "mean_predictive_std": 0.6481417473273184}
{"block_id": 140, "block_start": 1372, "block_stop": 1382, "hours": 10, "update_seconds": 0.1422313880175352, "prediction_seconds": 0.0888336505740881, "rmse": 1.1860278286873867, "nll": 2.1595406068917304, "coverage90": 0.5345, "mean_predictive_std": 0.6481417473273184}
{"block_id": 141, "block_start": 1382, "block_stop": 1392, "hours": 10, "update_seconds": 0.14145110361278057, "prediction_seconds": 0.08816180005669594, "rmse": 1.7961058943477048, "nll": 4.324962573099527, "coverage90": 0.2895, "mean_predictive_std": 0.6481417473273184}
{"block_id": 142, "block_start": 1392, "block_stop": 1402, "hours": 10, "update_seconds": 0.14017267152667046, "prediction_seconds": 0.08934494853019714, "rmse": 1.3422237686682856, "nll": 2.62956461807463, "coverage90": 0.409, "mean_predictive_std": 0.6481417473273184}
{"block_id": 143, "block_start": 1402, "block_stop": 1412, "hours": 10, "update_seconds": 0.1408622469753027, "prediction_seconds": 0.0892088208347559, "rmse": 0.6241938696101565, "nll": 0.9490267499807657, "coverage90": 0.937, "mean_predictive_std": 0.6481417473273184}
{"block_id": 144, "block_start": 1412, "block_stop": 1422, "hours": 10, "update_seconds": 0.1420384757220745, "prediction_seconds": 0.0884457416832447, "rmse": 0.7134070889146314, "nll": 1.0910586169679226, "coverage90": 0.866, "mean_predictive_std": 0.6481417473273184}
{"block_id": 145, "block_start": 1422, "block_stop": 1432, "hours": 10, "update_seconds": 0.1426104363054037, "prediction_seconds": 0.08847828395664692, "rmse": 0.3955007408859061, "nll": 0.6714690672088865, "coverage90": 0.998, "mean_predictive_std": 0.6481417473273184}
{"block_id": 146, "block_start": 1432, "block_stop": 1442, "hours": 10, "update_seconds": 0.14125886373221874, "prediction_seconds": 0.08984687551856041, "rmse": 0.721850729158484, "nll": 1.1054827478845106, "coverage90": 0.86, "mean_predictive_std": 0.6481417473273184}
{"block_id": 147, "block_start": 1442, "block_stop": 1452, "hours": 10, "update_seconds": 0.14087042771279812, "prediction_seconds": 0.08898774534463882, "rmse": 0.5950123701563033, "nll": 0.9066805159276976, "coverage90": 0.9755, "mean_predictive_std": 0.6481417473273184}
{"block_id": 148, "block_start": 1452, "block_stop": 1462, "hours": 10, "update_seconds": 0.14167659915983677, "prediction_seconds": 0.08827335946261883, "rmse": 0.7704687250312218, "nll": 1.1918380218082627, "coverage90": 0.818, "mean_predictive_std": 0.6481417473273184}
{"block_id": 149, "block_start": 1462, "block_stop": 1472, "hours": 10, "update_seconds": 0.14041762985289097, "prediction_seconds": 0.08904284052550793, "rmse": 0.6203594573933808, "nll": 0.9433468286194461, "coverage90": 0.9075, "mean_predictive_std": 0.6481417473273184}
{"block_id": 150, "block_start": 1472, "block_stop": 1482, "hours": 10, "update_seconds": 0.14143028669059277, "prediction_seconds": 0.08815471269190311, "rmse": 0.4486787783250748, "nll": 0.7249005381209201, "coverage90": 0.9795, "mean_predictive_std": 0.6481417473273184}
{"block_id": 151, "block_start": 1482, "block_stop": 1488, "hours": 6, "update_seconds": 0.14183484762907028, "prediction_seconds": 0.08790871128439903, "rmse": 0.8133719070616048, "nll": 1.2727161324527552, "coverage90": 0.79, "mean_predictive_std": 0.6481417473273183}
{"block_id": 152, "block_start": 1488, "block_stop": 1498, "hours": 10, "update_seconds": 0.14140581153333187, "prediction_seconds": 0.08967561461031437, "rmse": 0.8748498713397905, "nll": 1.3962479950869207, "coverage90": 0.7685, "mean_predictive_std": 0.6481417473273184}
{"block_id": 153, "block_start": 1498, "block_stop": 1508, "hours": 10, "update_seconds": 0.14112846739590168, "prediction_seconds": 0.08805629797279835, "rmse": 0.7609470655579187, "nll": 1.1744825757726476, "coverage90": 0.866, "mean_predictive_std": 0.6481417473273184}
{"block_id": 154, "block_start": 1508, "block_stop": 1518, "hours": 10, "update_seconds": 0.14138596132397652, "prediction_seconds": 0.08818886056542397, "rmse": 0.9828289913299023, "nll": 1.6349963767406461, "coverage90": 0.706, "mean_predictive_std": 0.6481417473273184}
{"block_id": 155, "block_start": 1518, "block_stop": 1528, "hours": 10, "update_seconds": 0.14094797894358635, "prediction_seconds": 0.0897847842425108, "rmse": 1.130871792767016, "nll": 2.0074402344542355, "coverage90": 0.5225, "mean_predictive_std": 0.6481417473273184}
{"block_id": 156, "block_start": 1528, "block_stop": 1538, "hours": 10, "update_seconds": 0.1406563650816679, "prediction_seconds": 0.08895542286336422, "rmse": 1.3863169715845225, "nll": 2.772761019054423, "coverage90": 0.407, "mean_predictive_std": 0.6481417473273184}
{"block_id": 157, "block_start": 1538, "block_stop": 1548, "hours": 10, "update_seconds": 0.14075353182852268, "prediction_seconds": 0.08998534083366394, "rmse": 0.9032280593483143, "nll": 1.4563052484326302, "coverage90": 0.748, "mean_predictive_std": 0.6481417473273184}
{"block_id": 158, "block_start": 1548, "block_stop": 1558, "hours": 10, "update_seconds": 0.14149379171431065, "prediction_seconds": 0.08946075849235058, "rmse": 1.2765495034725556, "nll": 2.424862123477629, "coverage90": 0.573, "mean_predictive_std": 0.6481417473273184}
{"block_id": 159, "block_start": 1558, "block_stop": 1568, "hours": 10, "update_seconds": 0.14158178679645061, "prediction_seconds": 0.08925172500312328, "rmse": 1.472346238778661, "nll": 3.0654721442841204, "coverage90": 0.376, "mean_predictive_std": 0.6481417473273184}
{"block_id": 160, "block_start": 1568, "block_stop": 1578, "hours": 10, "update_seconds": 0.14160159043967724, "prediction_seconds": 0.08853516541421413, "rmse": 0.8298823363861638, "nll": 1.305007998482307, "coverage90": 0.813, "mean_predictive_std": 0.6481417473273184}
{"block_id": 161, "block_start": 1578, "block_stop": 1588, "hours": 10, "update_seconds": 0.14385033585131168, "prediction_seconds": 0.08822198770940304, "rmse": 1.2090699941934684, "nll": 2.2252271732950692, "coverage90": 0.4815, "mean_predictive_std": 0.6481417473273184}
{"block_id": 162, "block_start": 1588, "block_stop": 1598, "hours": 10, "update_seconds": 0.14157204888761044, "prediction_seconds": 0.08969319984316826, "rmse": 0.8070880728908537, "nll": 1.2605963998381393, "coverage90": 0.856, "mean_predictive_std": 0.6481417473273184}
{"block_id": 163, "block_start": 1598, "block_stop": 1608, "hours": 10, "update_seconds": 0.14105003140866756, "prediction_seconds": 0.08941487595438957, "rmse": 0.9338169137228052, "nll": 1.5231878277919237, "coverage90": 0.7495, "mean_predictive_std": 0.6481417473273184}
{"block_id": 164, "block_start": 1608, "block_stop": 1618, "hours": 10, "update_seconds": 0.14094353467226028, "prediction_seconds": 0.0900623258203268, "rmse": 0.6389704484691849, "nll": 0.9712426421191469, "coverage90": 0.917, "mean_predictive_std": 0.648141747327318}
{"block_id": 165, "block_start": 1618, "block_stop": 1628, "hours": 10, "update_seconds": 0.1435757726430893, "prediction_seconds": 0.08853545971214771, "rmse": 0.6567620875393176, "nll": 0.9986812034728052, "coverage90": 0.8815, "mean_predictive_std": 0.6481417473272061}
{"block_id": 166, "block_start": 1628, "block_stop": 1638, "hours": 10, "update_seconds": 0.1413016188889742, "prediction_seconds": 0.09127233177423477, "rmse": 1.2227824990945633, "nll": 2.264917441942691, "coverage90": 0.5565, "mean_predictive_std": 0.6481417472906901}
{"block_id": 167, "block_start": 1638, "block_stop": 1648, "hours": 10, "update_seconds": 0.14087249524891376, "prediction_seconds": 0.08873508684337139, "rmse": 0.4501533729082519, "nll": 0.726477963112305, "coverage90": 0.9785, "mean_predictive_std": 0.648141645510397}
{"block_id": 168, "block_start": 1648, "block_stop": 1658, "hours": 10, "update_seconds": 0.14142271503806114, "prediction_seconds": 0.09187152609229088, "rmse": 0.4761184432406353, "nll": 0.7549800309601523, "coverage90": 0.949, "mean_predictive_std": 0.6480163047666871}
{"block_id": 169, "block_start": 1658, "block_stop": 1668, "hours": 10, "update_seconds": 0.14320264756679535, "prediction_seconds": 0.08874288015067577, "rmse": 0.37053432075882503, "nll": 0.628647786431964, "coverage90": 0.9735, "mean_predictive_std": 0.6304118829248677}
{"block_id": 170, "block_start": 1668, "block_stop": 1674, "hours": 6, "update_seconds": 0.14145279861986637, "prediction_seconds": 0.08895976096391678, "rmse": 0.25400565051200125, "nll": 0.9488169282655102, "coverage90": 0.8925, "mean_predictive_std": 0.3640592092208784}
{
  "implementation": "official Bui OSGPR_VFE (thin ERA5 wrapper)",
  "source_repository": "https://github.com/thangbui/streaming_sparse_gp",
  "source_commit": "d95081b",
  "protocol": "strict online; Task-1 hyperparameter calibration only; Task-2(+) starts from the GP prior; no history replay",
  "initial_posterior": "GP prior at the first streaming block",
  "delayed_observations": false,
  "delayed_observation_rows": 0,
  "target_mode": "Task-1 fixed X-lag residual, evaluated on original y",
  "split_seed": 3,
  "num_stream_times": 1674,
  "num_blocks": 171,
  "calibration_time_range": [
    -1.0054054054054054,
    -0.00540540540540535
  ],
  "stream_time_range": [
    0.0,
    9.043243243243243
  ],
  "num_train_space": 800,
  "num_test_space": 200,
  "joint_inducing": 128,
  "temporal_grid_count": 2,
  "spatial_grid_count": 64,
  "inducing_locations": "fixed global Cartesian product; never optimized",
  "adaptive": false,
  "adaptive_optimization": null,
  "hyperparameters": "Route-B Task-1 empirical-Bayes theta, frozen for controlled posterior-transfer comparison",
  "learned_theta": {
    "ell_t": 0.030293420906365415,
    "ell_s": [
      0.5832417002909344,
      0.7119575645219547
    ],
    "kernel_variance": 0.41742564176566604,
    "noise_std": 0.05159537637078767
  },
  "final": {
    "rmse": 1.0726381854236329,
    "nll": 1.855977787208403,
    "coverage90": 0.6709856630824372,
    "mean_predictive_std": 0.6470168672097523
  },
  "timing": {
    "task1_calibration_seconds": 0.0,
    "stream_update_seconds": 26.083055067807436,
    "stream_prediction_seconds": 15.224838964641094,
    "mean_block_update_seconds": 0.15253248577665168,
    "mean_block_prediction_seconds": 0.08903414599205318,
    "first_block_update_seconds": 1.8918275590986013,
    "mean_steady_state_block_update_seconds": 0.14230133828652256,
    "process_total_seconds": 43.44289971143007
  },
  "resources": {
    "peak_rss_mib": 945.92578125,
    "peak_cuda_allocated_mib": 58.912109375,
    "current_cuda_allocated_mib": 0.462890625,
    "persistent_state_bytes": 266240,
    "persistent_state_mib": 0.25390625,
    "history_replay_buffer_bytes": 0,
    "estimated_streaming_flops": 89653248000.0,
    "flops_scope": "dominant O(B M^2) covariance accumulation; analytic estimate",
    "device": "cuda:0",
    "dtype": "float64",
    "physical_gpus": [
      "/physical_device:GPU:0"
    ]
  },
  "environment": {
    "hostname": "autodl-container-qkb5g0ybu5-f51eca91",
    "platform": "Linux-5.15.0-78-generic-x86_64-with-glibc2.35",
    "python": "3.10.20",
    "processor": "x86_64",
    "pid": 300403,
    "git": {
      "commit": "81800a1462d35357a43151857230c6fe5bfcb852",
      "branch": "",
      "dirty": true
    }
  },
  "versions": {
    "python": "3.10.20",
    "tensorflow": "2.15.1",
    "gpflow": "2.9.2",
    "numpy": "1.26.4"
  },
  "args": {
    "protocol_npz": "/root/autodl-tmp/iclr_era5_a100_protocol_autodl_4090_capacity_ladder_20260820T023000Z/protocol/task1_10/seed3/protocol.npz",
    "theta_json": "/root/autodl-tmp/iclr_era5_a100_protocol_autodl_4090_capacity_ladder_20260820T023000Z/calibration/routeb_joint_inducing_points/seed3/result.json",
    "output": "/root/autodl-tmp/iclr_era5_a100_protocol_autodl_4090_capacity_ladder_20260820T023000Z/runs/task1_10/online/bui_osgpr_mt2_ms64/seed3/result.json",
    "blockwise_output": "/root/autodl-tmp/iclr_era5_a100_protocol_autodl_4090_capacity_ladder_20260820T023000Z/runs/task1_10/online/bui_osgpr_mt2_ms64/seed3/blocks.csv",
    "predictions_output": "/root/autodl-tmp/iclr_era5_a100_protocol_autodl_4090_capacity_ladder_20260820T023000Z/runs/task1_10/online/bui_osgpr_mt2_ms64/seed3/predictions.npz",
    "mt": 2,
    "ms": 64,
    "prediction_chunk_size": 4096,
    "max_calibration_blocks": 0,
    "max_stream_blocks": 0,
    "task1_posterior_warm_start": false,
    "delayed_observations": false,
    "adaptive": false,
    "adaptive_calibration_steps": 25,
    "adaptive_online_steps": 5,
    "adaptive_learning_rate": 0.01,
    "initial_ell_t": 0.05,
    "initial_ell_s": [
      0.35,
      0.35
    ],
    "initial_kernel_variance": 1.0,
    "initial_noise": 0.1,
    "seed": 3,
    "device": "cuda",
    "dtype": "float64"
  }
}
