X:  (155448, 3)
(155448, 1)
num data points = 155448
WARNING:absl:No GPU/TPU found, falling back to CPU. (Set TF_CPP_MIN_LOG_LEVEL=0 and rerun for more info.)
num time steps = 2159
num spatial points = 72
num data points = 155448
/home/zd929/projects/stvgp_kronecker/baselines/.venvs/st_svgp/lib/python3.8/site-packages/jax/_src/numpy/lax_numpy.py:3939: UserWarning: 'kind' argument to argsort is ignored.
  warnings.warn("'kind' argument to argsort is ignored.")
iter  1: energy: 7998792.0507
iter  2: energy: 7874303.0007
iter  3: energy: 7751848.5499
iter  4: energy: 7635904.5512
iter  5: energy: 7526181.1535
iter  6: energy: 7420496.2055
iter  7: energy: 7317614.5843
iter  8: energy: 7216970.4821
iter  9: energy: 7118493.1899
iter 10: energy: 7022237.5914
iter 11: energy: 6928167.0429
iter 12: energy: 6835950.0226
iter 13: energy: 6745047.5442
iter 14: energy: 6654680.1787
iter 15: energy: 6563912.4557
iter 16: energy: 6471963.7283
iter 17: energy: 6378490.3080
iter 18: energy: 6283594.2491
iter 19: energy: 6187614.0251
iter 20: energy: 6090958.1673
iter 21: energy: 5994037.1905
iter 22: energy: 5897321.4426
iter 23: energy: 5801304.9854
iter 24: energy: 5706439.1973
iter 25: energy: 5613067.6411
iter 26: energy: 5521460.7280
iter 27: energy: 5431823.0800
iter 28: energy: 5344255.4478
iter 29: energy: 5258741.5834
iter 30: energy: 5175221.7418
iter 31: energy: 5093660.2581
iter 32: energy: 5014058.8812
iter 33: energy: 4936451.6806
iter 34: energy: 4860833.5330
iter 35: energy: 4787119.2766
iter 36: energy: 4715138.4570
iter 37: energy: 4644650.3304
iter 38: energy: 4575384.8586
iter 39: energy: 4507072.4642
iter 40: energy: 4439523.3472
iter 41: energy: 4372656.8296
iter 42: energy: 4306489.0563
iter 43: energy: 4241114.4035
iter 44: energy: 4176676.0693
iter 45: energy: 4113316.5180
iter 46: energy: 4051131.2307
iter 47: energy: 3990163.1552
iter 48: energy: 3930401.7879
iter 49: energy: 3871806.4152
iter 50: energy: 3814335.7293
iter 51: energy: 3757970.4118
iter 52: energy: 3702714.0413
iter 53: energy: 3648580.2160
iter 54: energy: 3595581.1536
iter 55: energy: 3543718.7036
iter 56: energy: 3492982.8784
iter 57: energy: 3443354.8961
iter 58: energy: 3394812.4333
iter 59: energy: 3347333.9284
iter 60: energy: 3300900.7277
iter 61: energy: 3255497.3659
iter 62: energy: 3211110.4739
iter 63: energy: 3167727.6885
iter 64: energy: 3125337.0954
iter 65: energy: 3083927.0689
iter 66: energy: 3043486.1639
iter 67: energy: 3004002.5916
iter 68: energy: 2965463.2305
iter 69: energy: 2927852.4226
iter 70: energy: 2891151.2123
iter 71: energy: 2855337.1105
iter 72: energy: 2820384.5087
iter 73: energy: 2786265.5779
iter 74: energy: 2752951.3628
iter 75: energy: 2720412.7034
iter 76: energy: 2688620.7013
iter 77: energy: 2657546.9421
iter 78: energy: 2627164.4890
iter 79: energy: 2597447.7571
iter 80: energy: 2568372.4358
iter 81: energy: 2539915.6472
iter 82: energy: 2512056.0932
iter 83: energy: 2484774.3139
iter 84: energy: 2458052.6765
iter 85: energy: 2431875.2663
iter 86: energy: 2406227.4886
iter 87: energy: 2381095.9722
iter 88: energy: 2356469.3159
iter 89: energy: 2332338.3091
iter 90: energy: 2308696.1550
iter 91: energy: 2285538.4152
iter 92: energy: 2262862.6557
iter 93: energy: 2240667.8905
iter 94: energy: 2218953.8627
iter 95: energy: 2197720.2692
iter 96: energy: 2176966.0345
iter 97: energy: 2156688.7434
iter 98: energy: 2136884.3358
iter 99: energy: 2117547.1293
iter 100: energy: 2098670.0964
iter 101: energy: 2080245.3514
iter 102: energy: 2062264.8227
iter 103: energy: 2044720.6512
iter 104: energy: 2027605.4614
iter 105: energy: 2010912.1186
iter 106: energy: 1994633.2358
iter 107: energy: 1978760.7280
iter 108: energy: 1963285.5042
iter 109: energy: 1948197.3796
iter 110: energy: 1933485.1996
iter 111: energy: 1919137.0516
iter 112: energy: 1905140.5903
iter 113: energy: 1891483.4140
iter 114: energy: 1878153.4035
iter 115: energy: 1865138.9409
iter 116: energy: 1852429.1026
iter 117: energy: 1840013.7762
iter 118: energy: 1827883.6484
iter 119: energy: 1816030.1508
iter 120: energy: 1804445.2943
iter 121: energy: 1793121.1975
iter 122: energy: 1782050.0702
iter 123: energy: 1771224.5755
iter 124: energy: 1760637.6791
iter 125: energy: 1750282.5147
iter 126: energy: 1740152.3809
iter 127: energy: 1730240.7798
iter 128: energy: 1720541.4740
iter 129: energy: 1711048.5196
iter 130: energy: 1701756.2828
iter 131: energy: 1692659.4927
iter 132: energy: 1683753.1972
iter 133: energy: 1675032.8351
iter 134: energy: 1666494.0019
iter 135: energy: 1658132.2855
iter 136: energy: 1649943.2619
iter 137: energy: 1641922.4934
iter 138: energy: 1634065.2686
iter 139: energy: 1626366.4303
iter 140: energy: 1618820.4561
iter 141: energy: 1611421.1398
iter 142: energy: 1604161.3200
iter 143: energy: 1597033.4486
iter 144: energy: 1590030.7737
iter 145: energy: 1583147.3987
iter 146: energy: 1576378.1620
iter 147: energy: 1569718.9272
iter 148: energy: 1563166.7255
iter 149: energy: 1556719.7509
iter 150: energy: 1550377.3419
iter 151: energy: 1544139.9704
iter 152: energy: 1538009.3763
iter 153: energy: 1531988.1042
iter 154: energy: 1526078.7644
iter 155: energy: 1520283.3123
iter 156: energy: 1514603.1191
iter 157: energy: 1509038.8342
iter 158: energy: 1503589.9249
iter 159: energy: 1498254.4609
iter 160: energy: 1493029.6474
iter 161: energy: 1487912.3187
iter 162: energy: 1482899.7024
iter 163: energy: 1477989.0736
iter 164: energy: 1473177.6162
iter 165: energy: 1468462.4057
iter 166: energy: 1463839.9245
iter 167: energy: 1459305.1083
iter 168: energy: 1454853.0702
iter 169: energy: 1450479.4758
iter 170: energy: 1446180.4128
iter 171: energy: 1441952.2946
iter 172: energy: 1437791.7908
iter 173: energy: 1433695.7864
iter 174: energy: 1429661.3679
iter 175: energy: 1425685.8244
iter 176: energy: 1421766.6486
iter 177: energy: 1417901.5226
iter 178: energy: 1414088.2981
iter 179: energy: 1410324.9721
iter 180: energy: 1406609.6602
iter 181: energy: 1402940.5697
iter 182: energy: 1399315.9788
iter 183: energy: 1395734.2219
iter 184: energy: 1392193.6838
iter 185: energy: 1388692.7994
iter 186: energy: 1385230.0580
iter 187: energy: 1381804.0100
iter 188: energy: 1378413.2711
iter 189: energy: 1375056.5230
iter 190: energy: 1371732.5171
iter 191: energy: 1368440.0739
iter 192: energy: 1365178.0799
iter 193: energy: 1361945.4829
iter 194: energy: 1358741.2866
iter 195: energy: 1355564.5484
iter 196: energy: 1352414.3782
iter 197: energy: 1349289.9324
iter 198: energy: 1346190.4133
iter 199: energy: 1343115.0715
iter 200: energy: 1340063.2064
iter 201: energy: 1337034.1724
iter 202: energy: 1334027.3840
iter 203: energy: 1331042.3160
iter 204: energy: 1328078.5041
iter 205: energy: 1325135.5459
iter 206: energy: 1322213.1016
iter 207: energy: 1319310.8941
iter 208: energy: 1316428.7081
iter 209: energy: 1313566.3883
iter 210: energy: 1310723.8370
iter 211: energy: 1307901.0103
iter 212: energy: 1305097.8930
iter 213: energy: 1302314.4735
iter 214: energy: 1299550.7628
iter 215: energy: 1296806.7882
iter 216: energy: 1294082.5849
iter 217: energy: 1291378.2695
iter 218: energy: 1288694.0778
iter 219: energy: 1286030.2605
iter 220: energy: 1283387.0505
iter 221: energy: 1280764.6308
iter 222: energy: 1278163.0955
iter 223: energy: 1275582.4073
iter 224: energy: 1273022.3490
iter 225: energy: 1270482.4719
iter 226: energy: 1267962.0273
iter 227: energy: 1265459.7561
iter 228: energy: 1262973.7649
iter 229: energy: 1260501.4637
iter 230: energy: 1258039.4246
iter 231: energy: 1255583.1878
iter 232: energy: 1253127.0281
iter 233: energy: 1250663.7058
iter 234: energy: 1248184.2469
iter 235: energy: 1245677.8514
iter 236: energy: 1243132.0772
iter 237: energy: 1240533.5286
iter 238: energy: 1237869.1688
iter 239: energy: 1235128.2294
iter 240: energy: 1232305.8024
iter 241: energy: 1229407.5687
iter 242: energy: 1226455.6331
iter 243: energy: 1223495.5901
iter 244: energy: 1220605.3817
iter 245: energy: 1217900.9810
iter 246: energy: 1215518.9355
iter 247: energy: 1213503.4270
iter 248: energy: 1211648.3033
iter 249: energy: 1209628.5068
iter 250: energy: 1207262.7579
iter 251: energy: 1204623.7972
iter 252: energy: 1201954.2612
iter 253: energy: 1199508.4869
iter 254: energy: 1197410.7798
iter 255: energy: 1195594.8298
iter 256: energy: 1193896.5989
iter 257: energy: 1192179.2564
iter 258: energy: 1190375.0310
iter 259: energy: 1188479.7039
iter 260: energy: 1186535.5327
iter 261: energy: 1184618.7020
iter 262: energy: 1182818.9457
iter 263: energy: 1181173.8710
iter 264: energy: 1179606.5387
iter 265: energy: 1178007.4817
iter 266: energy: 1176373.7120
iter 267: energy: 1174796.8130
iter 268: energy: 1173277.1376
iter 269: energy: 1171716.4310
iter 270: energy: 1170085.8235
iter 271: energy: 1168455.2924
iter 272: energy: 1166891.2456
iter 273: energy: 1165389.1221
iter 274: energy: 1163901.5076
iter 275: energy: 1162399.6124
iter 276: energy: 1160890.5956
iter 277: energy: 1159391.5981
iter 278: energy: 1157907.2426
iter 279: energy: 1156433.1820
iter 280: energy: 1154969.4579
iter 281: energy: 1153522.8491
iter 282: energy: 1152099.1708
iter 283: energy: 1150697.1996
iter 284: energy: 1149309.2859
iter 285: energy: 1147926.6945
iter 286: energy: 1146545.5580
iter 287: energy: 1145168.5225
iter 288: energy: 1143800.3143
iter 289: energy: 1142442.5087
iter 290: energy: 1141093.6689
iter 291: energy: 1139752.9349
iter 292: energy: 1138421.4161
iter 293: energy: 1137100.0190
iter 294: energy: 1135787.4863
iter 295: energy: 1134481.6287
iter 296: energy: 1133182.3744
iter 297: energy: 1131893.2608
iter 298: energy: 1130619.6707
iter 299: energy: 1129365.3636
iter 300: energy: 1128130.3426
average iter time: 9.56 secs
nlpd: 7.561
rmse: 9.404
WARNING:absl:No GPU/TPU found, falling back to CPU. (Set TF_CPP_MIN_LOG_LEVEL=0 and rerun for more info.)
