job=array-60
argv=/root/autodl-tmp/stvgp_envs/routeb/bin/python scripts/run_iclr_era5_routeb_strict_online.py --protocol-npz /root/autodl-tmp/iclr_era5_a100_protocol_autodl_4090_capacity_ladder_20260820T023000Z/protocol/task1_2/seed0/protocol.npz --protocol-json /root/autodl-tmp/iclr_era5_a100_protocol_autodl_4090_capacity_ladder_20260820T023000Z/protocol/task1_2/seed0/protocol.json --theta-json /root/autodl-tmp/iclr_era5_a100_protocol_autodl_4090_capacity_ladder_20260820T023000Z/calibration/routeb_joint_analytic_hippo_rff/seed0/result.json --output /root/autodl-tmp/iclr_era5_a100_protocol_autodl_4090_capacity_ladder_20260820T023000Z/runs/task1_2/online/routeb_cumulative_hippo_mt128_ms64/seed0/result.json --blockwise-output /root/autodl-tmp/iclr_era5_a100_protocol_autodl_4090_capacity_ladder_20260820T023000Z/runs/task1_2/online/routeb_cumulative_hippo_mt128_ms64/seed0/blocks.csv --predictions-output /root/autodl-tmp/iclr_era5_a100_protocol_autodl_4090_capacity_ladder_20260820T023000Z/runs/task1_2/online/routeb_cumulative_hippo_mt128_ms64/seed0/predictions.npz --representation analytic_hippo_rff --mt 128 --ms 64 --rff-sample-size 256 --prediction-chunk-size 8192 --include-conditional-residual-variance --seed 0 --solver-backend torch --device cuda --temporal-factor-device cpu --dtype float64
{"block_id": 0, "task": "task_2", "block_start": 0, "block_stop": 10, "hours": 10, "feature_loading_seconds": 2.6831093579530716, "factor_preparation_seconds": 0.04439634643495083, "update_seconds": 0.051122600212693214, "prediction_seconds": 0.09697292931377888, "persistent_state_bytes": 10433688, "solver_backend": "torch", "solver_device": "cuda", "solver_dtype": "float64", "temporal_factor_device": "cpu", "rmse": 0.07172333903688292, "nll": -0.9550381476224518, "mean_predictive_std": 0.14051582861531292, "mean_interval_width90": 0.46225594068397785, "coverage50": 0.8775, "coverage80": 0.9765, "coverage90": 0.9885, "coverage95": 0.9925, "peak_cuda_allocated_mib": 313.1416015625}
{"block_id": 1, "task": "task_2", "block_start": 10, "block_stop": 20, "hours": 10, "feature_loading_seconds": 1.5398487448692322e-05, "factor_preparation_seconds": 0.0290099885314703, "update_seconds": 0.015165504068136215, "prediction_seconds": 0.012652052566409111, "persistent_state_bytes": 10433688, "solver_backend": "torch", "solver_device": "cuda", "solver_dtype": "float64", "temporal_factor_device": "cpu", "rmse": 0.08391713948085637, "nll": -0.8852485128505104, "mean_predictive_std": 0.14032338476948933, "mean_interval_width90": 0.4616228567684029, "coverage50": 0.7725, "coverage80": 0.954, "coverage90": 0.9775, "coverage95": 0.988, "peak_cuda_allocated_mib": 313.2666015625}
{"block_id": 2, "task": "task_2", "block_start": 20, "block_stop": 30, "hours": 10, "feature_loading_seconds": 7.0445239543914795e-06, "factor_preparation_seconds": 0.02158801443874836, "update_seconds": 0.015157341957092285, "prediction_seconds": 0.012749915942549706, "persistent_state_bytes": 10433688, "solver_backend": "torch", "solver_device": "cuda", "solver_dtype": "float64", "temporal_factor_device": "cpu", "rmse": 0.09976787176446722, "nll": -0.813209551093596, "mean_predictive_std": 0.14024742017822575, "mean_interval_width90": 0.4613729555014834, "coverage50": 0.726, "coverage80": 0.924, "coverage90": 0.96, "coverage95": 0.9775, "peak_cuda_allocated_mib": 313.2666015625}
{"block_id": 3, "task": "task_2", "block_start": 30, "block_stop": 40, "hours": 10, "feature_loading_seconds": 6.6980719566345215e-06, "factor_preparation_seconds": 0.017562488093972206, "update_seconds": 0.015121513977646828, "prediction_seconds": 0.012734536081552505, "persistent_state_bytes": 10433688, "solver_backend": "torch", "solver_device": "cuda", "solver_dtype": "float64", "temporal_factor_device": "cpu", "rmse": 0.08996648498611853, "nll": -0.8755385867772365, "mean_predictive_std": 0.140205631595542, "mean_interval_width90": 0.4612354832978983, "coverage50": 0.777, "coverage80": 0.943, "coverage90": 0.9735, "coverage95": 0.9875, "peak_cuda_allocated_mib": 313.2666015625}
{"block_id": 4, "task": "task_2", "block_start": 40, "block_stop": 50, "hours": 10, "feature_loading_seconds": 5.77978789806366e-06, "factor_preparation_seconds": 0.0181262344121933, "update_seconds": 0.015160864219069481, "prediction_seconds": 0.012826414778828621, "persistent_state_bytes": 10433688, "solver_backend": "torch", "solver_device": "cuda", "solver_dtype": "float64", "temporal_factor_device": "cpu", "rmse": 0.09294102380883217, "nll": -0.8527976227157256, "mean_predictive_std": 0.14014857686182092, "mean_interval_width90": 0.4610477899265065, "coverage50": 0.705, "coverage80": 0.935, "coverage90": 0.9745, "coverage95": 0.9905, "peak_cuda_allocated_mib": 313.2666015625}
{"block_id": 5, "task": "task_2", "block_start": 50, "block_stop": 60, "hours": 10, "feature_loading_seconds": 5.7425349950790405e-06, "factor_preparation_seconds": 0.026192372664809227, "update_seconds": 0.014457948505878448, "prediction_seconds": 0.012072643265128136, "persistent_state_bytes": 10433688, "solver_backend": "torch", "solver_device": "cuda", "solver_dtype": "float64", "temporal_factor_device": "cpu", "rmse": 0.07996883983201172, "nll": -0.9266828716102723, "mean_predictive_std": 0.14012169806235245, "mean_interval_width90": 0.46095936654491904, "coverage50": 0.7955, "coverage80": 0.969, "coverage90": 0.989, "coverage95": 0.9965, "peak_cuda_allocated_mib": 313.2666015625}
{"block_id": 6, "task": "task_2", "block_start": 60, "block_stop": 70, "hours": 10, "feature_loading_seconds": 8.694827556610107e-06, "factor_preparation_seconds": 0.02055230364203453, "update_seconds": 0.015598809346556664, "prediction_seconds": 0.011940401047468185, "persistent_state_bytes": 10433688, "solver_backend": "torch", "solver_device": "cuda", "solver_dtype": "float64", "temporal_factor_device": "cpu", "rmse": 0.08466869099909606, "nll": -0.8910534598353749, "mean_predictive_std": 0.1400941221123494, "mean_interval_width90": 0.46086864974216074, "coverage50": 0.735, "coverage80": 0.96, "coverage90": 0.9905, "coverage95": 0.9965, "peak_cuda_allocated_mib": 313.2666015625}
{"block_id": 7, "task": "task_2", "block_start": 70, "block_stop": 80, "hours": 10, "feature_loading_seconds": 1.0531395673751831e-05, "factor_preparation_seconds": 0.01947879046201706, "update_seconds": 0.014193272218108177, "prediction_seconds": 0.011922001838684082, "persistent_state_bytes": 10433688, "solver_backend": "torch", "solver_device": "cuda", "solver_dtype": "float64", "temporal_factor_device": "cpu", "rmse": 0.08241350433529562, "nll": -0.8911146788118117, "mean_predictive_std": 0.14007980018099656, "mean_interval_width90": 0.46082153478069937, "coverage50": 0.761, "coverage80": 0.962, "coverage90": 0.9815, "coverage95": 0.99, "peak_cuda_allocated_mib": 313.2666015625}
{"block_id": 8, "task": "task_2", "block_start": 80, "block_stop": 90, "hours": 10, "feature_loading_seconds": 5.1818788051605225e-06, "factor_preparation_seconds": 0.01971375197172165, "update_seconds": 0.014435932040214539, "prediction_seconds": 0.011893251910805702, "persistent_state_bytes": 10433688, "solver_backend": "torch", "solver_device": "cuda", "solver_dtype": "float64", "temporal_factor_device": "cpu", "rmse": 0.08475541729119729, "nll": -0.8854728391597162, "mean_predictive_std": 0.1400868661124121, "mean_interval_width90": 0.46084477962653275, "coverage50": 0.748, "coverage80": 0.963, "coverage90": 0.985, "coverage95": 0.99, "peak_cuda_allocated_mib": 313.2666015625}
{"block_id": 9, "task": "task_2", "block_start": 90, "block_stop": 100, "hours": 10, "feature_loading_seconds": 4.511326551437378e-06, "factor_preparation_seconds": 0.019223114475607872, "update_seconds": 0.014198163524270058, "prediction_seconds": 0.01193910464644432, "persistent_state_bytes": 10433688, "solver_backend": "torch", "solver_device": "cuda", "solver_dtype": "float64", "temporal_factor_device": "cpu", "rmse": 0.09034364056351298, "nll": -0.8523277831905043, "mean_predictive_std": 0.1400754326859589, "mean_interval_width90": 0.4608071670005926, "coverage50": 0.7595, "coverage80": 0.9425, "coverage90": 0.972, "coverage95": 0.984, "peak_cuda_allocated_mib": 313.2666015625}
{"block_id": 10, "task": "task_2", "block_start": 100, "block_stop": 110, "hours": 10, "feature_loading_seconds": 4.805624485015869e-06, "factor_preparation_seconds": 0.02262119948863983, "update_seconds": 0.014235684648156166, "prediction_seconds": 0.011944659054279327, "persistent_state_bytes": 10433688, "solver_backend": "torch", "solver_device": "cuda", "solver_dtype": "float64", "temporal_factor_device": "cpu", "rmse": 0.0799455665166963, "nll": -0.919908662720632, "mean_predictive_std": 0.14007009102711646, "mean_interval_width90": 0.4607895945067507, "coverage50": 0.817, "coverage80": 0.9635, "coverage90": 0.9845, "coverage95": 0.9935, "peak_cuda_allocated_mib": 313.2666015625}
{"block_id": 11, "task": "task_2", "block_start": 110, "block_stop": 120, "hours": 10, "feature_loading_seconds": 5.45009970664978e-06, "factor_preparation_seconds": 0.0209910087287426, "update_seconds": 0.014456776902079582, "prediction_seconds": 0.011997062712907791, "persistent_state_bytes": 10433688, "solver_backend": "torch", "solver_device": "cuda", "solver_dtype": "float64", "temporal_factor_device": "cpu", "rmse": 0.10867825120323854, "nll": -0.7401620568783415, "mean_predictive_std": 0.14007245268709287, "mean_interval_width90": 0.4607973636767064, "coverage50": 0.643, "coverage80": 0.8875, "coverage90": 0.9495, "coverage95": 0.9745, "peak_cuda_allocated_mib": 313.2666015625}
{"block_id": 12, "task": "task_2", "block_start": 120, "block_stop": 130, "hours": 10, "feature_loading_seconds": 4.764646291732788e-06, "factor_preparation_seconds": 0.02044748328626156, "update_seconds": 0.01443835161626339, "prediction_seconds": 0.012013565748929977, "persistent_state_bytes": 10433688, "solver_backend": "torch", "solver_device": "cuda", "solver_dtype": "float64", "temporal_factor_device": "cpu", "rmse": 0.1265691395476348, "nll": -0.6493432174494617, "mean_predictive_std": 0.14007610447061933, "mean_interval_width90": 0.46080937697546304, "coverage50": 0.566, "coverage80": 0.837, "coverage90": 0.9205, "coverage95": 0.9585, "peak_cuda_allocated_mib": 313.2666015625}
{"block_id": 13, "task": "task_2", "block_start": 130, "block_stop": 140, "hours": 10, "feature_loading_seconds": 6.1802566051483154e-06, "factor_preparation_seconds": 0.021932316944003105, "update_seconds": 0.014265533536672592, "prediction_seconds": 0.011944964528083801, "persistent_state_bytes": 10433688, "solver_backend": "torch", "solver_device": "cuda", "solver_dtype": "float64", "temporal_factor_device": "cpu", "rmse": 0.1287198171897327, "nll": -0.6283439627140548, "mean_predictive_std": 0.14006012688947803, "mean_interval_width90": 0.46075681541088265, "coverage50": 0.571, "coverage80": 0.8465, "coverage90": 0.9205, "coverage95": 0.952, "peak_cuda_allocated_mib": 313.2666015625}
{"block_id": 14, "task": "task_2", "block_start": 140, "block_stop": 150, "hours": 10, "feature_loading_seconds": 5.0533562898635864e-06, "factor_preparation_seconds": 0.020862996578216553, "update_seconds": 0.014424232766032219, "prediction_seconds": 0.011934399604797363, "persistent_state_bytes": 10433688, "solver_backend": "torch", "solver_device": "cuda", "solver_dtype": "float64", "temporal_factor_device": "cpu", "rmse": 0.10699411705731456, "nll": -0.7701860804288913, "mean_predictive_std": 0.14006090169152674, "mean_interval_width90": 0.46075936428280273, "coverage50": 0.6415, "coverage80": 0.913, "coverage90": 0.9555, "coverage95": 0.9765, "peak_cuda_allocated_mib": 313.2666015625}
{"block_id": 15, "task": "task_2", "block_start": 150, "block_stop": 160, "hours": 10, "feature_loading_seconds": 4.200264811515808e-06, "factor_preparation_seconds": 0.01972127892076969, "update_seconds": 0.014248400926589966, "prediction_seconds": 0.01194310188293457, "persistent_state_bytes": 10433688, "solver_backend": "torch", "solver_device": "cuda", "solver_dtype": "float64", "temporal_factor_device": "cpu", "rmse": 0.11834241804058315, "nll": -0.6923264594355316, "mean_predictive_std": 0.14004757550114474, "mean_interval_width90": 0.4607155250176361, "coverage50": 0.577, "coverage80": 0.882, "coverage90": 0.942, "coverage95": 0.9695, "peak_cuda_allocated_mib": 313.2666015625}
{"block_id": 16, "task": "task_2", "block_start": 160, "block_stop": 170, "hours": 10, "feature_loading_seconds": 4.468485713005066e-06, "factor_preparation_seconds": 0.02053804136812687, "update_seconds": 0.014308523386716843, "prediction_seconds": 0.011945480480790138, "persistent_state_bytes": 10433688, "solver_backend": "torch", "solver_device": "cuda", "solver_dtype": "float64", "temporal_factor_device": "cpu", "rmse": 0.10780644771250852, "nll": -0.7563403387705462, "mean_predictive_std": 0.14003058103927468, "mean_interval_width90": 0.460659618213146, "coverage50": 0.647, "coverage80": 0.8915, "coverage90": 0.9425, "coverage95": 0.972, "peak_cuda_allocated_mib": 313.2666015625}
{"block_id": 17, "task": "task_2", "block_start": 170, "block_stop": 180, "hours": 10, "feature_loading_seconds": 4.036352038383484e-06, "factor_preparation_seconds": 0.01989057846367359, "update_seconds": 0.014269068837165833, "prediction_seconds": 0.012800389900803566, "persistent_state_bytes": 10433688, "solver_backend": "torch", "solver_device": "cuda", "solver_dtype": "float64", "temporal_factor_device": "cpu", "rmse": 0.09370021991370996, "nll": -0.8504953374859987, "mean_predictive_std": 0.14002098851563163, "mean_interval_width90": 0.4606280616185343, "coverage50": 0.719, "coverage80": 0.937, "coverage90": 0.9785, "coverage95": 0.991, "peak_cuda_allocated_mib": 313.2666015625}
{"block_id": 18, "task": "task_2", "block_start": 180, "block_stop": 186, "hours": 6, "feature_loading_seconds": 4.382804036140442e-06, "factor_preparation_seconds": 0.018790381029248238, "update_seconds": 0.01374296098947525, "prediction_seconds": 0.010125728324055672, "persistent_state_bytes": 10433688, "solver_backend": "torch", "solver_device": "cuda", "solver_dtype": "float64", "temporal_factor_device": "cpu", "rmse": 0.0888428581723059, "nll": -0.8560537621438452, "mean_predictive_std": 0.14010479317277752, "mean_interval_width90": 0.460903754407058, "coverage50": 0.7225, "coverage80": 0.9475, "coverage90": 0.98, "coverage95": 0.99, "peak_cuda_allocated_mib": 313.2666015625}
{
  "implementation": "Route B strict-online structured joint beta-GP",
  "protocol": "Task-1 Route-B empirical-Bayes calibration; frozen theta; new-block-only Task-2(+) streaming",
  "delayed_observations": false,
  "delayed_observation_blocks": 0,
  "delayed_observation_rows": 0,
  "task1_posterior_initialization": false,
  "task1_posterior_initialization_rows": 0,
  "task1_posterior_initialization_summary": null,
  "target_mode": "joint X-lag mean and GP posterior",
  "temporal_representation": "analytic_hippo_rff",
  "temporal_kernel": {
    "family": "matern32",
    "spectral_mixture": null
  },
  "solver_backend": "torch",
  "temporal_factor_device": "cpu",
  "temporal_factor_policy": "cpu",
  "basis_protocol": "cumulative-changing HiPPO horizon [t0,tk]",
  "split_seed": 0,
  "mt": 128,
  "ms": 64,
  "spatial_kernel_mode": "geo",
  "num_stream_times": 186,
  "num_blocks": 19,
  "num_train_space": 800,
  "num_test_space": 200,
  "learned_theta": {
    "ell_t": 0.045894596549355376,
    "ell_s": [
      0.6187415224849221,
      0.8591314229496673
    ],
    "kernel_variance": 0.5010506829558572,
    "noise_std": 0.08139807003286366
  },
  "hyperparameters": "learned on Task 1 by the matching Route B representation, then frozen",
  "feature_projection": {
    "path": null,
    "original_dimension": 133,
    "active_dimension": 133
  },
  "predictive_variance": "full structured-joint conditional; conditional residual included",
  "overall_current_block": {
    "rmse": 0.09726210387322984,
    "nll": -0.8252270121955357,
    "mean_predictive_std": 0.14012905693010813,
    "mean_interval_width90": 0.46098357506555543,
    "coverage50": 0.7135483870967742,
    "coverage80": 0.9277150537634409,
    "coverage90": 0.9663172043010753,
    "coverage95": 0.9825
  },
  "final_block": {
    "rmse": 0.0888428581723059,
    "nll": -0.8560537621438452,
    "coverage50": 0.7225,
    "coverage80": 0.9475,
    "coverage90": 0.98,
    "coverage95": 0.99,
    "mean_predictive_std": 0.14010479317277752,
    "mean_interval_width90": 0.460903754407058
  },
  "timing": {
    "spatial_projection_setup_seconds": 0.03188761696219444,
    "solver_setup_seconds": 0.2513689938932657,
    "temporal_static_setup_seconds": 0.0009359493851661682,
    "task1_posterior_initialization_seconds": 0.0,
    "stream_feature_loading_seconds": 2.683222282677889,
    "stream_factor_preparation_seconds": 0.42163868993520737,
    "stream_update_seconds": 0.31300148367881775,
    "stream_prediction_seconds": 0.31435260362923145,
    "mean_block_update_seconds": 0.016473762298885145,
    "mean_block_factor_preparation_seconds": 0.02219150999658986,
    "mean_block_prediction_seconds": 0.01654487387522271,
    "first_block_update_seconds": 0.051122600212693214,
    "mean_steady_state_block_update_seconds": 0.01454882685922914,
    "xlag_feature_loading_seconds": 2.682470716536045,
    "process_total_seconds": 5.395951848477125
  },
  "resources": {
    "device": "cuda",
    "dtype": "float64",
    "peak_rss_mib": 1440.02734375,
    "torch": "2.5.1+cu121",
    "torch_cuda_build": "12.1",
    "cuda_available": true,
    "gpu_name": "NVIDIA GeForce RTX 4090",
    "gpu_compute_capability": [
      8,
      9
    ],
    "gpu_total_memory_mib": 48508.0625,
    "peak_cuda_allocated_mib": 313.2666015625,
    "peak_cuda_reserved_mib": 370.0,
    "persistent_state_bytes": 10433688,
    "persistent_state_mib": 9.950340270996094,
    "history_replay_buffer_bytes": 0,
    "gpu_accelerated": true,
    "posterior_update_device": "cuda",
    "prediction_device": "cuda",
    "temporal_factor_device": "cpu",
    "spherical_bessel_device": "cpu",
    "host_to_device_block_factors_in_update_timing": true
  },
  "environment": {
    "hostname": "autodl-container-qkb5g0ybu5-f51eca91",
    "platform": "Linux-5.15.0-78-generic-x86_64-with-glibc2.35",
    "python": "3.11.15",
    "processor": "x86_64",
    "pid": 266834,
    "git": {
      "commit": "81800a1462d35357a43151857230c6fe5bfcb852",
      "branch": "",
      "dirty": true
    }
  },
  "args": {
    "protocol_npz": "/root/autodl-tmp/iclr_era5_a100_protocol_autodl_4090_capacity_ladder_20260820T023000Z/protocol/task1_2/seed0/protocol.npz",
    "protocol_json": "/root/autodl-tmp/iclr_era5_a100_protocol_autodl_4090_capacity_ladder_20260820T023000Z/protocol/task1_2/seed0/protocol.json",
    "data_root": null,
    "theta_json": "/root/autodl-tmp/iclr_era5_a100_protocol_autodl_4090_capacity_ladder_20260820T023000Z/calibration/routeb_joint_analytic_hippo_rff/seed0/result.json",
    "output": "/root/autodl-tmp/iclr_era5_a100_protocol_autodl_4090_capacity_ladder_20260820T023000Z/runs/task1_2/online/routeb_cumulative_hippo_mt128_ms64/seed0/result.json",
    "blockwise_output": "/root/autodl-tmp/iclr_era5_a100_protocol_autodl_4090_capacity_ladder_20260820T023000Z/runs/task1_2/online/routeb_cumulative_hippo_mt128_ms64/seed0/blocks.csv",
    "predictions_output": "/root/autodl-tmp/iclr_era5_a100_protocol_autodl_4090_capacity_ladder_20260820T023000Z/runs/task1_2/online/routeb_cumulative_hippo_mt128_ms64/seed0/predictions.npz",
    "representation": "analytic_hippo_rff",
    "mt": 128,
    "ms": 64,
    "rff_sample_size": 256,
    "temporal_kernel": "matern32",
    "spectral_mixture_json": null,
    "prediction_chunk_size": 8192,
    "include_conditional_residual_variance": true,
    "beta_prior_variance": 1000.0,
    "use_protocol_beta_prior": false,
    "seed": 0,
    "max_blocks": 0,
    "delayed_observations": false,
    "delayed_observation_blocks": 0,
    "task1_posterior_init": false,
    "feature_projection_npz": null,
    "spatial_projection_npz": null,
    "spatial_kernel_mode": "geo",
    "solver_backend": "torch",
    "device": "cuda",
    "dtype": "float64",
    "temporal_factor_device": "cpu"
  }
}
