job=array-76
argv=/root/autodl-tmp/stvgp_envs/routeb/bin/python scripts/run_iclr_era5_routeb_strict_online.py --protocol-npz /root/autodl-tmp/iclr_era5_a100_protocol_autodl_4090_capacity_ladder_20260820T023000Z/protocol/task1_2/seed3/protocol.npz --protocol-json /root/autodl-tmp/iclr_era5_a100_protocol_autodl_4090_capacity_ladder_20260820T023000Z/protocol/task1_2/seed3/protocol.json --theta-json /root/autodl-tmp/iclr_era5_a100_protocol_autodl_4090_capacity_ladder_20260820T023000Z/calibration/routeb_joint_analytic_hippo_rff/seed3/result.json --output /root/autodl-tmp/iclr_era5_a100_protocol_autodl_4090_capacity_ladder_20260820T023000Z/runs/task1_2/online/routeb_cumulative_hippo_mt64_ms64/seed3/result.json --blockwise-output /root/autodl-tmp/iclr_era5_a100_protocol_autodl_4090_capacity_ladder_20260820T023000Z/runs/task1_2/online/routeb_cumulative_hippo_mt64_ms64/seed3/blocks.csv --predictions-output /root/autodl-tmp/iclr_era5_a100_protocol_autodl_4090_capacity_ladder_20260820T023000Z/runs/task1_2/online/routeb_cumulative_hippo_mt64_ms64/seed3/predictions.npz --representation analytic_hippo_rff --mt 64 --ms 64 --rff-sample-size 256 --prediction-chunk-size 8192 --include-conditional-residual-variance --seed 3 --solver-backend torch --device cuda --temporal-factor-device cpu --dtype float64
{"block_id": 0, "task": "task_2", "block_start": 0, "block_stop": 10, "hours": 10, "feature_loading_seconds": 2.6643472351133823, "factor_preparation_seconds": 0.12657569162547588, "update_seconds": 0.04748009704053402, "prediction_seconds": 0.09268110804259777, "persistent_state_bytes": 5813400, "solver_backend": "torch", "solver_device": "cuda", "solver_dtype": "float64", "temporal_factor_device": "cpu", "rmse": 0.07220994520897275, "nll": -0.9488556842702788, "mean_predictive_std": 0.1438467038242977, "mean_interval_width90": 0.4732135450208207, "coverage50": 0.873, "coverage80": 0.9795, "coverage90": 0.994, "coverage95": 0.9975, "peak_cuda_allocated_mib": 163.92822265625}
{"block_id": 1, "task": "task_2", "block_start": 10, "block_stop": 20, "hours": 10, "feature_loading_seconds": 8.916482329368591e-06, "factor_preparation_seconds": 0.023907668888568878, "update_seconds": 0.011110017076134682, "prediction_seconds": 0.007782729342579842, "persistent_state_bytes": 5813400, "solver_backend": "torch", "solver_device": "cuda", "solver_dtype": "float64", "temporal_factor_device": "cpu", "rmse": 0.08451970780072247, "nll": -0.8957878193003728, "mean_predictive_std": 0.1436702733790422, "mean_interval_width90": 0.47263314050525435, "coverage50": 0.8215, "coverage80": 0.9635, "coverage90": 0.98, "coverage95": 0.9875, "peak_cuda_allocated_mib": 163.95947265625}
{"block_id": 2, "task": "task_2", "block_start": 20, "block_stop": 30, "hours": 10, "feature_loading_seconds": 9.393319487571716e-06, "factor_preparation_seconds": 0.01797163113951683, "update_seconds": 0.010693566873669624, "prediction_seconds": 0.007283950224518776, "persistent_state_bytes": 5813400, "solver_backend": "torch", "solver_device": "cuda", "solver_dtype": "float64", "temporal_factor_device": "cpu", "rmse": 0.09917331118874077, "nll": -0.8145416676235734, "mean_predictive_std": 0.1435780919484641, "mean_interval_width90": 0.4723298905844063, "coverage50": 0.7485, "coverage80": 0.9365, "coverage90": 0.965, "coverage95": 0.9745, "peak_cuda_allocated_mib": 163.95947265625}
{"block_id": 3, "task": "task_2", "block_start": 30, "block_stop": 40, "hours": 10, "feature_loading_seconds": 7.405877113342285e-06, "factor_preparation_seconds": 0.014501512050628662, "update_seconds": 0.010648582130670547, "prediction_seconds": 0.007298611104488373, "persistent_state_bytes": 5813400, "solver_backend": "torch", "solver_device": "cuda", "solver_dtype": "float64", "temporal_factor_device": "cpu", "rmse": 0.10093751336702363, "nll": -0.8364815324420772, "mean_predictive_std": 0.1435417215221403, "mean_interval_width90": 0.47221024252910127, "coverage50": 0.7565, "coverage80": 0.941, "coverage90": 0.975, "coverage95": 0.982, "peak_cuda_allocated_mib": 163.95947265625}
{"block_id": 4, "task": "task_2", "block_start": 40, "block_stop": 50, "hours": 10, "feature_loading_seconds": 6.590038537979126e-06, "factor_preparation_seconds": 0.01397714763879776, "update_seconds": 0.01063908077776432, "prediction_seconds": 0.007288480177521706, "persistent_state_bytes": 5813400, "solver_backend": "torch", "solver_device": "cuda", "solver_dtype": "float64", "temporal_factor_device": "cpu", "rmse": 0.09463910137702362, "nll": -0.8495582166365547, "mean_predictive_std": 0.14348393457953212, "mean_interval_width90": 0.4720201404048223, "coverage50": 0.735, "coverage80": 0.9405, "coverage90": 0.9795, "coverage95": 0.99, "peak_cuda_allocated_mib": 163.95947265625}
{"block_id": 5, "task": "task_2", "block_start": 50, "block_stop": 60, "hours": 10, "feature_loading_seconds": 6.586313247680664e-06, "factor_preparation_seconds": 0.014179106801748276, "update_seconds": 0.010626764968037605, "prediction_seconds": 0.007314460352063179, "persistent_state_bytes": 5813400, "solver_backend": "torch", "solver_device": "cuda", "solver_dtype": "float64", "temporal_factor_device": "cpu", "rmse": 0.0763613138785829, "nll": -0.904276764988314, "mean_predictive_std": 0.1434521562711737, "mean_interval_width90": 0.47191559907329883, "coverage50": 0.7945, "coverage80": 0.965, "coverage90": 0.9915, "coverage95": 0.998, "peak_cuda_allocated_mib": 163.95947265625}
{"block_id": 6, "task": "task_2", "block_start": 60, "block_stop": 70, "hours": 10, "feature_loading_seconds": 5.988404154777527e-06, "factor_preparation_seconds": 0.014312025159597397, "update_seconds": 0.010441964492201805, "prediction_seconds": 0.007072022184729576, "persistent_state_bytes": 5813400, "solver_backend": "torch", "solver_device": "cuda", "solver_dtype": "float64", "temporal_factor_device": "cpu", "rmse": 0.08304925364927881, "nll": -0.8894170324637751, "mean_predictive_std": 0.14342457607893744, "mean_interval_width90": 0.47182486831483517, "coverage50": 0.7695, "coverage80": 0.96, "coverage90": 0.991, "coverage95": 0.9985, "peak_cuda_allocated_mib": 163.95947265625}
{"block_id": 7, "task": "task_2", "block_start": 70, "block_stop": 80, "hours": 10, "feature_loading_seconds": 8.262693881988525e-06, "factor_preparation_seconds": 0.014111606404185295, "update_seconds": 0.010390790179371834, "prediction_seconds": 0.007128054276108742, "persistent_state_bytes": 5813400, "solver_backend": "torch", "solver_device": "cuda", "solver_dtype": "float64", "temporal_factor_device": "cpu", "rmse": 0.08307710381858271, "nll": -0.911970882470828, "mean_predictive_std": 0.14341262691706957, "mean_interval_width90": 0.47178555907036035, "coverage50": 0.8015, "coverage80": 0.9735, "coverage90": 0.991, "coverage95": 0.998, "peak_cuda_allocated_mib": 163.95947265625}
{"block_id": 8, "task": "task_2", "block_start": 80, "block_stop": 90, "hours": 10, "feature_loading_seconds": 4.393979907035828e-06, "factor_preparation_seconds": 0.014164747670292854, "update_seconds": 0.010382086038589478, "prediction_seconds": 0.007121101021766663, "persistent_state_bytes": 5813400, "solver_backend": "torch", "solver_device": "cuda", "solver_dtype": "float64", "temporal_factor_device": "cpu", "rmse": 0.08346719578592196, "nll": -0.9050632988050373, "mean_predictive_std": 0.14341593097370006, "mean_interval_width90": 0.4717964284494251, "coverage50": 0.7825, "coverage80": 0.9725, "coverage90": 0.9905, "coverage95": 0.998, "peak_cuda_allocated_mib": 163.95947265625}
{"block_id": 9, "task": "task_2", "block_start": 90, "block_stop": 100, "hours": 10, "feature_loading_seconds": 4.284083843231201e-06, "factor_preparation_seconds": 0.016743160784244537, "update_seconds": 0.010595709085464478, "prediction_seconds": 0.007263893261551857, "persistent_state_bytes": 5813400, "solver_backend": "torch", "solver_device": "cuda", "solver_dtype": "float64", "temporal_factor_device": "cpu", "rmse": 0.09133416026199304, "nll": -0.867821952218794, "mean_predictive_std": 0.14340938884839588, "mean_interval_width90": 0.471774906772356, "coverage50": 0.7505, "coverage80": 0.9565, "coverage90": 0.985, "coverage95": 0.994, "peak_cuda_allocated_mib": 163.95947265625}
{"block_id": 10, "task": "task_2", "block_start": 100, "block_stop": 110, "hours": 10, "feature_loading_seconds": 4.5746564865112305e-06, "factor_preparation_seconds": 0.015858903527259827, "update_seconds": 0.010604539886116982, "prediction_seconds": 0.007231192663311958, "persistent_state_bytes": 5813400, "solver_backend": "torch", "solver_device": "cuda", "solver_dtype": "float64", "temporal_factor_device": "cpu", "rmse": 0.08108338669771457, "nll": -0.9033230145767766, "mean_predictive_std": 0.14340376789289674, "mean_interval_width90": 0.4717564154742766, "coverage50": 0.8065, "coverage80": 0.9635, "coverage90": 0.9845, "coverage95": 0.995, "peak_cuda_allocated_mib": 163.95947265625}
{"block_id": 11, "task": "task_2", "block_start": 110, "block_stop": 120, "hours": 10, "feature_loading_seconds": 5.329027771949768e-06, "factor_preparation_seconds": 0.015115167945623398, "update_seconds": 0.010467493906617165, "prediction_seconds": 0.007184252142906189, "persistent_state_bytes": 5813400, "solver_backend": "torch", "solver_device": "cuda", "solver_dtype": "float64", "temporal_factor_device": "cpu", "rmse": 0.11353084087864368, "nll": -0.7553810717660873, "mean_predictive_std": 0.14340694532831622, "mean_interval_width90": 0.47176686830662484, "coverage50": 0.6605, "coverage80": 0.901, "coverage90": 0.955, "coverage95": 0.9765, "peak_cuda_allocated_mib": 163.95947265625}
{"block_id": 12, "task": "task_2", "block_start": 120, "block_stop": 130, "hours": 10, "feature_loading_seconds": 5.062669515609741e-06, "factor_preparation_seconds": 0.015218352898955345, "update_seconds": 0.010161153972148895, "prediction_seconds": 0.006905168294906616, "persistent_state_bytes": 5813400, "solver_backend": "torch", "solver_device": "cuda", "solver_dtype": "float64", "temporal_factor_device": "cpu", "rmse": 0.14264450550457328, "nll": -0.5910055491548303, "mean_predictive_std": 0.14341091372849576, "mean_interval_width90": 0.4717799231814818, "coverage50": 0.5435, "coverage80": 0.812, "coverage90": 0.9095, "coverage95": 0.953, "peak_cuda_allocated_mib": 163.95947265625}
{"block_id": 13, "task": "task_2", "block_start": 130, "block_stop": 140, "hours": 10, "feature_loading_seconds": 4.345551133155823e-06, "factor_preparation_seconds": 0.014985302463173866, "update_seconds": 0.009992823004722595, "prediction_seconds": 0.0068779997527599335, "persistent_state_bytes": 5813400, "solver_backend": "torch", "solver_device": "cuda", "solver_dtype": "float64", "temporal_factor_device": "cpu", "rmse": 0.13182326919558457, "nll": -0.6153421880476805, "mean_predictive_std": 0.1433940293434137, "mean_interval_width90": 0.4717243784973997, "coverage50": 0.573, "coverage80": 0.8405, "coverage90": 0.918, "coverage95": 0.9525, "peak_cuda_allocated_mib": 163.95947265625}
{"block_id": 14, "task": "task_2", "block_start": 140, "block_stop": 150, "hours": 10, "feature_loading_seconds": 4.122033715248108e-06, "factor_preparation_seconds": 0.018793068826198578, "update_seconds": 0.010130776092410088, "prediction_seconds": 0.00688580796122551, "persistent_state_bytes": 5813400, "solver_backend": "torch", "solver_device": "cuda", "solver_dtype": "float64", "temporal_factor_device": "cpu", "rmse": 0.0992942668897642, "nll": -0.8157421660984169, "mean_predictive_std": 0.14339512575590738, "mean_interval_width90": 0.47172798537353344, "coverage50": 0.6625, "coverage80": 0.9315, "coverage90": 0.98, "coverage95": 0.993, "peak_cuda_allocated_mib": 163.95947265625}
{"block_id": 15, "task": "task_2", "block_start": 150, "block_stop": 160, "hours": 10, "feature_loading_seconds": 4.190951585769653e-06, "factor_preparation_seconds": 0.015487687662243843, "update_seconds": 0.009985269978642464, "prediction_seconds": 0.006909938529133797, "persistent_state_bytes": 5813400, "solver_backend": "torch", "solver_device": "cuda", "solver_dtype": "float64", "temporal_factor_device": "cpu", "rmse": 0.11569764468470502, "nll": -0.7350970691598194, "mean_predictive_std": 0.14338156728540638, "mean_interval_width90": 0.47168338197477455, "coverage50": 0.6445, "coverage80": 0.9005, "coverage90": 0.9505, "coverage95": 0.9725, "peak_cuda_allocated_mib": 163.95947265625}
{"block_id": 16, "task": "task_2", "block_start": 160, "block_stop": 170, "hours": 10, "feature_loading_seconds": 4.33996319770813e-06, "factor_preparation_seconds": 0.015714263543486595, "update_seconds": 0.010017598047852516, "prediction_seconds": 0.006917133927345276, "persistent_state_bytes": 5813400, "solver_backend": "torch", "solver_device": "cuda", "solver_dtype": "float64", "temporal_factor_device": "cpu", "rmse": 0.10423554507801686, "nll": -0.7691905516790267, "mean_predictive_std": 0.14336831224675195, "mean_interval_width90": 0.47163977677796215, "coverage50": 0.6575, "coverage80": 0.911, "coverage90": 0.9585, "coverage95": 0.9805, "peak_cuda_allocated_mib": 163.95947265625}
{"block_id": 17, "task": "task_2", "block_start": 170, "block_stop": 180, "hours": 10, "feature_loading_seconds": 4.114583134651184e-06, "factor_preparation_seconds": 0.015898331999778748, "update_seconds": 0.009984999895095825, "prediction_seconds": 0.006914030760526657, "persistent_state_bytes": 5813400, "solver_backend": "torch", "solver_device": "cuda", "solver_dtype": "float64", "temporal_factor_device": "cpu", "rmse": 0.09332580824570055, "nll": -0.8235417427597779, "mean_predictive_std": 0.1433556931029637, "mean_interval_width90": 0.47159826348910394, "coverage50": 0.716, "coverage80": 0.926, "coverage90": 0.967, "coverage95": 0.986, "peak_cuda_allocated_mib": 163.95947265625}
{"block_id": 18, "task": "task_2", "block_start": 180, "block_stop": 186, "hours": 6, "feature_loading_seconds": 5.031004548072815e-06, "factor_preparation_seconds": 0.018471669405698776, "update_seconds": 0.009659718722105026, "prediction_seconds": 0.00615319050848484, "persistent_state_bytes": 5813400, "solver_backend": "torch", "solver_device": "cuda", "solver_dtype": "float64", "temporal_factor_device": "cpu", "rmse": 0.0905242134040279, "nll": -0.8417577444842006, "mean_predictive_std": 0.14344201354631006, "mean_interval_width90": 0.47188223247774064, "coverage50": 0.7258333333333333, "coverage80": 0.9375, "coverage90": 0.9783333333333334, "coverage95": 0.995, "peak_cuda_allocated_mib": 163.95947265625}
{
  "implementation": "Route B strict-online structured joint beta-GP",
  "protocol": "Task-1 Route-B empirical-Bayes calibration; frozen theta; new-block-only Task-2(+) streaming",
  "delayed_observations": false,
  "delayed_observation_blocks": 0,
  "delayed_observation_rows": 0,
  "task1_posterior_initialization": false,
  "task1_posterior_initialization_rows": 0,
  "task1_posterior_initialization_summary": null,
  "target_mode": "joint X-lag mean and GP posterior",
  "temporal_representation": "analytic_hippo_rff",
  "temporal_kernel": {
    "family": "matern32",
    "spectral_mixture": null
  },
  "solver_backend": "torch",
  "temporal_factor_device": "cpu",
  "temporal_factor_policy": "cpu",
  "basis_protocol": "cumulative-changing HiPPO horizon [t0,tk]",
  "split_seed": 3,
  "mt": 64,
  "ms": 64,
  "spatial_kernel_mode": "geo",
  "num_stream_times": 186,
  "num_blocks": 19,
  "num_train_space": 800,
  "num_test_space": 200,
  "learned_theta": {
    "ell_t": 0.04589973509617227,
    "ell_s": [
      0.6391336669241997,
      0.7792686215410104
    ],
    "kernel_variance": 0.4757605203264875,
    "noise_std": 0.0813085853764778
  },
  "hyperparameters": "learned on Task 1 by the matching Route B representation, then frozen",
  "feature_projection": {
    "path": null,
    "original_dimension": 133,
    "active_dimension": 133
  },
  "predictive_variance": "full structured-joint conditional; conditional residual included",
  "overall_current_block": {
    "rmse": 0.09870187214421199,
    "nll": -0.8245942393092763,
    "mean_predictive_std": 0.14346327780401563,
    "mean_interval_width90": 0.4719521856605636,
    "coverage50": 0.7275537634408602,
    "coverage80": 0.9320967741935484,
    "coverage90": 0.9705645161290323,
    "coverage95": 0.9851612903225806
  },
  "final_block": {
    "rmse": 0.0905242134040279,
    "nll": -0.8417577444842006,
    "coverage50": 0.7258333333333333,
    "coverage80": 0.9375,
    "coverage90": 0.9783333333333334,
    "coverage95": 0.995,
    "mean_predictive_std": 0.14344201354631006,
    "mean_interval_width90": 0.47188223247774064
  },
  "timing": {
    "spatial_projection_setup_seconds": 0.03489461727440357,
    "solver_setup_seconds": 0.24569280818104744,
    "temporal_static_setup_seconds": 0.0010149478912353516,
    "task1_posterior_initialization_seconds": 0.0,
    "stream_feature_loading_seconds": 2.664450166746974,
    "stream_factor_preparation_seconds": 0.41598704643547535,
    "stream_update_seconds": 0.23401303216814995,
    "stream_prediction_seconds": 0.22021312452852726,
    "mean_block_update_seconds": 0.01231647537727105,
    "mean_block_factor_preparation_seconds": 0.021894055075551335,
    "mean_block_prediction_seconds": 0.011590164448869856,
    "first_block_update_seconds": 0.04748009704053402,
    "mean_steady_state_block_update_seconds": 0.010362940840423107,
    "xlag_feature_loading_seconds": 2.6636677272617817,
    "process_total_seconds": 5.164262063801289
  },
  "resources": {
    "device": "cuda",
    "dtype": "float64",
    "peak_rss_mib": 1438.80078125,
    "torch": "2.5.1+cu121",
    "torch_cuda_build": "12.1",
    "cuda_available": true,
    "gpu_name": "NVIDIA GeForce RTX 4090",
    "gpu_compute_capability": [
      8,
      9
    ],
    "gpu_total_memory_mib": 48508.0625,
    "peak_cuda_allocated_mib": 163.95947265625,
    "peak_cuda_reserved_mib": 202.0,
    "persistent_state_bytes": 5813400,
    "persistent_state_mib": 5.544090270996094,
    "history_replay_buffer_bytes": 0,
    "gpu_accelerated": true,
    "posterior_update_device": "cuda",
    "prediction_device": "cuda",
    "temporal_factor_device": "cpu",
    "spherical_bessel_device": "cpu",
    "host_to_device_block_factors_in_update_timing": true
  },
  "environment": {
    "hostname": "autodl-container-qkb5g0ybu5-f51eca91",
    "platform": "Linux-5.15.0-78-generic-x86_64-with-glibc2.35",
    "python": "3.11.15",
    "processor": "x86_64",
    "pid": 283062,
    "git": {
      "commit": "81800a1462d35357a43151857230c6fe5bfcb852",
      "branch": "",
      "dirty": true
    }
  },
  "args": {
    "protocol_npz": "/root/autodl-tmp/iclr_era5_a100_protocol_autodl_4090_capacity_ladder_20260820T023000Z/protocol/task1_2/seed3/protocol.npz",
    "protocol_json": "/root/autodl-tmp/iclr_era5_a100_protocol_autodl_4090_capacity_ladder_20260820T023000Z/protocol/task1_2/seed3/protocol.json",
    "data_root": null,
    "theta_json": "/root/autodl-tmp/iclr_era5_a100_protocol_autodl_4090_capacity_ladder_20260820T023000Z/calibration/routeb_joint_analytic_hippo_rff/seed3/result.json",
    "output": "/root/autodl-tmp/iclr_era5_a100_protocol_autodl_4090_capacity_ladder_20260820T023000Z/runs/task1_2/online/routeb_cumulative_hippo_mt64_ms64/seed3/result.json",
    "blockwise_output": "/root/autodl-tmp/iclr_era5_a100_protocol_autodl_4090_capacity_ladder_20260820T023000Z/runs/task1_2/online/routeb_cumulative_hippo_mt64_ms64/seed3/blocks.csv",
    "predictions_output": "/root/autodl-tmp/iclr_era5_a100_protocol_autodl_4090_capacity_ladder_20260820T023000Z/runs/task1_2/online/routeb_cumulative_hippo_mt64_ms64/seed3/predictions.npz",
    "representation": "analytic_hippo_rff",
    "mt": 64,
    "ms": 64,
    "rff_sample_size": 256,
    "temporal_kernel": "matern32",
    "spectral_mixture_json": null,
    "prediction_chunk_size": 8192,
    "include_conditional_residual_variance": true,
    "beta_prior_variance": 1000.0,
    "use_protocol_beta_prior": false,
    "seed": 3,
    "max_blocks": 0,
    "delayed_observations": false,
    "delayed_observation_blocks": 0,
    "task1_posterior_init": false,
    "feature_projection_npz": null,
    "spatial_projection_npz": null,
    "spatial_kernel_mode": "geo",
    "solver_backend": "torch",
    "device": "cuda",
    "dtype": "float64",
    "temporal_factor_device": "cpu"
  }
}
