{
  "schema_version": 1,
  "purpose": "shared protocol for all ICLR ERA5 batch and streaming wrappers",
  "records": [
    {
      "dataset": "task1_2",
      "root": "/root/autodl-tmp/stvgp_era5_benchmark/data/era5/processed_timeseries_4",
      "calibration_tasks": [
        "task_1"
      ],
      "stream_tasks": [
        "task_2"
      ],
      "variable_index": 0,
      "num_calibration_times": 186,
      "num_stream_times": 186,
      "num_locations": 1000,
      "num_train_locations": 800,
      "num_validation_locations": 80,
      "num_fit_locations": 720,
      "num_test_locations": 200,
      "split_seed": 0,
      "time_normalization": "(t - stream_start) / Task-1 span",
      "time_scale": 185.0,
      "coordinate_normalization": "global mean/std over the fixed 1000 locations",
      "xlag": {
        "mode": "medium_era5_xlag",
        "length": 10,
        "features": 133,
        "ridge": 0.001,
        "batch_mean_fit": "all stream times at the 800 training locations",
        "strict_online_mean_fit": "Task 1 at the same 800 training locations, then frozen"
      },
      "spatial_split": "seeded 800/200 held-out location split",
      "inducing_selection": "deterministic k-means over training coordinates only",
      "num_blocks": 19,
      "block_lengths": [
        10,
        10,
        10,
        10,
        10,
        10,
        10,
        10,
        10,
        10,
        10,
        10,
        10,
        10,
        10,
        10,
        10,
        10,
        6
      ],
      "task_aware_blocks": false,
      "npz": "/root/autodl-tmp/iclr_era5_a100_protocol_autodl_4090_capacity_ladder_20260820T023000Z/protocol/task1_2/seed0/protocol.npz",
      "npz_sha256": "a020126a4020b7836943dee3db397e94ab5d690d8226325b01f24f25cbf06199"
    },
    {
      "dataset": "task1_2",
      "root": "/root/autodl-tmp/stvgp_era5_benchmark/data/era5/processed_timeseries_4",
      "calibration_tasks": [
        "task_1"
      ],
      "stream_tasks": [
        "task_2"
      ],
      "variable_index": 0,
      "num_calibration_times": 186,
      "num_stream_times": 186,
      "num_locations": 1000,
      "num_train_locations": 800,
      "num_validation_locations": 80,
      "num_fit_locations": 720,
      "num_test_locations": 200,
      "split_seed": 1,
      "time_normalization": "(t - stream_start) / Task-1 span",
      "time_scale": 185.0,
      "coordinate_normalization": "global mean/std over the fixed 1000 locations",
      "xlag": {
        "mode": "medium_era5_xlag",
        "length": 10,
        "features": 133,
        "ridge": 0.001,
        "batch_mean_fit": "all stream times at the 800 training locations",
        "strict_online_mean_fit": "Task 1 at the same 800 training locations, then frozen"
      },
      "spatial_split": "seeded 800/200 held-out location split",
      "inducing_selection": "deterministic k-means over training coordinates only",
      "num_blocks": 19,
      "block_lengths": [
        10,
        10,
        10,
        10,
        10,
        10,
        10,
        10,
        10,
        10,
        10,
        10,
        10,
        10,
        10,
        10,
        10,
        10,
        6
      ],
      "task_aware_blocks": false,
      "npz": "/root/autodl-tmp/iclr_era5_a100_protocol_autodl_4090_capacity_ladder_20260820T023000Z/protocol/task1_2/seed1/protocol.npz",
      "npz_sha256": "9862fe93f08f3e4185d8b8abb5184a7fd4f89a433ec493200f5ecd6df1be2f5f"
    },
    {
      "dataset": "task1_2",
      "root": "/root/autodl-tmp/stvgp_era5_benchmark/data/era5/processed_timeseries_4",
      "calibration_tasks": [
        "task_1"
      ],
      "stream_tasks": [
        "task_2"
      ],
      "variable_index": 0,
      "num_calibration_times": 186,
      "num_stream_times": 186,
      "num_locations": 1000,
      "num_train_locations": 800,
      "num_validation_locations": 80,
      "num_fit_locations": 720,
      "num_test_locations": 200,
      "split_seed": 2,
      "time_normalization": "(t - stream_start) / Task-1 span",
      "time_scale": 185.0,
      "coordinate_normalization": "global mean/std over the fixed 1000 locations",
      "xlag": {
        "mode": "medium_era5_xlag",
        "length": 10,
        "features": 133,
        "ridge": 0.001,
        "batch_mean_fit": "all stream times at the 800 training locations",
        "strict_online_mean_fit": "Task 1 at the same 800 training locations, then frozen"
      },
      "spatial_split": "seeded 800/200 held-out location split",
      "inducing_selection": "deterministic k-means over training coordinates only",
      "num_blocks": 19,
      "block_lengths": [
        10,
        10,
        10,
        10,
        10,
        10,
        10,
        10,
        10,
        10,
        10,
        10,
        10,
        10,
        10,
        10,
        10,
        10,
        6
      ],
      "task_aware_blocks": false,
      "npz": "/root/autodl-tmp/iclr_era5_a100_protocol_autodl_4090_capacity_ladder_20260820T023000Z/protocol/task1_2/seed2/protocol.npz",
      "npz_sha256": "1c04a14d378ad424ec14c80777be43912219e40f3cb2452e289912906b1a5676"
    },
    {
      "dataset": "task1_2",
      "root": "/root/autodl-tmp/stvgp_era5_benchmark/data/era5/processed_timeseries_4",
      "calibration_tasks": [
        "task_1"
      ],
      "stream_tasks": [
        "task_2"
      ],
      "variable_index": 0,
      "num_calibration_times": 186,
      "num_stream_times": 186,
      "num_locations": 1000,
      "num_train_locations": 800,
      "num_validation_locations": 80,
      "num_fit_locations": 720,
      "num_test_locations": 200,
      "split_seed": 3,
      "time_normalization": "(t - stream_start) / Task-1 span",
      "time_scale": 185.0,
      "coordinate_normalization": "global mean/std over the fixed 1000 locations",
      "xlag": {
        "mode": "medium_era5_xlag",
        "length": 10,
        "features": 133,
        "ridge": 0.001,
        "batch_mean_fit": "all stream times at the 800 training locations",
        "strict_online_mean_fit": "Task 1 at the same 800 training locations, then frozen"
      },
      "spatial_split": "seeded 800/200 held-out location split",
      "inducing_selection": "deterministic k-means over training coordinates only",
      "num_blocks": 19,
      "block_lengths": [
        10,
        10,
        10,
        10,
        10,
        10,
        10,
        10,
        10,
        10,
        10,
        10,
        10,
        10,
        10,
        10,
        10,
        10,
        6
      ],
      "task_aware_blocks": false,
      "npz": "/root/autodl-tmp/iclr_era5_a100_protocol_autodl_4090_capacity_ladder_20260820T023000Z/protocol/task1_2/seed3/protocol.npz",
      "npz_sha256": "cbb186368580f504d85d91705b4399d0455f42039e7668b57c1f8493bd337aad"
    },
    {
      "dataset": "task1_2",
      "root": "/root/autodl-tmp/stvgp_era5_benchmark/data/era5/processed_timeseries_4",
      "calibration_tasks": [
        "task_1"
      ],
      "stream_tasks": [
        "task_2"
      ],
      "variable_index": 0,
      "num_calibration_times": 186,
      "num_stream_times": 186,
      "num_locations": 1000,
      "num_train_locations": 800,
      "num_validation_locations": 80,
      "num_fit_locations": 720,
      "num_test_locations": 200,
      "split_seed": 4,
      "time_normalization": "(t - stream_start) / Task-1 span",
      "time_scale": 185.0,
      "coordinate_normalization": "global mean/std over the fixed 1000 locations",
      "xlag": {
        "mode": "medium_era5_xlag",
        "length": 10,
        "features": 133,
        "ridge": 0.001,
        "batch_mean_fit": "all stream times at the 800 training locations",
        "strict_online_mean_fit": "Task 1 at the same 800 training locations, then frozen"
      },
      "spatial_split": "seeded 800/200 held-out location split",
      "inducing_selection": "deterministic k-means over training coordinates only",
      "num_blocks": 19,
      "block_lengths": [
        10,
        10,
        10,
        10,
        10,
        10,
        10,
        10,
        10,
        10,
        10,
        10,
        10,
        10,
        10,
        10,
        10,
        10,
        6
      ],
      "task_aware_blocks": false,
      "npz": "/root/autodl-tmp/iclr_era5_a100_protocol_autodl_4090_capacity_ladder_20260820T023000Z/protocol/task1_2/seed4/protocol.npz",
      "npz_sha256": "9a944acd8a2613f4e407a944c62ee56cf554c8901a232f405548366d39276a6a"
    },
    {
      "dataset": "task1_10",
      "root": "/root/autodl-tmp/stvgp_era5_benchmark/data/era5/processed_timeseries_4_task1_10_extension",
      "calibration_tasks": [
        "task_1"
      ],
      "stream_tasks": [
        "task_2",
        "task_3",
        "task_4",
        "task_5",
        "task_6",
        "task_7",
        "task_8",
        "task_9",
        "task_10"
      ],
      "variable_index": 0,
      "num_calibration_times": 186,
      "num_stream_times": 1674,
      "num_locations": 1000,
      "num_train_locations": 800,
      "num_validation_locations": 80,
      "num_fit_locations": 720,
      "num_test_locations": 200,
      "split_seed": 0,
      "time_normalization": "(t - stream_start) / Task-1 span",
      "time_scale": 185.0,
      "coordinate_normalization": "global mean/std over the fixed 1000 locations",
      "xlag": {
        "mode": "medium_era5_xlag",
        "length": 10,
        "features": 133,
        "ridge": 0.001,
        "batch_mean_fit": "all stream times at the 800 training locations",
        "strict_online_mean_fit": "Task 1 at the same 800 training locations, then frozen"
      },
      "spatial_split": "seeded 800/200 held-out location split",
      "inducing_selection": "deterministic k-means over training coordinates only",
      "num_blocks": 171,
      "block_lengths": [
        10,
        10,
        10,
        10,
        10,
        10,
        10,
        10,
        10,
        10,
        10,
        10,
        10,
        10,
        10,
        10,
        10,
        10,
        6,
        10,
        10,
        10,
        10,
        10,
        10,
        10,
        10,
        10,
        10,
        10,
        10,
        10,
        10,
        10,
        10,
        10,
        10,
        6,
        10,
        10,
        10,
        10,
        10,
        10,
        10,
        10,
        10,
        10,
        10,
        10,
        10,
        10,
        10,
        10,
        10,
        10,
        6,
        10,
        10,
        10,
        10,
        10,
        10,
        10,
        10,
        10,
        10,
        10,
        10,
        10,
        10,
        10,
        10,
        10,
        10,
        6,
        10,
        10,
        10,
        10,
        10,
        10,
        10,
        10,
        10,
        10,
        10,
        10,
        10,
        10,
        10,
        10,
        10,
        10,
        6,
        10,
        10,
        10,
        10,
        10,
        10,
        10,
        10,
        10,
        10,
        10,
        10,
        10,
        10,
        10,
        10,
        10,
        10,
        6,
        10,
        10,
        10,
        10,
        10,
        10,
        10,
        10,
        10,
        10,
        10,
        10,
        10,
        10,
        10,
        10,
        10,
        10,
        6,
        10,
        10,
        10,
        10,
        10,
        10,
        10,
        10,
        10,
        10,
        10,
        10,
        10,
        10,
        10,
        10,
        10,
        10,
        6,
        10,
        10,
        10,
        10,
        10,
        10,
        10,
        10,
        10,
        10,
        10,
        10,
        10,
        10,
        10,
        10,
        10,
        10,
        6
      ],
      "task_aware_blocks": true,
      "npz": "/root/autodl-tmp/iclr_era5_a100_protocol_autodl_4090_capacity_ladder_20260820T023000Z/protocol/task1_10/seed0/protocol.npz",
      "npz_sha256": "6086aa3942132bc454f8ea9b23d5205f3f003f45e211bbbd76ae4ae234bb1c68"
    },
    {
      "dataset": "task1_10",
      "root": "/root/autodl-tmp/stvgp_era5_benchmark/data/era5/processed_timeseries_4_task1_10_extension",
      "calibration_tasks": [
        "task_1"
      ],
      "stream_tasks": [
        "task_2",
        "task_3",
        "task_4",
        "task_5",
        "task_6",
        "task_7",
        "task_8",
        "task_9",
        "task_10"
      ],
      "variable_index": 0,
      "num_calibration_times": 186,
      "num_stream_times": 1674,
      "num_locations": 1000,
      "num_train_locations": 800,
      "num_validation_locations": 80,
      "num_fit_locations": 720,
      "num_test_locations": 200,
      "split_seed": 1,
      "time_normalization": "(t - stream_start) / Task-1 span",
      "time_scale": 185.0,
      "coordinate_normalization": "global mean/std over the fixed 1000 locations",
      "xlag": {
        "mode": "medium_era5_xlag",
        "length": 10,
        "features": 133,
        "ridge": 0.001,
        "batch_mean_fit": "all stream times at the 800 training locations",
        "strict_online_mean_fit": "Task 1 at the same 800 training locations, then frozen"
      },
      "spatial_split": "seeded 800/200 held-out location split",
      "inducing_selection": "deterministic k-means over training coordinates only",
      "num_blocks": 171,
      "block_lengths": [
        10,
        10,
        10,
        10,
        10,
        10,
        10,
        10,
        10,
        10,
        10,
        10,
        10,
        10,
        10,
        10,
        10,
        10,
        6,
        10,
        10,
        10,
        10,
        10,
        10,
        10,
        10,
        10,
        10,
        10,
        10,
        10,
        10,
        10,
        10,
        10,
        10,
        6,
        10,
        10,
        10,
        10,
        10,
        10,
        10,
        10,
        10,
        10,
        10,
        10,
        10,
        10,
        10,
        10,
        10,
        10,
        6,
        10,
        10,
        10,
        10,
        10,
        10,
        10,
        10,
        10,
        10,
        10,
        10,
        10,
        10,
        10,
        10,
        10,
        10,
        6,
        10,
        10,
        10,
        10,
        10,
        10,
        10,
        10,
        10,
        10,
        10,
        10,
        10,
        10,
        10,
        10,
        10,
        10,
        6,
        10,
        10,
        10,
        10,
        10,
        10,
        10,
        10,
        10,
        10,
        10,
        10,
        10,
        10,
        10,
        10,
        10,
        10,
        6,
        10,
        10,
        10,
        10,
        10,
        10,
        10,
        10,
        10,
        10,
        10,
        10,
        10,
        10,
        10,
        10,
        10,
        10,
        6,
        10,
        10,
        10,
        10,
        10,
        10,
        10,
        10,
        10,
        10,
        10,
        10,
        10,
        10,
        10,
        10,
        10,
        10,
        6,
        10,
        10,
        10,
        10,
        10,
        10,
        10,
        10,
        10,
        10,
        10,
        10,
        10,
        10,
        10,
        10,
        10,
        10,
        6
      ],
      "task_aware_blocks": true,
      "npz": "/root/autodl-tmp/iclr_era5_a100_protocol_autodl_4090_capacity_ladder_20260820T023000Z/protocol/task1_10/seed1/protocol.npz",
      "npz_sha256": "06221b052151ab9c53ff756ad8272aefe926bd1edd5883465f2a0eb310632c90"
    },
    {
      "dataset": "task1_10",
      "root": "/root/autodl-tmp/stvgp_era5_benchmark/data/era5/processed_timeseries_4_task1_10_extension",
      "calibration_tasks": [
        "task_1"
      ],
      "stream_tasks": [
        "task_2",
        "task_3",
        "task_4",
        "task_5",
        "task_6",
        "task_7",
        "task_8",
        "task_9",
        "task_10"
      ],
      "variable_index": 0,
      "num_calibration_times": 186,
      "num_stream_times": 1674,
      "num_locations": 1000,
      "num_train_locations": 800,
      "num_validation_locations": 80,
      "num_fit_locations": 720,
      "num_test_locations": 200,
      "split_seed": 2,
      "time_normalization": "(t - stream_start) / Task-1 span",
      "time_scale": 185.0,
      "coordinate_normalization": "global mean/std over the fixed 1000 locations",
      "xlag": {
        "mode": "medium_era5_xlag",
        "length": 10,
        "features": 133,
        "ridge": 0.001,
        "batch_mean_fit": "all stream times at the 800 training locations",
        "strict_online_mean_fit": "Task 1 at the same 800 training locations, then frozen"
      },
      "spatial_split": "seeded 800/200 held-out location split",
      "inducing_selection": "deterministic k-means over training coordinates only",
      "num_blocks": 171,
      "block_lengths": [
        10,
        10,
        10,
        10,
        10,
        10,
        10,
        10,
        10,
        10,
        10,
        10,
        10,
        10,
        10,
        10,
        10,
        10,
        6,
        10,
        10,
        10,
        10,
        10,
        10,
        10,
        10,
        10,
        10,
        10,
        10,
        10,
        10,
        10,
        10,
        10,
        10,
        6,
        10,
        10,
        10,
        10,
        10,
        10,
        10,
        10,
        10,
        10,
        10,
        10,
        10,
        10,
        10,
        10,
        10,
        10,
        6,
        10,
        10,
        10,
        10,
        10,
        10,
        10,
        10,
        10,
        10,
        10,
        10,
        10,
        10,
        10,
        10,
        10,
        10,
        6,
        10,
        10,
        10,
        10,
        10,
        10,
        10,
        10,
        10,
        10,
        10,
        10,
        10,
        10,
        10,
        10,
        10,
        10,
        6,
        10,
        10,
        10,
        10,
        10,
        10,
        10,
        10,
        10,
        10,
        10,
        10,
        10,
        10,
        10,
        10,
        10,
        10,
        6,
        10,
        10,
        10,
        10,
        10,
        10,
        10,
        10,
        10,
        10,
        10,
        10,
        10,
        10,
        10,
        10,
        10,
        10,
        6,
        10,
        10,
        10,
        10,
        10,
        10,
        10,
        10,
        10,
        10,
        10,
        10,
        10,
        10,
        10,
        10,
        10,
        10,
        6,
        10,
        10,
        10,
        10,
        10,
        10,
        10,
        10,
        10,
        10,
        10,
        10,
        10,
        10,
        10,
        10,
        10,
        10,
        6
      ],
      "task_aware_blocks": true,
      "npz": "/root/autodl-tmp/iclr_era5_a100_protocol_autodl_4090_capacity_ladder_20260820T023000Z/protocol/task1_10/seed2/protocol.npz",
      "npz_sha256": "eda805b09e508dd37655817624fa0d282fb4447c65115819a280d58a89630281"
    },
    {
      "dataset": "task1_10",
      "root": "/root/autodl-tmp/stvgp_era5_benchmark/data/era5/processed_timeseries_4_task1_10_extension",
      "calibration_tasks": [
        "task_1"
      ],
      "stream_tasks": [
        "task_2",
        "task_3",
        "task_4",
        "task_5",
        "task_6",
        "task_7",
        "task_8",
        "task_9",
        "task_10"
      ],
      "variable_index": 0,
      "num_calibration_times": 186,
      "num_stream_times": 1674,
      "num_locations": 1000,
      "num_train_locations": 800,
      "num_validation_locations": 80,
      "num_fit_locations": 720,
      "num_test_locations": 200,
      "split_seed": 3,
      "time_normalization": "(t - stream_start) / Task-1 span",
      "time_scale": 185.0,
      "coordinate_normalization": "global mean/std over the fixed 1000 locations",
      "xlag": {
        "mode": "medium_era5_xlag",
        "length": 10,
        "features": 133,
        "ridge": 0.001,
        "batch_mean_fit": "all stream times at the 800 training locations",
        "strict_online_mean_fit": "Task 1 at the same 800 training locations, then frozen"
      },
      "spatial_split": "seeded 800/200 held-out location split",
      "inducing_selection": "deterministic k-means over training coordinates only",
      "num_blocks": 171,
      "block_lengths": [
        10,
        10,
        10,
        10,
        10,
        10,
        10,
        10,
        10,
        10,
        10,
        10,
        10,
        10,
        10,
        10,
        10,
        10,
        6,
        10,
        10,
        10,
        10,
        10,
        10,
        10,
        10,
        10,
        10,
        10,
        10,
        10,
        10,
        10,
        10,
        10,
        10,
        6,
        10,
        10,
        10,
        10,
        10,
        10,
        10,
        10,
        10,
        10,
        10,
        10,
        10,
        10,
        10,
        10,
        10,
        10,
        6,
        10,
        10,
        10,
        10,
        10,
        10,
        10,
        10,
        10,
        10,
        10,
        10,
        10,
        10,
        10,
        10,
        10,
        10,
        6,
        10,
        10,
        10,
        10,
        10,
        10,
        10,
        10,
        10,
        10,
        10,
        10,
        10,
        10,
        10,
        10,
        10,
        10,
        6,
        10,
        10,
        10,
        10,
        10,
        10,
        10,
        10,
        10,
        10,
        10,
        10,
        10,
        10,
        10,
        10,
        10,
        10,
        6,
        10,
        10,
        10,
        10,
        10,
        10,
        10,
        10,
        10,
        10,
        10,
        10,
        10,
        10,
        10,
        10,
        10,
        10,
        6,
        10,
        10,
        10,
        10,
        10,
        10,
        10,
        10,
        10,
        10,
        10,
        10,
        10,
        10,
        10,
        10,
        10,
        10,
        6,
        10,
        10,
        10,
        10,
        10,
        10,
        10,
        10,
        10,
        10,
        10,
        10,
        10,
        10,
        10,
        10,
        10,
        10,
        6
      ],
      "task_aware_blocks": true,
      "npz": "/root/autodl-tmp/iclr_era5_a100_protocol_autodl_4090_capacity_ladder_20260820T023000Z/protocol/task1_10/seed3/protocol.npz",
      "npz_sha256": "951b673afde9137fe83afeb8123c7b81aa782f77885f0bc53eb14b04b95f0541"
    },
    {
      "dataset": "task1_10",
      "root": "/root/autodl-tmp/stvgp_era5_benchmark/data/era5/processed_timeseries_4_task1_10_extension",
      "calibration_tasks": [
        "task_1"
      ],
      "stream_tasks": [
        "task_2",
        "task_3",
        "task_4",
        "task_5",
        "task_6",
        "task_7",
        "task_8",
        "task_9",
        "task_10"
      ],
      "variable_index": 0,
      "num_calibration_times": 186,
      "num_stream_times": 1674,
      "num_locations": 1000,
      "num_train_locations": 800,
      "num_validation_locations": 80,
      "num_fit_locations": 720,
      "num_test_locations": 200,
      "split_seed": 4,
      "time_normalization": "(t - stream_start) / Task-1 span",
      "time_scale": 185.0,
      "coordinate_normalization": "global mean/std over the fixed 1000 locations",
      "xlag": {
        "mode": "medium_era5_xlag",
        "length": 10,
        "features": 133,
        "ridge": 0.001,
        "batch_mean_fit": "all stream times at the 800 training locations",
        "strict_online_mean_fit": "Task 1 at the same 800 training locations, then frozen"
      },
      "spatial_split": "seeded 800/200 held-out location split",
      "inducing_selection": "deterministic k-means over training coordinates only",
      "num_blocks": 171,
      "block_lengths": [
        10,
        10,
        10,
        10,
        10,
        10,
        10,
        10,
        10,
        10,
        10,
        10,
        10,
        10,
        10,
        10,
        10,
        10,
        6,
        10,
        10,
        10,
        10,
        10,
        10,
        10,
        10,
        10,
        10,
        10,
        10,
        10,
        10,
        10,
        10,
        10,
        10,
        6,
        10,
        10,
        10,
        10,
        10,
        10,
        10,
        10,
        10,
        10,
        10,
        10,
        10,
        10,
        10,
        10,
        10,
        10,
        6,
        10,
        10,
        10,
        10,
        10,
        10,
        10,
        10,
        10,
        10,
        10,
        10,
        10,
        10,
        10,
        10,
        10,
        10,
        6,
        10,
        10,
        10,
        10,
        10,
        10,
        10,
        10,
        10,
        10,
        10,
        10,
        10,
        10,
        10,
        10,
        10,
        10,
        6,
        10,
        10,
        10,
        10,
        10,
        10,
        10,
        10,
        10,
        10,
        10,
        10,
        10,
        10,
        10,
        10,
        10,
        10,
        6,
        10,
        10,
        10,
        10,
        10,
        10,
        10,
        10,
        10,
        10,
        10,
        10,
        10,
        10,
        10,
        10,
        10,
        10,
        6,
        10,
        10,
        10,
        10,
        10,
        10,
        10,
        10,
        10,
        10,
        10,
        10,
        10,
        10,
        10,
        10,
        10,
        10,
        6,
        10,
        10,
        10,
        10,
        10,
        10,
        10,
        10,
        10,
        10,
        10,
        10,
        10,
        10,
        10,
        10,
        10,
        10,
        6
      ],
      "task_aware_blocks": true,
      "npz": "/root/autodl-tmp/iclr_era5_a100_protocol_autodl_4090_capacity_ladder_20260820T023000Z/protocol/task1_10/seed4/protocol.npz",
      "npz_sha256": "c771dbdcd458ba69edc4ad6e83b780f990a79c83bedfc0dd0bc6a528d19b7a2c"
    }
  ]
}
