job=array-24
argv=/root/autodl-tmp/stvgp_envs/gpflow/bin/python scripts/run_official_bui_osgpr_era5.py --protocol-npz /root/autodl-tmp/iclr_era5_a100_protocol_autodl_4090_capacity_ladder_20260820T023000Z/protocol/task1_2/seed2/protocol.npz --theta-json /root/autodl-tmp/iclr_era5_a100_protocol_autodl_4090_capacity_ladder_20260820T023000Z/calibration/routeb_joint_inducing_points/seed2/result.json --output /root/autodl-tmp/iclr_era5_a100_protocol_autodl_4090_capacity_ladder_20260820T023000Z/runs/task1_2/online/bui_osgpr_mt2_ms64/seed2/result.json --blockwise-output /root/autodl-tmp/iclr_era5_a100_protocol_autodl_4090_capacity_ladder_20260820T023000Z/runs/task1_2/online/bui_osgpr_mt2_ms64/seed2/blocks.csv --predictions-output /root/autodl-tmp/iclr_era5_a100_protocol_autodl_4090_capacity_ladder_20260820T023000Z/runs/task1_2/online/bui_osgpr_mt2_ms64/seed2/predictions.npz --mt 2 --ms 64 --seed 2 --device cuda --dtype float64
2026-08-20 22:14:30.281765: E external/local_xla/xla/stream_executor/cuda/cuda_dnn.cc:9261] Unable to register cuDNN factory: Attempting to register factory for plugin cuDNN when one has already been registered
2026-08-20 22:14:30.281796: E external/local_xla/xla/stream_executor/cuda/cuda_fft.cc:607] Unable to register cuFFT factory: Attempting to register factory for plugin cuFFT when one has already been registered
2026-08-20 22:14:30.282975: E external/local_xla/xla/stream_executor/cuda/cuda_blas.cc:1515] Unable to register cuBLAS factory: Attempting to register factory for plugin cuBLAS when one has already been registered
/root/autodl-tmp/stvgp_envs/gpflow/lib/python3.10/site-packages/gpflow/versions.py:1: UserWarning: pkg_resources is deprecated as an API. See https://setuptools.pypa.io/en/latest/pkg_resources.html. The pkg_resources package is slated for removal as early as 2025-11-30. Refrain from using this package or pin to Setuptools<81.
  import pkg_resources
{"block_id": 0, "block_start": 0, "block_stop": 10, "hours": 10, "update_seconds": 1.8986024260520935, "prediction_seconds": 0.0696931891143322, "rmse": 0.47923269868045665, "nll": 0.8006551251144258, "coverage90": 0.9945, "mean_predictive_std": 0.7053084774395934}
{"block_id": 1, "block_start": 10, "block_stop": 20, "hours": 10, "update_seconds": 0.16743291728198528, "prediction_seconds": 0.09085046499967575, "rmse": 0.36753814778275934, "nll": 0.7055925268987211, "coverage90": 0.996, "mean_predictive_std": 0.7053084774395934}
{"block_id": 2, "block_start": 20, "block_stop": 30, "hours": 10, "update_seconds": 0.1448074672371149, "prediction_seconds": 0.09067951701581478, "rmse": 0.3835728801372766, "nll": 0.7176978852498253, "coverage90": 0.993, "mean_predictive_std": 0.7053084774395934}
{"block_id": 3, "block_start": 30, "block_stop": 40, "hours": 10, "update_seconds": 0.14597506076097488, "prediction_seconds": 0.08983911387622356, "rmse": 0.36268682513573647, "nll": 0.7020318822195107, "coverage90": 0.9945, "mean_predictive_std": 0.7053084774395934}
{"block_id": 4, "block_start": 40, "block_stop": 50, "hours": 10, "update_seconds": 0.1448016371577978, "prediction_seconds": 0.09293392300605774, "rmse": 0.5249462248042975, "nll": 0.8467940659240036, "coverage90": 0.9805, "mean_predictive_std": 0.7053084774395934}
{"block_id": 5, "block_start": 50, "block_stop": 60, "hours": 10, "update_seconds": 0.1435726247727871, "prediction_seconds": 0.09360889159142971, "rmse": 0.599842374734206, "nll": 0.9314665294416458, "coverage90": 0.9435, "mean_predictive_std": 0.7053084774395934}
{"block_id": 6, "block_start": 60, "block_stop": 70, "hours": 10, "update_seconds": 0.14756250008940697, "prediction_seconds": 0.1075611487030983, "rmse": 0.520154361156007, "nll": 0.841760516472847, "coverage90": 0.987, "mean_predictive_std": 0.7053084774395934}
{"block_id": 7, "block_start": 70, "block_stop": 80, "hours": 10, "update_seconds": 0.14745809696614742, "prediction_seconds": 0.09565997309982777, "rmse": 0.5381360807751018, "nll": 0.8608875620170702, "coverage90": 0.949, "mean_predictive_std": 0.7053084774395934}
{"block_id": 8, "block_start": 80, "block_stop": 90, "hours": 10, "update_seconds": 0.14360478520393372, "prediction_seconds": 0.09266642481088638, "rmse": 0.46036229571205756, "nll": 0.7828340596538401, "coverage90": 0.989, "mean_predictive_std": 0.7053084774395934}
{"block_id": 9, "block_start": 90, "block_stop": 100, "hours": 10, "update_seconds": 0.14672857895493507, "prediction_seconds": 0.08976715989410877, "rmse": 0.5864474059547482, "nll": 0.9154950814545328, "coverage90": 0.9745, "mean_predictive_std": 0.7053084774395934}
{"block_id": 10, "block_start": 100, "block_stop": 110, "hours": 10, "update_seconds": 0.1505839042365551, "prediction_seconds": 0.09402657486498356, "rmse": 0.7067144033787698, "nll": 1.0718138536940178, "coverage90": 0.913, "mean_predictive_std": 0.7053084774395934}
{"block_id": 11, "block_start": 110, "block_stop": 120, "hours": 10, "update_seconds": 0.1465671882033348, "prediction_seconds": 0.09018431231379509, "rmse": 1.0867110459632205, "nll": 1.7567891112432508, "coverage90": 0.6695, "mean_predictive_std": 0.7053084774395934}
{"block_id": 12, "block_start": 120, "block_stop": 130, "hours": 10, "update_seconds": 0.17259233258664608, "prediction_seconds": 0.12734166532754898, "rmse": 1.0596120335223707, "nll": 1.6983289032062465, "coverage90": 0.6715, "mean_predictive_std": 0.7053084774395934}
{"block_id": 13, "block_start": 130, "block_stop": 140, "hours": 10, "update_seconds": 0.15844043903052807, "prediction_seconds": 0.08970688469707966, "rmse": 0.6535260736818943, "nll": 0.9990955326939905, "coverage90": 0.9375, "mean_predictive_std": 0.7053084774395872}
{"block_id": 14, "block_start": 140, "block_stop": 150, "hours": 10, "update_seconds": 0.15017619915306568, "prediction_seconds": 0.09675179421901703, "rmse": 0.5859462047491206, "nll": 0.9149044761453821, "coverage90": 0.948, "mean_predictive_std": 0.7053084774364433}
{"block_id": 15, "block_start": 150, "block_stop": 160, "hours": 10, "update_seconds": 0.14752697758376598, "prediction_seconds": 0.0939441230148077, "rmse": 0.8069380234168243, "nll": 1.2242921518005363, "coverage90": 0.869, "mean_predictive_std": 0.70530840851932}
{"block_id": 16, "block_start": 160, "block_stop": 170, "hours": 10, "update_seconds": 0.1440871525555849, "prediction_seconds": 0.09441478550434113, "rmse": 0.6679558311621565, "nll": 1.0182125436807585, "coverage90": 0.9365, "mean_predictive_std": 0.7051977656447307}
{"block_id": 17, "block_start": 170, "block_stop": 180, "hours": 10, "update_seconds": 0.14737067185342312, "prediction_seconds": 0.08947383612394333, "rmse": 0.5366539285488305, "nll": 0.8476035316401124, "coverage90": 0.974, "mean_predictive_std": 0.6873073649197313}
{"block_id": 18, "block_start": 180, "block_stop": 186, "hours": 6, "update_seconds": 0.14888706803321838, "prediction_seconds": 0.09403695538640022, "rmse": 0.27638607594578546, "nll": 1.3508409874029856, "coverage90": 0.8658333333333333, "mean_predictive_std": 0.3925251855577128}
{
  "implementation": "official Bui OSGPR_VFE (thin ERA5 wrapper)",
  "source_repository": "https://github.com/thangbui/streaming_sparse_gp",
  "source_commit": "d95081b",
  "protocol": "strict online; Task-1 hyperparameter calibration only; Task-2(+) starts from the GP prior; no history replay",
  "initial_posterior": "GP prior at the first streaming block",
  "delayed_observations": false,
  "delayed_observation_rows": 0,
  "target_mode": "Task-1 fixed X-lag residual, evaluated on original y",
  "split_seed": 2,
  "num_stream_times": 186,
  "num_blocks": 19,
  "calibration_time_range": [
    -1.0054054054054054,
    -0.00540540540540535
  ],
  "stream_time_range": [
    0.0,
    1.0
  ],
  "num_train_space": 800,
  "num_test_space": 200,
  "joint_inducing": 128,
  "temporal_grid_count": 2,
  "spatial_grid_count": 64,
  "inducing_locations": "fixed global Cartesian product; never optimized",
  "adaptive": false,
  "adaptive_optimization": null,
  "hyperparameters": "Route-B Task-1 empirical-Bayes theta, frozen for controlled posterior-transfer comparison",
  "learned_theta": {
    "ell_t": 0.029561233499545436,
    "ell_s": [
      0.652089335800235,
      0.7990817232907668
    ],
    "kernel_variance": 0.4947613066369101,
    "noise_std": 0.051949414926899654
  },
  "final": {
    "rmse": 0.6307335134277987,
    "nll": 0.9917612866125003,
    "coverage90": 0.9268817204301075,
    "mean_predictive_std": 0.6942449361295245
  },
  "timing": {
    "task1_calibration_seconds": 0.0,
    "stream_update_seconds": 4.596778027713299,
    "stream_prediction_seconds": 1.7831407375633717,
    "mean_block_update_seconds": 0.241935685669121,
    "mean_block_prediction_seconds": 0.09384951250333536,
    "first_block_update_seconds": 1.8986024260520935,
    "mean_steady_state_block_update_seconds": 0.14989864453673363,
    "process_total_seconds": 6.7829581797122955
  },
  "resources": {
    "peak_rss_mib": 890.46484375,
    "peak_cuda_allocated_mib": 58.843994140625,
    "current_cuda_allocated_mib": 0.44482421875,
    "persistent_state_bytes": 266240,
    "persistent_state_mib": 0.25390625,
    "history_replay_buffer_bytes": 0,
    "estimated_streaming_flops": 9961472000.0,
    "flops_scope": "dominant O(B M^2) covariance accumulation; analytic estimate",
    "device": "cuda:0",
    "dtype": "float64",
    "physical_gpus": [
      "/physical_device:GPU:0"
    ]
  },
  "environment": {
    "hostname": "autodl-container-qkb5g0ybu5-f51eca91",
    "platform": "Linux-5.15.0-78-generic-x86_64-with-glibc2.35",
    "python": "3.10.20",
    "processor": "x86_64",
    "pid": 293800,
    "git": {
      "commit": "81800a1462d35357a43151857230c6fe5bfcb852",
      "branch": "",
      "dirty": true
    }
  },
  "versions": {
    "python": "3.10.20",
    "tensorflow": "2.15.1",
    "gpflow": "2.9.2",
    "numpy": "1.26.4"
  },
  "args": {
    "protocol_npz": "/root/autodl-tmp/iclr_era5_a100_protocol_autodl_4090_capacity_ladder_20260820T023000Z/protocol/task1_2/seed2/protocol.npz",
    "theta_json": "/root/autodl-tmp/iclr_era5_a100_protocol_autodl_4090_capacity_ladder_20260820T023000Z/calibration/routeb_joint_inducing_points/seed2/result.json",
    "output": "/root/autodl-tmp/iclr_era5_a100_protocol_autodl_4090_capacity_ladder_20260820T023000Z/runs/task1_2/online/bui_osgpr_mt2_ms64/seed2/result.json",
    "blockwise_output": "/root/autodl-tmp/iclr_era5_a100_protocol_autodl_4090_capacity_ladder_20260820T023000Z/runs/task1_2/online/bui_osgpr_mt2_ms64/seed2/blocks.csv",
    "predictions_output": "/root/autodl-tmp/iclr_era5_a100_protocol_autodl_4090_capacity_ladder_20260820T023000Z/runs/task1_2/online/bui_osgpr_mt2_ms64/seed2/predictions.npz",
    "mt": 2,
    "ms": 64,
    "prediction_chunk_size": 4096,
    "max_calibration_blocks": 0,
    "max_stream_blocks": 0,
    "task1_posterior_warm_start": false,
    "delayed_observations": false,
    "adaptive": false,
    "adaptive_calibration_steps": 25,
    "adaptive_online_steps": 5,
    "adaptive_learning_rate": 0.01,
    "initial_ell_t": 0.05,
    "initial_ell_s": [
      0.35,
      0.35
    ],
    "initial_kernel_variance": 1.0,
    "initial_noise": 0.1,
    "seed": 2,
    "device": "cuda",
    "dtype": "float64"
  }
}
