job=array-9
argv=/root/autodl-tmp/stvgp_envs/routeb/bin/python scripts/run_official_ohsvgp_era5.py --protocol-npz /root/autodl-tmp/iclr_era5_a100_protocol_autodl_4090_capacity_ladder_20260820T023000Z/protocol/task1_10/seed1/protocol.npz --theta-json /root/autodl-tmp/iclr_era5_a100_protocol_autodl_4090_capacity_ladder_20260820T023000Z/calibration/routeb_joint_inducing_points/seed1/result.json --output /root/autodl-tmp/iclr_era5_a100_protocol_autodl_4090_capacity_ladder_20260820T023000Z/runs/task1_10/online/official_ohsvgp_m32_rff128/seed1/result.json --blockwise-output /root/autodl-tmp/iclr_era5_a100_protocol_autodl_4090_capacity_ladder_20260820T023000Z/runs/task1_10/online/official_ohsvgp_m32_rff128/seed1/blocks.csv --predictions-output /root/autodl-tmp/iclr_era5_a100_protocol_autodl_4090_capacity_ladder_20260820T023000Z/runs/task1_10/online/official_ohsvgp_m32_rff128/seed1/predictions.npz --inducing-size 32 --rff-sample-size 128 --microbatch-size 200 --update-steps 1 --seed 1 --device cuda --dtype float64
/root/autodl-tmp/stvgp_kronecker_routeb_repair_096fc03/baselines/external/harrisonzhu508_HIPPOSVGP/hipposvgp/multidim.py:48: UserWarning: To copy construct from a tensor, it is recommended to use sourceTensor.clone().detach() or sourceTensor.clone().detach().requires_grad_(True), rather than torch.tensor(sourceTensor).
  torch.tensor(mv_old, dtype=dtype, device=device).detach()
/root/autodl-tmp/stvgp_kronecker_routeb_repair_096fc03/baselines/external/harrisonzhu508_HIPPOSVGP/hipposvgp/multidim.py:53: UserWarning: To copy construct from a tensor, it is recommended to use sourceTensor.clone().detach() or sourceTensor.clone().detach().requires_grad_(True), rather than torch.tensor(sourceTensor).
  torch.tensor(Lv_old, dtype=dtype, device=device).detach()
/root/autodl-tmp/stvgp_kronecker_routeb_repair_096fc03/baselines/external/harrisonzhu508_HIPPOSVGP/hipposvgp/multidim.py:58: UserWarning: To copy construct from a tensor, it is recommended to use sourceTensor.clone().detach() or sourceTensor.clone().detach().requires_grad_(True), rather than torch.tensor(sourceTensor).
  torch.tensor(Kaa_old, dtype=dtype, device=device).detach()
/root/autodl-tmp/stvgp_kronecker_routeb_repair_096fc03/baselines/external/harrisonzhu508_HIPPOSVGP/hipposvgp/multidim.py:63: UserWarning: To copy construct from a tensor, it is recommended to use sourceTensor.clone().detach() or sourceTensor.clone().detach().requires_grad_(True), rather than torch.tensor(sourceTensor).
  torch.tensor(Z_old, dtype=dtype, device=device).detach()
{"block_id": 0, "block_start": 0, "block_stop": 10, "hours": 10, "update_seconds": 1.2475724462419748, "prediction_seconds": 0.022247280925512314, "rmse": 0.48420496116391604, "nll": 0.8169594685719852, "coverage90": 0.991, "mean_predictive_std": 0.7205237844823135}
{"block_id": 1, "block_start": 10, "block_stop": 20, "hours": 10, "update_seconds": 0.40184752829372883, "prediction_seconds": 0.021756021305918694, "rmse": 0.34573520690026555, "nll": 0.6886175137040353, "coverage90": 0.998, "mean_predictive_std": 0.7042375457221012}
{"block_id": 2, "block_start": 20, "block_stop": 30, "hours": 10, "update_seconds": 0.4154147896915674, "prediction_seconds": 0.0216327216476202, "rmse": 0.3604242088610154, "nll": 0.6859744925282268, "coverage90": 0.9945, "mean_predictive_std": 0.6877085353910493}
{"block_id": 3, "block_start": 30, "block_stop": 40, "hours": 10, "update_seconds": 0.42765032313764095, "prediction_seconds": 0.021767333149909973, "rmse": 0.35725966404270093, "nll": 0.6683468106415182, "coverage90": 0.987, "mean_predictive_std": 0.6719843481656232}
{"block_id": 4, "block_start": 40, "block_stop": 50, "hours": 10, "update_seconds": 0.4258454907685518, "prediction_seconds": 0.023283684626221657, "rmse": 0.4900097740132441, "nll": 0.7910726409914691, "coverage90": 0.9625, "mean_predictive_std": 0.6606850369925265}
{"block_id": 5, "block_start": 50, "block_stop": 60, "hours": 10, "update_seconds": 0.42023460008203983, "prediction_seconds": 0.0217507965862751, "rmse": 0.5510772298539973, "nll": 0.8250362237127381, "coverage90": 0.947, "mean_predictive_std": 0.652861973248395}
{"block_id": 6, "block_start": 60, "block_stop": 70, "hours": 10, "update_seconds": 0.41754014417529106, "prediction_seconds": 0.02682056650519371, "rmse": 0.49584193809262356, "nll": 0.7428788654522819, "coverage90": 0.986, "mean_predictive_std": 0.6389784666147175}
{"block_id": 7, "block_start": 70, "block_stop": 80, "hours": 10, "update_seconds": 0.42431857250630856, "prediction_seconds": 0.02412605658173561, "rmse": 0.5254301539287595, "nll": 0.8035443757307983, "coverage90": 0.937, "mean_predictive_std": 0.6378784085147517}
{"block_id": 8, "block_start": 80, "block_stop": 90, "hours": 10, "update_seconds": 0.42944924905896187, "prediction_seconds": 0.02189457230269909, "rmse": 0.43049020607530875, "nll": 0.6952898401482667, "coverage90": 0.9735, "mean_predictive_std": 0.6319637543504169}
{"block_id": 9, "block_start": 90, "block_stop": 100, "hours": 10, "update_seconds": 0.42607775516808033, "prediction_seconds": 0.021872349083423615, "rmse": 0.5014994764437586, "nll": 0.782219190021967, "coverage90": 0.964, "mean_predictive_std": 0.6287574535579937}
{"block_id": 10, "block_start": 100, "block_stop": 110, "hours": 10, "update_seconds": 0.42420748621225357, "prediction_seconds": 0.02526126243174076, "rmse": 0.5991187884030145, "nll": 0.8966297099709056, "coverage90": 0.91, "mean_predictive_std": 0.6228677964356214}
{"block_id": 11, "block_start": 110, "block_stop": 120, "hours": 10, "update_seconds": 0.42232558876276016, "prediction_seconds": 0.024223027750849724, "rmse": 0.928257961446117, "nll": 1.590971224865436, "coverage90": 0.6705, "mean_predictive_std": 0.6216081508336752}
{"block_id": 12, "block_start": 120, "block_stop": 130, "hours": 10, "update_seconds": 0.4198469929397106, "prediction_seconds": 0.027297427877783775, "rmse": 0.9337866554983109, "nll": 1.5234387666425702, "coverage90": 0.708, "mean_predictive_std": 0.622321738565975}
{"block_id": 13, "block_start": 130, "block_stop": 140, "hours": 10, "update_seconds": 0.41602015867829323, "prediction_seconds": 0.02187354303896427, "rmse": 0.5071544240899899, "nll": 0.7542579830751331, "coverage90": 0.9555, "mean_predictive_std": 0.6218104197889013}
{"block_id": 14, "block_start": 140, "block_stop": 150, "hours": 10, "update_seconds": 0.4181894287467003, "prediction_seconds": 0.021738963201642036, "rmse": 0.46431939156917085, "nll": 0.7110830495485579, "coverage90": 0.9595, "mean_predictive_std": 0.6175681448309716}
{"block_id": 15, "block_start": 150, "block_stop": 160, "hours": 10, "update_seconds": 0.42391449213027954, "prediction_seconds": 0.024289768189191818, "rmse": 0.7629272567825405, "nll": 1.16731989865307, "coverage90": 0.844, "mean_predictive_std": 0.6142250537433483}
{"block_id": 16, "block_start": 160, "block_stop": 170, "hours": 10, "update_seconds": 0.41913148388266563, "prediction_seconds": 0.021637482568621635, "rmse": 0.8390807665788627, "nll": 1.362965397935579, "coverage90": 0.7215, "mean_predictive_std": 0.610795223701875}
{"block_id": 17, "block_start": 170, "block_stop": 180, "hours": 10, "update_seconds": 0.4262220002710819, "prediction_seconds": 0.021739915013313293, "rmse": 0.6949444115026817, "nll": 1.033366139897082, "coverage90": 0.859, "mean_predictive_std": 0.6123576548614236}
{"block_id": 18, "block_start": 180, "block_stop": 186, "hours": 6, "update_seconds": 0.254533339291811, "prediction_seconds": 0.017928093671798706, "rmse": 0.5921439061399449, "nll": 0.8430372770307474, "coverage90": 0.9366666666666666, "mean_predictive_std": 0.5847403642558207}
{"block_id": 19, "block_start": 186, "block_stop": 196, "hours": 10, "update_seconds": 0.41788402013480663, "prediction_seconds": 0.02537922002375126, "rmse": 1.421406878056394, "nll": 3.052454121103981, "coverage90": 0.278, "mean_predictive_std": 0.6073680493972098}
{"block_id": 20, "block_start": 196, "block_stop": 206, "hours": 10, "update_seconds": 0.4372649770230055, "prediction_seconds": 0.021746087819337845, "rmse": 0.9970945463511768, "nll": 1.6014983429954408, "coverage90": 0.671, "mean_predictive_std": 0.6090674055365976}
{"block_id": 21, "block_start": 206, "block_stop": 216, "hours": 10, "update_seconds": 0.42466604709625244, "prediction_seconds": 0.02362271212041378, "rmse": 0.7231105612088652, "nll": 1.0577059505479256, "coverage90": 0.8735, "mean_predictive_std": 0.6070236846365419}
{"block_id": 22, "block_start": 216, "block_stop": 226, "hours": 10, "update_seconds": 0.41096008755266666, "prediction_seconds": 0.02168067917227745, "rmse": 0.7472623727380907, "nll": 1.097031916983084, "coverage90": 0.834, "mean_predictive_std": 0.606434396070502}
{"block_id": 23, "block_start": 226, "block_stop": 236, "hours": 10, "update_seconds": 0.42058198153972626, "prediction_seconds": 0.02177766151726246, "rmse": 0.6035176496808962, "nll": 0.8650332250709253, "coverage90": 0.922, "mean_predictive_std": 0.604424851211219}
{"block_id": 24, "block_start": 236, "block_stop": 246, "hours": 10, "update_seconds": 0.41557956486940384, "prediction_seconds": 0.025843186303973198, "rmse": 0.8540412564453387, "nll": 1.3533120283050515, "coverage90": 0.737, "mean_predictive_std": 0.6046140489924465}
{"block_id": 25, "block_start": 246, "block_stop": 256, "hours": 10, "update_seconds": 0.4132853914052248, "prediction_seconds": 0.027205171063542366, "rmse": 0.8186970180737592, "nll": 1.2854041031385168, "coverage90": 0.8005, "mean_predictive_std": 0.6032551181899997}
{"block_id": 26, "block_start": 256, "block_stop": 266, "hours": 10, "update_seconds": 0.4176488872617483, "prediction_seconds": 0.021905243396759033, "rmse": 1.0619317292638033, "nll": 1.8817603646588454, "coverage90": 0.608, "mean_predictive_std": 0.6046891021452767}
{"block_id": 27, "block_start": 266, "block_stop": 276, "hours": 10, "update_seconds": 0.4285085406154394, "prediction_seconds": 0.02192203514277935, "rmse": 0.9509856592184581, "nll": 1.5715590674460178, "coverage90": 0.6825, "mean_predictive_std": 0.6052376994446611}
{"block_id": 28, "block_start": 276, "block_stop": 286, "hours": 10, "update_seconds": 0.4191992413252592, "prediction_seconds": 0.021835725754499435, "rmse": 0.8799089333228104, "nll": 1.4680296585437835, "coverage90": 0.732, "mean_predictive_std": 0.6071638731170743}
{"block_id": 29, "block_start": 286, "block_stop": 296, "hours": 10, "update_seconds": 0.4176446795463562, "prediction_seconds": 0.0218829158693552, "rmse": 0.8222644041418773, "nll": 1.3015457292587502, "coverage90": 0.7705, "mean_predictive_std": 0.609377538323598}
{"block_id": 30, "block_start": 296, "block_stop": 306, "hours": 10, "update_seconds": 0.40981980226933956, "prediction_seconds": 0.025989821180701256, "rmse": 0.6374815866615547, "nll": 0.9933820945671933, "coverage90": 0.877, "mean_predictive_std": 0.6117428161789474}
{"block_id": 31, "block_start": 306, "block_stop": 316, "hours": 10, "update_seconds": 0.4179302304983139, "prediction_seconds": 0.02185794524848461, "rmse": 0.8081636131028997, "nll": 1.3192065618034299, "coverage90": 0.7725, "mean_predictive_std": 0.6109266948134555}
{"block_id": 32, "block_start": 316, "block_stop": 326, "hours": 10, "update_seconds": 0.4153240006417036, "prediction_seconds": 0.025416675955057144, "rmse": 0.891993732624787, "nll": 1.4970341803129825, "coverage90": 0.7065, "mean_predictive_std": 0.6143830834744295}
{"block_id": 33, "block_start": 326, "block_stop": 336, "hours": 10, "update_seconds": 0.41340769454836845, "prediction_seconds": 0.021875115111470222, "rmse": 0.810513121201109, "nll": 1.303682579657426, "coverage90": 0.796, "mean_predictive_std": 0.6139463606514269}
{"block_id": 34, "block_start": 336, "block_stop": 346, "hours": 10, "update_seconds": 0.42584607005119324, "prediction_seconds": 0.021781286224722862, "rmse": 0.7399227465904474, "nll": 1.1062960860693438, "coverage90": 0.877, "mean_predictive_std": 0.61789236648125}
{"block_id": 35, "block_start": 346, "block_stop": 356, "hours": 10, "update_seconds": 0.42475500144064426, "prediction_seconds": 0.02626941353082657, "rmse": 0.6692369417021499, "nll": 0.9605485675446294, "coverage90": 0.892, "mean_predictive_std": 0.6162882511275269}
{"block_id": 36, "block_start": 356, "block_stop": 366, "hours": 10, "update_seconds": 0.4096236191689968, "prediction_seconds": 0.02177620679140091, "rmse": 0.6576354961714506, "nll": 0.9379075638567206, "coverage90": 0.8545, "mean_predictive_std": 0.6146501576972148}
{"block_id": 37, "block_start": 366, "block_stop": 372, "hours": 6, "update_seconds": 0.2300085760653019, "prediction_seconds": 0.018077567219734192, "rmse": 0.4398528846170775, "nll": 0.6454524453033356, "coverage90": 0.9541666666666667, "mean_predictive_std": 0.6056988216547707}
{"block_id": 38, "block_start": 372, "block_stop": 382, "hours": 10, "update_seconds": 0.40633716620504856, "prediction_seconds": 0.021821489557623863, "rmse": 0.4663274986443286, "nll": 0.7227719700478248, "coverage90": 0.9935, "mean_predictive_std": 0.6186102596059592}
{"block_id": 39, "block_start": 382, "block_stop": 392, "hours": 10, "update_seconds": 0.40755252353847027, "prediction_seconds": 0.021861152723431587, "rmse": 0.5466534341023069, "nll": 0.8289381170006284, "coverage90": 0.937, "mean_predictive_std": 0.6193287491907042}
{"block_id": 40, "block_start": 392, "block_stop": 402, "hours": 10, "update_seconds": 0.4263921696692705, "prediction_seconds": 0.02165239304304123, "rmse": 0.3260524092206035, "nll": 0.5840897961629924, "coverage90": 1.0, "mean_predictive_std": 0.6192854032682809}
{"block_id": 41, "block_start": 402, "block_stop": 412, "hours": 10, "update_seconds": 0.4267904404550791, "prediction_seconds": 0.021771878004074097, "rmse": 0.3118841803380499, "nll": 0.5639060523830902, "coverage90": 1.0, "mean_predictive_std": 0.6191167996389376}
{"block_id": 42, "block_start": 412, "block_stop": 422, "hours": 10, "update_seconds": 0.4131234548985958, "prediction_seconds": 0.02222154475748539, "rmse": 0.25474462757835303, "nll": 0.5176591317248285, "coverage90": 0.9995, "mean_predictive_std": 0.6149152208583879}
{"block_id": 43, "block_start": 422, "block_stop": 432, "hours": 10, "update_seconds": 0.4116490874439478, "prediction_seconds": 0.021792689338326454, "rmse": 0.6287778638898449, "nll": 0.9146334164088081, "coverage90": 0.882, "mean_predictive_std": 0.6171931370279377}
{"block_id": 44, "block_start": 432, "block_stop": 442, "hours": 10, "update_seconds": 0.4050658568739891, "prediction_seconds": 0.021866753697395325, "rmse": 0.7456785353041918, "nll": 1.0994183776658641, "coverage90": 0.8565, "mean_predictive_std": 0.6212933830546716}
{"block_id": 45, "block_start": 442, "block_stop": 452, "hours": 10, "update_seconds": 0.3869813960045576, "prediction_seconds": 0.021782636642456055, "rmse": 0.7687723380512083, "nll": 1.1950176979586127, "coverage90": 0.804, "mean_predictive_std": 0.619708040571371}
{"block_id": 46, "block_start": 452, "block_stop": 462, "hours": 10, "update_seconds": 0.4300851710140705, "prediction_seconds": 0.02183176390826702, "rmse": 0.9498995119351804, "nll": 1.5897464123512126, "coverage90": 0.6855, "mean_predictive_std": 0.6210057313068258}
{"block_id": 47, "block_start": 462, "block_stop": 472, "hours": 10, "update_seconds": 0.41139729134738445, "prediction_seconds": 0.021785927936434746, "rmse": 0.5909610926492717, "nll": 0.8640952844701818, "coverage90": 0.9295, "mean_predictive_std": 0.6187425153840461}
{"block_id": 48, "block_start": 472, "block_stop": 482, "hours": 10, "update_seconds": 0.43246701546013355, "prediction_seconds": 0.024395953863859177, "rmse": 0.7327099848867233, "nll": 1.155066294881879, "coverage90": 0.82, "mean_predictive_std": 0.6180165739628135}
{"block_id": 49, "block_start": 482, "block_stop": 492, "hours": 10, "update_seconds": 0.43123338744044304, "prediction_seconds": 0.023373274132609367, "rmse": 0.6618807787372236, "nll": 0.993469399017322, "coverage90": 0.884, "mean_predictive_std": 0.6226357770660238}
{"block_id": 50, "block_start": 492, "block_stop": 502, "hours": 10, "update_seconds": 0.4251832328736782, "prediction_seconds": 0.022929217666387558, "rmse": 0.49110197984181736, "nll": 0.7523903494450853, "coverage90": 0.966, "mean_predictive_std": 0.6214381694767052}
{"block_id": 51, "block_start": 502, "block_stop": 512, "hours": 10, "update_seconds": 0.4147642236202955, "prediction_seconds": 0.025112448260188103, "rmse": 0.5274920094404637, "nll": 0.8121022363906321, "coverage90": 0.961, "mean_predictive_std": 0.6218126026950629}
{"block_id": 52, "block_start": 512, "block_stop": 522, "hours": 10, "update_seconds": 0.37001728266477585, "prediction_seconds": 0.021897710859775543, "rmse": 0.588896713322526, "nll": 0.9006417735977703, "coverage90": 0.983, "mean_predictive_std": 0.6224052205503612}
{"block_id": 53, "block_start": 522, "block_stop": 532, "hours": 10, "update_seconds": 0.3674165066331625, "prediction_seconds": 0.021909542381763458, "rmse": 0.4320172317696832, "nll": 0.689068905971714, "coverage90": 0.9915, "mean_predictive_std": 0.6209134822972029}
{"block_id": 54, "block_start": 532, "block_stop": 542, "hours": 10, "update_seconds": 0.39547345228493214, "prediction_seconds": 0.021881889551877975, "rmse": 0.4593800230231145, "nll": 0.7221394022641809, "coverage90": 0.998, "mean_predictive_std": 0.621006913288058}
{"block_id": 55, "block_start": 542, "block_stop": 552, "hours": 10, "update_seconds": 0.3166307918727398, "prediction_seconds": 0.021806156262755394, "rmse": 0.3097399487301925, "nll": 0.5631467649836763, "coverage90": 1.0, "mean_predictive_std": 0.6210561990757145}
{"block_id": 56, "block_start": 552, "block_stop": 558, "hours": 6, "update_seconds": 0.19262990169227123, "prediction_seconds": 0.013162294402718544, "rmse": 0.4657317273103726, "nll": 0.7057821681239663, "coverage90": 0.9891666666666666, "mean_predictive_std": 0.6191434773332092}
{"block_id": 57, "block_start": 558, "block_stop": 568, "hours": 10, "update_seconds": 0.3440013937652111, "prediction_seconds": 0.021977512165904045, "rmse": 0.6109923825472418, "nll": 0.9262723643215106, "coverage90": 0.906, "mean_predictive_std": 0.6258897229520005}
{"block_id": 58, "block_start": 568, "block_stop": 578, "hours": 10, "update_seconds": 0.3791184760630131, "prediction_seconds": 0.021857542917132378, "rmse": 0.6833745398430514, "nll": 1.0943418130446814, "coverage90": 0.816, "mean_predictive_std": 0.6267291333279759}
{"block_id": 59, "block_start": 578, "block_stop": 588, "hours": 10, "update_seconds": 0.3695962633937597, "prediction_seconds": 0.02179005742073059, "rmse": 0.43362003429910234, "nll": 0.6822007622646661, "coverage90": 0.9785, "mean_predictive_std": 0.6254414169876391}
{"block_id": 60, "block_start": 588, "block_stop": 598, "hours": 10, "update_seconds": 0.38699223287403584, "prediction_seconds": 0.021773304790258408, "rmse": 0.3149040936397025, "nll": 0.5764327710611484, "coverage90": 0.997, "mean_predictive_std": 0.6239013216407401}
{"block_id": 61, "block_start": 598, "block_stop": 608, "hours": 10, "update_seconds": 0.3427430633455515, "prediction_seconds": 0.022243546321988106, "rmse": 0.3716702059292426, "nll": 0.627763599158873, "coverage90": 0.9875, "mean_predictive_std": 0.6247857877723916}
{"block_id": 62, "block_start": 608, "block_stop": 618, "hours": 10, "update_seconds": 0.41179379262030125, "prediction_seconds": 0.021803760901093483, "rmse": 0.28516983103575216, "nll": 0.5476110677345578, "coverage90": 1.0, "mean_predictive_std": 0.6235349631535292}
{"block_id": 63, "block_start": 618, "block_stop": 628, "hours": 10, "update_seconds": 0.4087093286216259, "prediction_seconds": 0.021903900429606438, "rmse": 0.7302686893963221, "nll": 1.1518273318643144, "coverage90": 0.8335, "mean_predictive_std": 0.6229495159423954}
{"block_id": 64, "block_start": 628, "block_stop": 638, "hours": 10, "update_seconds": 0.409992104396224, "prediction_seconds": 0.02191881276667118, "rmse": 0.7969298610968377, "nll": 1.2566703157189028, "coverage90": 0.808, "mean_predictive_std": 0.622954839048118}
{"block_id": 65, "block_start": 638, "block_stop": 648, "hours": 10, "update_seconds": 0.42147137224674225, "prediction_seconds": 0.022269826382398605, "rmse": 0.9485962977223646, "nll": 1.590856816317764, "coverage90": 0.6265, "mean_predictive_std": 0.6226806269333266}
{"block_id": 66, "block_start": 648, "block_stop": 658, "hours": 10, "update_seconds": 0.4123287536203861, "prediction_seconds": 0.021920405328273773, "rmse": 0.5507863785162587, "nll": 0.8258947215956913, "coverage90": 0.934, "mean_predictive_std": 0.6207505096324594}
{"block_id": 67, "block_start": 658, "block_stop": 668, "hours": 10, "update_seconds": 0.4142732433974743, "prediction_seconds": 0.0218716561794281, "rmse": 0.41408676704000263, "nll": 0.66776112079891, "coverage90": 0.971, "mean_predictive_std": 0.6206540327742209}
{"block_id": 68, "block_start": 668, "block_stop": 678, "hours": 10, "update_seconds": 0.4036734960973263, "prediction_seconds": 0.02179681323468685, "rmse": 0.5343128100931306, "nll": 0.7852144825493024, "coverage90": 0.9435, "mean_predictive_std": 0.6204367457616577}
{"block_id": 69, "block_start": 678, "block_stop": 688, "hours": 10, "update_seconds": 0.43091582506895065, "prediction_seconds": 0.02200997807085514, "rmse": 0.5058600068784582, "nll": 0.7732296123950675, "coverage90": 0.984, "mean_predictive_std": 0.621507428224681}
{"block_id": 70, "block_start": 688, "block_stop": 698, "hours": 10, "update_seconds": 0.42981017380952835, "prediction_seconds": 0.022015661001205444, "rmse": 0.6261956607271578, "nll": 0.9188056822274991, "coverage90": 0.916, "mean_predictive_std": 0.6209606483348064}
{"block_id": 71, "block_start": 698, "block_stop": 708, "hours": 10, "update_seconds": 0.4181130677461624, "prediction_seconds": 0.02190776728093624, "rmse": 0.6030128642111218, "nll": 0.8757403875427112, "coverage90": 0.907, "mean_predictive_std": 0.620422467229269}
{"block_id": 72, "block_start": 708, "block_stop": 718, "hours": 10, "update_seconds": 0.42440284974873066, "prediction_seconds": 0.02214393950998783, "rmse": 0.8878383720734112, "nll": 1.46029799555882, "coverage90": 0.755, "mean_predictive_std": 0.6204702375196862}
{"block_id": 73, "block_start": 718, "block_stop": 728, "hours": 10, "update_seconds": 0.41035946272313595, "prediction_seconds": 0.02203003130853176, "rmse": 1.0616068131094132, "nll": 1.7954732603860115, "coverage90": 0.7405, "mean_predictive_std": 0.6210144790466416}
{"block_id": 74, "block_start": 728, "block_stop": 738, "hours": 10, "update_seconds": 0.3244794774800539, "prediction_seconds": 0.0220162533223629, "rmse": 0.6551359306045228, "nll": 1.0066643354645999, "coverage90": 0.8825, "mean_predictive_std": 0.6207715768907272}
{"block_id": 75, "block_start": 738, "block_stop": 744, "hours": 6, "update_seconds": 0.197104062885046, "prediction_seconds": 0.013227852061390877, "rmse": 0.886108260984251, "nll": 1.469615198364467, "coverage90": 0.6858333333333333, "mean_predictive_std": 0.6205344999440773}
{"block_id": 76, "block_start": 744, "block_stop": 754, "hours": 10, "update_seconds": 0.34124328568577766, "prediction_seconds": 0.02213049866259098, "rmse": 0.645671399679923, "nll": 0.9908995803854787, "coverage90": 0.8935, "mean_predictive_std": 0.622229470442917}
{"block_id": 77, "block_start": 754, "block_stop": 764, "hours": 10, "update_seconds": 0.4090948570519686, "prediction_seconds": 0.021939128637313843, "rmse": 0.4914242987810612, "nll": 0.7412595791840162, "coverage90": 0.9795, "mean_predictive_std": 0.6237986126877753}
{"block_id": 78, "block_start": 764, "block_stop": 774, "hours": 10, "update_seconds": 0.4122819770127535, "prediction_seconds": 0.021896814927458763, "rmse": 0.4535437165639143, "nll": 0.6955952314875615, "coverage90": 0.966, "mean_predictive_std": 0.6226801508056139}
{"block_id": 79, "block_start": 774, "block_stop": 784, "hours": 10, "update_seconds": 0.4252143707126379, "prediction_seconds": 0.0219594594091177, "rmse": 0.503739018633962, "nll": 0.7692928915795397, "coverage90": 0.952, "mean_predictive_std": 0.6226254557870443}
{"block_id": 80, "block_start": 784, "block_stop": 794, "hours": 10, "update_seconds": 0.4207662884145975, "prediction_seconds": 0.021846091374754906, "rmse": 0.7116593014145994, "nll": 1.1094485368261169, "coverage90": 0.8535, "mean_predictive_std": 0.6226441622516697}
{"block_id": 81, "block_start": 794, "block_stop": 804, "hours": 10, "update_seconds": 0.4080960601568222, "prediction_seconds": 0.021989207714796066, "rmse": 1.0553876679512653, "nll": 1.921737371493319, "coverage90": 0.6165, "mean_predictive_std": 0.6223835151303919}
{"block_id": 82, "block_start": 804, "block_stop": 814, "hours": 10, "update_seconds": 0.41607560589909554, "prediction_seconds": 0.021974949166178703, "rmse": 1.0109156065538543, "nll": 1.8114676483766563, "coverage90": 0.6385, "mean_predictive_std": 0.6238143532721739}
{"block_id": 83, "block_start": 814, "block_stop": 824, "hours": 10, "update_seconds": 0.4237941522151232, "prediction_seconds": 0.021869193762540817, "rmse": 1.1811664411832183, "nll": 2.3370959677481795, "coverage90": 0.5505, "mean_predictive_std": 0.6242038986156366}
{"block_id": 84, "block_start": 824, "block_stop": 834, "hours": 10, "update_seconds": 0.4098166711628437, "prediction_seconds": 0.021959608420729637, "rmse": 0.8765473564376773, "nll": 1.458249290254224, "coverage90": 0.75, "mean_predictive_std": 0.621856192522025}
{"block_id": 85, "block_start": 834, "block_stop": 844, "hours": 10, "update_seconds": 0.4034268278628588, "prediction_seconds": 0.021935787051916122, "rmse": 1.1319197028841255, "nll": 2.1464180369421637, "coverage90": 0.5905, "mean_predictive_std": 0.6213262080379311}
{"block_id": 86, "block_start": 844, "block_stop": 854, "hours": 10, "update_seconds": 0.37606049701571465, "prediction_seconds": 0.021818088367581367, "rmse": 0.8557944486875889, "nll": 1.3440597418955496, "coverage90": 0.7775, "mean_predictive_std": 0.6206256367562678}
{"block_id": 87, "block_start": 854, "block_stop": 864, "hours": 10, "update_seconds": 0.38212793692946434, "prediction_seconds": 0.021857913583517075, "rmse": 0.562642909681219, "nll": 0.8368843366947475, "coverage90": 0.918, "mean_predictive_std": 0.6206697341376828}
{"block_id": 88, "block_start": 864, "block_stop": 874, "hours": 10, "update_seconds": 0.35661298781633377, "prediction_seconds": 0.026303675025701523, "rmse": 0.6578545199183944, "nll": 1.0268797894709245, "coverage90": 0.856, "mean_predictive_std": 0.6211402384086021}
{"block_id": 89, "block_start": 874, "block_stop": 884, "hours": 10, "update_seconds": 0.4127449356019497, "prediction_seconds": 0.021895525977015495, "rmse": 0.5431359449618748, "nll": 0.8410360491214524, "coverage90": 0.965, "mean_predictive_std": 0.62081510011128}
{"block_id": 90, "block_start": 884, "block_stop": 894, "hours": 10, "update_seconds": 0.3614355269819498, "prediction_seconds": 0.02178538590669632, "rmse": 0.6739617026119361, "nll": 1.044252754314224, "coverage90": 0.8475, "mean_predictive_std": 0.6203666596855485}
{"block_id": 91, "block_start": 894, "block_stop": 904, "hours": 10, "update_seconds": 0.39077550545334816, "prediction_seconds": 0.02194174751639366, "rmse": 0.7160635388976185, "nll": 1.180427956975225, "coverage90": 0.793, "mean_predictive_std": 0.6208100968902245}
{"block_id": 92, "block_start": 904, "block_stop": 914, "hours": 10, "update_seconds": 0.4165854174643755, "prediction_seconds": 0.02188202738761902, "rmse": 0.4409179934837845, "nll": 0.6916568293902707, "coverage90": 0.986, "mean_predictive_std": 0.6220499690668768}
{"block_id": 93, "block_start": 914, "block_stop": 924, "hours": 10, "update_seconds": 0.41581843979656696, "prediction_seconds": 0.021919934079051018, "rmse": 0.5786329400564347, "nll": 0.8706636008628806, "coverage90": 0.9435, "mean_predictive_std": 0.6212773409274827}
{"block_id": 94, "block_start": 924, "block_stop": 930, "hours": 6, "update_seconds": 0.2501264903694391, "prediction_seconds": 0.01314835250377655, "rmse": 0.9533911408813374, "nll": 1.5967545284679998, "coverage90": 0.6816666666666666, "mean_predictive_std": 0.618378972447691}
{"block_id": 95, "block_start": 930, "block_stop": 940, "hours": 10, "update_seconds": 0.42428847774863243, "prediction_seconds": 0.02194100432097912, "rmse": 1.2271550548530925, "nll": 2.359728432415697, "coverage90": 0.5015, "mean_predictive_std": 0.6217845420448409}
{"block_id": 96, "block_start": 940, "block_stop": 950, "hours": 10, "update_seconds": 0.41996988467872143, "prediction_seconds": 0.02191292680799961, "rmse": 1.0700716947645152, "nll": 1.9646265232193465, "coverage90": 0.6355, "mean_predictive_std": 0.6208946024681568}
{"block_id": 97, "block_start": 950, "block_stop": 960, "hours": 10, "update_seconds": 0.414681077003479, "prediction_seconds": 0.022359011694788933, "rmse": 0.673783652756228, "nll": 1.0298682402246473, "coverage90": 0.854, "mean_predictive_std": 0.6204286354656922}
{"block_id": 98, "block_start": 960, "block_stop": 970, "hours": 10, "update_seconds": 0.4140623174607754, "prediction_seconds": 0.022206226363778114, "rmse": 0.6375263042139916, "nll": 0.9951713360362373, "coverage90": 0.87, "mean_predictive_std": 0.6191719313685803}
{"block_id": 99, "block_start": 970, "block_stop": 980, "hours": 10, "update_seconds": 0.4219852611422539, "prediction_seconds": 0.022110698744654655, "rmse": 0.48508089836695034, "nll": 0.7452930955935617, "coverage90": 0.9665, "mean_predictive_std": 0.6185409620695709}
{"block_id": 100, "block_start": 980, "block_stop": 990, "hours": 10, "update_seconds": 0.4207824897021055, "prediction_seconds": 0.022418290376663208, "rmse": 0.5403318692149477, "nll": 0.8013886302183675, "coverage90": 0.9355, "mean_predictive_std": 0.6194933292067947}
{"block_id": 101, "block_start": 990, "block_stop": 1000, "hours": 10, "update_seconds": 0.41616836190223694, "prediction_seconds": 0.02228529378771782, "rmse": 0.45203229892603364, "nll": 0.6978846242616403, "coverage90": 0.977, "mean_predictive_std": 0.6191167046689072}
{"block_id": 102, "block_start": 1000, "block_stop": 1010, "hours": 10, "update_seconds": 0.41589341312646866, "prediction_seconds": 0.022440962493419647, "rmse": 0.4493774933350609, "nll": 0.6871629110839749, "coverage90": 0.971, "mean_predictive_std": 0.619287867006078}
{"block_id": 103, "block_start": 1010, "block_stop": 1020, "hours": 10, "update_seconds": 0.4275944586843252, "prediction_seconds": 0.02211669646203518, "rmse": 0.43786222059482244, "nll": 0.6798279095522157, "coverage90": 0.9895, "mean_predictive_std": 0.618884284674324}
{"block_id": 104, "block_start": 1020, "block_stop": 1030, "hours": 10, "update_seconds": 0.4205439183861017, "prediction_seconds": 0.022283919155597687, "rmse": 0.7565864426178257, "nll": 1.137780378531916, "coverage90": 0.848, "mean_predictive_std": 0.6203306973342978}
{"block_id": 105, "block_start": 1030, "block_stop": 1040, "hours": 10, "update_seconds": 0.4212236125022173, "prediction_seconds": 0.022463737055659294, "rmse": 1.0601527310371046, "nll": 1.867322716421658, "coverage90": 0.6255, "mean_predictive_std": 0.6199941309670723}
{"block_id": 106, "block_start": 1040, "block_stop": 1050, "hours": 10, "update_seconds": 0.4147748239338398, "prediction_seconds": 0.022621380165219307, "rmse": 0.6311004996159921, "nll": 0.9453121323029386, "coverage90": 0.901, "mean_predictive_std": 0.618162603018541}
{"block_id": 107, "block_start": 1050, "block_stop": 1060, "hours": 10, "update_seconds": 0.4216136522591114, "prediction_seconds": 0.022456221282482147, "rmse": 0.788203085395967, "nll": 1.2435254245209826, "coverage90": 0.8075, "mean_predictive_std": 0.6171141445118633}
{"block_id": 108, "block_start": 1060, "block_stop": 1070, "hours": 10, "update_seconds": 0.42086803540587425, "prediction_seconds": 0.022284887731075287, "rmse": 0.592354360271817, "nll": 0.9278357477814103, "coverage90": 0.91, "mean_predictive_std": 0.6173019343820486}
{"block_id": 109, "block_start": 1070, "block_stop": 1080, "hours": 10, "update_seconds": 0.4223198462277651, "prediction_seconds": 0.02247343771159649, "rmse": 0.4877052607731721, "nll": 0.7481751047141106, "coverage90": 0.9675, "mean_predictive_std": 0.6176971452354353}
{"block_id": 110, "block_start": 1080, "block_stop": 1090, "hours": 10, "update_seconds": 0.423409603536129, "prediction_seconds": 0.022942256182432175, "rmse": 0.5968055491529961, "nll": 0.9108740806847354, "coverage90": 0.9245, "mean_predictive_std": 0.616155174310047}
{"block_id": 111, "block_start": 1090, "block_stop": 1100, "hours": 10, "update_seconds": 0.4182237256318331, "prediction_seconds": 0.022320440039038658, "rmse": 0.6313047484039971, "nll": 0.9837254743503528, "coverage90": 0.911, "mean_predictive_std": 0.6159896593809807}
{"block_id": 112, "block_start": 1100, "block_stop": 1110, "hours": 10, "update_seconds": 0.4222637377679348, "prediction_seconds": 0.02247657999396324, "rmse": 0.878678331667509, "nll": 1.496489147776308, "coverage90": 0.7045, "mean_predictive_std": 0.6162834672030865}
{"block_id": 113, "block_start": 1110, "block_stop": 1116, "hours": 6, "update_seconds": 0.2519121803343296, "prediction_seconds": 0.013289270922541618, "rmse": 0.4715150454986464, "nll": 0.7232767324022208, "coverage90": 0.9666666666666667, "mean_predictive_std": 0.6147642826213126}
{"block_id": 114, "block_start": 1116, "block_stop": 1126, "hours": 10, "update_seconds": 0.4195832181721926, "prediction_seconds": 0.02226749248802662, "rmse": 0.6548190270012643, "nll": 0.9647161094812824, "coverage90": 0.8765, "mean_predictive_std": 0.6186105063900311}
{"block_id": 115, "block_start": 1126, "block_stop": 1136, "hours": 10, "update_seconds": 0.42186103388667107, "prediction_seconds": 0.02251334674656391, "rmse": 0.7040507566280639, "nll": 1.0955606243190137, "coverage90": 0.842, "mean_predictive_std": 0.6172551565546303}
{"block_id": 116, "block_start": 1136, "block_stop": 1146, "hours": 10, "update_seconds": 0.41791426576673985, "prediction_seconds": 0.02242646925151348, "rmse": 0.4876185964062001, "nll": 0.7375273166635711, "coverage90": 0.983, "mean_predictive_std": 0.6159520299778762}
{"block_id": 117, "block_start": 1146, "block_stop": 1156, "hours": 10, "update_seconds": 0.4244510494172573, "prediction_seconds": 0.022166220471262932, "rmse": 0.7118251774400175, "nll": 1.0914856647029727, "coverage90": 0.845, "mean_predictive_std": 0.6155382971396031}
{"block_id": 118, "block_start": 1156, "block_stop": 1166, "hours": 10, "update_seconds": 0.4179855231195688, "prediction_seconds": 0.022237712517380714, "rmse": 0.6440758899770479, "nll": 0.9521558376465995, "coverage90": 0.8775, "mean_predictive_std": 0.6160270875514231}
{"block_id": 119, "block_start": 1166, "block_stop": 1176, "hours": 10, "update_seconds": 0.39103018306195736, "prediction_seconds": 0.022752294316887856, "rmse": 0.9970817720377408, "nll": 1.695024546504484, "coverage90": 0.646, "mean_predictive_std": 0.6171772180522773}
{"block_id": 120, "block_start": 1176, "block_stop": 1186, "hours": 10, "update_seconds": 0.4162795804440975, "prediction_seconds": 0.022113334387540817, "rmse": 0.9891803637359787, "nll": 1.665351499141078, "coverage90": 0.691, "mean_predictive_std": 0.6183681083734525}
{"block_id": 121, "block_start": 1186, "block_stop": 1196, "hours": 10, "update_seconds": 0.422196002677083, "prediction_seconds": 0.02266237512230873, "rmse": 0.8932216660214575, "nll": 1.443794612396816, "coverage90": 0.73, "mean_predictive_std": 0.6175884555224592}
{"block_id": 122, "block_start": 1196, "block_stop": 1206, "hours": 10, "update_seconds": 0.4181401077657938, "prediction_seconds": 0.022994140163064003, "rmse": 1.6828751321517748, "nll": 4.09856603010933, "coverage90": 0.2455, "mean_predictive_std": 0.6198488912121729}
{"block_id": 123, "block_start": 1206, "block_stop": 1216, "hours": 10, "update_seconds": 0.3193105813115835, "prediction_seconds": 0.022127266973257065, "rmse": 0.8953361321188953, "nll": 1.4434945035738678, "coverage90": 0.732, "mean_predictive_std": 0.6194543053133055}
{"block_id": 124, "block_start": 1216, "block_stop": 1226, "hours": 10, "update_seconds": 0.3167755510658026, "prediction_seconds": 0.022422417998313904, "rmse": 0.6602631034980332, "nll": 0.9844685477925559, "coverage90": 0.876, "mean_predictive_std": 0.6201018774360912}
{"block_id": 125, "block_start": 1226, "block_stop": 1236, "hours": 10, "update_seconds": 0.33744739927351475, "prediction_seconds": 0.02222314663231373, "rmse": 0.6157472879215975, "nll": 0.914526623903844, "coverage90": 0.8865, "mean_predictive_std": 0.6196933183950121}
{"block_id": 126, "block_start": 1236, "block_stop": 1246, "hours": 10, "update_seconds": 0.36864987574517727, "prediction_seconds": 0.02193881943821907, "rmse": 1.0272600189682102, "nll": 1.763241194848459, "coverage90": 0.6415, "mean_predictive_std": 0.619040928625813}
{"block_id": 127, "block_start": 1246, "block_stop": 1256, "hours": 10, "update_seconds": 0.3724968936294317, "prediction_seconds": 0.022004568949341774, "rmse": 1.201773377355055, "nll": 2.269014098505924, "coverage90": 0.554, "mean_predictive_std": 0.6192031171657437}
{"block_id": 128, "block_start": 1256, "block_stop": 1266, "hours": 10, "update_seconds": 0.3761905189603567, "prediction_seconds": 0.022026067599654198, "rmse": 0.8333847565350555, "nll": 1.340104323326683, "coverage90": 0.743, "mean_predictive_std": 0.6178961297400433}
{"block_id": 129, "block_start": 1266, "block_stop": 1276, "hours": 10, "update_seconds": 0.3518594577908516, "prediction_seconds": 0.021894974634051323, "rmse": 1.10112395840941, "nll": 2.0723234941465827, "coverage90": 0.656, "mean_predictive_std": 0.619903026593357}
{"block_id": 130, "block_start": 1276, "block_stop": 1286, "hours": 10, "update_seconds": 0.3149202708154917, "prediction_seconds": 0.02184964157640934, "rmse": 0.77100867738981, "nll": 1.1911320109835393, "coverage90": 0.8065, "mean_predictive_std": 0.6183181003102125}
{"block_id": 131, "block_start": 1286, "block_stop": 1296, "hours": 10, "update_seconds": 0.3395895566791296, "prediction_seconds": 0.02182462066411972, "rmse": 0.9597784056482899, "nll": 1.6369038615101594, "coverage90": 0.666, "mean_predictive_std": 0.6182392998897567}
{"block_id": 132, "block_start": 1296, "block_stop": 1302, "hours": 6, "update_seconds": 0.20185784809291363, "prediction_seconds": 0.013264136388897896, "rmse": 0.8970769220932499, "nll": 1.4584253666569724, "coverage90": 0.7541666666666667, "mean_predictive_std": 0.6154736641075391}
{"block_id": 133, "block_start": 1302, "block_stop": 1312, "hours": 10, "update_seconds": 0.326669592410326, "prediction_seconds": 0.021913204342126846, "rmse": 0.5961860222227885, "nll": 0.9132206835405096, "coverage90": 0.9175, "mean_predictive_std": 0.6184045631015234}
{"block_id": 134, "block_start": 1312, "block_stop": 1322, "hours": 10, "update_seconds": 0.3507934845983982, "prediction_seconds": 0.021812500432133675, "rmse": 0.6651604145167139, "nll": 1.0165959607327357, "coverage90": 0.8805, "mean_predictive_std": 0.6201831517878407}
{"block_id": 135, "block_start": 1322, "block_stop": 1332, "hours": 10, "update_seconds": 0.3307036105543375, "prediction_seconds": 0.021856674924492836, "rmse": 0.6807123697464708, "nll": 1.0915073161191444, "coverage90": 0.859, "mean_predictive_std": 0.6203062485946268}
{"block_id": 136, "block_start": 1332, "block_stop": 1342, "hours": 10, "update_seconds": 0.3251524083316326, "prediction_seconds": 0.022015606984496117, "rmse": 0.5626456600896692, "nll": 0.8647365778165388, "coverage90": 0.934, "mean_predictive_std": 0.6195254899573542}
{"block_id": 137, "block_start": 1342, "block_stop": 1352, "hours": 10, "update_seconds": 0.3480395916849375, "prediction_seconds": 0.021911635994911194, "rmse": 0.6385742549169305, "nll": 1.0027977266523742, "coverage90": 0.8625, "mean_predictive_std": 0.6176773632252517}
{"block_id": 138, "block_start": 1352, "block_stop": 1362, "hours": 10, "update_seconds": 0.38586584478616714, "prediction_seconds": 0.021877752617001534, "rmse": 0.7486336881105827, "nll": 1.2305458933814128, "coverage90": 0.812, "mean_predictive_std": 0.6190948483872404}
{"block_id": 139, "block_start": 1362, "block_stop": 1372, "hours": 10, "update_seconds": 0.3251586202532053, "prediction_seconds": 0.021822642534971237, "rmse": 0.746330627294749, "nll": 1.1546606396150296, "coverage90": 0.812, "mean_predictive_std": 0.6173300971607212}
{"block_id": 140, "block_start": 1372, "block_stop": 1382, "hours": 10, "update_seconds": 0.33478448167443275, "prediction_seconds": 0.021876538172364235, "rmse": 0.608713411777608, "nll": 0.9091208399116508, "coverage90": 0.9245, "mean_predictive_std": 0.618374053610644}
{"block_id": 141, "block_start": 1382, "block_stop": 1392, "hours": 10, "update_seconds": 0.39008110389113426, "prediction_seconds": 0.021932439878582954, "rmse": 0.8519050591969557, "nll": 1.3811910761638613, "coverage90": 0.754, "mean_predictive_std": 0.6192476843394861}
{"block_id": 142, "block_start": 1392, "block_stop": 1402, "hours": 10, "update_seconds": 0.33438861556351185, "prediction_seconds": 0.02185223065316677, "rmse": 0.790404827491045, "nll": 1.2640635958360704, "coverage90": 0.8195, "mean_predictive_std": 0.6182753408848508}
{"block_id": 143, "block_start": 1402, "block_stop": 1412, "hours": 10, "update_seconds": 0.35008054971694946, "prediction_seconds": 0.021942241117358208, "rmse": 0.7076349641709091, "nll": 1.1423344616465811, "coverage90": 0.8595, "mean_predictive_std": 0.6175128241906157}
{"block_id": 144, "block_start": 1412, "block_stop": 1422, "hours": 10, "update_seconds": 0.3482950497418642, "prediction_seconds": 0.021921494975686073, "rmse": 0.5940894731379988, "nll": 0.9116758434007907, "coverage90": 0.925, "mean_predictive_std": 0.6176983338503169}
{"block_id": 145, "block_start": 1422, "block_stop": 1432, "hours": 10, "update_seconds": 0.35277331061661243, "prediction_seconds": 0.02185184881091118, "rmse": 0.7893499612126262, "nll": 1.318277961463228, "coverage90": 0.754, "mean_predictive_std": 0.6181838071363178}
{"block_id": 146, "block_start": 1432, "block_stop": 1442, "hours": 10, "update_seconds": 0.34819080121815205, "prediction_seconds": 0.021816682070493698, "rmse": 0.524368251037824, "nll": 0.8095655476445199, "coverage90": 0.9505, "mean_predictive_std": 0.6173488710975727}
{"block_id": 147, "block_start": 1442, "block_stop": 1452, "hours": 10, "update_seconds": 0.33188775181770325, "prediction_seconds": 0.021903105080127716, "rmse": 0.5739443894006183, "nll": 0.8994932108338357, "coverage90": 0.915, "mean_predictive_std": 0.6166916532277631}
{"block_id": 148, "block_start": 1452, "block_stop": 1462, "hours": 10, "update_seconds": 0.339396758005023, "prediction_seconds": 0.02185468003153801, "rmse": 0.6297300058055465, "nll": 0.9683295708000879, "coverage90": 0.9135, "mean_predictive_std": 0.616928783194665}
{"block_id": 149, "block_start": 1462, "block_stop": 1472, "hours": 10, "update_seconds": 0.3397734332829714, "prediction_seconds": 0.0219102930277586, "rmse": 0.8179889568426775, "nll": 1.3399122701361414, "coverage90": 0.7445, "mean_predictive_std": 0.617871251563111}
{"block_id": 150, "block_start": 1472, "block_stop": 1482, "hours": 10, "update_seconds": 0.3487287163734436, "prediction_seconds": 0.021794328466057777, "rmse": 0.8836252138060946, "nll": 1.5207517255267153, "coverage90": 0.6435, "mean_predictive_std": 0.6191816615786547}
{"block_id": 151, "block_start": 1482, "block_stop": 1488, "hours": 6, "update_seconds": 0.2049416471272707, "prediction_seconds": 0.013207696378231049, "rmse": 0.6046917692071834, "nll": 0.9262129222523108, "coverage90": 0.8716666666666667, "mean_predictive_std": 0.6140042590339654}
{"block_id": 152, "block_start": 1488, "block_stop": 1498, "hours": 10, "update_seconds": 0.3425257299095392, "prediction_seconds": 0.02181464433670044, "rmse": 0.5261045168440749, "nll": 0.7976405093514427, "coverage90": 0.9455, "mean_predictive_std": 0.6192995840092842}
{"block_id": 153, "block_start": 1498, "block_stop": 1508, "hours": 10, "update_seconds": 0.3378117997199297, "prediction_seconds": 0.02190331555902958, "rmse": 0.5343539658302999, "nll": 0.8147186650232731, "coverage90": 0.9285, "mean_predictive_std": 0.618243348972715}
{"block_id": 154, "block_start": 1508, "block_stop": 1518, "hours": 10, "update_seconds": 0.3387730438262224, "prediction_seconds": 0.021834716200828552, "rmse": 0.5153972369431943, "nll": 0.7768216413034424, "coverage90": 0.9575, "mean_predictive_std": 0.6162918742055967}
{"block_id": 155, "block_start": 1518, "block_stop": 1528, "hours": 10, "update_seconds": 0.3384409621357918, "prediction_seconds": 0.021817270666360855, "rmse": 0.5525241907293436, "nll": 0.8245540651934471, "coverage90": 0.934, "mean_predictive_std": 0.6153189423707126}
{"block_id": 156, "block_start": 1528, "block_stop": 1538, "hours": 10, "update_seconds": 0.34333454072475433, "prediction_seconds": 0.022032834589481354, "rmse": 0.7005493549849965, "nll": 1.0819312849554368, "coverage90": 0.8425, "mean_predictive_std": 0.6130247824156355}
{"block_id": 157, "block_start": 1538, "block_stop": 1548, "hours": 10, "update_seconds": 0.338145911693573, "prediction_seconds": 0.021898241713643074, "rmse": 0.6820147304910261, "nll": 1.0668420305700368, "coverage90": 0.8545, "mean_predictive_std": 0.6125021386175791}
{"block_id": 158, "block_start": 1548, "block_stop": 1558, "hours": 10, "update_seconds": 0.34208327159285545, "prediction_seconds": 0.0218154676258564, "rmse": 0.7648016392249631, "nll": 1.1717173919422275, "coverage90": 0.835, "mean_predictive_std": 0.6132519051694735}
{"block_id": 159, "block_start": 1558, "block_stop": 1568, "hours": 10, "update_seconds": 0.35353510826826096, "prediction_seconds": 0.021905941888689995, "rmse": 0.8975708317157176, "nll": 1.4255237669981025, "coverage90": 0.7445, "mean_predictive_std": 0.6149888607311179}
{"block_id": 160, "block_start": 1568, "block_stop": 1578, "hours": 10, "update_seconds": 0.341100363060832, "prediction_seconds": 0.021944917738437653, "rmse": 0.5631106547604282, "nll": 0.8531757168590006, "coverage90": 0.948, "mean_predictive_std": 0.6150222284810289}
{"block_id": 161, "block_start": 1578, "block_stop": 1588, "hours": 10, "update_seconds": 0.3387883957475424, "prediction_seconds": 0.021867359057068825, "rmse": 0.5356070439091921, "nll": 0.7996395752657652, "coverage90": 0.949, "mean_predictive_std": 0.6129947167722496}
{"block_id": 162, "block_start": 1588, "block_stop": 1598, "hours": 10, "update_seconds": 0.3363891914486885, "prediction_seconds": 0.0218952689319849, "rmse": 0.46249604889105694, "nll": 0.721264891986531, "coverage90": 0.9755, "mean_predictive_std": 0.613867064676414}
{"block_id": 163, "block_start": 1598, "block_stop": 1608, "hours": 10, "update_seconds": 0.3380293119698763, "prediction_seconds": 0.021968208253383636, "rmse": 0.6274209453572961, "nll": 0.9284667285929178, "coverage90": 0.908, "mean_predictive_std": 0.6135484895297286}
{"block_id": 164, "block_start": 1608, "block_stop": 1618, "hours": 10, "update_seconds": 0.3400127273052931, "prediction_seconds": 0.021896785125136375, "rmse": 0.6388733798000056, "nll": 1.0020549943590822, "coverage90": 0.871, "mean_predictive_std": 0.6141470347452112}
{"block_id": 165, "block_start": 1618, "block_stop": 1628, "hours": 10, "update_seconds": 0.36187647841870785, "prediction_seconds": 0.02223457396030426, "rmse": 0.6791885559996391, "nll": 1.088996034710552, "coverage90": 0.8405, "mean_predictive_std": 0.6136006982918968}
{"block_id": 166, "block_start": 1628, "block_stop": 1638, "hours": 10, "update_seconds": 0.34563773684203625, "prediction_seconds": 0.022009752690792084, "rmse": 0.6680454133209536, "nll": 1.040896512276924, "coverage90": 0.8495, "mean_predictive_std": 0.6139727909815936}
{"block_id": 167, "block_start": 1638, "block_stop": 1648, "hours": 10, "update_seconds": 0.35236028023064137, "prediction_seconds": 0.021967347711324692, "rmse": 0.8187166148923042, "nll": 1.3613052340462277, "coverage90": 0.7155, "mean_predictive_std": 0.6156495981614096}
{"block_id": 168, "block_start": 1648, "block_stop": 1658, "hours": 10, "update_seconds": 0.3742684777826071, "prediction_seconds": 0.0218368973582983, "rmse": 0.7919107215160738, "nll": 1.2532283004758071, "coverage90": 0.7995, "mean_predictive_std": 0.6167898675795368}
{"block_id": 169, "block_start": 1658, "block_stop": 1668, "hours": 10, "update_seconds": 0.3631782867014408, "prediction_seconds": 0.02238401770591736, "rmse": 0.6941886160325345, "nll": 1.090854289796618, "coverage90": 0.878, "mean_predictive_std": 0.6149839294610954}
{"block_id": 170, "block_start": 1668, "block_stop": 1674, "hours": 6, "update_seconds": 0.2521796450018883, "prediction_seconds": 0.013543743640184402, "rmse": 0.6436973446845715, "nll": 1.0078047285459213, "coverage90": 0.8891666666666667, "mean_predictive_std": 0.6121558110764362}
{
  "implementation": "official HIPPOOSVGP multidimensional class with thin ERA5 wrapper",
  "source_repository": "https://github.com/harrisonzhu508/HIPPOSVGP",
  "source_commit": "a1bff1b",
  "protocol": "strict online; new-block-only labels; no history replay",
  "target_mode": "Task-1 fixed X-lag residual, evaluated on original y",
  "kernel": "official squared-exponential RFF kernel",
  "hyperparameters": "Route-B Task-1 empirical-Bayes theta mapped to SE and frozen",
  "optimizer": "Adam on official variational mv/Lv only",
  "microbatch_policy": "time-sorted observations; every label used once per update step",
  "split_seed": 1,
  "num_stream_times": 1674,
  "num_blocks": 171,
  "num_train_space": 800,
  "num_test_space": 200,
  "inducing_size": 32,
  "rff_sample_size": 128,
  "hippo_max_length": 133921,
  "overall_current_block": {
    "rmse": 0.7227408429627192,
    "nll": 1.117608488137116,
    "coverage90": 0.8476732377538829,
    "mean_predictive_std": 0.6205041425174722
  },
  "final_block": {
    "rmse": 0.6436973446845715,
    "nll": 1.0078047285459213,
    "coverage90": 0.8891666666666667,
    "mean_predictive_std": 0.6121558110764362
  },
  "timing": {
    "stream_update_seconds": 66.42874133773148,
    "stream_prediction_seconds": 3.7511314526200294,
    "mean_block_update_seconds": 0.38847217156568115,
    "mean_block_prediction_seconds": 0.021936441243391985,
    "first_block_update_seconds": 1.2475724462419748,
    "mean_steady_state_block_update_seconds": 0.38341864053817354,
    "process_total_seconds": 85.85951909795403
  },
  "resources": {
    "device": "cuda",
    "dtype": "float64",
    "peak_rss_mib": 2731.609375,
    "torch": "2.5.1+cu121",
    "torch_cuda_build": "12.1",
    "cuda_available": true,
    "gpu_name": "NVIDIA GeForce RTX 4090",
    "gpu_compute_capability": [
      8,
      9
    ],
    "gpu_total_memory_mib": 48508.0625,
    "peak_cuda_allocated_mib": 1132.3955078125,
    "peak_cuda_reserved_mib": 1140.0,
    "persistent_state_bytes": 85248,
    "persistent_state_mib": 0.081298828125,
    "history_replay_buffer_bytes": 0,
    "estimated_streaming_flops": 52139519999.99644,
    "flops_scope": "dense Kff Cholesky and Kff/Kfu products; analytic lower-order estimate"
  },
  "environment": {
    "hostname": "autodl-container-qkb5g0ybu5-f51eca91",
    "platform": "Linux-5.15.0-78-generic-x86_64-with-glibc2.35",
    "python": "3.11.15",
    "processor": "x86_64",
    "pid": 299016,
    "git": {
      "commit": "81800a1462d35357a43151857230c6fe5bfcb852",
      "branch": "",
      "dirty": true
    }
  },
  "args": {
    "protocol_npz": "/root/autodl-tmp/iclr_era5_a100_protocol_autodl_4090_capacity_ladder_20260820T023000Z/protocol/task1_10/seed1/protocol.npz",
    "theta_json": "/root/autodl-tmp/iclr_era5_a100_protocol_autodl_4090_capacity_ladder_20260820T023000Z/calibration/routeb_joint_inducing_points/seed1/result.json",
    "output": "/root/autodl-tmp/iclr_era5_a100_protocol_autodl_4090_capacity_ladder_20260820T023000Z/runs/task1_10/online/official_ohsvgp_m32_rff128/seed1/result.json",
    "blockwise_output": "/root/autodl-tmp/iclr_era5_a100_protocol_autodl_4090_capacity_ladder_20260820T023000Z/runs/task1_10/online/official_ohsvgp_m32_rff128/seed1/blocks.csv",
    "predictions_output": "/root/autodl-tmp/iclr_era5_a100_protocol_autodl_4090_capacity_ladder_20260820T023000Z/runs/task1_10/online/official_ohsvgp_m32_rff128/seed1/predictions.npz",
    "inducing_size": 32,
    "rff_sample_size": 128,
    "microbatch_size": 200,
    "subsampling_lag": 10,
    "update_steps": 1,
    "learning_rate": 0.001,
    "prediction_chunk_size": 200,
    "max_blocks": 0,
    "seed": 1,
    "device": "cuda",
    "dtype": "float64"
  }
}
