job=array-23
argv=/root/autodl-tmp/stvgp_envs/maddox/bin/python scripts/run_official_maddox_streaming_sgpr_era5.py --protocol-npz /root/autodl-tmp/iclr_era5_a100_protocol_autodl_4090_capacity_ladder_20260820T023000Z/protocol/task1_10/seed4/protocol.npz --theta-json /root/autodl-tmp/iclr_era5_a100_protocol_autodl_4090_capacity_ladder_20260820T023000Z/calibration/routeb_joint_inducing_points/seed4/result.json --output /root/autodl-tmp/iclr_era5_a100_protocol_autodl_4090_capacity_ladder_20260820T023000Z/runs/task1_10/online/maddox_streaming_sgpr_mt2_ms64/seed4/result.json --blockwise-output /root/autodl-tmp/iclr_era5_a100_protocol_autodl_4090_capacity_ladder_20260820T023000Z/runs/task1_10/online/maddox_streaming_sgpr_mt2_ms64/seed4/blocks.csv --predictions-output /root/autodl-tmp/iclr_era5_a100_protocol_autodl_4090_capacity_ladder_20260820T023000Z/runs/task1_10/online/maddox_streaming_sgpr_mt2_ms64/seed4/predictions.npz --mt 2 --ms 64 --jitter 0.0001 --resample-ratio 0.2 --seed 4 --device cuda --dtype float64
/root/autodl-tmp/stvgp_envs/maddox/lib/python3.10/site-packages/linear_operator/utils/cholesky.py:40: NumericalWarning: A not p.d., added jitter of 1.0e-04 to the diagonal
  warnings.warn(
{"block_id": 0, "block_start": 0, "block_stop": 10, "hours": 10, "update_seconds": 0.12314270995557308, "prediction_seconds": 0.006813336163759232, "rmse": 0.28909551586468923, "nll": 0.5150851017410789, "coverage90": 0.931, "mean_predictive_std": 0.49781508068203184}
{"block_id": 1, "block_start": 10, "block_stop": 20, "hours": 10, "update_seconds": 0.03129393979907036, "prediction_seconds": 0.00609862245619297, "rmse": 0.23986457876086775, "nll": 0.2624921671292243, "coverage90": 0.985, "mean_predictive_std": 0.4635728880926868}
{"block_id": 2, "block_start": 20, "block_stop": 30, "hours": 10, "update_seconds": 0.02095772698521614, "prediction_seconds": 0.006103305146098137, "rmse": 0.2804367244293668, "nll": 0.2864410731135784, "coverage90": 0.971, "mean_predictive_std": 0.4348500983643609}
{"block_id": 3, "block_start": 30, "block_stop": 40, "hours": 10, "update_seconds": 0.020916230976581573, "prediction_seconds": 0.006096456199884415, "rmse": 0.2988911551148955, "nll": 0.32350528661700334, "coverage90": 0.96, "mean_predictive_std": 0.43430382952723096}
{"block_id": 4, "block_start": 40, "block_stop": 50, "hours": 10, "update_seconds": 0.021089136600494385, "prediction_seconds": 0.006094861775636673, "rmse": 0.27979083073019556, "nll": 0.4027189106870411, "coverage90": 0.9795, "mean_predictive_std": 0.454967798173676}
{"block_id": 5, "block_start": 50, "block_stop": 60, "hours": 10, "update_seconds": 0.02216995321214199, "prediction_seconds": 0.006132885813713074, "rmse": 0.20486935597728737, "nll": 0.14141121153072672, "coverage90": 0.984, "mean_predictive_std": 0.4016895577896212}
{"block_id": 6, "block_start": 60, "block_stop": 70, "hours": 10, "update_seconds": 0.024079203605651855, "prediction_seconds": 0.006126401945948601, "rmse": 0.1863322938031758, "nll": 0.11642998429934708, "coverage90": 0.992, "mean_predictive_std": 0.4140656546385103}
{"block_id": 7, "block_start": 70, "block_stop": 80, "hours": 10, "update_seconds": 0.024841060861945152, "prediction_seconds": 0.006179280579090118, "rmse": 0.21546597249941313, "nll": 0.21447356816654445, "coverage90": 0.9825, "mean_predictive_std": 0.4369520406174682}
{"block_id": 8, "block_start": 80, "block_stop": 90, "hours": 10, "update_seconds": 0.0211072638630867, "prediction_seconds": 0.0060629043728113174, "rmse": 0.23398745388178852, "nll": 0.1826537721172329, "coverage90": 0.9675, "mean_predictive_std": 0.4075673103586056}
{"block_id": 9, "block_start": 90, "block_stop": 100, "hours": 10, "update_seconds": 0.021274739876389503, "prediction_seconds": 0.00613531656563282, "rmse": 0.22187835988458204, "nll": 0.1837616098172958, "coverage90": 0.9865, "mean_predictive_std": 0.43471823017567046}
{"block_id": 10, "block_start": 100, "block_stop": 110, "hours": 10, "update_seconds": 0.020959926769137383, "prediction_seconds": 0.006076522171497345, "rmse": 0.2673598711609161, "nll": 0.2128194834363912, "coverage90": 0.982, "mean_predictive_std": 0.42547284830780985}
{"block_id": 11, "block_start": 110, "block_stop": 120, "hours": 10, "update_seconds": 0.021041899919509888, "prediction_seconds": 0.007188465446233749, "rmse": 0.3287082193407786, "nll": 0.4051695113079268, "coverage90": 0.9505, "mean_predictive_std": 0.432030270948067}
{"block_id": 12, "block_start": 120, "block_stop": 130, "hours": 10, "update_seconds": 0.020999688655138016, "prediction_seconds": 0.0060862209647893906, "rmse": 0.35868530775603374, "nll": 0.4254433596677939, "coverage90": 0.939, "mean_predictive_std": 0.44527134002891045}
{"block_id": 13, "block_start": 130, "block_stop": 140, "hours": 10, "update_seconds": 0.026320168748497963, "prediction_seconds": 0.006361406296491623, "rmse": 0.24651728370836334, "nll": 0.19418777837375412, "coverage90": 0.973, "mean_predictive_std": 0.401670953141639}
{"block_id": 14, "block_start": 140, "block_stop": 150, "hours": 10, "update_seconds": 0.021891020238399506, "prediction_seconds": 0.0062931980937719345, "rmse": 0.2608226468616799, "nll": 0.21655703647640198, "coverage90": 0.9775, "mean_predictive_std": 0.40958409266735646}
{"block_id": 15, "block_start": 150, "block_stop": 160, "hours": 10, "update_seconds": 0.022165127098560333, "prediction_seconds": 0.006262410432100296, "rmse": 0.31091673705052186, "nll": 0.32094788531460683, "coverage90": 0.9665, "mean_predictive_std": 0.4442565344322434}
{"block_id": 16, "block_start": 160, "block_stop": 170, "hours": 10, "update_seconds": 0.021982373669743538, "prediction_seconds": 0.006238652393221855, "rmse": 0.2881681166946048, "nll": 0.35186907802346945, "coverage90": 0.965, "mean_predictive_std": 0.45374997464748273}
{"block_id": 17, "block_start": 170, "block_stop": 180, "hours": 10, "update_seconds": 0.026271536946296692, "prediction_seconds": 0.006209377199411392, "rmse": 0.25149648726160356, "nll": 0.1694834981532107, "coverage90": 0.9805, "mean_predictive_std": 0.4004272802720414}
{"block_id": 18, "block_start": 180, "block_stop": 186, "hours": 6, "update_seconds": 0.02153872326016426, "prediction_seconds": 0.005633583292365074, "rmse": 0.22220812713039953, "nll": 0.07744736817970993, "coverage90": 0.9808333333333333, "mean_predictive_std": 0.37735726965949085}
{"block_id": 19, "block_start": 186, "block_stop": 196, "hours": 10, "update_seconds": 0.021862709894776344, "prediction_seconds": 0.006351111456751823, "rmse": 0.33816163596085524, "nll": 0.3812167238215478, "coverage90": 0.946, "mean_predictive_std": 0.4252996215218725}
{"block_id": 20, "block_start": 196, "block_stop": 206, "hours": 10, "update_seconds": 0.02212747000157833, "prediction_seconds": 0.006243254989385605, "rmse": 0.2780056944438545, "nll": 0.23787922354234645, "coverage90": 0.9695, "mean_predictive_std": 0.41564783196076144}
{"block_id": 21, "block_start": 206, "block_stop": 216, "hours": 10, "update_seconds": 0.021630896255373955, "prediction_seconds": 0.0065461620688438416, "rmse": 0.2729336931123816, "nll": 0.23913357519005973, "coverage90": 0.965, "mean_predictive_std": 0.4043945863716119}
{"block_id": 22, "block_start": 216, "block_stop": 226, "hours": 10, "update_seconds": 0.022222841158509254, "prediction_seconds": 0.006321968510746956, "rmse": 0.29118883208342705, "nll": 0.289077579514313, "coverage90": 0.961, "mean_predictive_std": 0.41010789048793606}
{"block_id": 23, "block_start": 226, "block_stop": 236, "hours": 10, "update_seconds": 0.02199874445796013, "prediction_seconds": 0.006243487820029259, "rmse": 0.3200516317012372, "nll": 0.38192759345608845, "coverage90": 0.95, "mean_predictive_std": 0.44007707661419077}
{"block_id": 24, "block_start": 236, "block_stop": 246, "hours": 10, "update_seconds": 0.02632654830813408, "prediction_seconds": 0.0062766894698143005, "rmse": 0.29326549389273804, "nll": 0.28541985264276837, "coverage90": 0.9655, "mean_predictive_std": 0.4120505797498146}
{"block_id": 25, "block_start": 246, "block_stop": 256, "hours": 10, "update_seconds": 0.02213534526526928, "prediction_seconds": 0.006170744076371193, "rmse": 0.3716683142473362, "nll": 0.6164435298011098, "coverage90": 0.8875, "mean_predictive_std": 0.40439416580754856}
{"block_id": 26, "block_start": 256, "block_stop": 266, "hours": 10, "update_seconds": 0.021649301052093506, "prediction_seconds": 0.006216252222657204, "rmse": 0.39640995411928365, "nll": 0.6261292566514116, "coverage90": 0.9155, "mean_predictive_std": 0.4348259571647767}
{"block_id": 27, "block_start": 266, "block_stop": 276, "hours": 10, "update_seconds": 0.022013943642377853, "prediction_seconds": 0.006182486191391945, "rmse": 0.3016166852422486, "nll": 0.3552073746537008, "coverage90": 0.955, "mean_predictive_std": 0.42430217898159744}
{"block_id": 28, "block_start": 276, "block_stop": 286, "hours": 10, "update_seconds": 0.021533215418457985, "prediction_seconds": 0.0062655918300151825, "rmse": 0.28049141254466964, "nll": 0.33795156826008316, "coverage90": 0.967, "mean_predictive_std": 0.4213296769387567}
{"block_id": 29, "block_start": 286, "block_stop": 296, "hours": 10, "update_seconds": 0.021631553769111633, "prediction_seconds": 0.0063064806163311005, "rmse": 0.20131954991015374, "nll": 0.17870145461978992, "coverage90": 0.98, "mean_predictive_std": 0.42334256209858767}
{"block_id": 30, "block_start": 296, "block_stop": 306, "hours": 10, "update_seconds": 0.025311872363090515, "prediction_seconds": 0.006188414990901947, "rmse": 0.21249147612425265, "nll": 0.1621948219434226, "coverage90": 0.9865, "mean_predictive_std": 0.4205945751037555}
{"block_id": 31, "block_start": 306, "block_stop": 316, "hours": 10, "update_seconds": 0.021864043548703194, "prediction_seconds": 0.006216028705239296, "rmse": 0.2531492775759272, "nll": 0.24383786962532564, "coverage90": 0.962, "mean_predictive_std": 0.40907232932134113}
{"block_id": 32, "block_start": 316, "block_stop": 326, "hours": 10, "update_seconds": 0.021538283675909042, "prediction_seconds": 0.006268119439482689, "rmse": 0.18008391458857187, "nll": 0.16729911681386783, "coverage90": 0.996, "mean_predictive_std": 0.44991393061182716}
{"block_id": 33, "block_start": 326, "block_stop": 336, "hours": 10, "update_seconds": 0.02160303294658661, "prediction_seconds": 0.006205467507243156, "rmse": 0.19959750084925051, "nll": 0.180793589679066, "coverage90": 0.994, "mean_predictive_std": 0.4509549855546818}
{"block_id": 34, "block_start": 336, "block_stop": 346, "hours": 10, "update_seconds": 0.021655991673469543, "prediction_seconds": 0.00626826286315918, "rmse": 0.17922029610113274, "nll": 0.11003686742560582, "coverage90": 0.9935, "mean_predictive_std": 0.4203439829926979}
{"block_id": 35, "block_start": 346, "block_stop": 356, "hours": 10, "update_seconds": 0.0228340495377779, "prediction_seconds": 0.006221991032361984, "rmse": 0.22692011908820348, "nll": 0.21482375981497712, "coverage90": 0.973, "mean_predictive_std": 0.42478082779086074}
{"block_id": 36, "block_start": 356, "block_stop": 366, "hours": 10, "update_seconds": 0.02499181590974331, "prediction_seconds": 0.006269592791795731, "rmse": 0.2178134455407814, "nll": 0.21113943534046112, "coverage90": 0.9945, "mean_predictive_std": 0.4623141330480223}
{"block_id": 37, "block_start": 366, "block_stop": 372, "hours": 6, "update_seconds": 0.02139868773519993, "prediction_seconds": 0.005652202293276787, "rmse": 0.18707975237586985, "nll": -0.006373645772810133, "coverage90": 0.9883333333333333, "mean_predictive_std": 0.36746747085610354}
{"block_id": 38, "block_start": 372, "block_stop": 382, "hours": 10, "update_seconds": 0.021664364263415337, "prediction_seconds": 0.00625137984752655, "rmse": 0.22111726409220583, "nll": 0.2156189264932649, "coverage90": 0.98, "mean_predictive_std": 0.43285819584393753}
{"block_id": 39, "block_start": 382, "block_stop": 392, "hours": 10, "update_seconds": 0.021848781034350395, "prediction_seconds": 0.0062688738107681274, "rmse": 0.18880745128575988, "nll": 0.1644733124191085, "coverage90": 0.99, "mean_predictive_std": 0.43445170976441955}
{"block_id": 40, "block_start": 392, "block_stop": 402, "hours": 10, "update_seconds": 0.02165517956018448, "prediction_seconds": 0.006269361823797226, "rmse": 0.204133650955953, "nll": 0.1406923628445736, "coverage90": 0.9865, "mean_predictive_std": 0.4181958345788238}
{"block_id": 41, "block_start": 402, "block_stop": 412, "hours": 10, "update_seconds": 0.02872544340789318, "prediction_seconds": 0.006375068798661232, "rmse": 0.18760052553166962, "nll": 0.16108308088678047, "coverage90": 0.9925, "mean_predictive_std": 0.4364695016141473}
{"block_id": 42, "block_start": 412, "block_stop": 422, "hours": 10, "update_seconds": 0.02209039218723774, "prediction_seconds": 0.006257148459553719, "rmse": 0.20926181984354034, "nll": 0.1761915736452553, "coverage90": 0.989, "mean_predictive_std": 0.4444264303117089}
{"block_id": 43, "block_start": 422, "block_stop": 432, "hours": 10, "update_seconds": 0.022523054853081703, "prediction_seconds": 0.006211657077074051, "rmse": 0.44053371230782656, "nll": 0.4493470656177618, "coverage90": 0.9265, "mean_predictive_std": 0.4418919034013729}
{"block_id": 44, "block_start": 432, "block_stop": 442, "hours": 10, "update_seconds": 0.021627314388751984, "prediction_seconds": 0.006240779533982277, "rmse": 0.37400805337657544, "nll": 0.3858682429214939, "coverage90": 0.9345, "mean_predictive_std": 0.42865688164096993}
{"block_id": 45, "block_start": 442, "block_stop": 452, "hours": 10, "update_seconds": 0.022249644622206688, "prediction_seconds": 0.006232365965843201, "rmse": 0.3301042955080366, "nll": 0.4229828190572244, "coverage90": 0.946, "mean_predictive_std": 0.4259857134950279}
{"block_id": 46, "block_start": 452, "block_stop": 462, "hours": 10, "update_seconds": 0.021597208455204964, "prediction_seconds": 0.006208164617419243, "rmse": 0.29827758172686886, "nll": 0.2609117064114289, "coverage90": 0.9515, "mean_predictive_std": 0.40708784360768996}
{"block_id": 47, "block_start": 462, "block_stop": 472, "hours": 10, "update_seconds": 0.0220499150454998, "prediction_seconds": 0.006168020889163017, "rmse": 0.3236640544935465, "nll": 0.3806312784106227, "coverage90": 0.9535, "mean_predictive_std": 0.45122325784356104}
{"block_id": 48, "block_start": 472, "block_stop": 482, "hours": 10, "update_seconds": 0.023415908217430115, "prediction_seconds": 0.006234075874090195, "rmse": 0.38112709813289036, "nll": 0.4913528710454368, "coverage90": 0.9425, "mean_predictive_std": 0.4393070811313809}
{"block_id": 49, "block_start": 482, "block_stop": 492, "hours": 10, "update_seconds": 0.021085238084197044, "prediction_seconds": 0.00603177584707737, "rmse": 0.31996276216349, "nll": 0.35089838581953503, "coverage90": 0.9605, "mean_predictive_std": 0.4158395298736017}
{"block_id": 50, "block_start": 492, "block_stop": 502, "hours": 10, "update_seconds": 0.021305572241544724, "prediction_seconds": 0.006109319627285004, "rmse": 0.25473670371960994, "nll": 0.2352889543319216, "coverage90": 0.966, "mean_predictive_std": 0.4177919488064414}
{"block_id": 51, "block_start": 502, "block_stop": 512, "hours": 10, "update_seconds": 0.021377800032496452, "prediction_seconds": 0.006104849278926849, "rmse": 0.24888178972301145, "nll": 0.1948366939398613, "coverage90": 0.976, "mean_predictive_std": 0.41522207917177895}
{"block_id": 52, "block_start": 512, "block_stop": 522, "hours": 10, "update_seconds": 0.021170400083065033, "prediction_seconds": 0.006158655509352684, "rmse": 0.22438448342672312, "nll": 0.23245922547754386, "coverage90": 0.9855, "mean_predictive_std": 0.4359402958366143}
{"block_id": 53, "block_start": 522, "block_stop": 532, "hours": 10, "update_seconds": 0.023332182317972183, "prediction_seconds": 0.006345054134726524, "rmse": 0.21653515910141863, "nll": 0.2311532811554593, "coverage90": 0.981, "mean_predictive_std": 0.4432774442891636}
{"block_id": 54, "block_start": 532, "block_stop": 542, "hours": 10, "update_seconds": 0.025754937902092934, "prediction_seconds": 0.006300352513790131, "rmse": 0.18142654164547012, "nll": 0.11920947803314957, "coverage90": 0.99, "mean_predictive_std": 0.413535654202801}
{"block_id": 55, "block_start": 542, "block_stop": 552, "hours": 10, "update_seconds": 0.023163337260484695, "prediction_seconds": 0.006206979975104332, "rmse": 0.20930745545298754, "nll": 0.16567705485070547, "coverage90": 0.987, "mean_predictive_std": 0.4328130827731943}
{"block_id": 56, "block_start": 552, "block_stop": 558, "hours": 6, "update_seconds": 0.021936269477009773, "prediction_seconds": 0.005502413958311081, "rmse": 0.2122564546723781, "nll": 0.06203323482528398, "coverage90": 0.9875, "mean_predictive_std": 0.37765200962335094}
{"block_id": 57, "block_start": 558, "block_stop": 568, "hours": 10, "update_seconds": 0.021563958376646042, "prediction_seconds": 0.006184691563248634, "rmse": 0.233226218408445, "nll": 0.20637851446386946, "coverage90": 0.9845, "mean_predictive_std": 0.421482967728304}
{"block_id": 58, "block_start": 568, "block_stop": 578, "hours": 10, "update_seconds": 0.021597381681203842, "prediction_seconds": 0.0061807818710803986, "rmse": 0.24023875792040478, "nll": 0.25998084324325904, "coverage90": 0.983, "mean_predictive_std": 0.4389237203158951}
{"block_id": 59, "block_start": 578, "block_stop": 588, "hours": 10, "update_seconds": 0.021848220378160477, "prediction_seconds": 0.009706761687994003, "rmse": 0.21469601453801454, "nll": 0.17954685369825432, "coverage90": 0.9885, "mean_predictive_std": 0.43541733322895787}
{"block_id": 60, "block_start": 588, "block_stop": 598, "hours": 10, "update_seconds": 0.021562566980719566, "prediction_seconds": 0.006189025938510895, "rmse": 0.2408279244163778, "nll": 0.2200419545316272, "coverage90": 0.9825, "mean_predictive_std": 0.4262706391215944}
{"block_id": 61, "block_start": 598, "block_stop": 608, "hours": 10, "update_seconds": 0.021656831726431847, "prediction_seconds": 0.0062054917216300964, "rmse": 0.23900833335295688, "nll": 0.24951172782693085, "coverage90": 0.979, "mean_predictive_std": 0.4218649283888659}
{"block_id": 62, "block_start": 608, "block_stop": 618, "hours": 10, "update_seconds": 0.02184157259762287, "prediction_seconds": 0.0063033998012542725, "rmse": 0.22669407336201242, "nll": 0.21558577245252497, "coverage90": 0.987, "mean_predictive_std": 0.4338490789044178}
{"block_id": 63, "block_start": 618, "block_stop": 628, "hours": 10, "update_seconds": 0.021940656006336212, "prediction_seconds": 0.006556423380970955, "rmse": 0.33245565240812314, "nll": 0.40513481525323264, "coverage90": 0.9605, "mean_predictive_std": 0.45749059114396223}
{"block_id": 64, "block_start": 628, "block_stop": 638, "hours": 10, "update_seconds": 0.022831039503216743, "prediction_seconds": 0.006432207301259041, "rmse": 0.3515347450573029, "nll": 0.41700271135992006, "coverage90": 0.953, "mean_predictive_std": 0.4489297861687433}
{"block_id": 65, "block_start": 638, "block_stop": 648, "hours": 10, "update_seconds": 0.021538402885198593, "prediction_seconds": 0.006233472377061844, "rmse": 0.35382367712372126, "nll": 0.3721236168486116, "coverage90": 0.9485, "mean_predictive_std": 0.4300726844583915}
{"block_id": 66, "block_start": 648, "block_stop": 658, "hours": 10, "update_seconds": 0.021763719618320465, "prediction_seconds": 0.006232552230358124, "rmse": 0.25331969861759684, "nll": 0.23295028708421459, "coverage90": 0.9705, "mean_predictive_std": 0.42183531297418453}
{"block_id": 67, "block_start": 658, "block_stop": 668, "hours": 10, "update_seconds": 0.021621324121952057, "prediction_seconds": 0.006346018984913826, "rmse": 0.24147404107702847, "nll": 0.21196159533678907, "coverage90": 0.9875, "mean_predictive_std": 0.4269827121032483}
{"block_id": 68, "block_start": 668, "block_stop": 678, "hours": 10, "update_seconds": 0.022037232294678688, "prediction_seconds": 0.010822245851159096, "rmse": 0.24554686820998706, "nll": 0.23528661455726946, "coverage90": 0.9805, "mean_predictive_std": 0.43384891793896485}
{"block_id": 69, "block_start": 678, "block_stop": 688, "hours": 10, "update_seconds": 0.021557539701461792, "prediction_seconds": 0.006261015310883522, "rmse": 0.20519848063686652, "nll": 0.1709475810804994, "coverage90": 0.987, "mean_predictive_std": 0.4368939080224184}
{"block_id": 70, "block_start": 688, "block_stop": 698, "hours": 10, "update_seconds": 0.022074231877923012, "prediction_seconds": 0.006258102133870125, "rmse": 0.2868660614156973, "nll": 0.3827682126562722, "coverage90": 0.9545, "mean_predictive_std": 0.4391958666355017}
{"block_id": 71, "block_start": 698, "block_stop": 708, "hours": 10, "update_seconds": 0.02173498645424843, "prediction_seconds": 0.006245898082852364, "rmse": 0.2842810679098534, "nll": 0.27052345038540915, "coverage90": 0.978, "mean_predictive_std": 0.424701819843831}
{"block_id": 72, "block_start": 708, "block_stop": 718, "hours": 10, "update_seconds": 0.02214052528142929, "prediction_seconds": 0.006414823234081268, "rmse": 0.4828586111104259, "nll": 0.720756880485174, "coverage90": 0.88, "mean_predictive_std": 0.4118235558803211}
{"block_id": 73, "block_start": 718, "block_stop": 728, "hours": 10, "update_seconds": 0.021976053714752197, "prediction_seconds": 0.010857639834284782, "rmse": 0.3814924453979623, "nll": 0.44913036772518433, "coverage90": 0.9185, "mean_predictive_std": 0.4231052781175422}
{"block_id": 74, "block_start": 728, "block_stop": 738, "hours": 10, "update_seconds": 0.02200465090572834, "prediction_seconds": 0.0062983594834804535, "rmse": 0.33951128816235426, "nll": 0.43536608304002483, "coverage90": 0.942, "mean_predictive_std": 0.43841452184882634}
{"block_id": 75, "block_start": 738, "block_stop": 744, "hours": 6, "update_seconds": 0.021496981382369995, "prediction_seconds": 0.005515724420547485, "rmse": 0.276840854270609, "nll": 0.22250011846064396, "coverage90": 0.9583333333333334, "mean_predictive_std": 0.37388887944489607}
{"block_id": 76, "block_start": 744, "block_stop": 754, "hours": 10, "update_seconds": 0.021648351103067398, "prediction_seconds": 0.006232261657714844, "rmse": 0.2954860985946679, "nll": 0.37563090867465315, "coverage90": 0.9635, "mean_predictive_std": 0.43898356931694676}
{"block_id": 77, "block_start": 754, "block_stop": 764, "hours": 10, "update_seconds": 0.02233094722032547, "prediction_seconds": 0.006335536018013954, "rmse": 0.34094551203663853, "nll": 0.4548964670386159, "coverage90": 0.9495, "mean_predictive_std": 0.47334497622654426}
{"block_id": 78, "block_start": 764, "block_stop": 774, "hours": 10, "update_seconds": 0.021733427420258522, "prediction_seconds": 0.0062923673540353775, "rmse": 0.2837908805408473, "nll": 0.3038790545816307, "coverage90": 0.9775, "mean_predictive_std": 0.4457195308627131}
{"block_id": 79, "block_start": 774, "block_stop": 784, "hours": 10, "update_seconds": 0.026999516412615776, "prediction_seconds": 0.0063492730259895325, "rmse": 0.3901992097473101, "nll": 0.4970971009818963, "coverage90": 0.9285, "mean_predictive_std": 0.43723975656652114}
{"block_id": 80, "block_start": 784, "block_stop": 794, "hours": 10, "update_seconds": 0.022463086992502213, "prediction_seconds": 0.006172472611069679, "rmse": 0.4180880113123285, "nll": 0.6750892686331864, "coverage90": 0.899, "mean_predictive_std": 0.41843299568073883}
{"block_id": 81, "block_start": 794, "block_stop": 804, "hours": 10, "update_seconds": 0.021640146151185036, "prediction_seconds": 0.006231948733329773, "rmse": 0.3822917896642731, "nll": 0.5986689013952952, "coverage90": 0.9105, "mean_predictive_std": 0.42843263226401257}
{"block_id": 82, "block_start": 804, "block_stop": 814, "hours": 10, "update_seconds": 0.022039344534277916, "prediction_seconds": 0.006214583292603493, "rmse": 0.3852424581156533, "nll": 0.5483826471474271, "coverage90": 0.9075, "mean_predictive_std": 0.4292948374760282}
{"block_id": 83, "block_start": 814, "block_stop": 824, "hours": 10, "update_seconds": 0.021567896008491516, "prediction_seconds": 0.006178084760904312, "rmse": 0.3712429649417612, "nll": 0.45522066412742995, "coverage90": 0.8985, "mean_predictive_std": 0.40233058118514314}
{"block_id": 84, "block_start": 824, "block_stop": 834, "hours": 10, "update_seconds": 0.02173847332596779, "prediction_seconds": 0.006202017888426781, "rmse": 0.3577871429991153, "nll": 0.39528262186830937, "coverage90": 0.9305, "mean_predictive_std": 0.42820283807854453}
{"block_id": 85, "block_start": 834, "block_stop": 844, "hours": 10, "update_seconds": 0.025929750874638557, "prediction_seconds": 0.006210174411535263, "rmse": 0.31456143844397577, "nll": 0.35045998984612764, "coverage90": 0.9485, "mean_predictive_std": 0.41684696723521136}
{"block_id": 86, "block_start": 844, "block_stop": 854, "hours": 10, "update_seconds": 0.02143772877752781, "prediction_seconds": 0.0061991456896066666, "rmse": 0.3285689268006727, "nll": 0.38786221997158427, "coverage90": 0.936, "mean_predictive_std": 0.40615368018722486}
{"block_id": 87, "block_start": 854, "block_stop": 864, "hours": 10, "update_seconds": 0.022099539637565613, "prediction_seconds": 0.006238874047994614, "rmse": 0.3096697413373716, "nll": 0.38453412692982963, "coverage90": 0.952, "mean_predictive_std": 0.4100744682547005}
{"block_id": 88, "block_start": 864, "block_stop": 874, "hours": 10, "update_seconds": 0.02201073057949543, "prediction_seconds": 0.006193600594997406, "rmse": 0.31947456924909823, "nll": 0.44248340699595123, "coverage90": 0.9515, "mean_predictive_std": 0.4309371216995953}
{"block_id": 89, "block_start": 874, "block_stop": 884, "hours": 10, "update_seconds": 0.021706070750951767, "prediction_seconds": 0.006320534273982048, "rmse": 0.3349094569815742, "nll": 0.33935291924630046, "coverage90": 0.9525, "mean_predictive_std": 0.4296481316206591}
{"block_id": 90, "block_start": 884, "block_stop": 894, "hours": 10, "update_seconds": 0.021440118551254272, "prediction_seconds": 0.006207799538969994, "rmse": 0.2631379173900164, "nll": 0.2910751853327055, "coverage90": 0.973, "mean_predictive_std": 0.43360471187014493}
{"block_id": 91, "block_start": 894, "block_stop": 904, "hours": 10, "update_seconds": 0.02150624431669712, "prediction_seconds": 0.006324984133243561, "rmse": 0.24964509510815666, "nll": 0.29062082848892495, "coverage90": 0.973, "mean_predictive_std": 0.4364185207232316}
{"block_id": 92, "block_start": 904, "block_stop": 914, "hours": 10, "update_seconds": 0.023108607158064842, "prediction_seconds": 0.009437726810574532, "rmse": 0.23660013962361773, "nll": 0.22848330438408296, "coverage90": 0.9835, "mean_predictive_std": 0.42505788033218933}
{"block_id": 93, "block_start": 914, "block_stop": 924, "hours": 10, "update_seconds": 0.02157771587371826, "prediction_seconds": 0.006214966997504234, "rmse": 0.31604473667975075, "nll": 0.38981446375122936, "coverage90": 0.968, "mean_predictive_std": 0.46731167421659325}
{"block_id": 94, "block_start": 924, "block_stop": 930, "hours": 6, "update_seconds": 0.02117312327027321, "prediction_seconds": 0.005478492006659508, "rmse": 0.3716277466885173, "nll": 0.5264306781739145, "coverage90": 0.8866666666666667, "mean_predictive_std": 0.3684034539193407}
{"block_id": 95, "block_start": 930, "block_stop": 940, "hours": 10, "update_seconds": 0.021465983241796494, "prediction_seconds": 0.006224922835826874, "rmse": 0.44489754416618116, "nll": 0.7957735944983337, "coverage90": 0.844, "mean_predictive_std": 0.42933197682428376}
{"block_id": 96, "block_start": 940, "block_stop": 950, "hours": 10, "update_seconds": 0.02169664390385151, "prediction_seconds": 0.006152432411909103, "rmse": 0.31297437843818693, "nll": 0.42887038485429296, "coverage90": 0.945, "mean_predictive_std": 0.42810065872761677}
{"block_id": 97, "block_start": 950, "block_stop": 960, "hours": 10, "update_seconds": 0.021368395537137985, "prediction_seconds": 0.006189864128828049, "rmse": 0.3487738378185661, "nll": 0.456341017630333, "coverage90": 0.9175, "mean_predictive_std": 0.40134924948648265}
{"block_id": 98, "block_start": 960, "block_stop": 970, "hours": 10, "update_seconds": 0.026318781077861786, "prediction_seconds": 0.006172245368361473, "rmse": 0.3575720509666323, "nll": 0.4884509991080325, "coverage90": 0.9415, "mean_predictive_std": 0.4439887953982749}
{"block_id": 99, "block_start": 970, "block_stop": 980, "hours": 10, "update_seconds": 0.021367505192756653, "prediction_seconds": 0.006164565682411194, "rmse": 0.28156956151938484, "nll": 0.33137312419883186, "coverage90": 0.958, "mean_predictive_std": 0.43430826500454395}
{"block_id": 100, "block_start": 980, "block_stop": 990, "hours": 10, "update_seconds": 0.021866507828235626, "prediction_seconds": 0.006169399246573448, "rmse": 0.331382055757074, "nll": 0.5017108252454887, "coverage90": 0.9345, "mean_predictive_std": 0.4487524121523963}
{"block_id": 101, "block_start": 990, "block_stop": 1000, "hours": 10, "update_seconds": 0.021468767896294594, "prediction_seconds": 0.006200449541211128, "rmse": 0.29381542095588403, "nll": 0.2811579957912101, "coverage90": 0.948, "mean_predictive_std": 0.40990088610471187}
{"block_id": 102, "block_start": 1000, "block_stop": 1010, "hours": 10, "update_seconds": 0.021411383524537086, "prediction_seconds": 0.006251141428947449, "rmse": 0.279413571815595, "nll": 0.2929365988536505, "coverage90": 0.9615, "mean_predictive_std": 0.43452084385312034}
{"block_id": 103, "block_start": 1010, "block_stop": 1020, "hours": 10, "update_seconds": 0.021773891523480415, "prediction_seconds": 0.006201624870300293, "rmse": 0.23465644660684384, "nll": 0.19697926994055476, "coverage90": 0.9835, "mean_predictive_std": 0.4290637432959843}
{"block_id": 104, "block_start": 1020, "block_stop": 1030, "hours": 10, "update_seconds": 0.022260090336203575, "prediction_seconds": 0.006202714517712593, "rmse": 0.5031259592984739, "nll": 0.8118119059569919, "coverage90": 0.8455, "mean_predictive_std": 0.41284768886111306}
{"block_id": 105, "block_start": 1030, "block_stop": 1040, "hours": 10, "update_seconds": 0.02330048754811287, "prediction_seconds": 0.008669562637805939, "rmse": 0.386884842174465, "nll": 0.5476201013105548, "coverage90": 0.899, "mean_predictive_std": 0.4143990479940547}
{"block_id": 106, "block_start": 1040, "block_stop": 1050, "hours": 10, "update_seconds": 0.02185421995818615, "prediction_seconds": 0.006432315334677696, "rmse": 0.2831975234324183, "nll": 0.28708351679780186, "coverage90": 0.9755, "mean_predictive_std": 0.4228817900997861}
{"block_id": 107, "block_start": 1050, "block_stop": 1060, "hours": 10, "update_seconds": 0.021879591047763824, "prediction_seconds": 0.006263427436351776, "rmse": 0.23166563020337827, "nll": 0.20290064175600583, "coverage90": 0.9875, "mean_predictive_std": 0.435450153433925}
{"block_id": 108, "block_start": 1060, "block_stop": 1070, "hours": 10, "update_seconds": 0.021677616983652115, "prediction_seconds": 0.006201304495334625, "rmse": 0.2513238760830466, "nll": 0.23029784541758463, "coverage90": 0.9685, "mean_predictive_std": 0.4165316766257447}
{"block_id": 109, "block_start": 1070, "block_stop": 1080, "hours": 10, "update_seconds": 0.02173032984137535, "prediction_seconds": 0.006181623786687851, "rmse": 0.3296684048307125, "nll": 0.3841595040600557, "coverage90": 0.94, "mean_predictive_std": 0.43072164295892956}
{"block_id": 110, "block_start": 1080, "block_stop": 1090, "hours": 10, "update_seconds": 0.021559379994869232, "prediction_seconds": 0.006219929084181786, "rmse": 0.27186245157629796, "nll": 0.27838772353841, "coverage90": 0.9595, "mean_predictive_std": 0.42064179671796464}
{"block_id": 111, "block_start": 1090, "block_stop": 1100, "hours": 10, "update_seconds": 0.026206154376268387, "prediction_seconds": 0.0062110815197229385, "rmse": 0.5406344235435073, "nll": 0.7932022203505801, "coverage90": 0.851, "mean_predictive_std": 0.44121218452130906}
{"block_id": 112, "block_start": 1100, "block_stop": 1110, "hours": 10, "update_seconds": 0.021725444123148918, "prediction_seconds": 0.006227437406778336, "rmse": 0.3226021413302411, "nll": 0.46792841419617903, "coverage90": 0.944, "mean_predictive_std": 0.4348875728340388}
{"block_id": 113, "block_start": 1110, "block_stop": 1116, "hours": 6, "update_seconds": 0.021458396688103676, "prediction_seconds": 0.005541462451219559, "rmse": 0.30982221983587527, "nll": 0.3447305150349199, "coverage90": 0.9275, "mean_predictive_std": 0.36682742501072596}
{"block_id": 114, "block_start": 1116, "block_stop": 1126, "hours": 10, "update_seconds": 0.02164892666041851, "prediction_seconds": 0.006215699017047882, "rmse": 0.2917311568256602, "nll": 0.3701264660241185, "coverage90": 0.9405, "mean_predictive_std": 0.42337047694291674}
{"block_id": 115, "block_start": 1126, "block_stop": 1136, "hours": 10, "update_seconds": 0.02215355820953846, "prediction_seconds": 0.006204504519701004, "rmse": 0.2795526987290976, "nll": 0.2721150071890901, "coverage90": 0.97, "mean_predictive_std": 0.4235200102754942}
{"block_id": 116, "block_start": 1136, "block_stop": 1146, "hours": 10, "update_seconds": 0.022129055112600327, "prediction_seconds": 0.006182663142681122, "rmse": 0.2782792101153594, "nll": 0.31019436890141244, "coverage90": 0.955, "mean_predictive_std": 0.41278484943654553}
{"block_id": 117, "block_start": 1146, "block_stop": 1156, "hours": 10, "update_seconds": 0.114021772518754, "prediction_seconds": 0.006505237892270088, "rmse": 0.3724727575324927, "nll": 0.5154058637087067, "coverage90": 0.92, "mean_predictive_std": 0.4407671108403552}
{"block_id": 118, "block_start": 1156, "block_stop": 1166, "hours": 10, "update_seconds": 0.021655092015862465, "prediction_seconds": 0.006204543635249138, "rmse": 0.3595718084411794, "nll": 0.38421391424864343, "coverage90": 0.9365, "mean_predictive_std": 0.4232837572355753}
{"block_id": 119, "block_start": 1166, "block_stop": 1176, "hours": 10, "update_seconds": 0.022647837176918983, "prediction_seconds": 0.006241455674171448, "rmse": 0.5065018805330487, "nll": 0.8248843127793892, "coverage90": 0.846, "mean_predictive_std": 0.42089948213557055}
{"block_id": 120, "block_start": 1176, "block_stop": 1186, "hours": 10, "update_seconds": 0.027082763612270355, "prediction_seconds": 0.006287243217229843, "rmse": 0.33739087724869443, "nll": 0.3595344889605892, "coverage90": 0.946, "mean_predictive_std": 0.4295116424705895}
{"block_id": 121, "block_start": 1186, "block_stop": 1196, "hours": 10, "update_seconds": 0.02169404737651348, "prediction_seconds": 0.006206421181559563, "rmse": 0.4186873906743582, "nll": 0.6265347527897036, "coverage90": 0.899, "mean_predictive_std": 0.43403077064570594}
{"block_id": 122, "block_start": 1196, "block_stop": 1206, "hours": 10, "update_seconds": 0.022038839757442474, "prediction_seconds": 0.006215479224920273, "rmse": 0.4614324063409573, "nll": 0.8274437201421398, "coverage90": 0.8595, "mean_predictive_std": 0.4273216083097941}
{"block_id": 123, "block_start": 1206, "block_stop": 1216, "hours": 10, "update_seconds": 0.021677572280168533, "prediction_seconds": 0.006183654069900513, "rmse": 0.31270284603377174, "nll": 0.39547799390933175, "coverage90": 0.938, "mean_predictive_std": 0.4090477889363382}
{"block_id": 124, "block_start": 1216, "block_stop": 1226, "hours": 10, "update_seconds": 0.02214019186794758, "prediction_seconds": 0.006279183551669121, "rmse": 0.3121464506423146, "nll": 0.3699347980073745, "coverage90": 0.958, "mean_predictive_std": 0.43527753850967316}
{"block_id": 125, "block_start": 1226, "block_stop": 1236, "hours": 10, "update_seconds": 0.021605657413601875, "prediction_seconds": 0.006254773586988449, "rmse": 0.29883744583605554, "nll": 0.36301157417768154, "coverage90": 0.9445, "mean_predictive_std": 0.4119885161723449}
{"block_id": 126, "block_start": 1236, "block_stop": 1246, "hours": 10, "update_seconds": 0.022516677156090736, "prediction_seconds": 0.012197572737932205, "rmse": 0.538308802322303, "nll": 1.0857980795844941, "coverage90": 0.8285, "mean_predictive_std": 0.43804541192517343}
{"block_id": 127, "block_start": 1246, "block_stop": 1256, "hours": 10, "update_seconds": 0.022158239036798477, "prediction_seconds": 0.006262527778744698, "rmse": 0.3883571660749944, "nll": 0.5988215027452248, "coverage90": 0.897, "mean_predictive_std": 0.42372339823258565}
{"block_id": 128, "block_start": 1256, "block_stop": 1266, "hours": 10, "update_seconds": 0.021805351600050926, "prediction_seconds": 0.006198041141033173, "rmse": 0.4320467060180973, "nll": 0.6259788120312207, "coverage90": 0.8855, "mean_predictive_std": 0.4271865623910827}
{"block_id": 129, "block_start": 1266, "block_stop": 1276, "hours": 10, "update_seconds": 0.021976584568619728, "prediction_seconds": 0.006283596158027649, "rmse": 0.4496300668272283, "nll": 0.7587219501114127, "coverage90": 0.874, "mean_predictive_std": 0.4437525087440215}
{"block_id": 130, "block_start": 1276, "block_stop": 1286, "hours": 10, "update_seconds": 0.021882260218262672, "prediction_seconds": 0.006307808682322502, "rmse": 0.32811269852834124, "nll": 0.43103237439958125, "coverage90": 0.941, "mean_predictive_std": 0.40563339858627906}
{"block_id": 131, "block_start": 1286, "block_stop": 1296, "hours": 10, "update_seconds": 0.022217344492673874, "prediction_seconds": 0.011065861210227013, "rmse": 0.456510440874378, "nll": 0.8621768172926999, "coverage90": 0.898, "mean_predictive_std": 0.45468118922555617}
{"block_id": 132, "block_start": 1296, "block_stop": 1302, "hours": 6, "update_seconds": 0.021457429975271225, "prediction_seconds": 0.005515057593584061, "rmse": 0.3067008872878043, "nll": 0.5892579737159421, "coverage90": 0.9066666666666666, "mean_predictive_std": 0.3619140254894242}
{"block_id": 133, "block_start": 1302, "block_stop": 1312, "hours": 10, "update_seconds": 0.021781304851174355, "prediction_seconds": 0.006227537989616394, "rmse": 0.2218153095279074, "nll": 0.23306410752581672, "coverage90": 0.98, "mean_predictive_std": 0.4348586050650998}
{"block_id": 134, "block_start": 1312, "block_stop": 1322, "hours": 10, "update_seconds": 0.025425735861063004, "prediction_seconds": 0.006405213847756386, "rmse": 0.36613967715250106, "nll": 0.48267611861971077, "coverage90": 0.9385, "mean_predictive_std": 0.43909268260576073}
{"block_id": 135, "block_start": 1322, "block_stop": 1332, "hours": 10, "update_seconds": 0.021670270711183548, "prediction_seconds": 0.006185820326209068, "rmse": 0.2336016445463123, "nll": 0.22465227433856183, "coverage90": 0.976, "mean_predictive_std": 0.4329953072934329}
{"block_id": 136, "block_start": 1332, "block_stop": 1342, "hours": 10, "update_seconds": 0.02145420014858246, "prediction_seconds": 0.006188547238707542, "rmse": 0.3448841983434591, "nll": 0.4146509317352406, "coverage90": 0.9375, "mean_predictive_std": 0.42650746968990527}
{"block_id": 137, "block_start": 1342, "block_stop": 1352, "hours": 10, "update_seconds": 0.023334380239248276, "prediction_seconds": 0.006317414343357086, "rmse": 0.2930248664657186, "nll": 0.31713615817695995, "coverage90": 0.953, "mean_predictive_std": 0.41343220838412675}
{"block_id": 138, "block_start": 1352, "block_stop": 1362, "hours": 10, "update_seconds": 0.022032584995031357, "prediction_seconds": 0.006261061877012253, "rmse": 0.33926312707688044, "nll": 0.4031281181056937, "coverage90": 0.935, "mean_predictive_std": 0.42612017853040846}
{"block_id": 139, "block_start": 1362, "block_stop": 1372, "hours": 10, "update_seconds": 0.021710198372602463, "prediction_seconds": 0.006313122808933258, "rmse": 0.40475124643085597, "nll": 0.6200450177617415, "coverage90": 0.9045, "mean_predictive_std": 0.44990028137786175}
{"block_id": 140, "block_start": 1372, "block_stop": 1382, "hours": 10, "update_seconds": 0.02163037471473217, "prediction_seconds": 0.006193740293383598, "rmse": 0.30754033058766733, "nll": 0.3876532387346679, "coverage90": 0.923, "mean_predictive_std": 0.4110391943580946}
{"block_id": 141, "block_start": 1382, "block_stop": 1392, "hours": 10, "update_seconds": 0.02561972849071026, "prediction_seconds": 0.006215477362275124, "rmse": 0.3849456951592894, "nll": 0.7931664054122366, "coverage90": 0.874, "mean_predictive_std": 0.4178718275134297}
{"block_id": 142, "block_start": 1392, "block_stop": 1402, "hours": 10, "update_seconds": 0.02156764455139637, "prediction_seconds": 0.006188508123159409, "rmse": 0.31549118915438173, "nll": 0.3675303341668769, "coverage90": 0.9545, "mean_predictive_std": 0.4377277696235731}
{"block_id": 143, "block_start": 1402, "block_stop": 1412, "hours": 10, "update_seconds": 0.02155853994190693, "prediction_seconds": 0.00616859644651413, "rmse": 0.2564015742223316, "nll": 0.23011928671553122, "coverage90": 0.979, "mean_predictive_std": 0.42519508046256616}
{"block_id": 144, "block_start": 1412, "block_stop": 1422, "hours": 10, "update_seconds": 0.021440539509058, "prediction_seconds": 0.006279041990637779, "rmse": 0.22487375196102036, "nll": 0.19439497505070386, "coverage90": 0.976, "mean_predictive_std": 0.4044140808132381}
{"block_id": 145, "block_start": 1422, "block_stop": 1432, "hours": 10, "update_seconds": 0.02181759849190712, "prediction_seconds": 0.006160251796245575, "rmse": 0.18586035574122586, "nll": 0.12154823771761868, "coverage90": 0.9905, "mean_predictive_std": 0.41743198771808065}
{"block_id": 146, "block_start": 1432, "block_stop": 1442, "hours": 10, "update_seconds": 0.021504048258066177, "prediction_seconds": 0.006178941577672958, "rmse": 0.3021546600163769, "nll": 0.31437485858634184, "coverage90": 0.972, "mean_predictive_std": 0.43670690868771694}
{"block_id": 147, "block_start": 1442, "block_stop": 1452, "hours": 10, "update_seconds": 0.026093466207385063, "prediction_seconds": 0.006230436265468597, "rmse": 0.20004196378542663, "nll": 0.14601616505200615, "coverage90": 0.9925, "mean_predictive_std": 0.4171057131310027}
{"block_id": 148, "block_start": 1452, "block_stop": 1462, "hours": 10, "update_seconds": 0.02157687395811081, "prediction_seconds": 0.006216352805495262, "rmse": 0.28886120350421124, "nll": 0.3242671670465011, "coverage90": 0.957, "mean_predictive_std": 0.43862783130653704}
{"block_id": 149, "block_start": 1462, "block_stop": 1472, "hours": 10, "update_seconds": 0.02184760384261608, "prediction_seconds": 0.006256455555558205, "rmse": 0.23709907327251206, "nll": 0.22401387358208802, "coverage90": 0.9705, "mean_predictive_std": 0.4137134454666598}
{"block_id": 150, "block_start": 1472, "block_stop": 1482, "hours": 10, "update_seconds": 0.021552126854658127, "prediction_seconds": 0.006196852773427963, "rmse": 0.20702438463272071, "nll": 0.1459846444612666, "coverage90": 0.9875, "mean_predictive_std": 0.40772632623036487}
{"block_id": 151, "block_start": 1482, "block_stop": 1488, "hours": 6, "update_seconds": 0.02136598527431488, "prediction_seconds": 0.005540957674384117, "rmse": 0.23972334979168378, "nll": 0.1662918560815597, "coverage90": 0.9558333333333333, "mean_predictive_std": 0.3766786971774018}
{"block_id": 152, "block_start": 1488, "block_stop": 1498, "hours": 10, "update_seconds": 0.021568821743130684, "prediction_seconds": 0.0061929188668727875, "rmse": 0.2303091026312165, "nll": 0.22492220644066932, "coverage90": 0.986, "mean_predictive_std": 0.43813806626152707}
{"block_id": 153, "block_start": 1498, "block_stop": 1508, "hours": 10, "update_seconds": 0.026192793622612953, "prediction_seconds": 0.006195392459630966, "rmse": 0.3596593883600054, "nll": 0.44461828142082416, "coverage90": 0.9315, "mean_predictive_std": 0.4571241955440354}
{"block_id": 154, "block_start": 1508, "block_stop": 1518, "hours": 10, "update_seconds": 0.021569477394223213, "prediction_seconds": 0.006236569955945015, "rmse": 0.33419459163365556, "nll": 0.40758378085373226, "coverage90": 0.936, "mean_predictive_std": 0.43374013095135494}
{"block_id": 155, "block_start": 1518, "block_stop": 1528, "hours": 10, "update_seconds": 0.02152128703892231, "prediction_seconds": 0.006240153685212135, "rmse": 0.35477558529507885, "nll": 0.3925724753434005, "coverage90": 0.933, "mean_predictive_std": 0.3992564537205938}
{"block_id": 156, "block_start": 1528, "block_stop": 1538, "hours": 10, "update_seconds": 0.021425804123282433, "prediction_seconds": 0.006217531859874725, "rmse": 0.3626442763771481, "nll": 0.4729522499641305, "coverage90": 0.936, "mean_predictive_std": 0.4406421939613654}
{"block_id": 157, "block_start": 1538, "block_stop": 1548, "hours": 10, "update_seconds": 0.02216986007988453, "prediction_seconds": 0.006215015426278114, "rmse": 0.2939969522928426, "nll": 0.3714310615134703, "coverage90": 0.962, "mean_predictive_std": 0.43608577752215333}
{"block_id": 158, "block_start": 1548, "block_stop": 1558, "hours": 10, "update_seconds": 0.021470600739121437, "prediction_seconds": 0.006250077858567238, "rmse": 0.3505966915091432, "nll": 0.4064463667231704, "coverage90": 0.93, "mean_predictive_std": 0.43563075006880697}
{"block_id": 159, "block_start": 1558, "block_stop": 1568, "hours": 10, "update_seconds": 0.025396205484867096, "prediction_seconds": 0.00628073513507843, "rmse": 0.3916338611045684, "nll": 0.5207963757870953, "coverage90": 0.907, "mean_predictive_std": 0.4168212553991309}
{"block_id": 160, "block_start": 1568, "block_stop": 1578, "hours": 10, "update_seconds": 0.02189522422850132, "prediction_seconds": 0.006227048113942146, "rmse": 0.2712704752801527, "nll": 0.26982590888232094, "coverage90": 0.965, "mean_predictive_std": 0.4069656061695357}
{"block_id": 161, "block_start": 1578, "block_stop": 1588, "hours": 10, "update_seconds": 0.021583016961812973, "prediction_seconds": 0.00619962252676487, "rmse": 0.29129021449354514, "nll": 0.31143736210656864, "coverage90": 0.9665, "mean_predictive_std": 0.4281522968148885}
{"block_id": 162, "block_start": 1588, "block_stop": 1598, "hours": 10, "update_seconds": 0.02203027904033661, "prediction_seconds": 0.006253128871321678, "rmse": 0.2541429257053011, "nll": 0.2152654539682488, "coverage90": 0.981, "mean_predictive_std": 0.41868745983787825}
{"block_id": 163, "block_start": 1598, "block_stop": 1608, "hours": 10, "update_seconds": 0.021486733108758926, "prediction_seconds": 0.006236990913748741, "rmse": 0.3413107977124144, "nll": 0.49144896132872895, "coverage90": 0.93, "mean_predictive_std": 0.40827692269063826}
{"block_id": 164, "block_start": 1608, "block_stop": 1618, "hours": 10, "update_seconds": 0.021773742511868477, "prediction_seconds": 0.006203252822160721, "rmse": 0.2657382906751736, "nll": 0.2847478852461412, "coverage90": 0.9765, "mean_predictive_std": 0.44458961854962326}
{"block_id": 165, "block_start": 1618, "block_stop": 1628, "hours": 10, "update_seconds": 0.02147481217980385, "prediction_seconds": 0.009104806929826736, "rmse": 0.33454403902165114, "nll": 0.3960835021057304, "coverage90": 0.946, "mean_predictive_std": 0.44522430414409825}
{"block_id": 166, "block_start": 1628, "block_stop": 1638, "hours": 10, "update_seconds": 0.021470388397574425, "prediction_seconds": 0.006223389878869057, "rmse": 0.31319988752601685, "nll": 0.48656245062676473, "coverage90": 0.9495, "mean_predictive_std": 0.46358304846055703}
{"block_id": 167, "block_start": 1638, "block_stop": 1648, "hours": 10, "update_seconds": 0.022089194506406784, "prediction_seconds": 0.006202558055520058, "rmse": 0.1864712737063376, "nll": 0.14654017173841388, "coverage90": 0.9895, "mean_predictive_std": 0.42701473517196287}
{"block_id": 168, "block_start": 1648, "block_stop": 1658, "hours": 10, "update_seconds": 0.02175307087600231, "prediction_seconds": 0.006187519058585167, "rmse": 0.33587851070682434, "nll": 0.3467066843503135, "coverage90": 0.9365, "mean_predictive_std": 0.412802873456769}
{"block_id": 169, "block_start": 1658, "block_stop": 1668, "hours": 10, "update_seconds": 0.0215595755726099, "prediction_seconds": 0.006246514618396759, "rmse": 0.35102081655210104, "nll": 0.31992251844889463, "coverage90": 0.951, "mean_predictive_std": 0.43103219584931574}
{"block_id": 170, "block_start": 1668, "block_stop": 1674, "hours": 6, "update_seconds": 0.021260803565382957, "prediction_seconds": 0.00548914261162281, "rmse": 0.3116210143470779, "nll": 0.20928527435644698, "coverage90": 0.9491666666666667, "mean_predictive_std": 0.3665869877627813}
{
  "implementation": "official Maddox online_gp StreamingSGPR",
  "source_repository": "https://github.com/wjmaddox/online_gp",
  "source_commit": "3bff4c3",
  "protocol": "strict online; new-block-only labels; no history replay",
  "target_mode": "Task-1 fixed X-lag residual, evaluated on original y",
  "hyperparameters": "Route-B Task-1 empirical-Bayes theta, frozen",
  "inducing_policy": "official online inducing-point resampling",
  "inducing_resample_ratio": 0.2,
  "numerical_jitter": 0.0001,
  "split_seed": 4,
  "num_stream_times": 1674,
  "num_blocks": 171,
  "num_train_space": 800,
  "num_test_space": 200,
  "joint_inducing": 128,
  "temporal_grid_count": 2,
  "spatial_grid_count": 64,
  "overall_current_block": {
    "rmse": 0.31071146181678855,
    "nll": 0.3554050889936272,
    "coverage90": 0.9517353643966547,
    "mean_predictive_std": 0.42700622747850353
  },
  "final_block": {
    "rmse": 0.3116210143470779,
    "nll": 0.20928527435644698,
    "coverage90": 0.9491666666666667,
    "mean_predictive_std": 0.3665869877627813
  },
  "timing": {
    "stream_update_seconds": 4.0094580836594105,
    "stream_prediction_seconds": 1.0931788217276335,
    "mean_block_update_seconds": 0.023447123296253862,
    "mean_block_prediction_seconds": 0.006392858606594348,
    "first_block_update_seconds": 0.12314270995557308,
    "mean_steady_state_block_update_seconds": 0.022860678668846102,
    "process_total_seconds": 5.55072289519012
  },
  "resources": {
    "device": "cuda",
    "dtype": "float64",
    "peak_rss_mib": 847.859375,
    "torch": "2.0.1+cu118",
    "torch_cuda_build": "11.8",
    "cuda_available": true,
    "gpu_name": "NVIDIA GeForce RTX 4090",
    "gpu_compute_capability": [
      8,
      9
    ],
    "gpu_total_memory_mib": 48508.0625,
    "peak_cuda_allocated_mib": 134.22802734375,
    "peak_cuda_reserved_mib": 184.0,
    "persistent_state_bytes": 266280,
    "persistent_state_mib": 0.25394439697265625,
    "history_replay_buffer_bytes": 0,
    "estimated_streaming_flops": 87765811200.0,
    "flops_scope": "dominant O(N M^2) posterior conditioning; analytic estimate"
  },
  "environment": {
    "hostname": "autodl-container-qkb5g0ybu5-f51eca91",
    "platform": "Linux-5.15.0-78-generic-x86_64-with-glibc2.35",
    "python": "3.10.20",
    "processor": "x86_64",
    "pid": 302219,
    "git": {
      "commit": "81800a1462d35357a43151857230c6fe5bfcb852",
      "branch": "",
      "dirty": true
    }
  },
  "versions": {
    "python": "3.10.20",
    "torch": "2.0.1+cu118",
    "gpytorch": "1.9.1",
    "numpy": "1.24.4"
  },
  "args": {
    "protocol_npz": "/root/autodl-tmp/iclr_era5_a100_protocol_autodl_4090_capacity_ladder_20260820T023000Z/protocol/task1_10/seed4/protocol.npz",
    "theta_json": "/root/autodl-tmp/iclr_era5_a100_protocol_autodl_4090_capacity_ladder_20260820T023000Z/calibration/routeb_joint_inducing_points/seed4/result.json",
    "output": "/root/autodl-tmp/iclr_era5_a100_protocol_autodl_4090_capacity_ladder_20260820T023000Z/runs/task1_10/online/maddox_streaming_sgpr_mt2_ms64/seed4/result.json",
    "blockwise_output": "/root/autodl-tmp/iclr_era5_a100_protocol_autodl_4090_capacity_ladder_20260820T023000Z/runs/task1_10/online/maddox_streaming_sgpr_mt2_ms64/seed4/blocks.csv",
    "predictions_output": "/root/autodl-tmp/iclr_era5_a100_protocol_autodl_4090_capacity_ladder_20260820T023000Z/runs/task1_10/online/maddox_streaming_sgpr_mt2_ms64/seed4/predictions.npz",
    "mt": 2,
    "ms": 64,
    "jitter": 0.0001,
    "resample_ratio": 0.2,
    "prediction_chunk_size": 4096,
    "max_blocks": 0,
    "seed": 4,
    "device": "cuda",
    "dtype": "float64"
  }
}
