job=array-71
argv=/root/autodl-tmp/stvgp_envs/gpflow/bin/python scripts/run_official_gpflow_svgp_era5.py --protocol-npz /root/autodl-tmp/iclr_era5_a100_protocol_autodl_4090_capacity_ladder_20260820T023000Z/protocol/task1_2/seed0/protocol.npz --output /root/autodl-tmp/iclr_era5_a100_protocol_autodl_4090_capacity_ladder_20260820T023000Z/runs/task1_2/preflight/preflight_gpflow_feasibility_8192_mt128_ms64/seed0/result.json --predictions-output /root/autodl-tmp/iclr_era5_a100_protocol_autodl_4090_capacity_ladder_20260820T023000Z/runs/task1_2/preflight/preflight_gpflow_feasibility_8192_mt128_ms64/seed0/predictions.npz --target-mode shared_xlag_residual --mt 128 --ms 64 --iterations 10 --batch-size 2048 --learning-rate 0.01 --natgrad-gamma 0.1 --validation-every 10 --prediction-chunk-size 8192 --seed 0 --device cuda --dtype float64
2026-08-20 02:49:44.772177: E external/local_xla/xla/stream_executor/cuda/cuda_dnn.cc:9261] Unable to register cuDNN factory: Attempting to register factory for plugin cuDNN when one has already been registered
2026-08-20 02:49:44.772797: E external/local_xla/xla/stream_executor/cuda/cuda_fft.cc:607] Unable to register cuFFT factory: Attempting to register factory for plugin cuFFT when one has already been registered
2026-08-20 02:49:44.774171: E external/local_xla/xla/stream_executor/cuda/cuda_blas.cc:1515] Unable to register cuBLAS factory: Attempting to register factory for plugin cuBLAS when one has already been registered
/root/autodl-tmp/stvgp_envs/gpflow/lib/python3.10/site-packages/gpflow/versions.py:1: UserWarning: pkg_resources is deprecated as an API. See https://setuptools.pypa.io/en/latest/pkg_resources.html. The pkg_resources package is slated for removal as early as 2025-11-30. Refrain from using this package or pin to Setuptools<81.
  import pkg_resources
WARNING: All log messages before absl::InitializeLog() is called are written to STDERR
I0000 00:00:1787165419.084243   56513 device_compiler.h:186] Compiled cluster using XLA!  This line is logged at most once for the lifetime of the process.
{"iteration": 1, "training_loss": 4383614.220352999, "iteration_seconds": 31.789176443591714, "validation_nll": 0.7875176104119296, "validation_rmse": 0.4035651471414528, "validation_prediction_seconds": 3.1770767141133547}
2026-08-20 02:50:35.136278: E tensorflow/core/kernels/check_numerics_op.cc:293] abnormal_detected_host @0x7f4320e02600 = {1, 0} gpflow.Parameter: the value to be assigned is incompatible with this parameter's transform (the corresponding unconstrained value has NaN or Inf) and hence cannot be assigned.
Traceback (most recent call last):
  File "/root/autodl-tmp/stvgp_kronecker_full_a100/scripts/run_official_gpflow_svgp_era5.py", line 385, in <module>
    main()
  File "/root/autodl-tmp/stvgp_kronecker_full_a100/scripts/run_official_gpflow_svgp_era5.py", line 273, in main
    selection = train(
  File "/root/autodl-tmp/stvgp_kronecker_full_a100/scripts/run_official_gpflow_svgp_era5.py", line 159, in train
    loss = float(step(x[indices], y[indices]).numpy())
  File "/root/autodl-tmp/stvgp_envs/gpflow/lib/python3.10/site-packages/tensorflow/python/util/traceback_utils.py", line 153, in error_handler
    raise e.with_traceback(filtered_tb) from None
  File "/root/autodl-tmp/stvgp_envs/gpflow/lib/python3.10/site-packages/tensorflow/python/eager/execute.py", line 53, in quick_execute
    tensors = pywrap_tfe.TFE_Py_Execute(ctx._handle, device_name, op_name,
tensorflow.python.framework.errors_impl.InvalidArgumentError: Graph execution error:

Detected at node NaturalGradient/natural_gradient_steps/VerifyFinite/CheckNumerics defined at (most recent call last):
  File "/root/autodl-tmp/stvgp_kronecker_full_a100/scripts/run_official_gpflow_svgp_era5.py", line 385, in <module>

  File "/root/autodl-tmp/stvgp_kronecker_full_a100/scripts/run_official_gpflow_svgp_era5.py", line 273, in main

  File "/root/autodl-tmp/stvgp_kronecker_full_a100/scripts/run_official_gpflow_svgp_era5.py", line 159, in train

  File "/root/autodl-tmp/stvgp_kronecker_full_a100/scripts/run_official_gpflow_svgp_era5.py", line 142, in step

  File "/root/autodl-tmp/stvgp_envs/gpflow/lib/python3.10/site-packages/check_shapes/integration/tf.py", line 210, in wrapped_method

  File "/root/autodl-tmp/stvgp_envs/gpflow/lib/python3.10/site-packages/check_shapes/decorator.py", line 121, in wrapped_function

  File "/root/autodl-tmp/stvgp_envs/gpflow/lib/python3.10/site-packages/check_shapes/decorator.py", line 123, in wrapped_function

  File "/root/autodl-tmp/stvgp_envs/gpflow/lib/python3.10/site-packages/gpflow/optimizers/natgrad.py", line 238, in minimize

  File "/root/autodl-tmp/stvgp_envs/gpflow/lib/python3.10/site-packages/check_shapes/integration/tf.py", line 210, in wrapped_method

  File "/root/autodl-tmp/stvgp_envs/gpflow/lib/python3.10/site-packages/check_shapes/decorator.py", line 121, in wrapped_function

  File "/root/autodl-tmp/stvgp_envs/gpflow/lib/python3.10/site-packages/check_shapes/decorator.py", line 123, in wrapped_function

  File "/root/autodl-tmp/stvgp_envs/gpflow/lib/python3.10/site-packages/gpflow/optimizers/natgrad.py", line 269, in _natgrad_steps

  File "/root/autodl-tmp/stvgp_envs/gpflow/lib/python3.10/site-packages/gpflow/optimizers/natgrad.py", line 272, in _natgrad_steps

  File "/root/autodl-tmp/stvgp_envs/gpflow/lib/python3.10/site-packages/check_shapes/integration/tf.py", line 210, in wrapped_method

  File "/root/autodl-tmp/stvgp_envs/gpflow/lib/python3.10/site-packages/check_shapes/decorator.py", line 121, in wrapped_function

  File "/root/autodl-tmp/stvgp_envs/gpflow/lib/python3.10/site-packages/check_shapes/decorator.py", line 123, in wrapped_function

  File "/root/autodl-tmp/stvgp_envs/gpflow/lib/python3.10/site-packages/gpflow/optimizers/natgrad.py", line 366, in _natgrad_apply_gradients

  File "/root/autodl-tmp/stvgp_envs/gpflow/lib/python3.10/site-packages/gpflow/base.py", line 277, in assign

  File "/root/autodl-tmp/stvgp_envs/gpflow/lib/python3.10/site-packages/gpflow/base.py", line 319, in _validate_unconstrained_value

  File "/root/autodl-tmp/stvgp_envs/gpflow/lib/python3.10/site-packages/gpflow/base.py", line 326, in _validate_unconstrained_value

gpflow.Parameter: the value to be assigned is incompatible with this parameter's transform (the corresponding unconstrained value has NaN or Inf) and hence cannot be assigned. : Tensor had NaN values
	 [[{{node NaturalGradient/natural_gradient_steps/VerifyFinite/CheckNumerics}}]] [Op:__inference_step_8438]
