job=array-66
argv=/root/autodl-tmp/stvgp_envs/routeb/bin/python scripts/run_iclr_era5_routeb_strict_online.py --protocol-npz /root/autodl-tmp/iclr_era5_a100_protocol_autodl_4090_capacity_ladder_20260820T023000Z/protocol/task1_2/seed3/protocol.npz --protocol-json /root/autodl-tmp/iclr_era5_a100_protocol_autodl_4090_capacity_ladder_20260820T023000Z/protocol/task1_2/seed3/protocol.json --theta-json /root/autodl-tmp/iclr_era5_a100_protocol_autodl_4090_capacity_ladder_20260820T023000Z/calibration/routeb_joint_analytic_hippo_rff/seed3/result.json --output /root/autodl-tmp/iclr_era5_a100_protocol_autodl_4090_capacity_ladder_20260820T023000Z/runs/task1_2/online/routeb_cumulative_hippo_mt128_ms64/seed3/result.json --blockwise-output /root/autodl-tmp/iclr_era5_a100_protocol_autodl_4090_capacity_ladder_20260820T023000Z/runs/task1_2/online/routeb_cumulative_hippo_mt128_ms64/seed3/blocks.csv --predictions-output /root/autodl-tmp/iclr_era5_a100_protocol_autodl_4090_capacity_ladder_20260820T023000Z/runs/task1_2/online/routeb_cumulative_hippo_mt128_ms64/seed3/predictions.npz --representation analytic_hippo_rff --mt 128 --ms 64 --rff-sample-size 256 --prediction-chunk-size 8192 --include-conditional-residual-variance --seed 3 --solver-backend torch --device cuda --temporal-factor-device cpu --dtype float64
{"block_id": 0, "task": "task_2", "block_start": 0, "block_stop": 10, "hours": 10, "feature_loading_seconds": 2.8225608821958303, "factor_preparation_seconds": 0.0363021194934845, "update_seconds": 0.05557918921113014, "prediction_seconds": 0.0980551652610302, "persistent_state_bytes": 10433688, "solver_backend": "torch", "solver_device": "cuda", "solver_dtype": "float64", "temporal_factor_device": "cpu", "rmse": 0.07221242856997759, "nll": -0.9488520824041982, "mean_predictive_std": 0.14384665237195213, "mean_interval_width90": 0.47321337575766614, "coverage50": 0.873, "coverage80": 0.9795, "coverage90": 0.994, "coverage95": 0.9975, "peak_cuda_allocated_mib": 313.1416015625}
{"block_id": 1, "task": "task_2", "block_start": 10, "block_stop": 20, "hours": 10, "feature_loading_seconds": 1.3986602425575256e-05, "factor_preparation_seconds": 0.03171062283217907, "update_seconds": 0.015356868505477905, "prediction_seconds": 0.01280849240720272, "persistent_state_bytes": 10433688, "solver_backend": "torch", "solver_device": "cuda", "solver_dtype": "float64", "temporal_factor_device": "cpu", "rmse": 0.08452048069307583, "nll": -0.8957820705032137, "mean_predictive_std": 0.14367024430427233, "mean_interval_width90": 0.47263304485777285, "coverage50": 0.8215, "coverage80": 0.9635, "coverage90": 0.98, "coverage95": 0.9875, "peak_cuda_allocated_mib": 313.2666015625}
{"block_id": 2, "task": "task_2", "block_start": 20, "block_stop": 30, "hours": 10, "feature_loading_seconds": 7.988885045051575e-06, "factor_preparation_seconds": 0.02563595026731491, "update_seconds": 0.015373595058918, "prediction_seconds": 0.012887783348560333, "persistent_state_bytes": 10433688, "solver_backend": "torch", "solver_device": "cuda", "solver_dtype": "float64", "temporal_factor_device": "cpu", "rmse": 0.09917198182536194, "nll": -0.8145370427974763, "mean_predictive_std": 0.14357806986931498, "mean_interval_width90": 0.4723298179504693, "coverage50": 0.7485, "coverage80": 0.9365, "coverage90": 0.965, "coverage95": 0.9745, "peak_cuda_allocated_mib": 313.2666015625}
{"block_id": 3, "task": "task_2", "block_start": 30, "block_stop": 40, "hours": 10, "feature_loading_seconds": 6.409361958503723e-06, "factor_preparation_seconds": 0.02223311923444271, "update_seconds": 0.015284571796655655, "prediction_seconds": 0.01287507638335228, "persistent_state_bytes": 10433688, "solver_backend": "torch", "solver_device": "cuda", "solver_dtype": "float64", "temporal_factor_device": "cpu", "rmse": 0.10093697743220216, "nll": -0.8364792754567584, "mean_predictive_std": 0.14354170215268722, "mean_interval_width90": 0.47221017880927096, "coverage50": 0.7565, "coverage80": 0.941, "coverage90": 0.975, "coverage95": 0.982, "peak_cuda_allocated_mib": 313.2666015625}
{"block_id": 4, "task": "task_2", "block_start": 40, "block_stop": 50, "hours": 10, "feature_loading_seconds": 6.752088665962219e-06, "factor_preparation_seconds": 0.02222154103219509, "update_seconds": 0.01646912470459938, "prediction_seconds": 0.013232037425041199, "persistent_state_bytes": 10433688, "solver_backend": "torch", "solver_device": "cuda", "solver_dtype": "float64", "temporal_factor_device": "cpu", "rmse": 0.09463799665185928, "nll": -0.8495646370482377, "mean_predictive_std": 0.14348391740305905, "mean_interval_width90": 0.47202008389925426, "coverage50": 0.735, "coverage80": 0.9405, "coverage90": 0.9795, "coverage95": 0.99, "peak_cuda_allocated_mib": 313.2666015625}
{"block_id": 5, "task": "task_2", "block_start": 50, "block_stop": 60, "hours": 10, "feature_loading_seconds": 1.0591000318527222e-05, "factor_preparation_seconds": 0.02406308613717556, "update_seconds": 0.014517467468976974, "prediction_seconds": 0.01226704753935337, "persistent_state_bytes": 10433688, "solver_backend": "torch", "solver_device": "cuda", "solver_dtype": "float64", "temporal_factor_device": "cpu", "rmse": 0.07636108284729551, "nll": -0.9042793648713207, "mean_predictive_std": 0.1434521406974861, "mean_interval_width90": 0.4719155478404258, "coverage50": 0.7945, "coverage80": 0.965, "coverage90": 0.9915, "coverage95": 0.998, "peak_cuda_allocated_mib": 313.2666015625}
{"block_id": 6, "task": "task_2", "block_start": 60, "block_stop": 70, "hours": 10, "feature_loading_seconds": 7.778406143188477e-06, "factor_preparation_seconds": 0.024478064849972725, "update_seconds": 0.01459207758307457, "prediction_seconds": 0.012214476242661476, "persistent_state_bytes": 10433688, "solver_backend": "torch", "solver_device": "cuda", "solver_dtype": "float64", "temporal_factor_device": "cpu", "rmse": 0.08304994336657585, "nll": -0.8894171793992027, "mean_predictive_std": 0.14342456183961008, "mean_interval_width90": 0.4718248214716167, "coverage50": 0.7695, "coverage80": 0.96, "coverage90": 0.991, "coverage95": 0.9985, "peak_cuda_allocated_mib": 313.2666015625}
{"block_id": 7, "task": "task_2", "block_start": 70, "block_stop": 80, "hours": 10, "feature_loading_seconds": 9.890645742416382e-06, "factor_preparation_seconds": 0.024322867393493652, "update_seconds": 0.014536615461111069, "prediction_seconds": 0.012221764773130417, "persistent_state_bytes": 10433688, "solver_backend": "torch", "solver_device": "cuda", "solver_dtype": "float64", "temporal_factor_device": "cpu", "rmse": 0.08307790555467479, "nll": -0.9119708064937732, "mean_predictive_std": 0.14341261354373028, "mean_interval_width90": 0.4717855150759892, "coverage50": 0.801, "coverage80": 0.9735, "coverage90": 0.991, "coverage95": 0.998, "peak_cuda_allocated_mib": 313.2666015625}
{"block_id": 8, "task": "task_2", "block_start": 80, "block_stop": 90, "hours": 10, "feature_loading_seconds": 5.7425349950790405e-06, "factor_preparation_seconds": 0.02374984137713909, "update_seconds": 0.014348259195685387, "prediction_seconds": 0.011948201805353165, "persistent_state_bytes": 10433688, "solver_backend": "torch", "solver_device": "cuda", "solver_dtype": "float64", "temporal_factor_device": "cpu", "rmse": 0.08346830880116596, "nll": -0.905061442986784, "mean_predictive_std": 0.14341591822902475, "mean_interval_width90": 0.4717963865231743, "coverage50": 0.7825, "coverage80": 0.9725, "coverage90": 0.9905, "coverage95": 0.998, "peak_cuda_allocated_mib": 313.2666015625}
{"block_id": 9, "task": "task_2", "block_start": 90, "block_stop": 100, "hours": 10, "feature_loading_seconds": 5.045905709266663e-06, "factor_preparation_seconds": 0.022796733304858208, "update_seconds": 0.014303227886557579, "prediction_seconds": 0.012024536728858948, "persistent_state_bytes": 10433688, "solver_backend": "torch", "solver_device": "cuda", "solver_dtype": "float64", "temporal_factor_device": "cpu", "rmse": 0.09133440515982212, "nll": -0.8678212555083518, "mean_predictive_std": 0.14340937666366788, "mean_interval_width90": 0.47177486668816787, "coverage50": 0.7505, "coverage80": 0.9565, "coverage90": 0.985, "coverage95": 0.994, "peak_cuda_allocated_mib": 313.2666015625}
{"block_id": 10, "task": "task_2", "block_start": 100, "block_stop": 110, "hours": 10, "feature_loading_seconds": 4.984438419342041e-06, "factor_preparation_seconds": 0.023213421925902367, "update_seconds": 0.01433965191245079, "prediction_seconds": 0.01211746595799923, "persistent_state_bytes": 10433688, "solver_backend": "torch", "solver_device": "cuda", "solver_dtype": "float64", "temporal_factor_device": "cpu", "rmse": 0.08108226129050816, "nll": -0.9033273406770476, "mean_predictive_std": 0.1434037561662484, "mean_interval_width90": 0.4717563768970365, "coverage50": 0.8065, "coverage80": 0.9635, "coverage90": 0.9845, "coverage95": 0.995, "peak_cuda_allocated_mib": 313.2666015625}
{"block_id": 11, "task": "task_2", "block_start": 110, "block_stop": 120, "hours": 10, "feature_loading_seconds": 6.444752216339111e-06, "factor_preparation_seconds": 0.02410905808210373, "update_seconds": 0.014316590502858162, "prediction_seconds": 0.012015633285045624, "persistent_state_bytes": 10433688, "solver_backend": "torch", "solver_device": "cuda", "solver_dtype": "float64", "temporal_factor_device": "cpu", "rmse": 0.11353053816063727, "nll": -0.7553819524794146, "mean_predictive_std": 0.14340693342483488, "mean_interval_width90": 0.47176682914765594, "coverage50": 0.6605, "coverage80": 0.901, "coverage90": 0.955, "coverage95": 0.9765, "peak_cuda_allocated_mib": 313.2666015625}
{"block_id": 12, "task": "task_2", "block_start": 120, "block_stop": 130, "hours": 10, "feature_loading_seconds": 5.3942203521728516e-06, "factor_preparation_seconds": 0.023387987166643143, "update_seconds": 0.014416167512536049, "prediction_seconds": 0.012001492083072662, "persistent_state_bytes": 10433688, "solver_backend": "torch", "solver_device": "cuda", "solver_dtype": "float64", "temporal_factor_device": "cpu", "rmse": 0.1426429920386389, "nll": -0.5910251347028722, "mean_predictive_std": 0.14341088752595274, "mean_interval_width90": 0.4717798369827861, "coverage50": 0.5435, "coverage80": 0.812, "coverage90": 0.9095, "coverage95": 0.953, "peak_cuda_allocated_mib": 313.2666015625}
{"block_id": 13, "task": "task_2", "block_start": 130, "block_stop": 140, "hours": 10, "feature_loading_seconds": 5.159527063369751e-06, "factor_preparation_seconds": 0.021819083020091057, "update_seconds": 0.01426825113594532, "prediction_seconds": 0.012005452066659927, "persistent_state_bytes": 10433688, "solver_backend": "torch", "solver_device": "cuda", "solver_dtype": "float64", "temporal_factor_device": "cpu", "rmse": 0.13183291241924294, "nll": -0.6152560252763244, "mean_predictive_std": 0.14339366853631544, "mean_interval_width90": 0.47172319154767134, "coverage50": 0.573, "coverage80": 0.8405, "coverage90": 0.918, "coverage95": 0.9525, "peak_cuda_allocated_mib": 313.2666015625}
{"block_id": 14, "task": "task_2", "block_start": 140, "block_stop": 150, "hours": 10, "feature_loading_seconds": 4.317611455917358e-06, "factor_preparation_seconds": 0.02631530538201332, "update_seconds": 0.014437427744269371, "prediction_seconds": 0.01198129914700985, "persistent_state_bytes": 10433688, "solver_backend": "torch", "solver_device": "cuda", "solver_dtype": "float64", "temporal_factor_device": "cpu", "rmse": 0.09921690977937478, "nll": -0.8162031748001982, "mean_predictive_std": 0.14339472269806344, "mean_interval_width90": 0.4717266594312204, "coverage50": 0.661, "coverage80": 0.933, "coverage90": 0.98, "coverage95": 0.9935, "peak_cuda_allocated_mib": 313.2666015625}
{"block_id": 15, "task": "task_2", "block_start": 150, "block_stop": 160, "hours": 10, "feature_loading_seconds": 4.43682074546814e-06, "factor_preparation_seconds": 0.02485521137714386, "update_seconds": 0.01426544040441513, "prediction_seconds": 0.01198793388903141, "persistent_state_bytes": 10433688, "solver_backend": "torch", "solver_device": "cuda", "solver_dtype": "float64", "temporal_factor_device": "cpu", "rmse": 0.11525535613630332, "nll": -0.736946987447614, "mean_predictive_std": 0.1433813759453051, "mean_interval_width90": 0.4716827525218553, "coverage50": 0.647, "coverage80": 0.902, "coverage90": 0.9505, "coverage95": 0.974, "peak_cuda_allocated_mib": 313.2666015625}
{"block_id": 16, "task": "task_2", "block_start": 160, "block_stop": 170, "hours": 10, "feature_loading_seconds": 4.155561327934265e-06, "factor_preparation_seconds": 0.026411771774291992, "update_seconds": 0.014477727934718132, "prediction_seconds": 0.012092331424355507, "persistent_state_bytes": 10433688, "solver_backend": "torch", "solver_device": "cuda", "solver_dtype": "float64", "temporal_factor_device": "cpu", "rmse": 0.10430982038582426, "nll": -0.7684276607466056, "mean_predictive_std": 0.14336450274463572, "mean_interval_width90": 0.47162724463121675, "coverage50": 0.656, "coverage80": 0.9105, "coverage90": 0.959, "coverage95": 0.981, "peak_cuda_allocated_mib": 313.2666015625}
{"block_id": 17, "task": "task_2", "block_start": 170, "block_stop": 180, "hours": 10, "feature_loading_seconds": 5.997717380523682e-06, "factor_preparation_seconds": 0.026169834658503532, "update_seconds": 0.0143118966370821, "prediction_seconds": 0.01200433261692524, "persistent_state_bytes": 10433688, "solver_backend": "torch", "solver_device": "cuda", "solver_dtype": "float64", "temporal_factor_device": "cpu", "rmse": 0.09213471021714592, "nll": -0.8298787330749353, "mean_predictive_std": 0.14335439693755192, "mean_interval_width90": 0.4715939994843465, "coverage50": 0.727, "coverage80": 0.929, "coverage90": 0.967, "coverage95": 0.988, "peak_cuda_allocated_mib": 313.2666015625}
{"block_id": 18, "task": "task_2", "block_start": 180, "block_stop": 186, "hours": 6, "feature_loading_seconds": 6.336718797683716e-06, "factor_preparation_seconds": 0.026714229956269264, "update_seconds": 0.013796718791127205, "prediction_seconds": 0.010182270780205727, "persistent_state_bytes": 10433688, "solver_backend": "torch", "solver_device": "cuda", "solver_dtype": "float64", "temporal_factor_device": "cpu", "rmse": 0.09115506472145483, "nll": -0.8388328643704276, "mean_predictive_std": 0.14343707963745136, "mean_interval_width90": 0.47186600136197804, "coverage50": 0.7191666666666666, "coverage80": 0.9366666666666666, "coverage90": 0.9775, "coverage95": 0.995, "peak_cuda_allocated_mib": 313.2666015625}
{
  "implementation": "Route B strict-online structured joint beta-GP",
  "protocol": "Task-1 Route-B empirical-Bayes calibration; frozen theta; new-block-only Task-2(+) streaming",
  "delayed_observations": false,
  "delayed_observation_blocks": 0,
  "delayed_observation_rows": 0,
  "task1_posterior_initialization": false,
  "task1_posterior_initialization_rows": 0,
  "task1_posterior_initialization_summary": null,
  "target_mode": "joint X-lag mean and GP posterior",
  "temporal_representation": "analytic_hippo_rff",
  "temporal_kernel": {
    "family": "matern32",
    "spectral_mixture": null
  },
  "solver_backend": "torch",
  "temporal_factor_device": "cpu",
  "temporal_factor_policy": "cpu",
  "basis_protocol": "cumulative-changing HiPPO horizon [t0,tk]",
  "split_seed": 3,
  "mt": 128,
  "ms": 64,
  "spatial_kernel_mode": "geo",
  "num_stream_times": 186,
  "num_blocks": 19,
  "num_train_space": 800,
  "num_test_space": 200,
  "learned_theta": {
    "ell_t": 0.04589973509617227,
    "ell_s": [
      0.6391336669241997,
      0.7792686215410104
    ],
    "kernel_variance": 0.4757605203264875,
    "noise_std": 0.0813085853764778
  },
  "hyperparameters": "learned on Task 1 by the matching Route B representation, then frozen",
  "feature_projection": {
    "path": null,
    "original_dimension": 133,
    "active_dimension": 133
  },
  "predictive_variance": "full structured-joint conditional; conditional residual included",
  "overall_current_block": {
    "rmse": 0.09863323239764293,
    "nll": -0.8249199938331498,
    "mean_predictive_std": 0.14346277896968726,
    "mean_interval_width90": 0.471950544641655,
    "coverage50": 0.7278763440860215,
    "coverage80": 0.9323655913978495,
    "coverage90": 0.9705645161290323,
    "coverage95": 0.9854032258064516
  },
  "final_block": {
    "rmse": 0.09115506472145483,
    "nll": -0.8388328643704276,
    "coverage50": 0.7191666666666666,
    "coverage80": 0.9366666666666666,
    "coverage90": 0.9775,
    "coverage95": 0.995,
    "mean_predictive_std": 0.14343707963745136,
    "mean_interval_width90": 0.47186600136197804
  },
  "timing": {
    "spatial_projection_setup_seconds": 0.034265002235770226,
    "solver_setup_seconds": 0.2351628802716732,
    "temporal_static_setup_seconds": 0.000922398641705513,
    "task1_posterior_initialization_seconds": 0.0,
    "stream_feature_loading_seconds": 2.8226822949945927,
    "stream_factor_preparation_seconds": 0.4805098492652178,
    "stream_update_seconds": 0.3189908694475889,
    "stream_prediction_seconds": 0.3169227931648493,
    "mean_block_update_seconds": 0.01678899312882047,
    "mean_block_factor_preparation_seconds": 0.02528999206659041,
    "mean_block_prediction_seconds": 0.016680147008676278,
    "first_block_update_seconds": 0.05557918921113014,
    "mean_steady_state_block_update_seconds": 0.014633982235358821,
    "xlag_feature_loading_seconds": 2.8214758671820164,
    "process_total_seconds": 5.588310720399022
  },
  "resources": {
    "device": "cuda",
    "dtype": "float64",
    "peak_rss_mib": 1441.1953125,
    "torch": "2.5.1+cu121",
    "torch_cuda_build": "12.1",
    "cuda_available": true,
    "gpu_name": "NVIDIA GeForce RTX 4090",
    "gpu_compute_capability": [
      8,
      9
    ],
    "gpu_total_memory_mib": 48508.0625,
    "peak_cuda_allocated_mib": 313.2666015625,
    "peak_cuda_reserved_mib": 370.0,
    "persistent_state_bytes": 10433688,
    "persistent_state_mib": 9.950340270996094,
    "history_replay_buffer_bytes": 0,
    "gpu_accelerated": true,
    "posterior_update_device": "cuda",
    "prediction_device": "cuda",
    "temporal_factor_device": "cpu",
    "spherical_bessel_device": "cpu",
    "host_to_device_block_factors_in_update_timing": true
  },
  "environment": {
    "hostname": "autodl-container-qkb5g0ybu5-f51eca91",
    "platform": "Linux-5.15.0-78-generic-x86_64-with-glibc2.35",
    "python": "3.11.15",
    "processor": "x86_64",
    "pid": 272925,
    "git": {
      "commit": "81800a1462d35357a43151857230c6fe5bfcb852",
      "branch": "",
      "dirty": true
    }
  },
  "args": {
    "protocol_npz": "/root/autodl-tmp/iclr_era5_a100_protocol_autodl_4090_capacity_ladder_20260820T023000Z/protocol/task1_2/seed3/protocol.npz",
    "protocol_json": "/root/autodl-tmp/iclr_era5_a100_protocol_autodl_4090_capacity_ladder_20260820T023000Z/protocol/task1_2/seed3/protocol.json",
    "data_root": null,
    "theta_json": "/root/autodl-tmp/iclr_era5_a100_protocol_autodl_4090_capacity_ladder_20260820T023000Z/calibration/routeb_joint_analytic_hippo_rff/seed3/result.json",
    "output": "/root/autodl-tmp/iclr_era5_a100_protocol_autodl_4090_capacity_ladder_20260820T023000Z/runs/task1_2/online/routeb_cumulative_hippo_mt128_ms64/seed3/result.json",
    "blockwise_output": "/root/autodl-tmp/iclr_era5_a100_protocol_autodl_4090_capacity_ladder_20260820T023000Z/runs/task1_2/online/routeb_cumulative_hippo_mt128_ms64/seed3/blocks.csv",
    "predictions_output": "/root/autodl-tmp/iclr_era5_a100_protocol_autodl_4090_capacity_ladder_20260820T023000Z/runs/task1_2/online/routeb_cumulative_hippo_mt128_ms64/seed3/predictions.npz",
    "representation": "analytic_hippo_rff",
    "mt": 128,
    "ms": 64,
    "rff_sample_size": 256,
    "temporal_kernel": "matern32",
    "spectral_mixture_json": null,
    "prediction_chunk_size": 8192,
    "include_conditional_residual_variance": true,
    "beta_prior_variance": 1000.0,
    "use_protocol_beta_prior": false,
    "seed": 3,
    "max_blocks": 0,
    "delayed_observations": false,
    "delayed_observation_blocks": 0,
    "task1_posterior_init": false,
    "feature_projection_npz": null,
    "spatial_projection_npz": null,
    "spatial_kernel_mode": "geo",
    "solver_backend": "torch",
    "device": "cuda",
    "dtype": "float64",
    "temporal_factor_device": "cpu"
  }
}
