job=array-52
argv=/root/autodl-tmp/stvgp_envs/routeb/bin/python scripts/run_iclr_era5_routeb_strict_online.py --protocol-npz /root/autodl-tmp/iclr_era5_a100_protocol_autodl_4090_capacity_ladder_20260820T023000Z/protocol/task1_2/seed1/protocol.npz --protocol-json /root/autodl-tmp/iclr_era5_a100_protocol_autodl_4090_capacity_ladder_20260820T023000Z/protocol/task1_2/seed1/protocol.json --theta-json /root/autodl-tmp/iclr_era5_a100_protocol_autodl_4090_capacity_ladder_20260820T023000Z/calibration/routeb_joint_analytic_hippo_rff/seed1/result.json --output /root/autodl-tmp/iclr_era5_a100_protocol_autodl_4090_capacity_ladder_20260820T023000Z/runs/task1_2/online/routeb_cumulative_hippo_mt128_ms128/seed1/result.json --blockwise-output /root/autodl-tmp/iclr_era5_a100_protocol_autodl_4090_capacity_ladder_20260820T023000Z/runs/task1_2/online/routeb_cumulative_hippo_mt128_ms128/seed1/blocks.csv --predictions-output /root/autodl-tmp/iclr_era5_a100_protocol_autodl_4090_capacity_ladder_20260820T023000Z/runs/task1_2/online/routeb_cumulative_hippo_mt128_ms128/seed1/predictions.npz --representation analytic_hippo_rff --mt 128 --ms 128 --rff-sample-size 256 --prediction-chunk-size 8192 --include-conditional-residual-variance --seed 1 --solver-backend torch --device cuda --temporal-factor-device cpu --dtype float64
{"block_id": 0, "task": "task_2", "block_start": 0, "block_stop": 10, "hours": 10, "feature_loading_seconds": 2.748177032917738, "factor_preparation_seconds": 0.09902882017195225, "update_seconds": 0.05899624153971672, "prediction_seconds": 0.09852627664804459, "persistent_state_bytes": 20087960, "solver_backend": "torch", "solver_device": "cuda", "solver_dtype": "float64", "temporal_factor_device": "cpu", "rmse": 0.06701075765862433, "nll": -1.1765871176074574, "mean_predictive_std": 0.10635499379840581, "mean_interval_width90": 0.3498767945874183, "coverage50": 0.8105, "coverage80": 0.961, "coverage90": 0.9825, "coverage95": 0.9915, "peak_cuda_allocated_mib": 350.98583984375}
{"block_id": 1, "task": "task_2", "block_start": 10, "block_stop": 20, "hours": 10, "feature_loading_seconds": 8.091330528259277e-06, "factor_preparation_seconds": 0.025910407304763794, "update_seconds": 0.02107301913201809, "prediction_seconds": 0.020373502746224403, "persistent_state_bytes": 20087960, "solver_backend": "torch", "solver_device": "cuda", "solver_dtype": "float64", "temporal_factor_device": "cpu", "rmse": 0.08388657634355025, "nll": -1.1102585356524233, "mean_predictive_std": 0.10602774511077671, "mean_interval_width90": 0.3488002422058946, "coverage50": 0.7205, "coverage80": 0.9275, "coverage90": 0.9695, "coverage95": 0.984, "peak_cuda_allocated_mib": 351.11083984375}
{"block_id": 2, "task": "task_2", "block_start": 20, "block_stop": 30, "hours": 10, "feature_loading_seconds": 7.39656388759613e-06, "factor_preparation_seconds": 0.021807832643389702, "update_seconds": 0.020882384851574898, "prediction_seconds": 0.020420048385858536, "persistent_state_bytes": 20087960, "solver_backend": "torch", "solver_device": "cuda", "solver_dtype": "float64", "temporal_factor_device": "cpu", "rmse": 0.09650991529359393, "nll": -0.9796271303405731, "mean_predictive_std": 0.10592505653959752, "mean_interval_width90": 0.34846242686839357, "coverage50": 0.6405, "coverage80": 0.8805, "coverage90": 0.9405, "coverage95": 0.9675, "peak_cuda_allocated_mib": 351.11083984375}
{"block_id": 3, "task": "task_2", "block_start": 30, "block_stop": 40, "hours": 10, "feature_loading_seconds": 6.921589374542236e-06, "factor_preparation_seconds": 0.01898154802620411, "update_seconds": 0.020941821858286858, "prediction_seconds": 0.020785581320524216, "persistent_state_bytes": 20087960, "solver_backend": "torch", "solver_device": "cuda", "solver_dtype": "float64", "temporal_factor_device": "cpu", "rmse": 0.09390502224463347, "nll": -1.0208198419597567, "mean_predictive_std": 0.10586875535602414, "mean_interval_width90": 0.3482772124563888, "coverage50": 0.717, "coverage80": 0.9125, "coverage90": 0.947, "coverage95": 0.9665, "peak_cuda_allocated_mib": 351.11083984375}
{"block_id": 4, "task": "task_2", "block_start": 40, "block_stop": 50, "hours": 10, "feature_loading_seconds": 7.759779691696167e-06, "factor_preparation_seconds": 0.020831715315580368, "update_seconds": 0.021132856607437134, "prediction_seconds": 0.020574400201439857, "persistent_state_bytes": 20087960, "solver_backend": "torch", "solver_device": "cuda", "solver_dtype": "float64", "temporal_factor_device": "cpu", "rmse": 0.08734700284713029, "nll": -1.034667311028714, "mean_predictive_std": 0.1057847491528959, "mean_interval_width90": 0.34800085664058494, "coverage50": 0.6105, "coverage80": 0.9005, "coverage90": 0.9595, "coverage95": 0.9805, "peak_cuda_allocated_mib": 351.11083984375}
{"block_id": 5, "task": "task_2", "block_start": 50, "block_stop": 60, "hours": 10, "feature_loading_seconds": 7.739290595054626e-06, "factor_preparation_seconds": 0.019227158278226852, "update_seconds": 0.021021051332354546, "prediction_seconds": 0.020562728866934776, "persistent_state_bytes": 20087960, "solver_backend": "torch", "solver_device": "cuda", "solver_dtype": "float64", "temporal_factor_device": "cpu", "rmse": 0.05898182837399548, "nll": -1.1994441135846226, "mean_predictive_std": 0.1057417587234751, "mean_interval_width90": 0.347859430713071, "coverage50": 0.793, "coverage80": 0.969, "coverage90": 0.9925, "coverage95": 0.9985, "peak_cuda_allocated_mib": 351.11083984375}
{"block_id": 6, "task": "task_2", "block_start": 60, "block_stop": 70, "hours": 10, "feature_loading_seconds": 8.696690201759338e-06, "factor_preparation_seconds": 0.019094984978437424, "update_seconds": 0.01939091645181179, "prediction_seconds": 0.018914565443992615, "persistent_state_bytes": 20087960, "solver_backend": "torch", "solver_device": "cuda", "solver_dtype": "float64", "temporal_factor_device": "cpu", "rmse": 0.066844740013164, "nll": -1.15332833937536, "mean_predictive_std": 0.10569352366262887, "mean_interval_width90": 0.3477007514835127, "coverage50": 0.734, "coverage80": 0.9505, "coverage90": 0.9875, "coverage95": 0.9975, "peak_cuda_allocated_mib": 351.11083984375}
{"block_id": 7, "task": "task_2", "block_start": 70, "block_stop": 80, "hours": 10, "feature_loading_seconds": 9.525567293167114e-06, "factor_preparation_seconds": 0.02028587833046913, "update_seconds": 0.019420200958848, "prediction_seconds": 0.01892559975385666, "persistent_state_bytes": 20087960, "solver_backend": "torch", "solver_device": "cuda", "solver_dtype": "float64", "temporal_factor_device": "cpu", "rmse": 0.07245912005611724, "nll": -1.1318309492938372, "mean_predictive_std": 0.10566812051808687, "mean_interval_width90": 0.3476171825746409, "coverage50": 0.732, "coverage80": 0.942, "coverage90": 0.9745, "coverage95": 0.991, "peak_cuda_allocated_mib": 351.11083984375}
{"block_id": 8, "task": "task_2", "block_start": 80, "block_stop": 90, "hours": 10, "feature_loading_seconds": 5.906447768211365e-06, "factor_preparation_seconds": 0.020335795357823372, "update_seconds": 0.019426366314291954, "prediction_seconds": 0.019025973975658417, "persistent_state_bytes": 20087960, "solver_backend": "torch", "solver_device": "cuda", "solver_dtype": "float64", "temporal_factor_device": "cpu", "rmse": 0.07388370792859024, "nll": -1.11365635301892, "mean_predictive_std": 0.10567133412137449, "mean_interval_width90": 0.34762775438868737, "coverage50": 0.7255, "coverage80": 0.9435, "coverage90": 0.9745, "coverage95": 0.9855, "peak_cuda_allocated_mib": 351.11083984375}
{"block_id": 9, "task": "task_2", "block_start": 90, "block_stop": 100, "hours": 10, "feature_loading_seconds": 6.109476089477539e-06, "factor_preparation_seconds": 0.02143390290439129, "update_seconds": 0.019564103335142136, "prediction_seconds": 0.01898261159658432, "persistent_state_bytes": 20087960, "solver_backend": "torch", "solver_device": "cuda", "solver_dtype": "float64", "temporal_factor_device": "cpu", "rmse": 0.08824893942545478, "nll": -1.0356690398893762, "mean_predictive_std": 0.10565332452469883, "mean_interval_width90": 0.34756850808786355, "coverage50": 0.6665, "coverage80": 0.905, "coverage90": 0.9555, "coverage95": 0.975, "peak_cuda_allocated_mib": 351.11083984375}
{"block_id": 10, "task": "task_2", "block_start": 100, "block_stop": 110, "hours": 10, "feature_loading_seconds": 5.856156349182129e-06, "factor_preparation_seconds": 0.02241560071706772, "update_seconds": 0.019452571868896484, "prediction_seconds": 0.018906261771917343, "persistent_state_bytes": 20087960, "solver_backend": "torch", "solver_device": "cuda", "solver_dtype": "float64", "temporal_factor_device": "cpu", "rmse": 0.07770956703029737, "nll": -1.109903266506987, "mean_predictive_std": 0.10564484378013793, "mean_interval_width90": 0.3475406089209631, "coverage50": 0.738, "coverage80": 0.9385, "coverage90": 0.974, "coverage95": 0.986, "peak_cuda_allocated_mib": 351.11083984375}
{"block_id": 11, "task": "task_2", "block_start": 110, "block_stop": 120, "hours": 10, "feature_loading_seconds": 5.4817646741867065e-06, "factor_preparation_seconds": 0.01945079118013382, "update_seconds": 0.019396184012293816, "prediction_seconds": 0.018970908597111702, "persistent_state_bytes": 20087960, "solver_backend": "torch", "solver_device": "cuda", "solver_dtype": "float64", "temporal_factor_device": "cpu", "rmse": 0.10844972533503644, "nll": -0.8174561537960429, "mean_predictive_std": 0.10564379492693923, "mean_interval_width90": 0.34753715850098704, "coverage50": 0.5215, "coverage80": 0.801, "coverage90": 0.888, "coverage95": 0.937, "peak_cuda_allocated_mib": 351.11083984375}
{"block_id": 12, "task": "task_2", "block_start": 120, "block_stop": 130, "hours": 10, "feature_loading_seconds": 5.0514936447143555e-06, "factor_preparation_seconds": 0.019165311008691788, "update_seconds": 0.01940223202109337, "prediction_seconds": 0.018888099119067192, "persistent_state_bytes": 20087960, "solver_backend": "torch", "solver_device": "cuda", "solver_dtype": "float64", "temporal_factor_device": "cpu", "rmse": 0.12062864123010499, "nll": -0.6984439880318225, "mean_predictive_std": 0.10564458525169665, "mean_interval_width90": 0.3475397584380745, "coverage50": 0.495, "coverage80": 0.7685, "coverage90": 0.867, "coverage95": 0.917, "peak_cuda_allocated_mib": 351.11083984375}
{"block_id": 13, "task": "task_2", "block_start": 130, "block_stop": 140, "hours": 10, "feature_loading_seconds": 4.172325134277344e-06, "factor_preparation_seconds": 0.02218172885477543, "update_seconds": 0.019418109208345413, "prediction_seconds": 0.01892506703734398, "persistent_state_bytes": 20087960, "solver_backend": "torch", "solver_device": "cuda", "solver_dtype": "float64", "temporal_factor_device": "cpu", "rmse": 0.11553563856158222, "nll": -0.7811376682740083, "mean_predictive_std": 0.1056194257958828, "mean_interval_width90": 0.3474569911937794, "coverage50": 0.541, "coverage80": 0.794, "coverage90": 0.8885, "coverage95": 0.927, "peak_cuda_allocated_mib": 351.11083984375}
{"block_id": 14, "task": "task_2", "block_start": 140, "block_stop": 150, "hours": 10, "feature_loading_seconds": 4.863366484642029e-06, "factor_preparation_seconds": 0.019268490374088287, "update_seconds": 0.0194234699010849, "prediction_seconds": 0.01943574659526348, "persistent_state_bytes": 20087960, "solver_backend": "torch", "solver_device": "cuda", "solver_dtype": "float64", "temporal_factor_device": "cpu", "rmse": 0.09711100888785044, "nll": -0.9576688308076012, "mean_predictive_std": 0.10561673849125162, "mean_interval_width90": 0.3474481507482408, "coverage50": 0.5855, "coverage80": 0.8685, "coverage90": 0.938, "coverage95": 0.9685, "peak_cuda_allocated_mib": 351.11083984375}
{"block_id": 15, "task": "task_2", "block_start": 150, "block_stop": 160, "hours": 10, "feature_loading_seconds": 1.2964010238647461e-05, "factor_preparation_seconds": 0.03296518325805664, "update_seconds": 0.01992979645729065, "prediction_seconds": 0.019117949530482292, "persistent_state_bytes": 20087960, "solver_backend": "torch", "solver_device": "cuda", "solver_dtype": "float64", "temporal_factor_device": "cpu", "rmse": 0.11047843343362417, "nll": -0.835600231341621, "mean_predictive_std": 0.10559853898224543, "mean_interval_width90": 0.3473882796914457, "coverage50": 0.566, "coverage80": 0.84, "coverage90": 0.92, "coverage95": 0.949, "peak_cuda_allocated_mib": 351.11083984375}
{"block_id": 16, "task": "task_2", "block_start": 160, "block_stop": 170, "hours": 10, "feature_loading_seconds": 5.783513188362122e-06, "factor_preparation_seconds": 0.02459917962551117, "update_seconds": 0.01946720853447914, "prediction_seconds": 0.018940534442663193, "persistent_state_bytes": 20087960, "solver_backend": "torch", "solver_device": "cuda", "solver_dtype": "float64", "temporal_factor_device": "cpu", "rmse": 0.09513960707093456, "nll": -0.9412167655455347, "mean_predictive_std": 0.10556687237548067, "mean_interval_width90": 0.3472841058254651, "coverage50": 0.5825, "coverage80": 0.851, "coverage90": 0.928, "coverage95": 0.962, "peak_cuda_allocated_mib": 351.11083984375}
{"block_id": 17, "task": "task_2", "block_start": 170, "block_stop": 180, "hours": 10, "feature_loading_seconds": 5.301088094711304e-06, "factor_preparation_seconds": 0.025636231526732445, "update_seconds": 0.01946447230875492, "prediction_seconds": 0.01893788017332554, "persistent_state_bytes": 20087960, "solver_backend": "torch", "solver_device": "cuda", "solver_dtype": "float64", "temporal_factor_device": "cpu", "rmse": 0.0815610469269309, "nll": -1.070911451267783, "mean_predictive_std": 0.10554586826336698, "mean_interval_width90": 0.3472150084454829, "coverage50": 0.6445, "coverage80": 0.916, "coverage90": 0.968, "coverage95": 0.9885, "peak_cuda_allocated_mib": 351.11083984375}
{"block_id": 18, "task": "task_2", "block_start": 180, "block_stop": 186, "hours": 6, "feature_loading_seconds": 5.3122639656066895e-06, "factor_preparation_seconds": 0.025435755029320717, "update_seconds": 0.019075367599725723, "prediction_seconds": 0.015616578981280327, "persistent_state_bytes": 20087960, "solver_backend": "torch", "solver_device": "cuda", "solver_dtype": "float64", "temporal_factor_device": "cpu", "rmse": 0.08735953988492144, "nll": -0.9863674493988299, "mean_predictive_std": 0.10570861632222461, "mean_interval_width90": 0.3477504019152655, "coverage50": 0.62, "coverage80": 0.8675, "coverage90": 0.9425, "coverage95": 0.9766666666666667, "peak_cuda_allocated_mib": 351.11083984375}
{
  "implementation": "Route B strict-online structured joint beta-GP",
  "protocol": "Task-1 Route-B empirical-Bayes calibration; frozen theta; new-block-only Task-2(+) streaming",
  "delayed_observations": false,
  "delayed_observation_blocks": 0,
  "delayed_observation_rows": 0,
  "task1_posterior_initialization": false,
  "task1_posterior_initialization_rows": 0,
  "task1_posterior_initialization_summary": null,
  "target_mode": "joint X-lag mean and GP posterior",
  "temporal_representation": "analytic_hippo_rff",
  "temporal_kernel": {
    "family": "matern32",
    "spectral_mixture": null
  },
  "solver_backend": "torch",
  "temporal_factor_device": "cpu",
  "temporal_factor_policy": "cpu",
  "basis_protocol": "cumulative-changing HiPPO horizon [t0,tk]",
  "split_seed": 1,
  "mt": 128,
  "ms": 128,
  "spatial_kernel_mode": "geo",
  "num_stream_times": 186,
  "num_blocks": 19,
  "num_train_space": 800,
  "num_test_space": 200,
  "learned_theta": {
    "ell_t": 0.04578421072284314,
    "ell_s": [
      0.6815033292926647,
      0.8000606325401546
    ],
    "kernel_variance": 0.49716394854156326,
    "noise_std": 0.08020120565461632
  },
  "hyperparameters": "learned on Task 1 by the matching Route B representation, then frozen",
  "feature_projection": {
    "path": null,
    "original_dimension": 133,
    "active_dimension": 133
  },
  "predictive_variance": "full structured-joint conditional; conditional residual included",
  "overall_current_block": {
    "rmse": 0.09020644180317397,
    "nll": -1.008604707363534,
    "mean_predictive_std": 0.10573630103055379,
    "mean_interval_width90": 0.3478414765010783,
    "coverage50": 0.6556989247311827,
    "coverage80": 0.8919354838709678,
    "coverage90": 0.9473387096774194,
    "coverage95": 0.9708870967741936
  },
  "final_block": {
    "rmse": 0.08735953988492144,
    "nll": -0.9863674493988299,
    "coverage50": 0.62,
    "coverage80": 0.8675,
    "coverage90": 0.9425,
    "coverage95": 0.9766666666666667,
    "mean_predictive_std": 0.10570861632222461,
    "mean_interval_width90": 0.3477504019152655
  },
  "timing": {
    "spatial_projection_setup_seconds": 0.03543198108673096,
    "solver_setup_seconds": 0.24946660734713078,
    "temporal_static_setup_seconds": 0.0010034218430519104,
    "task1_posterior_initialization_seconds": 0.0,
    "stream_feature_loading_seconds": 2.748299965634942,
    "stream_factor_preparation_seconds": 0.4980563148856163,
    "stream_update_seconds": 0.41687837429344654,
    "stream_prediction_seconds": 0.44483031518757343,
    "mean_block_update_seconds": 0.021940967068076134,
    "mean_block_factor_preparation_seconds": 0.0262134902571377,
    "mean_block_prediction_seconds": 0.02341212185197755,
    "first_block_update_seconds": 0.05899624153971672,
    "mean_steady_state_block_update_seconds": 0.019882340708540544,
    "xlag_feature_loading_seconds": 2.7475496772676706,
    "process_total_seconds": 5.761786395683885
  },
  "resources": {
    "device": "cuda",
    "dtype": "float64",
    "peak_rss_mib": 1441.41796875,
    "torch": "2.5.1+cu121",
    "torch_cuda_build": "12.1",
    "cuda_available": true,
    "gpu_name": "NVIDIA GeForce RTX 4090",
    "gpu_compute_capability": [
      8,
      9
    ],
    "gpu_total_memory_mib": 48508.0625,
    "peak_cuda_allocated_mib": 351.11083984375,
    "peak_cuda_reserved_mib": 416.0,
    "persistent_state_bytes": 20087960,
    "persistent_state_mib": 19.157371520996094,
    "history_replay_buffer_bytes": 0,
    "gpu_accelerated": true,
    "posterior_update_device": "cuda",
    "prediction_device": "cuda",
    "temporal_factor_device": "cpu",
    "spherical_bessel_device": "cpu",
    "host_to_device_block_factors_in_update_timing": true
  },
  "environment": {
    "hostname": "autodl-container-qkb5g0ybu5-f51eca91",
    "platform": "Linux-5.15.0-78-generic-x86_64-with-glibc2.35",
    "python": "3.11.15",
    "processor": "x86_64",
    "pid": 258692,
    "git": {
      "commit": "81800a1462d35357a43151857230c6fe5bfcb852",
      "branch": "",
      "dirty": true
    }
  },
  "args": {
    "protocol_npz": "/root/autodl-tmp/iclr_era5_a100_protocol_autodl_4090_capacity_ladder_20260820T023000Z/protocol/task1_2/seed1/protocol.npz",
    "protocol_json": "/root/autodl-tmp/iclr_era5_a100_protocol_autodl_4090_capacity_ladder_20260820T023000Z/protocol/task1_2/seed1/protocol.json",
    "data_root": null,
    "theta_json": "/root/autodl-tmp/iclr_era5_a100_protocol_autodl_4090_capacity_ladder_20260820T023000Z/calibration/routeb_joint_analytic_hippo_rff/seed1/result.json",
    "output": "/root/autodl-tmp/iclr_era5_a100_protocol_autodl_4090_capacity_ladder_20260820T023000Z/runs/task1_2/online/routeb_cumulative_hippo_mt128_ms128/seed1/result.json",
    "blockwise_output": "/root/autodl-tmp/iclr_era5_a100_protocol_autodl_4090_capacity_ladder_20260820T023000Z/runs/task1_2/online/routeb_cumulative_hippo_mt128_ms128/seed1/blocks.csv",
    "predictions_output": "/root/autodl-tmp/iclr_era5_a100_protocol_autodl_4090_capacity_ladder_20260820T023000Z/runs/task1_2/online/routeb_cumulative_hippo_mt128_ms128/seed1/predictions.npz",
    "representation": "analytic_hippo_rff",
    "mt": 128,
    "ms": 128,
    "rff_sample_size": 256,
    "temporal_kernel": "matern32",
    "spectral_mixture_json": null,
    "prediction_chunk_size": 8192,
    "include_conditional_residual_variance": true,
    "beta_prior_variance": 1000.0,
    "use_protocol_beta_prior": false,
    "seed": 1,
    "max_blocks": 0,
    "delayed_observations": false,
    "delayed_observation_blocks": 0,
    "task1_posterior_init": false,
    "feature_projection_npz": null,
    "spatial_projection_npz": null,
    "spatial_kernel_mode": "geo",
    "solver_backend": "torch",
    "device": "cuda",
    "dtype": "float64",
    "temporal_factor_device": "cpu"
  }
}
