job=array-107
argv=/root/autodl-tmp/stvgp_envs/routeb/bin/python scripts/run_iclr_era5_routeb_batch.py --protocol-npz /root/autodl-tmp/iclr_era5_a100_protocol_autodl_4090_capacity_ladder_20260820T023000Z/protocol/task1_2/seed0/protocol.npz --protocol-json /root/autodl-tmp/iclr_era5_a100_protocol_autodl_4090_capacity_ladder_20260820T023000Z/protocol/task1_2/seed0/protocol.json --output-dir /root/autodl-tmp/iclr_era5_a100_protocol_autodl_4090_capacity_ladder_20260820T023000Z/runs/task1_2/batch/routeb_shared_residual_inducing_points_mt128_ms64/seed0 --data-part stream --target-mode shared_xlag_residual --representation inducing_points --mt 128 --ms 64 --iterations 100 --learning-rate 0.02 --validation-every 5 --include-conditional-residual-variance --beta-prior-variance 1000.0 --rff-sample-size 256 --xlag-length 10 --prediction-chunk-size 8192 --split-seed 0 --model-seed 0 --device cuda --dtype float64 --evaluation-backend torch --warmup-steps 1 --profile-flops --predictions-output /root/autodl-tmp/iclr_era5_a100_protocol_autodl_4090_capacity_ladder_20260820T023000Z/runs/task1_2/batch/routeb_shared_residual_inducing_points_mt128_ms64/seed0/predictions.npz

libgomp: Invalid value for environment variable OMP_NUM_THREADS
{"iteration": 1, "train_nlml_per_observation": -0.6412820599106314, "finite_nlml_per_observation": -0.6412820599106314, "vfe_trace_correction_per_observation": 0.0, "vfe_trace_residual_per_observation": 0.0, "gradient_norm_before_clip": 0.33179951818407727, "iteration_seconds": 0.0767463892698288, "ell_t": 0.04900993918780058, "ell_s": [0.3570704682091003, 0.3570704684738771], "kernel_variance": 0.9801987331949612, "noise_std": 0.10202013393241205, "validation_nll": -0.13689927332220425, "validation_rmse": 0.10006909196606478, "validation_seconds": 0.10631000809371471, "validation_checks_without_improvement": 0, "training_elapsed_seconds": 0.18385210819542408}
{"iteration": 5, "train_nlml_per_observation": -0.6707204782058444, "finite_nlml_per_observation": -0.6707204782058444, "vfe_trace_correction_per_observation": 0.0, "vfe_trace_residual_per_observation": 0.0, "gradient_norm_before_clip": 0.14207385928414773, "iteration_seconds": 0.012650232762098312, "ell_t": 0.04834682892487404, "ell_s": [0.3861661382950417, 0.38646321312667253], "kernel_variance": 0.90460474362994, "noise_std": 0.10999628183948475, "validation_nll": -0.23084818551508157, "validation_rmse": 0.09978420000640564, "validation_seconds": 0.02204277738928795, "validation_checks_without_improvement": 0, "training_elapsed_seconds": 0.2552155554294586}
{"iteration": 10, "train_nlml_per_observation": -0.683355041664331, "finite_nlml_per_observation": -0.683355041664331, "vfe_trace_correction_per_observation": 0.0, "vfe_trace_residual_per_observation": 0.0, "gradient_norm_before_clip": 0.10235477835167504, "iteration_seconds": 0.014379389584064484, "ell_t": 0.046538425002259895, "ell_s": [0.422256009585591, 0.4248493320970225], "kernel_variance": 0.8192381026966152, "noise_std": 0.11673611527216692, "validation_nll": -0.3348644917832935, "validation_rmse": 0.09963288168894324, "validation_seconds": 0.019959285855293274, "validation_checks_without_improvement": 0, "training_elapsed_seconds": 0.3454404752701521}
{"iteration": 15, "train_nlml_per_observation": -0.6902385760603339, "finite_nlml_per_observation": -0.6902385760603339, "vfe_trace_correction_per_observation": 0.0, "vfe_trace_residual_per_observation": 0.0, "gradient_norm_before_clip": 0.11790518904567648, "iteration_seconds": 0.015407213941216469, "ell_t": 0.04385338750089108, "ell_s": [0.45494424011247353, 0.4642298675970266], "kernel_variance": 0.7419311493996783, "noise_std": 0.11677016792512222, "validation_nll": -0.4305818743787054, "validation_rmse": 0.09953474183309785, "validation_seconds": 0.018786989152431488, "validation_checks_without_improvement": 0, "training_elapsed_seconds": 0.4438027795404196}
{"iteration": 20, "train_nlml_per_observation": -0.6983964593436686, "finite_nlml_per_observation": -0.6983964593436686, "vfe_trace_correction_per_observation": 0.0, "vfe_trace_residual_per_observation": 0.0, "gradient_norm_before_clip": 0.07861405640203208, "iteration_seconds": 0.014482704922556877, "ell_t": 0.04080645390431614, "ell_s": [0.4816521904688275, 0.5045386627838443], "kernel_variance": 0.6719149219530598, "noise_std": 0.11271130716068706, "validation_nll": -0.5176615246304191, "validation_rmse": 0.09943855071915736, "validation_seconds": 0.01844460517168045, "validation_checks_without_improvement": 0, "training_elapsed_seconds": 0.540289930999279}
{"iteration": 25, "train_nlml_per_observation": -0.7039949217332225, "finite_nlml_per_observation": -0.7039949217332225, "vfe_trace_correction_per_observation": 0.0, "vfe_trace_residual_per_observation": 0.0, "gradient_norm_before_clip": 0.049429615676369054, "iteration_seconds": 0.015387807041406631, "ell_t": 0.037443363049579424, "ell_s": [0.500695558816543, 0.5460687520062311], "kernel_variance": 0.6085804941694728, "noise_std": 0.10850621505406578, "validation_nll": -0.5904812608087472, "validation_rmse": 0.09933308379197571, "validation_seconds": 0.01828400231897831, "validation_checks_without_improvement": 0, "training_elapsed_seconds": 0.6337467767298222}
{"iteration": 30, "train_nlml_per_observation": -0.7072601578522413, "finite_nlml_per_observation": -0.7072601578522413, "vfe_trace_correction_per_observation": 0.0, "vfe_trace_residual_per_observation": 0.0, "gradient_norm_before_clip": 0.05974946093191005, "iteration_seconds": 0.014439895749092102, "ell_t": 0.03480892140404574, "ell_s": [0.511960597262871, 0.5887115059405156], "kernel_variance": 0.5504627762468881, "noise_std": 0.1067291591309179, "validation_nll": -0.6452444904550605, "validation_rmse": 0.0992823086431333, "validation_seconds": 0.018169883638620377, "validation_checks_without_improvement": 0, "training_elapsed_seconds": 0.7268074844032526}
{"iteration": 35, "train_nlml_per_observation": -0.7103875073986703, "finite_nlml_per_observation": -0.7103875073986703, "vfe_trace_correction_per_observation": 0.0, "vfe_trace_residual_per_observation": 0.0, "gradient_norm_before_clip": 0.044265139221917695, "iteration_seconds": 0.014366907998919487, "ell_t": 0.03282903945322823, "ell_s": [0.5173290735592857, 0.6312508410153663], "kernel_variance": 0.49767504608325763, "noise_std": 0.10753218768541804, "validation_nll": -0.6828737212905621, "validation_rmse": 0.09928545036387978, "validation_seconds": 0.01807011105120182, "validation_checks_without_improvement": 0, "training_elapsed_seconds": 0.8183833193033934}
{"iteration": 40, "train_nlml_per_observation": -0.7126979218088253, "finite_nlml_per_observation": -0.7126979218088253, "vfe_trace_correction_per_observation": 0.0, "vfe_trace_residual_per_observation": 0.0, "gradient_norm_before_clip": 0.022638720110371584, "iteration_seconds": 0.014513494446873665, "ell_t": 0.031059979969145807, "ell_s": [0.5200240190310779, 0.6714804354906219], "kernel_variance": 0.45060390900114283, "noise_std": 0.10914811368812809, "validation_nll": -0.7095049740510305, "validation_rmse": 0.09930978430519082, "validation_seconds": 0.01793651096522808, "validation_checks_without_improvement": 0, "training_elapsed_seconds": 0.9112279135733843}
{"iteration": 45, "train_nlml_per_observation": -0.7139310552024906, "finite_nlml_per_observation": -0.7139310552024906, "vfe_trace_correction_per_observation": 0.0, "vfe_trace_residual_per_observation": 0.0, "gradient_norm_before_clip": 0.02453911607540912, "iteration_seconds": 0.014528868719935417, "ell_t": 0.029453914578513204, "ell_s": [0.5231061545443655, 0.7070919123346932], "kernel_variance": 0.4091466254177808, "noise_std": 0.10979365920379838, "validation_nll": -0.7323217570257219, "validation_rmse": 0.09933819962251582, "validation_seconds": 0.018218202516436577, "validation_checks_without_improvement": 0, "training_elapsed_seconds": 1.0028385780751705}
{"iteration": 50, "train_nlml_per_observation": -0.7147933994316991, "finite_nlml_per_observation": -0.7147933994316991, "vfe_trace_correction_per_observation": 0.0, "vfe_trace_residual_per_observation": 0.0, "gradient_norm_before_clip": 0.016471454468550025, "iteration_seconds": 0.01445058360695839, "ell_t": 0.027815643155139735, "ell_s": [0.5282920880154668, 0.7364391899941916], "kernel_variance": 0.37324122964421586, "noise_std": 0.10915336586106884, "validation_nll": -0.7538069627391855, "validation_rmse": 0.09935042362107029, "validation_seconds": 0.018097780644893646, "validation_checks_without_improvement": 0, "training_elapsed_seconds": 1.0973713397979736}
{"iteration": 55, "train_nlml_per_observation": -0.7153217304472812, "finite_nlml_per_observation": -0.7153217304472812, "vfe_trace_correction_per_observation": 0.0, "vfe_trace_residual_per_observation": 0.0, "gradient_norm_before_clip": 0.006681300280864054, "iteration_seconds": 0.014592956751585007, "ell_t": 0.026324575616448694, "ell_s": [0.5357071884084231, 0.7588734634872689], "kernel_variance": 0.3424912391532558, "noise_std": 0.10821296408085354, "validation_nll": -0.7721465485841907, "validation_rmse": 0.09936526692174312, "validation_seconds": 0.018241560086607933, "validation_checks_without_improvement": 0, "training_elapsed_seconds": 1.1905545573681593}
{"iteration": 60, "train_nlml_per_observation": -0.7155752329784111, "finite_nlml_per_observation": -0.7155752329784111, "vfe_trace_correction_per_observation": 0.0, "vfe_trace_residual_per_observation": 0.0, "gradient_norm_before_clip": 0.010691333734596775, "iteration_seconds": 0.01399185135960579, "ell_t": 0.02516627980131356, "ell_s": [0.5440782411284947, 0.774651821678803], "kernel_variance": 0.3165624863464253, "noise_std": 0.10793139328687976, "validation_nll": -0.7851100590154625, "validation_rmse": 0.09939914584960437, "validation_seconds": 0.018581034615635872, "validation_checks_without_improvement": 0, "training_elapsed_seconds": 1.2864683959633112}
{"iteration": 65, "train_nlml_per_observation": -0.7157380519304593, "finite_nlml_per_observation": -0.7157380519304593, "vfe_trace_correction_per_observation": 0.0, "vfe_trace_residual_per_observation": 0.0, "gradient_norm_before_clip": 0.005072910964987885, "iteration_seconds": 0.014417827129364014, "ell_t": 0.02429136207107823, "ell_s": [0.5514177874721189, 0.7846540483955946], "kernel_variance": 0.29531670637429963, "noise_std": 0.10832592619048607, "validation_nll": -0.7928965983421502, "validation_rmse": 0.09943713182519125, "validation_seconds": 0.01835809461772442, "validation_checks_without_improvement": 0, "training_elapsed_seconds": 1.3782219476997852}
{"iteration": 70, "train_nlml_per_observation": -0.7157998486768604, "finite_nlml_per_observation": -0.7157998486768604, "vfe_trace_correction_per_observation": 0.0, "vfe_trace_residual_per_observation": 0.0, "gradient_norm_before_clip": 0.004120619537803711, "iteration_seconds": 0.013922493904829025, "ell_t": 0.023664553774183483, "ell_s": [0.5560854195423135, 0.7900402945662658], "kernel_variance": 0.2784947503907473, "noise_std": 0.10874128981804079, "validation_nll": -0.7978973123150251, "validation_rmse": 0.09946101608323454, "validation_seconds": 0.018148619681596756, "validation_checks_without_improvement": 0, "training_elapsed_seconds": 1.4732168838381767}
{"iteration": 75, "train_nlml_per_observation": -0.7158228452129227, "finite_nlml_per_observation": -0.7158228452129227, "vfe_trace_correction_per_observation": 0.0, "vfe_trace_residual_per_observation": 0.0, "gradient_norm_before_clip": 0.005717738368336671, "iteration_seconds": 0.014058876782655716, "ell_t": 0.023186759294782294, "ell_s": [0.5574944507279903, 0.7919153502439354], "kernel_variance": 0.2657163104456466, "noise_std": 0.10873451701451896, "validation_nll": -0.8018797764893032, "validation_rmse": 0.09945646348496656, "validation_seconds": 0.018137693405151367, "validation_checks_without_improvement": 0, "training_elapsed_seconds": 1.5633097756654024}
{"iteration": 80, "train_nlml_per_observation": -0.7158506596026631, "finite_nlml_per_observation": -0.7158506596026631, "vfe_trace_correction_per_observation": 0.0, "vfe_trace_residual_per_observation": 0.0, "gradient_norm_before_clip": 0.0035496950921924493, "iteration_seconds": 0.014002125710248947, "ell_t": 0.02284948389037852, "ell_s": [0.5561899671339939, 0.7911977116955006], "kernel_variance": 0.2563716429196828, "noise_std": 0.10847229922217978, "validation_nll": -0.8049321788201133, "validation_rmse": 0.09943147407423396, "validation_seconds": 0.018483899533748627, "validation_checks_without_improvement": 0, "training_elapsed_seconds": 1.6590614058077335}
{"iteration": 85, "train_nlml_per_observation": -0.7158728124454172, "finite_nlml_per_observation": -0.7158728124454172, "vfe_trace_correction_per_observation": 0.0, "vfe_trace_residual_per_observation": 0.0, "gradient_norm_before_clip": 0.0042305608031875394, "iteration_seconds": 0.014010235667228699, "ell_t": 0.022663767626808787, "ell_s": [0.5533888780134584, 0.7886256950245122], "kernel_variance": 0.24974093293860322, "noise_std": 0.1083427253557523, "validation_nll": -0.8064755444736278, "validation_rmse": 0.09940275359265142, "validation_seconds": 0.018347805365920067, "validation_checks_without_improvement": 0, "training_elapsed_seconds": 1.7513608522713184}
{"iteration": 90, "train_nlml_per_observation": -0.7158963954967974, "finite_nlml_per_observation": -0.7158963954967974, "vfe_trace_correction_per_observation": 0.0, "vfe_trace_residual_per_observation": 0.0, "gradient_norm_before_clip": 0.00330186147245492, "iteration_seconds": 0.014415085315704346, "ell_t": 0.022582174434494503, "ell_s": [0.550351774694866, 0.7848341045865813], "kernel_variance": 0.24513369765256326, "noise_std": 0.1084439817060415, "validation_nll": -0.8066447938621935, "validation_rmse": 0.09937850970515164, "validation_seconds": 0.01825878396630287, "validation_checks_without_improvement": 0, "training_elapsed_seconds": 1.8431527018547058}
{"iteration": 95, "train_nlml_per_observation": -0.7159149665433364, "finite_nlml_per_observation": -0.7159149665433364, "vfe_trace_correction_per_observation": 0.0, "vfe_trace_residual_per_observation": 0.0, "gradient_norm_before_clip": 0.002619673851561939, "iteration_seconds": 0.014478035271167755, "ell_t": 0.022556982008539617, "ell_s": [0.5479096786688005, 0.7804294281025613], "kernel_variance": 0.24193164195054215, "noise_std": 0.10857076766502287, "validation_nll": -0.8063889173335727, "validation_rmse": 0.09936037788576849, "validation_seconds": 0.01832210086286068, "validation_checks_without_improvement": 1, "training_elapsed_seconds": 1.9347097761929035}
{"iteration": 100, "train_nlml_per_observation": -0.7159281774115022, "finite_nlml_per_observation": -0.7159281774115022, "vfe_trace_correction_per_observation": 0.0, "vfe_trace_residual_per_observation": 0.0, "gradient_norm_before_clip": 0.0022042545943088618, "iteration_seconds": 0.013905743137001991, "ell_t": 0.022533286962741424, "ell_s": [0.546303922878759, 0.7759883802976203], "kernel_variance": 0.23965560247429954, "noise_std": 0.10856334069092581, "validation_nll": -0.8063709676812494, "validation_rmse": 0.09934516322768949, "validation_seconds": 0.01823224127292633, "validation_checks_without_improvement": 2, "training_elapsed_seconds": 2.0286780279129744}
{
  "implementation": "Route B finite_dtc structured empirical Bayes",
  "training_objective": "finite_dtc",
  "protocol": "controlled batch/full-history with spatial held-out validation",
  "data_part": "stream",
  "target_mode": "shared_xlag_residual",
  "temporal_representation": "inducing_points",
  "temporal_kernel": {
    "family": "matern32",
    "spectral_mixture": null
  },
  "evaluation_backend": "torch",
  "temporal_factor_device": "cuda",
  "split_seed": 0,
  "mt": 128,
  "ms": 64,
  "num_time": 186,
  "num_train_space": 800,
  "num_validation_space": 80,
  "num_test_space": 200,
  "num_xlag_features": 0,
  "active_joint_mean_features": 0,
  "hyperparameters": "learned by Route B marginal likelihood; fixed inducing locations",
  "objective_optimization": {
    "version": "E0",
    "cached_statistics": false,
    "combined_basis_transforms": false,
    "removed_redundant_final_solve": false,
    "cross_contraction": "einsum",
    "feature_block_size": null,
    "feature_projection": null,
    "feature_dimension": 0
  },
  "predictive_variance": "full structured-joint conditional; conditional residual included",
  "best_iteration": 90,
  "iterations_completed": 100,
  "stop_reason": "max_iterations",
  "validation_checks_without_improvement": 2,
  "best_validation_nll": -0.8066447938621935,
  "time_to_best_validation_seconds": 1.8427933305501938,
  "learned_theta": {
    "ell_t": 0.022582174434494503,
    "ell_s": [
      0.550351774694866,
      0.7848341045865813
    ],
    "kernel_variance": 0.24513369765256326,
    "noise_std": 0.1084439817060415
  },
  "final": {
    "rmse": 0.10866555295391142,
    "nll": -0.7416674845637793,
    "coverage90": 0.9698655913978494,
    "ece": 0.10933467741935485,
    "mean_predictive_std": 0.14927761866334646,
    "posterior_update_seconds": 0.007251592352986336,
    "prediction_seconds": 0.009893879294395447,
    "diagnostic_avg_sigma2": 0.011760097168260262,
    "diagnostic_avg_nu_star": 0.010684626548749087,
    "diagnostic_avg_nu_star_raw": 0.010684626548749087,
    "diagnostic_avg_u_posterior_term": 0.0004994620088695956,
    "diagnostic_avg_beta_schur_term": 0.0
  },
  "timing": {
    "warmup_seconds": 0.020668020471930504,
    "flop_profile_seconds": 0.22287527099251747,
    "training_seconds": 2.0287420991808176,
    "mean_iteration_seconds": 0.015234513729810715,
    "median_iteration_seconds": 0.014479728415608406,
    "mean_steady_state_iteration_seconds": 0.014613181653648916,
    "validation_seconds": 0.4774319902062416,
    "xlag_feature_loading_seconds": 0.0,
    "posterior_setup_seconds": 0.007251592352986336,
    "prediction_seconds": 0.009893879294395447,
    "process_total_seconds": 3.23097906075418
  },
  "resources": {
    "device": "cuda",
    "dtype": "float64",
    "peak_rss_mib": 1276.3359375,
    "torch": "2.5.1+cu121",
    "torch_cuda_build": "12.1",
    "cuda_available": true,
    "gpu_name": "NVIDIA GeForce RTX 4090",
    "gpu_compute_capability": [
      8,
      9
    ],
    "gpu_total_memory_mib": 48508.0625,
    "peak_cuda_allocated_mib": 62.0419921875,
    "peak_cuda_reserved_mib": 74.0,
    "persistent_model_state_bytes": 904696,
    "persistent_model_state_mib": 0.8627853393554688,
    "serialized_training_checkpoint_bytes": 9565,
    "history_replay_buffer_bytes": 1190400,
    "profiled_forward_backward_flops_per_step": 185769984,
    "estimated_training_flops": 18576998400,
    "flops_scope": "PyTorch-supported operations in one Route-B objective forward/backward; optimizer, validation, posterior recovery and prediction excluded",
    "flop_profile_error": null,
    "training_device": "cuda",
    "temporal_factor_device": "cuda",
    "spherical_bessel_device": null,
    "posterior_update_device": "cuda",
    "prediction_device": "cuda",
    "posterior_solver_backend": "torch"
  },
  "environment": {
    "hostname": "autodl-container-qkb5g0ybu5-f51eca91",
    "platform": "Linux-5.15.0-78-generic-x86_64-with-glibc2.35",
    "python": "3.11.15",
    "processor": "x86_64",
    "pid": 241009,
    "git": {
      "commit": "90411f423e38daa49cbda0489cc618b3d154b31c",
      "branch": "",
      "dirty": true
    }
  },
  "args": {
    "protocol_npz": "/root/autodl-tmp/iclr_era5_a100_protocol_autodl_4090_capacity_ladder_20260820T023000Z/protocol/task1_2/seed0/protocol.npz",
    "protocol_json": "/root/autodl-tmp/iclr_era5_a100_protocol_autodl_4090_capacity_ladder_20260820T023000Z/protocol/task1_2/seed0/protocol.json",
    "data_root": null,
    "output_dir": "/root/autodl-tmp/iclr_era5_a100_protocol_autodl_4090_capacity_ladder_20260820T023000Z/runs/task1_2/batch/routeb_shared_residual_inducing_points_mt128_ms64/seed0",
    "data_part": "stream",
    "target_mode": "shared_xlag_residual",
    "representation": "inducing_points",
    "mt": 128,
    "ms": 64,
    "iterations": 100,
    "training_objective": "finite_dtc",
    "include_conditional_residual_variance": true,
    "learning_rate": 0.02,
    "validation_every": 5,
    "early_stopping_patience_validations": 0,
    "early_stopping_min_delta": 0.0,
    "max_training_seconds": 0.0,
    "beta_prior_variance": 1000.0,
    "rff_sample_size": 256,
    "temporal_kernel": "matern32",
    "spectral_mixture_json": null,
    "xlag_length": 10,
    "joint_phi_npy": null,
    "initial_ell_t": 0.05,
    "initial_ell_s": [
      0.35,
      0.35
    ],
    "initial_kernel_variance": 1.0,
    "initial_noise": 0.1,
    "prediction_chunk_size": 8192,
    "split_seed": 0,
    "model_seed": 0,
    "save_pointwise": false,
    "predictions_output": "/root/autodl-tmp/iclr_era5_a100_protocol_autodl_4090_capacity_ladder_20260820T023000Z/runs/task1_2/batch/routeb_shared_residual_inducing_points_mt128_ms64/seed0/predictions.npz",
    "device": "cuda",
    "dtype": "float64",
    "evaluation_backend": "torch",
    "warmup_steps": 1,
    "profile_flops": true,
    "objective_optimization_version": "E0",
    "cross_contraction": "einsum",
    "feature_block_size": null,
    "feature_projection_npz": null
  }
}
