job=array-18
argv=/root/autodl-tmp/stvgp_envs/maddox/bin/python scripts/run_official_maddox_streaming_sgpr_era5.py --protocol-npz /root/autodl-tmp/iclr_era5_a100_protocol_autodl_4090_capacity_ladder_20260820T023000Z/protocol/task1_10/seed3/protocol.npz --theta-json /root/autodl-tmp/iclr_era5_a100_protocol_autodl_4090_capacity_ladder_20260820T023000Z/calibration/routeb_joint_inducing_points/seed3/result.json --output /root/autodl-tmp/iclr_era5_a100_protocol_autodl_4090_capacity_ladder_20260820T023000Z/runs/task1_10/online/maddox_streaming_sgpr_mt2_ms64/seed3/result.json --blockwise-output /root/autodl-tmp/iclr_era5_a100_protocol_autodl_4090_capacity_ladder_20260820T023000Z/runs/task1_10/online/maddox_streaming_sgpr_mt2_ms64/seed3/blocks.csv --predictions-output /root/autodl-tmp/iclr_era5_a100_protocol_autodl_4090_capacity_ladder_20260820T023000Z/runs/task1_10/online/maddox_streaming_sgpr_mt2_ms64/seed3/predictions.npz --mt 2 --ms 64 --jitter 0.0001 --resample-ratio 0.2 --seed 3 --device cuda --dtype float64
/root/autodl-tmp/stvgp_envs/maddox/lib/python3.10/site-packages/linear_operator/utils/cholesky.py:40: NumericalWarning: A not p.d., added jitter of 1.0e-04 to the diagonal
  warnings.warn(
{"block_id": 0, "block_start": 0, "block_stop": 10, "hours": 10, "update_seconds": 0.12528394907712936, "prediction_seconds": 0.0069273654371500015, "rmse": 0.27650945254460263, "nll": 0.4083032986189939, "coverage90": 0.9305, "mean_predictive_std": 0.46251511925671956}
{"block_id": 1, "block_start": 10, "block_stop": 20, "hours": 10, "update_seconds": 0.031323567032814026, "prediction_seconds": 0.006161144003272057, "rmse": 0.2303501203709312, "nll": 0.2167180552886979, "coverage90": 0.9785, "mean_predictive_std": 0.4377245740535326}
{"block_id": 2, "block_start": 20, "block_stop": 30, "hours": 10, "update_seconds": 0.021259509027004242, "prediction_seconds": 0.006132977083325386, "rmse": 0.23025118015905027, "nll": 0.1779384140175247, "coverage90": 0.987, "mean_predictive_std": 0.41710505267459236}
{"block_id": 3, "block_start": 30, "block_stop": 40, "hours": 10, "update_seconds": 0.021226495504379272, "prediction_seconds": 0.00617552176117897, "rmse": 0.27023764965366803, "nll": 0.2565205455688257, "coverage90": 0.9595, "mean_predictive_std": 0.419372437761465}
{"block_id": 4, "block_start": 40, "block_stop": 50, "hours": 10, "update_seconds": 0.022187581285834312, "prediction_seconds": 0.006192745640873909, "rmse": 0.2535478342964136, "nll": 0.19230427782465023, "coverage90": 0.988, "mean_predictive_std": 0.4131840339328911}
{"block_id": 5, "block_start": 50, "block_stop": 60, "hours": 10, "update_seconds": 0.022547420114278793, "prediction_seconds": 0.006160752847790718, "rmse": 0.20163750723220875, "nll": 0.10247108445627799, "coverage90": 0.989, "mean_predictive_std": 0.40125342663617625}
{"block_id": 6, "block_start": 60, "block_stop": 70, "hours": 10, "update_seconds": 0.02662547118961811, "prediction_seconds": 0.00786161981523037, "rmse": 0.177552895253817, "nll": 0.15577665892760517, "coverage90": 0.986, "mean_predictive_std": 0.42951978841639127}
{"block_id": 7, "block_start": 70, "block_stop": 80, "hours": 10, "update_seconds": 0.024859927594661713, "prediction_seconds": 0.006288010627031326, "rmse": 0.21165938772044132, "nll": 0.1414863423853619, "coverage90": 0.986, "mean_predictive_std": 0.42390650078791253}
{"block_id": 8, "block_start": 80, "block_stop": 90, "hours": 10, "update_seconds": 0.021449174731969833, "prediction_seconds": 0.0061104558408260345, "rmse": 0.2329866441070398, "nll": 0.19939658884482678, "coverage90": 0.98, "mean_predictive_std": 0.4202140222526736}
{"block_id": 9, "block_start": 90, "block_stop": 100, "hours": 10, "update_seconds": 0.02170570380985737, "prediction_seconds": 0.006246866658329964, "rmse": 0.22138637184782858, "nll": 0.1532377415856853, "coverage90": 0.9885, "mean_predictive_std": 0.40802385549851183}
{"block_id": 10, "block_start": 100, "block_stop": 110, "hours": 10, "update_seconds": 0.022393900901079178, "prediction_seconds": 0.006189774721860886, "rmse": 0.26950230762468713, "nll": 0.26051962656842553, "coverage90": 0.972, "mean_predictive_std": 0.4357343258647538}
{"block_id": 11, "block_start": 110, "block_stop": 120, "hours": 10, "update_seconds": 0.021286725997924805, "prediction_seconds": 0.006117651239037514, "rmse": 0.2700341444890787, "nll": 0.2796655866298751, "coverage90": 0.969, "mean_predictive_std": 0.4098403962624699}
{"block_id": 12, "block_start": 120, "block_stop": 130, "hours": 10, "update_seconds": 0.021175632253289223, "prediction_seconds": 0.006194444373250008, "rmse": 0.33177963640338737, "nll": 0.36084119784333873, "coverage90": 0.925, "mean_predictive_std": 0.3891843445493602}
{"block_id": 13, "block_start": 130, "block_stop": 140, "hours": 10, "update_seconds": 0.021585943177342415, "prediction_seconds": 0.006133735179901123, "rmse": 0.2721916691146201, "nll": 0.3087624512197652, "coverage90": 0.95, "mean_predictive_std": 0.4213040441206379}
{"block_id": 14, "block_start": 140, "block_stop": 150, "hours": 10, "update_seconds": 0.021275803446769714, "prediction_seconds": 0.006235245615243912, "rmse": 0.28967675642362617, "nll": 0.25899832867040834, "coverage90": 0.9685, "mean_predictive_std": 0.42229040687044983}
{"block_id": 15, "block_start": 150, "block_stop": 160, "hours": 10, "update_seconds": 0.02166086807847023, "prediction_seconds": 0.006125932559370995, "rmse": 0.2770049691316052, "nll": 0.2514515447819986, "coverage90": 0.958, "mean_predictive_std": 0.40400646385834454}
{"block_id": 16, "block_start": 160, "block_stop": 170, "hours": 10, "update_seconds": 0.021500471979379654, "prediction_seconds": 0.006110543385148048, "rmse": 0.2902494507708135, "nll": 0.2658690012993782, "coverage90": 0.968, "mean_predictive_std": 0.41596149901160584}
{"block_id": 17, "block_start": 170, "block_stop": 180, "hours": 10, "update_seconds": 0.02125297300517559, "prediction_seconds": 0.0062147099524736404, "rmse": 0.25294437768237543, "nll": 0.19831192073489035, "coverage90": 0.9755, "mean_predictive_std": 0.41754905672630865}
{"block_id": 18, "block_start": 180, "block_stop": 186, "hours": 6, "update_seconds": 0.021661426872015, "prediction_seconds": 0.0054959263652563095, "rmse": 0.22300204779243488, "nll": 0.09583981250075325, "coverage90": 0.9608333333333333, "mean_predictive_std": 0.35295830608075524}
{"block_id": 19, "block_start": 186, "block_stop": 196, "hours": 10, "update_seconds": 0.021281294524669647, "prediction_seconds": 0.006179815158247948, "rmse": 0.4439912391480143, "nll": 0.802298388528601, "coverage90": 0.884, "mean_predictive_std": 0.4085035436222635}
{"block_id": 20, "block_start": 196, "block_stop": 206, "hours": 10, "update_seconds": 0.02148566208779812, "prediction_seconds": 0.006161542609333992, "rmse": 0.2917484422282276, "nll": 0.3249182556147396, "coverage90": 0.9585, "mean_predictive_std": 0.4170375173358562}
{"block_id": 21, "block_start": 206, "block_stop": 216, "hours": 10, "update_seconds": 0.022463230416178703, "prediction_seconds": 0.006147865206003189, "rmse": 0.29858051379829925, "nll": 0.32254320922004176, "coverage90": 0.9515, "mean_predictive_std": 0.42906272636495313}
{"block_id": 22, "block_start": 216, "block_stop": 226, "hours": 10, "update_seconds": 0.021274646744132042, "prediction_seconds": 0.0060957446694374084, "rmse": 0.2790205627116689, "nll": 0.2632009765988612, "coverage90": 0.9655, "mean_predictive_std": 0.4276927789583769}
{"block_id": 23, "block_start": 226, "block_stop": 236, "hours": 10, "update_seconds": 0.02149255946278572, "prediction_seconds": 0.006113054230809212, "rmse": 0.3002958756156987, "nll": 0.27074391966003347, "coverage90": 0.9585, "mean_predictive_std": 0.4046557196198765}
{"block_id": 24, "block_start": 236, "block_stop": 246, "hours": 10, "update_seconds": 0.021122880280017853, "prediction_seconds": 0.006165632978081703, "rmse": 0.3111238392249629, "nll": 0.32073416106147906, "coverage90": 0.963, "mean_predictive_std": 0.4205290013885583}
{"block_id": 25, "block_start": 246, "block_stop": 256, "hours": 10, "update_seconds": 0.02157427743077278, "prediction_seconds": 0.0060851238667964935, "rmse": 0.33939866904709415, "nll": 0.3577943195516451, "coverage90": 0.943, "mean_predictive_std": 0.4075986172841682}
{"block_id": 26, "block_start": 256, "block_stop": 266, "hours": 10, "update_seconds": 0.02255040779709816, "prediction_seconds": 0.006406489759683609, "rmse": 0.4415187010446054, "nll": 0.7523226199439862, "coverage90": 0.874, "mean_predictive_std": 0.4258620663289848}
{"block_id": 27, "block_start": 266, "block_stop": 276, "hours": 10, "update_seconds": 0.021542895585298538, "prediction_seconds": 0.0061264727264642715, "rmse": 0.30111357717481985, "nll": 0.3268004700418624, "coverage90": 0.941, "mean_predictive_std": 0.4087901196706184}
{"block_id": 28, "block_start": 276, "block_stop": 286, "hours": 10, "update_seconds": 0.02122829668223858, "prediction_seconds": 0.006152931600809097, "rmse": 0.39803317454086834, "nll": 0.34110046319576365, "coverage90": 0.9375, "mean_predictive_std": 0.4150158621417275}
{"block_id": 29, "block_start": 286, "block_stop": 296, "hours": 10, "update_seconds": 0.021480947732925415, "prediction_seconds": 0.006199711933732033, "rmse": 0.24040403159846005, "nll": 0.1478782439908785, "coverage90": 0.977, "mean_predictive_std": 0.39686737354037793}
{"block_id": 30, "block_start": 296, "block_stop": 306, "hours": 10, "update_seconds": 0.02123885601758957, "prediction_seconds": 0.006173493340611458, "rmse": 0.22675576163675987, "nll": 0.16204807997555581, "coverage90": 0.9845, "mean_predictive_std": 0.41373606403585234}
{"block_id": 31, "block_start": 306, "block_stop": 316, "hours": 10, "update_seconds": 0.02156439609825611, "prediction_seconds": 0.0061418842524290085, "rmse": 0.23987174293094632, "nll": 0.22055878167710774, "coverage90": 0.9655, "mean_predictive_std": 0.4203330556325085}
{"block_id": 32, "block_start": 316, "block_stop": 326, "hours": 10, "update_seconds": 0.02119774930179119, "prediction_seconds": 0.006689891219139099, "rmse": 0.18810261506888626, "nll": 0.08250870828549049, "coverage90": 0.9975, "mean_predictive_std": 0.4056658738343209}
{"block_id": 33, "block_start": 326, "block_stop": 336, "hours": 10, "update_seconds": 0.02130061760544777, "prediction_seconds": 0.0062104202806949615, "rmse": 0.20925870717906714, "nll": 0.13251994420661345, "coverage90": 0.9865, "mean_predictive_std": 0.4011444944297725}
{"block_id": 34, "block_start": 336, "block_stop": 346, "hours": 10, "update_seconds": 0.021268226206302643, "prediction_seconds": 0.006192782893776894, "rmse": 0.2381076312180729, "nll": 0.15907016924155545, "coverage90": 0.9815, "mean_predictive_std": 0.4009785505850208}
{"block_id": 35, "block_start": 346, "block_stop": 356, "hours": 10, "update_seconds": 0.02188144065439701, "prediction_seconds": 0.00613824650645256, "rmse": 0.22331236522168937, "nll": 0.2096580419468761, "coverage90": 0.976, "mean_predictive_std": 0.4059736421463815}
{"block_id": 36, "block_start": 356, "block_stop": 366, "hours": 10, "update_seconds": 0.021252309903502464, "prediction_seconds": 0.006113812327384949, "rmse": 0.19951059665850712, "nll": 0.11784899889236135, "coverage90": 0.987, "mean_predictive_std": 0.40563205793203305}
{"block_id": 37, "block_start": 366, "block_stop": 372, "hours": 6, "update_seconds": 0.021001644432544708, "prediction_seconds": 0.005440672859549522, "rmse": 0.16180679902611106, "nll": -0.009346419518035078, "coverage90": 0.9991666666666666, "mean_predictive_std": 0.38258535387191583}
{"block_id": 38, "block_start": 372, "block_stop": 382, "hours": 10, "update_seconds": 0.021323995664715767, "prediction_seconds": 0.006194800138473511, "rmse": 0.23076775995677962, "nll": 0.17912287277971536, "coverage90": 0.9855, "mean_predictive_std": 0.41132625137429996}
{"block_id": 39, "block_start": 382, "block_stop": 392, "hours": 10, "update_seconds": 0.021724199876189232, "prediction_seconds": 0.006773259490728378, "rmse": 0.2399401672875645, "nll": 0.181936503502179, "coverage90": 0.986, "mean_predictive_std": 0.4292251249404889}
{"block_id": 40, "block_start": 392, "block_stop": 402, "hours": 10, "update_seconds": 0.02168102003633976, "prediction_seconds": 0.006150307133793831, "rmse": 0.16299174105454242, "nll": 0.10093043358007249, "coverage90": 0.9965, "mean_predictive_std": 0.4213355607256566}
{"block_id": 41, "block_start": 402, "block_stop": 412, "hours": 10, "update_seconds": 0.021284738555550575, "prediction_seconds": 0.006081201136112213, "rmse": 0.19181831728046977, "nll": 0.09945620758668637, "coverage90": 0.9935, "mean_predictive_std": 0.40622257873618967}
{"block_id": 42, "block_start": 412, "block_stop": 422, "hours": 10, "update_seconds": 0.021309610456228256, "prediction_seconds": 0.006125643849372864, "rmse": 0.17413909901639835, "nll": 0.07210980081199102, "coverage90": 0.9975, "mean_predictive_std": 0.41047618103041417}
{"block_id": 43, "block_start": 422, "block_stop": 432, "hours": 10, "update_seconds": 0.02424202673137188, "prediction_seconds": 0.006208864971995354, "rmse": 0.31245496298788406, "nll": 0.35436860591432395, "coverage90": 0.9515, "mean_predictive_std": 0.42227531231520316}
{"block_id": 44, "block_start": 432, "block_stop": 442, "hours": 10, "update_seconds": 0.021682901307940483, "prediction_seconds": 0.011365825310349464, "rmse": 0.31604992392936054, "nll": 0.2779878415133792, "coverage90": 0.97, "mean_predictive_std": 0.4203751063131582}
{"block_id": 45, "block_start": 442, "block_stop": 452, "hours": 10, "update_seconds": 0.022460833191871643, "prediction_seconds": 0.006159774959087372, "rmse": 0.3186016605536314, "nll": 0.4064718336823446, "coverage90": 0.943, "mean_predictive_std": 0.41717088946622927}
{"block_id": 46, "block_start": 452, "block_stop": 462, "hours": 10, "update_seconds": 0.02158515714108944, "prediction_seconds": 0.006139244884252548, "rmse": 0.27266188147111386, "nll": 0.24070533447719508, "coverage90": 0.9625, "mean_predictive_std": 0.40249147260669077}
{"block_id": 47, "block_start": 462, "block_stop": 472, "hours": 10, "update_seconds": 0.021433042362332344, "prediction_seconds": 0.0061041731387376785, "rmse": 0.25951559038315536, "nll": 0.24027169813172555, "coverage90": 0.9725, "mean_predictive_std": 0.4139298598380035}
{"block_id": 48, "block_start": 472, "block_stop": 482, "hours": 10, "update_seconds": 0.021271657198667526, "prediction_seconds": 0.006202399730682373, "rmse": 0.3356173191688537, "nll": 0.3947273252931377, "coverage90": 0.925, "mean_predictive_std": 0.40391130352258264}
{"block_id": 49, "block_start": 482, "block_stop": 492, "hours": 10, "update_seconds": 0.021453101187944412, "prediction_seconds": 0.006149323657155037, "rmse": 0.2792824878540384, "nll": 0.2601959457277567, "coverage90": 0.965, "mean_predictive_std": 0.40902989286145}
{"block_id": 50, "block_start": 492, "block_stop": 502, "hours": 10, "update_seconds": 0.02126982994377613, "prediction_seconds": 0.006148969754576683, "rmse": 0.29323519948143023, "nll": 0.25927470137154496, "coverage90": 0.9615, "mean_predictive_std": 0.41393247025334756}
{"block_id": 51, "block_start": 502, "block_stop": 512, "hours": 10, "update_seconds": 0.021605689078569412, "prediction_seconds": 0.006139542907476425, "rmse": 0.23756043178417427, "nll": 0.20481757228083877, "coverage90": 0.987, "mean_predictive_std": 0.4305031145850668}
{"block_id": 52, "block_start": 512, "block_stop": 522, "hours": 10, "update_seconds": 0.02114235796034336, "prediction_seconds": 0.006211519241333008, "rmse": 0.1661813654197204, "nll": 0.10011832876598391, "coverage90": 0.9935, "mean_predictive_std": 0.41308333103622713}
{"block_id": 53, "block_start": 522, "block_stop": 532, "hours": 10, "update_seconds": 0.02181587927043438, "prediction_seconds": 0.006151165813207626, "rmse": 0.25050334900471005, "nll": 0.23172643471141013, "coverage90": 0.966, "mean_predictive_std": 0.4154094883002349}
{"block_id": 54, "block_start": 532, "block_stop": 542, "hours": 10, "update_seconds": 0.021074388176202774, "prediction_seconds": 0.006129514425992966, "rmse": 0.1988340409962538, "nll": 0.12655113445689506, "coverage90": 0.9935, "mean_predictive_std": 0.41908261834900484}
{"block_id": 55, "block_start": 542, "block_stop": 552, "hours": 10, "update_seconds": 0.021531779319047928, "prediction_seconds": 0.006112072616815567, "rmse": 0.2213693178728226, "nll": 0.192402489564417, "coverage90": 0.9825, "mean_predictive_std": 0.4256922000149175}
{"block_id": 56, "block_start": 552, "block_stop": 558, "hours": 6, "update_seconds": 0.021388571709394455, "prediction_seconds": 0.005370408296585083, "rmse": 0.17120444149950226, "nll": -0.014267137153236936, "coverage90": 0.9925, "mean_predictive_std": 0.3618894083159462}
{"block_id": 57, "block_start": 558, "block_stop": 568, "hours": 10, "update_seconds": 0.021173052489757538, "prediction_seconds": 0.0061455219984054565, "rmse": 0.1823930133577464, "nll": 0.08737101470703275, "coverage90": 0.9945, "mean_predictive_std": 0.4024621331139291}
{"block_id": 58, "block_start": 568, "block_stop": 578, "hours": 10, "update_seconds": 0.021195141598582268, "prediction_seconds": 0.006098702549934387, "rmse": 0.2734246182930489, "nll": 0.24900685918811866, "coverage90": 0.9745, "mean_predictive_std": 0.4192549027253221}
{"block_id": 59, "block_start": 578, "block_stop": 588, "hours": 10, "update_seconds": 0.022720618173480034, "prediction_seconds": 0.0061248186975717545, "rmse": 0.23793618285258725, "nll": 0.15064013525522707, "coverage90": 0.99, "mean_predictive_std": 0.4168761785248545}
{"block_id": 60, "block_start": 588, "block_stop": 598, "hours": 10, "update_seconds": 0.021144939586520195, "prediction_seconds": 0.006105329841375351, "rmse": 0.241673050275065, "nll": 0.1904925045212493, "coverage90": 0.981, "mean_predictive_std": 0.41141894333719314}
{"block_id": 61, "block_start": 598, "block_stop": 608, "hours": 10, "update_seconds": 0.021325014531612396, "prediction_seconds": 0.006165444850921631, "rmse": 0.24054817858804833, "nll": 0.18617628309410836, "coverage90": 0.982, "mean_predictive_std": 0.41109303326152724}
{"block_id": 62, "block_start": 608, "block_stop": 618, "hours": 10, "update_seconds": 0.02153230644762516, "prediction_seconds": 0.006180288270115852, "rmse": 0.18287520786277614, "nll": 0.13922842569301686, "coverage90": 0.989, "mean_predictive_std": 0.4219180673905973}
{"block_id": 63, "block_start": 618, "block_stop": 628, "hours": 10, "update_seconds": 0.021219609305262566, "prediction_seconds": 0.006142493337392807, "rmse": 0.37606853159190007, "nll": 0.43481245223701953, "coverage90": 0.925, "mean_predictive_std": 0.4180787359518707}
{"block_id": 64, "block_start": 628, "block_stop": 638, "hours": 10, "update_seconds": 0.02124148979783058, "prediction_seconds": 0.006133332848548889, "rmse": 0.26346518359404225, "nll": 0.254091303112078, "coverage90": 0.962, "mean_predictive_std": 0.3942562309859325}
{"block_id": 65, "block_start": 638, "block_stop": 648, "hours": 10, "update_seconds": 0.021135643124580383, "prediction_seconds": 0.007325230166316032, "rmse": 0.3265808275209755, "nll": 0.5189479994294638, "coverage90": 0.937, "mean_predictive_std": 0.4056345222916621}
{"block_id": 66, "block_start": 648, "block_stop": 658, "hours": 10, "update_seconds": 0.021391259506344795, "prediction_seconds": 0.006091967225074768, "rmse": 0.25024045841755205, "nll": 0.2578720295056803, "coverage90": 0.981, "mean_predictive_std": 0.44102358523535623}
{"block_id": 67, "block_start": 658, "block_stop": 668, "hours": 10, "update_seconds": 0.021159416064620018, "prediction_seconds": 0.006163077428936958, "rmse": 0.23431678111876966, "nll": 0.1915180922112227, "coverage90": 0.986, "mean_predictive_std": 0.42185056565922335}
{"block_id": 68, "block_start": 668, "block_stop": 678, "hours": 10, "update_seconds": 0.02159835956990719, "prediction_seconds": 0.00612763874232769, "rmse": 0.22361169112818188, "nll": 0.18512879138687116, "coverage90": 0.9825, "mean_predictive_std": 0.42486314345586446}
{"block_id": 69, "block_start": 678, "block_stop": 688, "hours": 10, "update_seconds": 0.02114485576748848, "prediction_seconds": 0.0061056409031152725, "rmse": 0.2211920678391026, "nll": 0.1543988517818199, "coverage90": 0.981, "mean_predictive_std": 0.4100951111608287}
{"block_id": 70, "block_start": 688, "block_stop": 698, "hours": 10, "update_seconds": 0.021466484293341637, "prediction_seconds": 0.0061201490461826324, "rmse": 0.3201040956175371, "nll": 0.33727199026618, "coverage90": 0.9645, "mean_predictive_std": 0.43938483660902533}
{"block_id": 71, "block_start": 698, "block_stop": 708, "hours": 10, "update_seconds": 0.02120138518512249, "prediction_seconds": 0.00609966367483139, "rmse": 0.29156329825995975, "nll": 0.3489712920686311, "coverage90": 0.96, "mean_predictive_std": 0.4410922199184083}
{"block_id": 72, "block_start": 708, "block_stop": 718, "hours": 10, "update_seconds": 0.021101098507642746, "prediction_seconds": 0.006140226498246193, "rmse": 0.5098808198819529, "nll": 0.7829382722156719, "coverage90": 0.882, "mean_predictive_std": 0.4035020947776009}
{"block_id": 73, "block_start": 718, "block_stop": 728, "hours": 10, "update_seconds": 0.023600775748491287, "prediction_seconds": 0.006169572472572327, "rmse": 0.3993132758298243, "nll": 0.599892506971579, "coverage90": 0.9025, "mean_predictive_std": 0.4119130815129728}
{"block_id": 74, "block_start": 728, "block_stop": 738, "hours": 10, "update_seconds": 0.021185966208577156, "prediction_seconds": 0.006173945963382721, "rmse": 0.32782673365529486, "nll": 0.38741773262969287, "coverage90": 0.9445, "mean_predictive_std": 0.42114813279117275}
{"block_id": 75, "block_start": 738, "block_stop": 744, "hours": 6, "update_seconds": 0.020940599963068962, "prediction_seconds": 0.005462436005473137, "rmse": 0.24736772464533477, "nll": 0.1627100499180588, "coverage90": 0.9633333333333334, "mean_predictive_std": 0.36222667154173177}
{"block_id": 76, "block_start": 744, "block_stop": 754, "hours": 10, "update_seconds": 0.02124580182135105, "prediction_seconds": 0.006087809801101685, "rmse": 0.2516454731296208, "nll": 0.22668294014645482, "coverage90": 0.982, "mean_predictive_std": 0.42072491441317933}
{"block_id": 77, "block_start": 754, "block_stop": 764, "hours": 10, "update_seconds": 0.02152174338698387, "prediction_seconds": 0.006123360246419907, "rmse": 0.2826750468951367, "nll": 0.2914998024597029, "coverage90": 0.973, "mean_predictive_std": 0.4358585790263725}
{"block_id": 78, "block_start": 764, "block_stop": 774, "hours": 10, "update_seconds": 0.02166862040758133, "prediction_seconds": 0.006181444972753525, "rmse": 0.2859993655156871, "nll": 0.3101029058427216, "coverage90": 0.966, "mean_predictive_std": 0.43730785544434747}
{"block_id": 79, "block_start": 774, "block_stop": 784, "hours": 10, "update_seconds": 0.021284256130456924, "prediction_seconds": 0.006137149408459663, "rmse": 0.3440283619329955, "nll": 0.42366279795383943, "coverage90": 0.9215, "mean_predictive_std": 0.4036125301069009}
{"block_id": 80, "block_start": 784, "block_stop": 794, "hours": 10, "update_seconds": 0.02200479991734028, "prediction_seconds": 0.006141161546111107, "rmse": 0.42882788248707543, "nll": 0.7561811200380135, "coverage90": 0.851, "mean_predictive_std": 0.39827338778053983}
{"block_id": 81, "block_start": 794, "block_stop": 804, "hours": 10, "update_seconds": 0.021629344671964645, "prediction_seconds": 0.008420443162322044, "rmse": 0.3501869929181711, "nll": 0.45434092389860803, "coverage90": 0.9115, "mean_predictive_std": 0.41007505544260675}
{"block_id": 82, "block_start": 804, "block_stop": 814, "hours": 10, "update_seconds": 0.021357916295528412, "prediction_seconds": 0.006132293492555618, "rmse": 0.4053812029022896, "nll": 0.7073056639732184, "coverage90": 0.895, "mean_predictive_std": 0.4173914374325416}
{"block_id": 83, "block_start": 814, "block_stop": 824, "hours": 10, "update_seconds": 0.02843506447970867, "prediction_seconds": 0.006206599995493889, "rmse": 0.432127137721563, "nll": 0.6557430866617818, "coverage90": 0.8725, "mean_predictive_std": 0.40798625200343713}
{"block_id": 84, "block_start": 824, "block_stop": 834, "hours": 10, "update_seconds": 0.0216092299669981, "prediction_seconds": 0.006172938272356987, "rmse": 0.3744931192017739, "nll": 0.45529675978368644, "coverage90": 0.9155, "mean_predictive_std": 0.39096177850434316}
{"block_id": 85, "block_start": 834, "block_stop": 844, "hours": 10, "update_seconds": 0.021330207586288452, "prediction_seconds": 0.006152914837002754, "rmse": 0.334711682710158, "nll": 0.37048403344192654, "coverage90": 0.934, "mean_predictive_std": 0.40847469505216727}
{"block_id": 86, "block_start": 844, "block_stop": 854, "hours": 10, "update_seconds": 0.02140895463526249, "prediction_seconds": 0.0061469171196222305, "rmse": 0.3026046798695065, "nll": 0.2537569552296548, "coverage90": 0.9585, "mean_predictive_std": 0.4091717744233042}
{"block_id": 87, "block_start": 854, "block_stop": 864, "hours": 10, "update_seconds": 0.021359704434871674, "prediction_seconds": 0.006211906671524048, "rmse": 0.29405208706684083, "nll": 0.283145137400797, "coverage90": 0.951, "mean_predictive_std": 0.3992966914959429}
{"block_id": 88, "block_start": 864, "block_stop": 874, "hours": 10, "update_seconds": 0.021937962621450424, "prediction_seconds": 0.0071699731051921844, "rmse": 0.2646638497188117, "nll": 0.21967759423615343, "coverage90": 0.973, "mean_predictive_std": 0.41749682970273944}
{"block_id": 89, "block_start": 874, "block_stop": 884, "hours": 10, "update_seconds": 0.02149862051010132, "prediction_seconds": 0.006146974861621857, "rmse": 0.28123473456378356, "nll": 0.253925640404076, "coverage90": 0.964, "mean_predictive_std": 0.41879773737791753}
{"block_id": 90, "block_start": 884, "block_stop": 894, "hours": 10, "update_seconds": 0.02138979360461235, "prediction_seconds": 0.006139129400253296, "rmse": 0.3008710811822008, "nll": 0.2543506880298762, "coverage90": 0.972, "mean_predictive_std": 0.4037735924434559}
{"block_id": 91, "block_start": 894, "block_stop": 904, "hours": 10, "update_seconds": 0.021288065239787102, "prediction_seconds": 0.006112296134233475, "rmse": 0.2172970833429577, "nll": 0.1730094969875412, "coverage90": 0.9825, "mean_predictive_std": 0.42022089425122877}
{"block_id": 92, "block_start": 904, "block_stop": 914, "hours": 10, "update_seconds": 0.02211940288543701, "prediction_seconds": 0.00614352710545063, "rmse": 0.22745359858622985, "nll": 0.1694615625839338, "coverage90": 0.978, "mean_predictive_std": 0.4137475056990509}
{"block_id": 93, "block_start": 914, "block_stop": 924, "hours": 10, "update_seconds": 0.021336069330573082, "prediction_seconds": 0.006223764270544052, "rmse": 0.3312570229425221, "nll": 0.4207435610788301, "coverage90": 0.9345, "mean_predictive_std": 0.42686839832576695}
{"block_id": 94, "block_start": 924, "block_stop": 930, "hours": 6, "update_seconds": 0.021122895181179047, "prediction_seconds": 0.005520537495613098, "rmse": 0.2983881183234965, "nll": 0.24778691764725153, "coverage90": 0.9266666666666666, "mean_predictive_std": 0.3507733001312828}
{"block_id": 95, "block_start": 930, "block_stop": 940, "hours": 10, "update_seconds": 0.021301062777638435, "prediction_seconds": 0.006147148087620735, "rmse": 0.4318800019154967, "nll": 0.7678205734687695, "coverage90": 0.844, "mean_predictive_std": 0.40300812178208556}
{"block_id": 96, "block_start": 940, "block_stop": 950, "hours": 10, "update_seconds": 0.023180082440376282, "prediction_seconds": 0.006153160706162453, "rmse": 0.3317462937855764, "nll": 0.3993904365623897, "coverage90": 0.9415, "mean_predictive_std": 0.41369303671931745}
{"block_id": 97, "block_start": 950, "block_stop": 960, "hours": 10, "update_seconds": 0.021274026483297348, "prediction_seconds": 0.006150985136628151, "rmse": 0.3481858200299793, "nll": 0.4435164166370887, "coverage90": 0.9355, "mean_predictive_std": 0.434784918284303}
{"block_id": 98, "block_start": 960, "block_stop": 970, "hours": 10, "update_seconds": 0.02125673182308674, "prediction_seconds": 0.006120376288890839, "rmse": 0.2910749910282331, "nll": 0.32201775499324065, "coverage90": 0.9565, "mean_predictive_std": 0.4239900908129222}
{"block_id": 99, "block_start": 970, "block_stop": 980, "hours": 10, "update_seconds": 0.021365920081734657, "prediction_seconds": 0.006136637181043625, "rmse": 0.30024270320856666, "nll": 0.3447137153856738, "coverage90": 0.9495, "mean_predictive_std": 0.4305488935919963}
{"block_id": 100, "block_start": 980, "block_stop": 990, "hours": 10, "update_seconds": 0.02157503366470337, "prediction_seconds": 0.006131043657660484, "rmse": 0.28981724281381255, "nll": 0.3033485815745107, "coverage90": 0.9615, "mean_predictive_std": 0.4183093513264406}
{"block_id": 101, "block_start": 990, "block_stop": 1000, "hours": 10, "update_seconds": 0.02223539724946022, "prediction_seconds": 0.00617184117436409, "rmse": 0.26778837855041354, "nll": 0.31716107667164456, "coverage90": 0.9755, "mean_predictive_std": 0.42714743173719966}
{"block_id": 102, "block_start": 1000, "block_stop": 1010, "hours": 10, "update_seconds": 0.0213070809841156, "prediction_seconds": 0.0062032658606767654, "rmse": 0.28647437326569025, "nll": 0.28612112980305143, "coverage90": 0.9575, "mean_predictive_std": 0.414574376599846}
{"block_id": 103, "block_start": 1010, "block_stop": 1020, "hours": 10, "update_seconds": 0.02166130021214485, "prediction_seconds": 0.006173374131321907, "rmse": 0.24045573450941563, "nll": 0.1737805648195623, "coverage90": 0.976, "mean_predictive_std": 0.40410333176080854}
{"block_id": 104, "block_start": 1020, "block_stop": 1030, "hours": 10, "update_seconds": 0.021607697010040283, "prediction_seconds": 0.006136296316981316, "rmse": 0.530383044690587, "nll": 0.9298796451865171, "coverage90": 0.844, "mean_predictive_std": 0.4112555481601103}
{"block_id": 105, "block_start": 1030, "block_stop": 1040, "hours": 10, "update_seconds": 0.021356431767344475, "prediction_seconds": 0.00815916433930397, "rmse": 0.3832181478784657, "nll": 0.5038548138397154, "coverage90": 0.929, "mean_predictive_std": 0.4238407472295618}
{"block_id": 106, "block_start": 1040, "block_stop": 1050, "hours": 10, "update_seconds": 0.021375056356191635, "prediction_seconds": 0.006144823506474495, "rmse": 0.267471704209375, "nll": 0.21976686214267913, "coverage90": 0.9835, "mean_predictive_std": 0.417391020202897}
{"block_id": 107, "block_start": 1050, "block_stop": 1060, "hours": 10, "update_seconds": 0.02141956239938736, "prediction_seconds": 0.006157729774713516, "rmse": 0.22964476614674126, "nll": 0.22243940047010063, "coverage90": 0.9665, "mean_predictive_std": 0.4113963833530493}
{"block_id": 108, "block_start": 1060, "block_stop": 1070, "hours": 10, "update_seconds": 0.021306699141860008, "prediction_seconds": 0.006128925830125809, "rmse": 0.2190991466151971, "nll": 0.1190680985347244, "coverage90": 0.984, "mean_predictive_std": 0.39496740025175325}
{"block_id": 109, "block_start": 1070, "block_stop": 1080, "hours": 10, "update_seconds": 0.021318549290299416, "prediction_seconds": 0.006150040775537491, "rmse": 0.39138668991733544, "nll": 0.6384502183183526, "coverage90": 0.905, "mean_predictive_std": 0.4206086554066904}
{"block_id": 110, "block_start": 1080, "block_stop": 1090, "hours": 10, "update_seconds": 0.021312614902853966, "prediction_seconds": 0.00621386244893074, "rmse": 0.2775806503455818, "nll": 0.26917338494501203, "coverage90": 0.9675, "mean_predictive_std": 0.42161124629320856}
{"block_id": 111, "block_start": 1090, "block_stop": 1100, "hours": 10, "update_seconds": 0.021664634346961975, "prediction_seconds": 0.006145993247628212, "rmse": 0.38556573732872707, "nll": 0.44355972023665574, "coverage90": 0.9175, "mean_predictive_std": 0.43509776524570826}
{"block_id": 112, "block_start": 1100, "block_stop": 1110, "hours": 10, "update_seconds": 0.02370893396437168, "prediction_seconds": 0.007768750190734863, "rmse": 0.3444508185275602, "nll": 0.5245218152851023, "coverage90": 0.928, "mean_predictive_std": 0.41066750936742324}
{"block_id": 113, "block_start": 1110, "block_stop": 1116, "hours": 6, "update_seconds": 0.02845064178109169, "prediction_seconds": 0.005698252469301224, "rmse": 0.272342573329837, "nll": 0.17250989498861105, "coverage90": 0.9341666666666667, "mean_predictive_std": 0.3506178777424559}
{"block_id": 114, "block_start": 1116, "block_stop": 1126, "hours": 10, "update_seconds": 0.021924978122115135, "prediction_seconds": 0.006302671507000923, "rmse": 0.3838742590818772, "nll": 0.42994786362449966, "coverage90": 0.901, "mean_predictive_std": 0.39871319346403833}
{"block_id": 115, "block_start": 1126, "block_stop": 1136, "hours": 10, "update_seconds": 0.022037232294678688, "prediction_seconds": 0.006230667233467102, "rmse": 0.3613584313805728, "nll": 0.42281829611345095, "coverage90": 0.918, "mean_predictive_std": 0.4098221194877662}
{"block_id": 116, "block_start": 1136, "block_stop": 1146, "hours": 10, "update_seconds": 0.022249912843108177, "prediction_seconds": 0.006259482353925705, "rmse": 0.2955828393795563, "nll": 0.2509526527142078, "coverage90": 0.964, "mean_predictive_std": 0.39755809552499566}
{"block_id": 117, "block_start": 1146, "block_stop": 1156, "hours": 10, "update_seconds": 0.11444685235619545, "prediction_seconds": 0.006573433056473732, "rmse": 0.42666588198168537, "nll": 0.6396580941228275, "coverage90": 0.8775, "mean_predictive_std": 0.41615210112872875}
{"block_id": 118, "block_start": 1156, "block_stop": 1166, "hours": 10, "update_seconds": 0.02208278328180313, "prediction_seconds": 0.0062768664211034775, "rmse": 0.381567188782038, "nll": 0.4776579731168431, "coverage90": 0.935, "mean_predictive_std": 0.4324645302006145}
{"block_id": 119, "block_start": 1166, "block_stop": 1176, "hours": 10, "update_seconds": 0.02409684844315052, "prediction_seconds": 0.006337139755487442, "rmse": 0.438048821263605, "nll": 0.6842663914764673, "coverage90": 0.867, "mean_predictive_std": 0.4151890866286236}
{"block_id": 120, "block_start": 1176, "block_stop": 1186, "hours": 10, "update_seconds": 0.021833673119544983, "prediction_seconds": 0.006327250972390175, "rmse": 0.36429671370396643, "nll": 0.43877910247661, "coverage90": 0.938, "mean_predictive_std": 0.41226893059236736}
{"block_id": 121, "block_start": 1186, "block_stop": 1196, "hours": 10, "update_seconds": 0.021674733608961105, "prediction_seconds": 0.0062634386122226715, "rmse": 0.5053782236008785, "nll": 1.0604635895238053, "coverage90": 0.837, "mean_predictive_std": 0.44377577578647537}
{"block_id": 122, "block_start": 1196, "block_stop": 1206, "hours": 10, "update_seconds": 0.021920667961239815, "prediction_seconds": 0.006312832236289978, "rmse": 0.49576909329984303, "nll": 0.810826255804468, "coverage90": 0.868, "mean_predictive_std": 0.45054561930241604}
{"block_id": 123, "block_start": 1206, "block_stop": 1216, "hours": 10, "update_seconds": 0.021976400166749954, "prediction_seconds": 0.006228547543287277, "rmse": 0.32133907500779535, "nll": 0.43282626767841414, "coverage90": 0.94, "mean_predictive_std": 0.4410227123474548}
{"block_id": 124, "block_start": 1216, "block_stop": 1226, "hours": 10, "update_seconds": 0.0216914564371109, "prediction_seconds": 0.006400898098945618, "rmse": 0.29878817880208197, "nll": 0.3310554250218355, "coverage90": 0.9485, "mean_predictive_std": 0.42216945442028586}
{"block_id": 125, "block_start": 1226, "block_stop": 1236, "hours": 10, "update_seconds": 0.021721849218010902, "prediction_seconds": 0.006270134821534157, "rmse": 0.3343609059057809, "nll": 0.47207387056995337, "coverage90": 0.945, "mean_predictive_std": 0.44993662873518153}
{"block_id": 126, "block_start": 1236, "block_stop": 1246, "hours": 10, "update_seconds": 0.02177058719098568, "prediction_seconds": 0.006195610389113426, "rmse": 0.5385478636331419, "nll": 1.2306517013377092, "coverage90": 0.813, "mean_predictive_std": 0.4291229654584088}
{"block_id": 127, "block_start": 1246, "block_stop": 1256, "hours": 10, "update_seconds": 0.023725133389234543, "prediction_seconds": 0.006167689338326454, "rmse": 0.41741430839209626, "nll": 0.6494609193581163, "coverage90": 0.889, "mean_predictive_std": 0.40141141509717737}
{"block_id": 128, "block_start": 1256, "block_stop": 1266, "hours": 10, "update_seconds": 0.02158903330564499, "prediction_seconds": 0.006307756528258324, "rmse": 0.39481725771512416, "nll": 0.6617623601834023, "coverage90": 0.8765, "mean_predictive_std": 0.4057937411260023}
{"block_id": 129, "block_start": 1266, "block_stop": 1276, "hours": 10, "update_seconds": 0.021567318588495255, "prediction_seconds": 0.006304314360022545, "rmse": 0.4342529919575778, "nll": 0.7324084187400531, "coverage90": 0.851, "mean_predictive_std": 0.4090023097112068}
{"block_id": 130, "block_start": 1276, "block_stop": 1286, "hours": 10, "update_seconds": 0.02161766029894352, "prediction_seconds": 0.006223659962415695, "rmse": 0.31271609304721426, "nll": 0.347014173126581, "coverage90": 0.956, "mean_predictive_std": 0.42432446420529135}
{"block_id": 131, "block_start": 1286, "block_stop": 1296, "hours": 10, "update_seconds": 0.021853160113096237, "prediction_seconds": 0.0062473490834236145, "rmse": 0.4421381178607777, "nll": 0.6325008766667267, "coverage90": 0.8635, "mean_predictive_std": 0.40367531427974207}
{"block_id": 132, "block_start": 1296, "block_stop": 1302, "hours": 6, "update_seconds": 0.02148744836449623, "prediction_seconds": 0.005602803081274033, "rmse": 0.31272693536277435, "nll": 0.3416221522894716, "coverage90": 0.9366666666666666, "mean_predictive_std": 0.3895236907004131}
{"block_id": 133, "block_start": 1302, "block_stop": 1312, "hours": 10, "update_seconds": 0.02247336320579052, "prediction_seconds": 0.006612531840801239, "rmse": 0.28083580645554673, "nll": 0.28396991718274817, "coverage90": 0.979, "mean_predictive_std": 0.42447129163609393}
{"block_id": 134, "block_start": 1312, "block_stop": 1322, "hours": 10, "update_seconds": 0.021792221814393997, "prediction_seconds": 0.0062480345368385315, "rmse": 0.4028306656855984, "nll": 0.6046562483947432, "coverage90": 0.901, "mean_predictive_std": 0.43323930398919097}
{"block_id": 135, "block_start": 1322, "block_stop": 1332, "hours": 10, "update_seconds": 0.02160557545721531, "prediction_seconds": 0.006236828863620758, "rmse": 0.214932881714709, "nll": 0.14479733893009455, "coverage90": 0.983, "mean_predictive_std": 0.4033259620807105}
{"block_id": 136, "block_start": 1332, "block_stop": 1342, "hours": 10, "update_seconds": 0.021718855947256088, "prediction_seconds": 0.00624280609190464, "rmse": 0.4275749385121404, "nll": 0.6551849163711571, "coverage90": 0.8835, "mean_predictive_std": 0.4306477955762181}
{"block_id": 137, "block_start": 1342, "block_stop": 1352, "hours": 10, "update_seconds": 0.02229204587638378, "prediction_seconds": 0.0062379390001297, "rmse": 0.2770910175376885, "nll": 0.2333108263800595, "coverage90": 0.963, "mean_predictive_std": 0.4124464815740015}
{"block_id": 138, "block_start": 1352, "block_stop": 1362, "hours": 10, "update_seconds": 0.021939480677247047, "prediction_seconds": 0.006225498393177986, "rmse": 0.3085044475271478, "nll": 0.353878379501625, "coverage90": 0.948, "mean_predictive_std": 0.4213073382756945}
{"block_id": 139, "block_start": 1362, "block_stop": 1372, "hours": 10, "update_seconds": 0.021714920178055763, "prediction_seconds": 0.006286760792136192, "rmse": 0.45665860301184996, "nll": 0.751711221852597, "coverage90": 0.862, "mean_predictive_std": 0.4086116555885898}
{"block_id": 140, "block_start": 1372, "block_stop": 1382, "hours": 10, "update_seconds": 0.021796373650431633, "prediction_seconds": 0.0062309857457876205, "rmse": 0.32436689287902637, "nll": 0.3713774913103217, "coverage90": 0.9435, "mean_predictive_std": 0.41638672687513556}
{"block_id": 141, "block_start": 1382, "block_stop": 1392, "hours": 10, "update_seconds": 0.023973383009433746, "prediction_seconds": 0.0062248725444078445, "rmse": 0.4518998232256624, "nll": 0.8485617938436123, "coverage90": 0.861, "mean_predictive_std": 0.4100152793059478}
{"block_id": 142, "block_start": 1392, "block_stop": 1402, "hours": 10, "update_seconds": 0.021816514432430267, "prediction_seconds": 0.006288696080446243, "rmse": 0.3074465516129022, "nll": 0.35642980784162726, "coverage90": 0.961, "mean_predictive_std": 0.41955071561578705}
{"block_id": 143, "block_start": 1402, "block_stop": 1412, "hours": 10, "update_seconds": 0.021696101874113083, "prediction_seconds": 0.00622144341468811, "rmse": 0.22594685024213182, "nll": 0.22871227712018546, "coverage90": 0.9835, "mean_predictive_std": 0.42868872131553015}
{"block_id": 144, "block_start": 1412, "block_stop": 1422, "hours": 10, "update_seconds": 0.02168484963476658, "prediction_seconds": 0.006275622174143791, "rmse": 0.21739439911800165, "nll": 0.15240150501847952, "coverage90": 0.9825, "mean_predictive_std": 0.4010306153364942}
{"block_id": 145, "block_start": 1422, "block_stop": 1432, "hours": 10, "update_seconds": 0.02360496297478676, "prediction_seconds": 0.006162932142615318, "rmse": 0.1791103270167787, "nll": 0.10663471756901764, "coverage90": 0.9945, "mean_predictive_std": 0.4121107277061701}
{"block_id": 146, "block_start": 1432, "block_stop": 1442, "hours": 10, "update_seconds": 0.021688420325517654, "prediction_seconds": 0.0062266066670417786, "rmse": 0.24101194448202556, "nll": 0.2511889610373541, "coverage90": 0.976, "mean_predictive_std": 0.4172053958432681}
{"block_id": 147, "block_start": 1442, "block_stop": 1452, "hours": 10, "update_seconds": 0.022259647026658058, "prediction_seconds": 0.0061945840716362, "rmse": 0.1972389363535302, "nll": 0.1189438985710094, "coverage90": 0.988, "mean_predictive_std": 0.40011175487342}
{"block_id": 148, "block_start": 1452, "block_stop": 1462, "hours": 10, "update_seconds": 0.021663257852196693, "prediction_seconds": 0.006193360313773155, "rmse": 0.30246369410088064, "nll": 0.25743858615553766, "coverage90": 0.9495, "mean_predictive_std": 0.3909162269004812}
{"block_id": 149, "block_start": 1462, "block_stop": 1472, "hours": 10, "update_seconds": 0.023807208985090256, "prediction_seconds": 0.006394019350409508, "rmse": 0.24166385744481447, "nll": 0.18514503525807208, "coverage90": 0.9825, "mean_predictive_std": 0.40627414615713453}
{"block_id": 150, "block_start": 1472, "block_stop": 1482, "hours": 10, "update_seconds": 0.02175828255712986, "prediction_seconds": 0.006509870290756226, "rmse": 0.21656869168116277, "nll": 0.191986255615519, "coverage90": 0.9745, "mean_predictive_std": 0.4130491952810377}
{"block_id": 151, "block_start": 1482, "block_stop": 1488, "hours": 6, "update_seconds": 0.021494537591934204, "prediction_seconds": 0.0055695753544569016, "rmse": 0.2721756192582046, "nll": 0.2892325881597609, "coverage90": 0.9391666666666667, "mean_predictive_std": 0.3764505923625831}
{"block_id": 152, "block_start": 1488, "block_stop": 1498, "hours": 10, "update_seconds": 0.021591216325759888, "prediction_seconds": 0.006332434713840485, "rmse": 0.23218529099395685, "nll": 0.1819236728829972, "coverage90": 0.9765, "mean_predictive_std": 0.40239304387473984}
{"block_id": 153, "block_start": 1498, "block_stop": 1508, "hours": 10, "update_seconds": 0.022621480748057365, "prediction_seconds": 0.0062553770840168, "rmse": 0.31361516109034226, "nll": 0.4613414461593389, "coverage90": 0.9335, "mean_predictive_std": 0.3888669919389464}
{"block_id": 154, "block_start": 1508, "block_stop": 1518, "hours": 10, "update_seconds": 0.0215960331261158, "prediction_seconds": 0.006369451060891151, "rmse": 0.35707365082544323, "nll": 0.42003093792026325, "coverage90": 0.945, "mean_predictive_std": 0.40491751743679943}
{"block_id": 155, "block_start": 1518, "block_stop": 1528, "hours": 10, "update_seconds": 0.021933941170573235, "prediction_seconds": 0.006329238414764404, "rmse": 0.326316282076836, "nll": 0.37521547120304505, "coverage90": 0.931, "mean_predictive_std": 0.4111726670268719}
{"block_id": 156, "block_start": 1528, "block_stop": 1538, "hours": 10, "update_seconds": 0.021788574755191803, "prediction_seconds": 0.006906464695930481, "rmse": 0.4063504256813811, "nll": 0.6089792274806672, "coverage90": 0.8915, "mean_predictive_std": 0.41399827809871953}
{"block_id": 157, "block_start": 1538, "block_stop": 1548, "hours": 10, "update_seconds": 0.022416073828935623, "prediction_seconds": 0.006213296204805374, "rmse": 0.2690161339378056, "nll": 0.2699404744712585, "coverage90": 0.9685, "mean_predictive_std": 0.4080337318586451}
{"block_id": 158, "block_start": 1548, "block_stop": 1558, "hours": 10, "update_seconds": 0.021517714485526085, "prediction_seconds": 0.0062222108244895935, "rmse": 0.4475949305990924, "nll": 0.715910936630589, "coverage90": 0.856, "mean_predictive_std": 0.3993241159424522}
{"block_id": 159, "block_start": 1558, "block_stop": 1568, "hours": 10, "update_seconds": 0.02166868932545185, "prediction_seconds": 0.006290864199399948, "rmse": 0.327405597010007, "nll": 0.5193682572459684, "coverage90": 0.9175, "mean_predictive_std": 0.42071847546977414}
{"block_id": 160, "block_start": 1568, "block_stop": 1578, "hours": 10, "update_seconds": 0.02190692536532879, "prediction_seconds": 0.006239723414182663, "rmse": 0.2720090965001619, "nll": 0.2662107027490756, "coverage90": 0.967, "mean_predictive_std": 0.4287001382770884}
{"block_id": 161, "block_start": 1578, "block_stop": 1588, "hours": 10, "update_seconds": 0.02168760448694229, "prediction_seconds": 0.006320051848888397, "rmse": 0.3174257477156705, "nll": 0.39218780714192775, "coverage90": 0.95, "mean_predictive_std": 0.42543653812126253}
{"block_id": 162, "block_start": 1588, "block_stop": 1598, "hours": 10, "update_seconds": 0.022316763177514076, "prediction_seconds": 0.006286265328526497, "rmse": 0.22381158713804655, "nll": 0.1710510719080597, "coverage90": 0.987, "mean_predictive_std": 0.41552559592501986}
{"block_id": 163, "block_start": 1598, "block_stop": 1608, "hours": 10, "update_seconds": 0.022078899666666985, "prediction_seconds": 0.006223361939191818, "rmse": 0.36517842840710485, "nll": 0.4674796807621111, "coverage90": 0.9315, "mean_predictive_std": 0.4202180972364338}
{"block_id": 164, "block_start": 1608, "block_stop": 1618, "hours": 10, "update_seconds": 0.022197607904672623, "prediction_seconds": 0.006196083500981331, "rmse": 0.24494687704054421, "nll": 0.204365923772915, "coverage90": 0.9785, "mean_predictive_std": 0.4158457417291778}
{"block_id": 165, "block_start": 1618, "block_stop": 1628, "hours": 10, "update_seconds": 0.021802041679620743, "prediction_seconds": 0.00629521906375885, "rmse": 0.33546190422523847, "nll": 0.44179764986326014, "coverage90": 0.9355, "mean_predictive_std": 0.4337851299250658}
{"block_id": 166, "block_start": 1628, "block_stop": 1638, "hours": 10, "update_seconds": 0.02174350805580616, "prediction_seconds": 0.006272964179515839, "rmse": 0.2973835025316682, "nll": 0.3507254304823442, "coverage90": 0.963, "mean_predictive_std": 0.41369567422924164}
{"block_id": 167, "block_start": 1638, "block_stop": 1648, "hours": 10, "update_seconds": 0.022560767829418182, "prediction_seconds": 0.006240043789148331, "rmse": 0.21252045198799013, "nll": 0.1290351052161732, "coverage90": 0.997, "mean_predictive_std": 0.41506819831928204}
{"block_id": 168, "block_start": 1648, "block_stop": 1658, "hours": 10, "update_seconds": 0.021914273500442505, "prediction_seconds": 0.00636599026620388, "rmse": 0.2991271492741583, "nll": 0.29739128716834035, "coverage90": 0.96, "mean_predictive_std": 0.41288445489253334}
{"block_id": 169, "block_start": 1658, "block_stop": 1668, "hours": 10, "update_seconds": 0.022014092653989792, "prediction_seconds": 0.0062852948904037476, "rmse": 0.2618212626395867, "nll": 0.21702197838059623, "coverage90": 0.97, "mean_predictive_std": 0.4064820338528857}
{"block_id": 170, "block_start": 1668, "block_stop": 1674, "hours": 6, "update_seconds": 0.02280704863369465, "prediction_seconds": 0.005495231598615646, "rmse": 0.2958964699817891, "nll": 0.20344581641197426, "coverage90": 0.9491666666666667, "mean_predictive_std": 0.36854720132220264}
{
  "implementation": "official Maddox online_gp StreamingSGPR",
  "source_repository": "https://github.com/wjmaddox/online_gp",
  "source_commit": "3bff4c3",
  "protocol": "strict online; new-block-only labels; no history replay",
  "target_mode": "Task-1 fixed X-lag residual, evaluated on original y",
  "hyperparameters": "Route-B Task-1 empirical-Bayes theta, frozen",
  "inducing_policy": "official online inducing-point resampling",
  "inducing_resample_ratio": 0.2,
  "numerical_jitter": 0.0001,
  "split_seed": 3,
  "num_stream_times": 1674,
  "num_blocks": 171,
  "num_train_space": 800,
  "num_test_space": 200,
  "joint_inducing": 128,
  "temporal_grid_count": 2,
  "spatial_grid_count": 64,
  "overall_current_block": {
    "rmse": 0.309768538707155,
    "nll": 0.3403558994775824,
    "coverage90": 0.9493697729988052,
    "mean_predictive_std": 0.4142705500730841
  },
  "final_block": {
    "rmse": 0.2958964699817891,
    "nll": 0.20344581641197426,
    "coverage90": 0.9491666666666667,
    "mean_predictive_std": 0.36854720132220264
  },
  "timing": {
    "stream_update_seconds": 3.9436605777591467,
    "stream_prediction_seconds": 1.0712223965674639,
    "mean_block_update_seconds": 0.023062342559995008,
    "mean_block_prediction_seconds": 0.0062644584594588534,
    "first_block_update_seconds": 0.12528394907712936,
    "mean_steady_state_block_update_seconds": 0.022461038992247162,
    "process_total_seconds": 5.447930835187435
  },
  "resources": {
    "device": "cuda",
    "dtype": "float64",
    "peak_rss_mib": 847.3984375,
    "torch": "2.0.1+cu118",
    "torch_cuda_build": "11.8",
    "cuda_available": true,
    "gpu_name": "NVIDIA GeForce RTX 4090",
    "gpu_compute_capability": [
      8,
      9
    ],
    "gpu_total_memory_mib": 48508.0625,
    "peak_cuda_allocated_mib": 134.22802734375,
    "peak_cuda_reserved_mib": 184.0,
    "persistent_state_bytes": 266280,
    "persistent_state_mib": 0.25394439697265625,
    "history_replay_buffer_bytes": 0,
    "estimated_streaming_flops": 87765811200.0,
    "flops_scope": "dominant O(N M^2) posterior conditioning; analytic estimate"
  },
  "environment": {
    "hostname": "autodl-container-qkb5g0ybu5-f51eca91",
    "platform": "Linux-5.15.0-78-generic-x86_64-with-glibc2.35",
    "python": "3.10.20",
    "processor": "x86_64",
    "pid": 301103,
    "git": {
      "commit": "81800a1462d35357a43151857230c6fe5bfcb852",
      "branch": "",
      "dirty": true
    }
  },
  "versions": {
    "python": "3.10.20",
    "torch": "2.0.1+cu118",
    "gpytorch": "1.9.1",
    "numpy": "1.24.4"
  },
  "args": {
    "protocol_npz": "/root/autodl-tmp/iclr_era5_a100_protocol_autodl_4090_capacity_ladder_20260820T023000Z/protocol/task1_10/seed3/protocol.npz",
    "theta_json": "/root/autodl-tmp/iclr_era5_a100_protocol_autodl_4090_capacity_ladder_20260820T023000Z/calibration/routeb_joint_inducing_points/seed3/result.json",
    "output": "/root/autodl-tmp/iclr_era5_a100_protocol_autodl_4090_capacity_ladder_20260820T023000Z/runs/task1_10/online/maddox_streaming_sgpr_mt2_ms64/seed3/result.json",
    "blockwise_output": "/root/autodl-tmp/iclr_era5_a100_protocol_autodl_4090_capacity_ladder_20260820T023000Z/runs/task1_10/online/maddox_streaming_sgpr_mt2_ms64/seed3/blocks.csv",
    "predictions_output": "/root/autodl-tmp/iclr_era5_a100_protocol_autodl_4090_capacity_ladder_20260820T023000Z/runs/task1_10/online/maddox_streaming_sgpr_mt2_ms64/seed3/predictions.npz",
    "mt": 2,
    "ms": 64,
    "jitter": 0.0001,
    "resample_ratio": 0.2,
    "prediction_chunk_size": 4096,
    "max_blocks": 0,
    "seed": 3,
    "device": "cuda",
    "dtype": "float64"
  }
}
