job=array-16
argv=/root/autodl-tmp/stvgp_envs/maddox/bin/python scripts/run_official_maddox_streaming_sgpr_era5.py --protocol-npz /root/autodl-tmp/iclr_era5_a100_protocol_autodl_4090_capacity_ladder_20260820T023000Z/protocol/task1_2/seed1/protocol.npz --theta-json /root/autodl-tmp/iclr_era5_a100_protocol_autodl_4090_capacity_ladder_20260820T023000Z/calibration/routeb_joint_inducing_points/seed1/result.json --output /root/autodl-tmp/iclr_era5_a100_protocol_autodl_4090_capacity_ladder_20260820T023000Z/runs/task1_2/online/maddox_streaming_sgpr_mt2_ms64/seed1/result.json --blockwise-output /root/autodl-tmp/iclr_era5_a100_protocol_autodl_4090_capacity_ladder_20260820T023000Z/runs/task1_2/online/maddox_streaming_sgpr_mt2_ms64/seed1/blocks.csv --predictions-output /root/autodl-tmp/iclr_era5_a100_protocol_autodl_4090_capacity_ladder_20260820T023000Z/runs/task1_2/online/maddox_streaming_sgpr_mt2_ms64/seed1/predictions.npz --mt 2 --ms 64 --jitter 0.0001 --resample-ratio 0.2 --seed 1 --device cuda --dtype float64
{"block_id": 0, "block_start": 0, "block_stop": 10, "hours": 10, "update_seconds": 0.15288064442574978, "prediction_seconds": 0.0074271149933338165, "rmse": 0.2682876081606581, "nll": 0.5266862418264643, "coverage90": 0.9205, "mean_predictive_std": 0.5206523194284735}
{"block_id": 1, "block_start": 10, "block_stop": 20, "hours": 10, "update_seconds": 0.035846149548888206, "prediction_seconds": 0.00635908916592598, "rmse": 0.22480165240157327, "nll": 0.2773553919207228, "coverage90": 0.9825, "mean_predictive_std": 0.4712843153681897}
{"block_id": 2, "block_start": 20, "block_stop": 30, "hours": 10, "update_seconds": 0.022114049643278122, "prediction_seconds": 0.006329113617539406, "rmse": 0.26302079171569054, "nll": 0.3136057805213005, "coverage90": 0.979, "mean_predictive_std": 0.4531777891150665}
{"block_id": 3, "block_start": 30, "block_stop": 40, "hours": 10, "update_seconds": 0.021894823759794235, "prediction_seconds": 0.006293235346674919, "rmse": 0.26124666034357313, "nll": 0.33897217060961704, "coverage90": 0.9635, "mean_predictive_std": 0.45282271402883273}
{"block_id": 4, "block_start": 40, "block_stop": 50, "hours": 10, "update_seconds": 0.021882448345422745, "prediction_seconds": 0.006305349990725517, "rmse": 0.28501643971159574, "nll": 0.3109512091704232, "coverage90": 0.9705, "mean_predictive_std": 0.4475627318805618}
{"block_id": 5, "block_start": 50, "block_stop": 60, "hours": 10, "update_seconds": 0.02286088839173317, "prediction_seconds": 0.006300954148173332, "rmse": 0.20765394012795818, "nll": 0.17438310910181648, "coverage90": 0.9915, "mean_predictive_std": 0.43415216953031915}
{"block_id": 6, "block_start": 60, "block_stop": 70, "hours": 10, "update_seconds": 0.02185620367527008, "prediction_seconds": 0.006240740418434143, "rmse": 0.16295181219466826, "nll": 0.16086317560207725, "coverage90": 0.996, "mean_predictive_std": 0.4527448983962177}
{"block_id": 7, "block_start": 70, "block_stop": 80, "hours": 10, "update_seconds": 0.021984709426760674, "prediction_seconds": 0.006248893216252327, "rmse": 0.1961682762155462, "nll": 0.18895568177357114, "coverage90": 0.9885, "mean_predictive_std": 0.4364819944030742}
{"block_id": 8, "block_start": 80, "block_stop": 90, "hours": 10, "update_seconds": 0.022410288453102112, "prediction_seconds": 0.006323020905256271, "rmse": 0.2190307766683172, "nll": 0.19631232535879692, "coverage90": 0.9845, "mean_predictive_std": 0.43627681091283943}
{"block_id": 9, "block_start": 90, "block_stop": 100, "hours": 10, "update_seconds": 0.022621402516961098, "prediction_seconds": 0.010023878887295723, "rmse": 0.2158162631206524, "nll": 0.16731213826957078, "coverage90": 0.981, "mean_predictive_std": 0.4126374226910937}
{"block_id": 10, "block_start": 100, "block_stop": 110, "hours": 10, "update_seconds": 0.0221039317548275, "prediction_seconds": 0.00635480135679245, "rmse": 0.22121638361353743, "nll": 0.18981326633983467, "coverage90": 0.9865, "mean_predictive_std": 0.43859770093135453}
{"block_id": 11, "block_start": 110, "block_stop": 120, "hours": 10, "update_seconds": 0.0218356940895319, "prediction_seconds": 0.006288550794124603, "rmse": 0.2836007334435928, "nll": 0.293482326307605, "coverage90": 0.97, "mean_predictive_std": 0.4265888321067061}
{"block_id": 12, "block_start": 120, "block_stop": 130, "hours": 10, "update_seconds": 0.021975859999656677, "prediction_seconds": 0.006373357027769089, "rmse": 0.3773247141726678, "nll": 0.4506188295868603, "coverage90": 0.944, "mean_predictive_std": 0.4663577612550905}
{"block_id": 13, "block_start": 130, "block_stop": 140, "hours": 10, "update_seconds": 0.02225375548005104, "prediction_seconds": 0.0063767749816179276, "rmse": 0.26305015731348796, "nll": 0.2916654491416436, "coverage90": 0.9835, "mean_predictive_std": 0.448528475721228}
{"block_id": 14, "block_start": 140, "block_stop": 150, "hours": 10, "update_seconds": 0.022217638790607452, "prediction_seconds": 0.00643494538962841, "rmse": 0.24837146660129059, "nll": 0.34716438419547985, "coverage90": 0.969, "mean_predictive_std": 0.44926149558263784}
{"block_id": 15, "block_start": 150, "block_stop": 160, "hours": 10, "update_seconds": 0.02224436029791832, "prediction_seconds": 0.0069428496062755585, "rmse": 0.28300407220109314, "nll": 0.33585617755286257, "coverage90": 0.9685, "mean_predictive_std": 0.4653508248450431}
{"block_id": 16, "block_start": 160, "block_stop": 170, "hours": 10, "update_seconds": 0.022465839982032776, "prediction_seconds": 0.006326671689748764, "rmse": 0.2882085920171444, "nll": 0.290933493554888, "coverage90": 0.9785, "mean_predictive_std": 0.4440236269786542}
{"block_id": 17, "block_start": 170, "block_stop": 180, "hours": 10, "update_seconds": 0.022014155983924866, "prediction_seconds": 0.006392665207386017, "rmse": 0.6636140100018205, "nll": 1.2869171533151653, "coverage90": 0.8455, "mean_predictive_std": 0.45158436561903165}
{"block_id": 18, "block_start": 180, "block_stop": 186, "hours": 6, "update_seconds": 0.021770862862467766, "prediction_seconds": 0.005602449178695679, "rmse": 1.6322412198848029, "nll": 17.980942569240053, "coverage90": 0.44166666666666665, "mean_predictive_std": 0.35831460013857064}
{
  "implementation": "official Maddox online_gp StreamingSGPR",
  "source_repository": "https://github.com/wjmaddox/online_gp",
  "source_commit": "3bff4c3",
  "protocol": "strict online; new-block-only labels; no history replay",
  "target_mode": "Task-1 fixed X-lag residual, evaluated on original y",
  "hyperparameters": "Route-B Task-1 empirical-Bayes theta, frozen",
  "inducing_policy": "official online inducing-point resampling",
  "inducing_resample_ratio": 0.2,
  "numerical_jitter": 0.0001,
  "split_seed": 1,
  "num_stream_times": 186,
  "num_blocks": 19,
  "num_train_space": 800,
  "num_test_space": 200,
  "joint_inducing": 128,
  "temporal_grid_count": 2,
  "spatial_grid_count": 64,
  "overall_current_block": {
    "rmse": 0.4114343125972443,
    "nll": 0.9102373035318673,
    "coverage90": 0.9498924731182796,
    "mean_predictive_std": 0.4474771510149224
  },
  "final_block": {
    "rmse": 1.6322412198848029,
    "nll": 17.980942569240053,
    "coverage90": 0.44166666666666665,
    "mean_predictive_std": 0.35831460013857064
  },
  "timing": {
    "stream_update_seconds": 0.5652337074279785,
    "stream_prediction_seconds": 0.12494445592164993,
    "mean_block_update_seconds": 0.029749142496209396,
    "mean_block_prediction_seconds": 0.006576023995876312,
    "first_block_update_seconds": 0.15288064442574978,
    "mean_steady_state_block_update_seconds": 0.022908503500123818,
    "process_total_seconds": 0.9243404995650053
  },
  "resources": {
    "device": "cuda",
    "dtype": "float64",
    "peak_rss_mib": 765.09375,
    "torch": "2.0.1+cu118",
    "torch_cuda_build": "11.8",
    "cuda_available": true,
    "gpu_name": "NVIDIA GeForce RTX 4090",
    "gpu_compute_capability": [
      8,
      9
    ],
    "gpu_total_memory_mib": 48508.0625,
    "peak_cuda_allocated_mib": 56.22412109375,
    "peak_cuda_reserved_mib": 104.0,
    "persistent_state_bytes": 266280,
    "persistent_state_mib": 0.25394439697265625,
    "history_replay_buffer_bytes": 0,
    "estimated_streaming_flops": 9751756800.0,
    "flops_scope": "dominant O(N M^2) posterior conditioning; analytic estimate"
  },
  "environment": {
    "hostname": "autodl-container-qkb5g0ybu5-f51eca91",
    "platform": "Linux-5.15.0-78-generic-x86_64-with-glibc2.35",
    "python": "3.10.20",
    "processor": "x86_64",
    "pid": 293420,
    "git": {
      "commit": "81800a1462d35357a43151857230c6fe5bfcb852",
      "branch": "",
      "dirty": true
    }
  },
  "versions": {
    "python": "3.10.20",
    "torch": "2.0.1+cu118",
    "gpytorch": "1.9.1",
    "numpy": "1.24.4"
  },
  "args": {
    "protocol_npz": "/root/autodl-tmp/iclr_era5_a100_protocol_autodl_4090_capacity_ladder_20260820T023000Z/protocol/task1_2/seed1/protocol.npz",
    "theta_json": "/root/autodl-tmp/iclr_era5_a100_protocol_autodl_4090_capacity_ladder_20260820T023000Z/calibration/routeb_joint_inducing_points/seed1/result.json",
    "output": "/root/autodl-tmp/iclr_era5_a100_protocol_autodl_4090_capacity_ladder_20260820T023000Z/runs/task1_2/online/maddox_streaming_sgpr_mt2_ms64/seed1/result.json",
    "blockwise_output": "/root/autodl-tmp/iclr_era5_a100_protocol_autodl_4090_capacity_ladder_20260820T023000Z/runs/task1_2/online/maddox_streaming_sgpr_mt2_ms64/seed1/blocks.csv",
    "predictions_output": "/root/autodl-tmp/iclr_era5_a100_protocol_autodl_4090_capacity_ladder_20260820T023000Z/runs/task1_2/online/maddox_streaming_sgpr_mt2_ms64/seed1/predictions.npz",
    "mt": 2,
    "ms": 64,
    "jitter": 0.0001,
    "resample_ratio": 0.2,
    "prediction_chunk_size": 4096,
    "max_blocks": 0,
    "seed": 1,
    "device": "cuda",
    "dtype": "float64"
  }
}
