job=array-86
argv=/root/autodl-tmp/stvgp_envs/routeb/bin/python scripts/run_iclr_era5_routeb_strict_online.py --protocol-npz /root/autodl-tmp/iclr_era5_a100_protocol_autodl_4090_capacity_ladder_20260820T023000Z/protocol/task1_2/seed3/protocol.npz --protocol-json /root/autodl-tmp/iclr_era5_a100_protocol_autodl_4090_capacity_ladder_20260820T023000Z/protocol/task1_2/seed3/protocol.json --theta-json /root/autodl-tmp/iclr_era5_a100_protocol_autodl_4090_capacity_ladder_20260820T023000Z/calibration/routeb_joint_inducing_points/seed3/result.json --output /root/autodl-tmp/iclr_era5_a100_protocol_autodl_4090_capacity_ladder_20260820T023000Z/runs/task1_2/online/routeb_global_inducing_mt128_ms128/seed3/result.json --blockwise-output /root/autodl-tmp/iclr_era5_a100_protocol_autodl_4090_capacity_ladder_20260820T023000Z/runs/task1_2/online/routeb_global_inducing_mt128_ms128/seed3/blocks.csv --predictions-output /root/autodl-tmp/iclr_era5_a100_protocol_autodl_4090_capacity_ladder_20260820T023000Z/runs/task1_2/online/routeb_global_inducing_mt128_ms128/seed3/predictions.npz --representation inducing_points --mt 128 --ms 128 --rff-sample-size 256 --prediction-chunk-size 8192 --include-conditional-residual-variance --seed 3 --solver-backend torch --device cuda --temporal-factor-device solver --dtype float64
{"block_id": 0, "task": "task_2", "block_start": 0, "block_stop": 10, "hours": 10, "feature_loading_seconds": 2.636082364246249, "factor_preparation_seconds": 0.004162384197115898, "update_seconds": 0.04773176833987236, "prediction_seconds": 0.10069185681641102, "persistent_state_bytes": 20407432, "solver_backend": "torch", "solver_device": "cuda", "solver_dtype": "float64", "temporal_factor_device": "cuda", "rmse": 0.06261681454731523, "nll": -1.2755991104378819, "mean_predictive_std": 0.09764556670442275, "mean_interval_width90": 0.32122532909900336, "coverage50": 0.808, "coverage80": 0.958, "coverage90": 0.984, "coverage95": 0.991, "peak_cuda_allocated_mib": 351.341796875}
{"block_id": 1, "task": "task_2", "block_start": 10, "block_stop": 20, "hours": 10, "feature_loading_seconds": 1.3167038559913635e-05, "factor_preparation_seconds": 0.009046189486980438, "update_seconds": 0.020591501146554947, "prediction_seconds": 0.020532120019197464, "persistent_state_bytes": 20407432, "solver_backend": "torch", "solver_device": "cuda", "solver_dtype": "float64", "temporal_factor_device": "cuda", "rmse": 0.06849537631438495, "nll": -1.2230663514587385, "mean_predictive_std": 0.09742056975249745, "mean_interval_width90": 0.3204851549941486, "coverage50": 0.757, "coverage80": 0.9405, "coverage90": 0.9655, "coverage95": 0.982, "peak_cuda_allocated_mib": 351.341796875}
{"block_id": 2, "task": "task_2", "block_start": 20, "block_stop": 30, "hours": 10, "feature_loading_seconds": 7.269904017448425e-06, "factor_preparation_seconds": 0.007221687585115433, "update_seconds": 0.02039274200797081, "prediction_seconds": 0.020449435338377953, "persistent_state_bytes": 20407432, "solver_backend": "torch", "solver_device": "cuda", "solver_dtype": "float64", "temporal_factor_device": "cuda", "rmse": 0.08053096481857447, "nll": -1.1630991997914888, "mean_predictive_std": 0.09753456883308118, "mean_interval_width90": 0.32086017859648314, "coverage50": 0.6855, "coverage80": 0.9205, "coverage90": 0.964, "coverage95": 0.9765, "peak_cuda_allocated_mib": 351.341796875}
{"block_id": 3, "task": "task_2", "block_start": 30, "block_stop": 40, "hours": 10, "feature_loading_seconds": 7.558614015579224e-06, "factor_preparation_seconds": 0.0036775507032871246, "update_seconds": 0.01877293735742569, "prediction_seconds": 0.01882033422589302, "persistent_state_bytes": 20407432, "solver_backend": "torch", "solver_device": "cuda", "solver_dtype": "float64", "temporal_factor_device": "cuda", "rmse": 0.07419335614571138, "nll": -1.1810481382557614, "mean_predictive_std": 0.097663723172879, "mean_interval_width90": 0.3212850585649891, "coverage50": 0.7475, "coverage80": 0.9335, "coverage90": 0.965, "coverage95": 0.981, "peak_cuda_allocated_mib": 351.341796875}
{"block_id": 4, "task": "task_2", "block_start": 40, "block_stop": 50, "hours": 10, "feature_loading_seconds": 6.878748536109924e-06, "factor_preparation_seconds": 0.0030563808977603912, "update_seconds": 0.018825778737664223, "prediction_seconds": 0.018859295174479485, "persistent_state_bytes": 20407432, "solver_backend": "torch", "solver_device": "cuda", "solver_dtype": "float64", "temporal_factor_device": "cuda", "rmse": 0.06669432523388426, "nll": -1.2419459655761913, "mean_predictive_std": 0.09777705415387138, "mean_interval_width90": 0.3216578843152518, "coverage50": 0.7285, "coverage80": 0.952, "coverage90": 0.983, "coverage95": 0.9925, "peak_cuda_allocated_mib": 351.341796875}
{"block_id": 5, "task": "task_2", "block_start": 50, "block_stop": 60, "hours": 10, "feature_loading_seconds": 7.299706339836121e-06, "factor_preparation_seconds": 0.003025876358151436, "update_seconds": 0.018786072731018066, "prediction_seconds": 0.018861116841435432, "persistent_state_bytes": 20407432, "solver_backend": "torch", "solver_device": "cuda", "solver_dtype": "float64", "temporal_factor_device": "cuda", "rmse": 0.04936030059189795, "nll": -1.317919190563352, "mean_predictive_std": 0.09775225151319347, "mean_interval_width90": 0.32157629088829764, "coverage50": 0.854, "coverage80": 0.9745, "coverage90": 0.994, "coverage95": 0.997, "peak_cuda_allocated_mib": 351.341796875}
{"block_id": 6, "task": "task_2", "block_start": 60, "block_stop": 70, "hours": 10, "feature_loading_seconds": 6.640329957008362e-06, "factor_preparation_seconds": 0.00394272617995739, "update_seconds": 0.020043928176164627, "prediction_seconds": 0.01890668272972107, "persistent_state_bytes": 20407432, "solver_backend": "torch", "solver_device": "cuda", "solver_dtype": "float64", "temporal_factor_device": "cuda", "rmse": 0.04992076210720096, "nll": -1.327916640006629, "mean_predictive_std": 0.09762923286373688, "mean_interval_width90": 0.321171595544815, "coverage50": 0.856, "coverage80": 0.9835, "coverage90": 0.997, "coverage95": 0.998, "peak_cuda_allocated_mib": 351.341796875}
{"block_id": 7, "task": "task_2", "block_start": 70, "block_stop": 80, "hours": 10, "feature_loading_seconds": 8.672475814819336e-06, "factor_preparation_seconds": 0.002846352756023407, "update_seconds": 0.018847405910491943, "prediction_seconds": 0.018952462822198868, "persistent_state_bytes": 20407432, "solver_backend": "torch", "solver_device": "cuda", "solver_dtype": "float64", "temporal_factor_device": "cuda", "rmse": 0.05886571015044636, "nll": -1.2941471740911286, "mean_predictive_std": 0.09746837426781915, "mean_interval_width90": 0.3206424178549718, "coverage50": 0.802, "coverage80": 0.974, "coverage90": 0.9895, "coverage95": 0.994, "peak_cuda_allocated_mib": 351.341796875}
{"block_id": 8, "task": "task_2", "block_start": 80, "block_stop": 90, "hours": 10, "feature_loading_seconds": 6.2193721532821655e-06, "factor_preparation_seconds": 0.004446461796760559, "update_seconds": 0.018925925716757774, "prediction_seconds": 0.018911216408014297, "persistent_state_bytes": 20407432, "solver_backend": "torch", "solver_device": "cuda", "solver_dtype": "float64", "temporal_factor_device": "cuda", "rmse": 0.062022381313105, "nll": -1.2635886426070846, "mean_predictive_std": 0.09732812458020493, "mean_interval_width90": 0.3201810374402696, "coverage50": 0.746, "coverage80": 0.962, "coverage90": 0.985, "coverage95": 0.993, "peak_cuda_allocated_mib": 351.341796875}
{"block_id": 9, "task": "task_2", "block_start": 90, "block_stop": 100, "hours": 10, "feature_loading_seconds": 5.280598998069763e-06, "factor_preparation_seconds": 0.0038350075483322144, "update_seconds": 0.019007720053195953, "prediction_seconds": 0.01904575526714325, "persistent_state_bytes": 20407432, "solver_backend": "torch", "solver_device": "cuda", "solver_dtype": "float64", "temporal_factor_device": "cuda", "rmse": 0.06761426213223322, "nll": -1.2147852088597988, "mean_predictive_std": 0.0974269628836879, "mean_interval_width90": 0.32050618652420104, "coverage50": 0.7225, "coverage80": 0.9455, "coverage90": 0.976, "coverage95": 0.989, "peak_cuda_allocated_mib": 351.341796875}
{"block_id": 10, "task": "task_2", "block_start": 100, "block_stop": 110, "hours": 10, "feature_loading_seconds": 5.302950739860535e-06, "factor_preparation_seconds": 0.003240235149860382, "update_seconds": 0.01894153468310833, "prediction_seconds": 0.01895328052341938, "persistent_state_bytes": 20407432, "solver_backend": "torch", "solver_device": "cuda", "solver_dtype": "float64", "temporal_factor_device": "cuda", "rmse": 0.0554523776388948, "nll": -1.3026494157979216, "mean_predictive_std": 0.09758658294393949, "mean_interval_width90": 0.3210312897942791, "coverage50": 0.8155, "coverage80": 0.9695, "coverage90": 0.9915, "coverage95": 0.999, "peak_cuda_allocated_mib": 351.341796875}
{"block_id": 11, "task": "task_2", "block_start": 110, "block_stop": 120, "hours": 10, "feature_loading_seconds": 5.144625902175903e-06, "factor_preparation_seconds": 0.003236711025238037, "update_seconds": 0.019011417403817177, "prediction_seconds": 0.019070355221629143, "persistent_state_bytes": 20407432, "solver_backend": "torch", "solver_device": "cuda", "solver_dtype": "float64", "temporal_factor_device": "cuda", "rmse": 0.07709612838235204, "nll": -1.1578859260717718, "mean_predictive_std": 0.0977216909977189, "mean_interval_width90": 0.32147575573885784, "coverage50": 0.678, "coverage80": 0.9055, "coverage90": 0.9595, "coverage95": 0.9785, "peak_cuda_allocated_mib": 351.341796875}
{"block_id": 12, "task": "task_2", "block_start": 120, "block_stop": 130, "hours": 10, "feature_loading_seconds": 4.2691826820373535e-06, "factor_preparation_seconds": 0.0028766486793756485, "update_seconds": 0.018925515934824944, "prediction_seconds": 0.018987959250807762, "persistent_state_bytes": 20407432, "solver_backend": "torch", "solver_device": "cuda", "solver_dtype": "float64", "temporal_factor_device": "cuda", "rmse": 0.08760506390409777, "nll": -1.0597968739994443, "mean_predictive_std": 0.0977859269363633, "mean_interval_width90": 0.3216870731721777, "coverage50": 0.618, "coverage80": 0.8705, "coverage90": 0.9345, "coverage95": 0.963, "peak_cuda_allocated_mib": 351.341796875}
{"block_id": 13, "task": "task_2", "block_start": 130, "block_stop": 140, "hours": 10, "feature_loading_seconds": 8.231028914451599e-06, "factor_preparation_seconds": 0.005995523184537888, "update_seconds": 0.01899038255214691, "prediction_seconds": 0.01899341307580471, "persistent_state_bytes": 20407432, "solver_backend": "torch", "solver_device": "cuda", "solver_dtype": "float64", "temporal_factor_device": "cuda", "rmse": 0.0806077884895872, "nll": -1.1159652538376978, "mean_predictive_std": 0.09767348334019124, "mean_interval_width90": 0.3213171666581955, "coverage50": 0.6525, "coverage80": 0.886, "coverage90": 0.95, "coverage95": 0.974, "peak_cuda_allocated_mib": 351.341796875}
{"block_id": 14, "task": "task_2", "block_start": 140, "block_stop": 150, "hours": 10, "feature_loading_seconds": 4.6510249376297e-06, "factor_preparation_seconds": 0.003203313797712326, "update_seconds": 0.018968328833580017, "prediction_seconds": 0.01900137960910797, "persistent_state_bytes": 20407432, "solver_backend": "torch", "solver_device": "cuda", "solver_dtype": "float64", "temporal_factor_device": "cuda", "rmse": 0.0661546196852973, "nll": -1.2206603920729455, "mean_predictive_std": 0.09754220227731823, "mean_interval_width90": 0.3208852903933621, "coverage50": 0.713, "coverage80": 0.9405, "coverage90": 0.9755, "coverage95": 0.9885, "peak_cuda_allocated_mib": 351.341796875}
{"block_id": 15, "task": "task_2", "block_start": 150, "block_stop": 160, "hours": 10, "feature_loading_seconds": 4.421919584274292e-06, "factor_preparation_seconds": 0.0030102767050266266, "update_seconds": 0.018930446356534958, "prediction_seconds": 0.019012589007616043, "persistent_state_bytes": 20407432, "solver_backend": "torch", "solver_device": "cuda", "solver_dtype": "float64", "temporal_factor_device": "cuda", "rmse": 0.0708330660968369, "nll": -1.186465071362039, "mean_predictive_std": 0.09735542132332968, "mean_interval_width90": 0.320270835734135, "coverage50": 0.6845, "coverage80": 0.918, "coverage90": 0.9635, "coverage95": 0.986, "peak_cuda_allocated_mib": 351.341796875}
{"block_id": 16, "task": "task_2", "block_start": 160, "block_stop": 170, "hours": 10, "feature_loading_seconds": 4.122033715248108e-06, "factor_preparation_seconds": 0.0028895679861307144, "update_seconds": 0.018962321802973747, "prediction_seconds": 0.019032958894968033, "persistent_state_bytes": 20407432, "solver_backend": "torch", "solver_device": "cuda", "solver_dtype": "float64", "temporal_factor_device": "cuda", "rmse": 0.0691889669152994, "nll": -1.1956938726283741, "mean_predictive_std": 0.0973555675725086, "mean_interval_width90": 0.32027131685111987, "coverage50": 0.686, "coverage80": 0.9215, "coverage90": 0.9705, "coverage95": 0.989, "peak_cuda_allocated_mib": 351.341796875}
{"block_id": 17, "task": "task_2", "block_start": 170, "block_stop": 180, "hours": 10, "feature_loading_seconds": 4.5765191316604614e-06, "factor_preparation_seconds": 0.0028029754757881165, "update_seconds": 0.01926664635539055, "prediction_seconds": 0.019101126119494438, "persistent_state_bytes": 20407432, "solver_backend": "torch", "solver_device": "cuda", "solver_dtype": "float64", "temporal_factor_device": "cuda", "rmse": 0.05699344674074895, "nll": -1.2794748172334138, "mean_predictive_std": 0.09752896905345863, "mean_interval_width90": 0.32084175696083866, "coverage50": 0.7875, "coverage80": 0.9615, "coverage90": 0.9895, "coverage95": 0.996, "peak_cuda_allocated_mib": 351.341796875}
{"block_id": 18, "task": "task_2", "block_start": 180, "block_stop": 186, "hours": 6, "feature_loading_seconds": 4.688277840614319e-06, "factor_preparation_seconds": 0.0019100960344076157, "update_seconds": 0.018569888547062874, "prediction_seconds": 0.01565622352063656, "persistent_state_bytes": 20407432, "solver_backend": "torch", "solver_device": "cuda", "solver_dtype": "float64", "temporal_factor_device": "cuda", "rmse": 0.057497137836976984, "nll": -1.2828180269636817, "mean_predictive_std": 0.09774157971224393, "mean_interval_width90": 0.32154118378730173, "coverage50": 0.785, "coverage80": 0.9666666666666667, "coverage90": 0.9925, "coverage95": 0.9975, "peak_cuda_allocated_mib": 351.341796875}
{
  "implementation": "Route B strict-online structured joint beta-GP",
  "protocol": "Task-1 Route-B empirical-Bayes calibration; frozen theta; new-block-only Task-2(+) streaming",
  "delayed_observations": false,
  "delayed_observation_blocks": 0,
  "delayed_observation_rows": 0,
  "task1_posterior_initialization": false,
  "task1_posterior_initialization_rows": 0,
  "task1_posterior_initialization_summary": null,
  "target_mode": "joint X-lag mean and GP posterior",
  "temporal_representation": "inducing_points",
  "temporal_kernel": {
    "family": "matern32",
    "spectral_mixture": null
  },
  "solver_backend": "torch",
  "temporal_factor_device": "cuda",
  "temporal_factor_policy": "solver",
  "basis_protocol": "fixed global uniformly spaced temporal inducing locations (known horizon)",
  "split_seed": 3,
  "mt": 128,
  "ms": 128,
  "spatial_kernel_mode": "geo",
  "num_stream_times": 186,
  "num_blocks": 19,
  "num_train_space": 800,
  "num_test_space": 200,
  "learned_theta": {
    "ell_t": 0.03029342090636542,
    "ell_s": [
      0.5832417002909344,
      0.7119575645219547
    ],
    "kernel_variance": 0.41742564176566604,
    "noise_std": 0.05159537637078768
  },
  "hyperparameters": "learned on Task 1 by the matching Route B representation, then frozen",
  "feature_projection": {
    "path": null,
    "original_dimension": 133,
    "active_dimension": 133
  },
  "predictive_variance": "full structured-joint conditional; conditional residual included",
  "overall_current_block": {
    "rmse": 0.06738845057748054,
    "nll": -1.2253439817650469,
    "mean_predictive_std": 0.09757210865578325,
    "mean_interval_width90": 0.3209836736235364,
    "coverage50": 0.7426344086021506,
    "coverage80": 0.9406989247311828,
    "coverage90": 0.9748924731182795,
    "coverage95": 0.9874462365591398
  },
  "final_block": {
    "rmse": 0.057497137836976984,
    "nll": -1.2828180269636817,
    "coverage50": 0.785,
    "coverage80": 0.9666666666666667,
    "coverage90": 0.9925,
    "coverage95": 0.9975,
    "mean_predictive_std": 0.09774157971224393,
    "mean_interval_width90": 0.32154118378730173
  },
  "timing": {
    "spatial_projection_setup_seconds": 0.0375394020229578,
    "solver_setup_seconds": 0.24999654479324818,
    "temporal_static_setup_seconds": 0.03534268960356712,
    "task1_posterior_initialization_seconds": 0.0,
    "stream_feature_loading_seconds": 2.636196758598089,
    "stream_factor_preparation_seconds": 0.07442596554756165,
    "stream_update_seconds": 0.3924922626465559,
    "stream_prediction_seconds": 0.4418395608663559,
    "mean_block_update_seconds": 0.020657487507713467,
    "mean_block_factor_preparation_seconds": 0.0039171560814506125,
    "mean_block_prediction_seconds": 0.023254713729808207,
    "first_block_update_seconds": 0.04773176833987236,
    "mean_steady_state_block_update_seconds": 0.019153360794815753,
    "xlag_feature_loading_seconds": 2.6354122199118137,
    "process_total_seconds": 5.201812319457531
  },
  "resources": {
    "device": "cuda",
    "dtype": "float64",
    "peak_rss_mib": 1495.9609375,
    "torch": "2.5.1+cu121",
    "torch_cuda_build": "12.1",
    "cuda_available": true,
    "gpu_name": "NVIDIA GeForce RTX 4090",
    "gpu_compute_capability": [
      8,
      9
    ],
    "gpu_total_memory_mib": 48508.0625,
    "peak_cuda_allocated_mib": 351.341796875,
    "peak_cuda_reserved_mib": 416.0,
    "persistent_state_bytes": 20407432,
    "persistent_state_mib": 19.46204376220703,
    "history_replay_buffer_bytes": 0,
    "gpu_accelerated": true,
    "posterior_update_device": "cuda",
    "prediction_device": "cuda",
    "temporal_factor_device": "cuda",
    "spherical_bessel_device": null,
    "host_to_device_block_factors_in_update_timing": true
  },
  "environment": {
    "hostname": "autodl-container-qkb5g0ybu5-f51eca91",
    "platform": "Linux-5.15.0-78-generic-x86_64-with-glibc2.35",
    "python": "3.11.15",
    "processor": "x86_64",
    "pid": 287866,
    "git": {
      "commit": "81800a1462d35357a43151857230c6fe5bfcb852",
      "branch": "",
      "dirty": true
    }
  },
  "args": {
    "protocol_npz": "/root/autodl-tmp/iclr_era5_a100_protocol_autodl_4090_capacity_ladder_20260820T023000Z/protocol/task1_2/seed3/protocol.npz",
    "protocol_json": "/root/autodl-tmp/iclr_era5_a100_protocol_autodl_4090_capacity_ladder_20260820T023000Z/protocol/task1_2/seed3/protocol.json",
    "data_root": null,
    "theta_json": "/root/autodl-tmp/iclr_era5_a100_protocol_autodl_4090_capacity_ladder_20260820T023000Z/calibration/routeb_joint_inducing_points/seed3/result.json",
    "output": "/root/autodl-tmp/iclr_era5_a100_protocol_autodl_4090_capacity_ladder_20260820T023000Z/runs/task1_2/online/routeb_global_inducing_mt128_ms128/seed3/result.json",
    "blockwise_output": "/root/autodl-tmp/iclr_era5_a100_protocol_autodl_4090_capacity_ladder_20260820T023000Z/runs/task1_2/online/routeb_global_inducing_mt128_ms128/seed3/blocks.csv",
    "predictions_output": "/root/autodl-tmp/iclr_era5_a100_protocol_autodl_4090_capacity_ladder_20260820T023000Z/runs/task1_2/online/routeb_global_inducing_mt128_ms128/seed3/predictions.npz",
    "representation": "inducing_points",
    "mt": 128,
    "ms": 128,
    "rff_sample_size": 256,
    "temporal_kernel": "matern32",
    "spectral_mixture_json": null,
    "prediction_chunk_size": 8192,
    "include_conditional_residual_variance": true,
    "beta_prior_variance": 1000.0,
    "use_protocol_beta_prior": false,
    "seed": 3,
    "max_blocks": 0,
    "delayed_observations": false,
    "delayed_observation_blocks": 0,
    "task1_posterior_init": false,
    "feature_projection_npz": null,
    "spatial_projection_npz": null,
    "spatial_kernel_mode": "geo",
    "solver_backend": "torch",
    "device": "cuda",
    "dtype": "float64",
    "temporal_factor_device": "solver"
  }
}
