job=array-44
argv=/root/autodl-tmp/stvgp_envs/gpflow/bin/python scripts/run_official_bui_osgpr_era5.py --protocol-npz /root/autodl-tmp/iclr_era5_a100_protocol_autodl_4090_capacity_ladder_20260820T023000Z/protocol/task1_2/seed4/protocol.npz --theta-json /root/autodl-tmp/iclr_era5_a100_protocol_autodl_4090_capacity_ladder_20260820T023000Z/calibration/routeb_joint_inducing_points/seed4/result.json --output /root/autodl-tmp/iclr_era5_a100_protocol_autodl_4090_capacity_ladder_20260820T023000Z/runs/task1_2/online/bui_osgpr_mt2_ms64/seed4/result.json --blockwise-output /root/autodl-tmp/iclr_era5_a100_protocol_autodl_4090_capacity_ladder_20260820T023000Z/runs/task1_2/online/bui_osgpr_mt2_ms64/seed4/blocks.csv --predictions-output /root/autodl-tmp/iclr_era5_a100_protocol_autodl_4090_capacity_ladder_20260820T023000Z/runs/task1_2/online/bui_osgpr_mt2_ms64/seed4/predictions.npz --mt 2 --ms 64 --seed 4 --device cuda --dtype float64
2026-08-20 22:15:23.952650: E external/local_xla/xla/stream_executor/cuda/cuda_dnn.cc:9261] Unable to register cuDNN factory: Attempting to register factory for plugin cuDNN when one has already been registered
2026-08-20 22:15:23.952692: E external/local_xla/xla/stream_executor/cuda/cuda_fft.cc:607] Unable to register cuFFT factory: Attempting to register factory for plugin cuFFT when one has already been registered
2026-08-20 22:15:23.953817: E external/local_xla/xla/stream_executor/cuda/cuda_blas.cc:1515] Unable to register cuBLAS factory: Attempting to register factory for plugin cuBLAS when one has already been registered
/root/autodl-tmp/stvgp_envs/gpflow/lib/python3.10/site-packages/gpflow/versions.py:1: UserWarning: pkg_resources is deprecated as an API. See https://setuptools.pypa.io/en/latest/pkg_resources.html. The pkg_resources package is slated for removal as early as 2025-11-30. Refrain from using this package or pin to Setuptools<81.
  import pkg_resources
{"block_id": 0, "block_start": 0, "block_stop": 10, "hours": 10, "update_seconds": 1.9194520004093647, "prediction_seconds": 0.0737247709184885, "rmse": 0.5547319016561897, "nll": 0.8722584290113635, "coverage90": 0.977, "mean_predictive_std": 0.6923470029156865}
{"block_id": 1, "block_start": 10, "block_stop": 20, "hours": 10, "update_seconds": 0.16970740258693695, "prediction_seconds": 0.09015326015651226, "rmse": 0.3933886561947959, "nll": 0.7126937645597414, "coverage90": 0.996, "mean_predictive_std": 0.6923470029156865}
{"block_id": 2, "block_start": 20, "block_stop": 30, "hours": 10, "update_seconds": 0.14897770807147026, "prediction_seconds": 0.08902265504002571, "rmse": 0.39317580074979813, "nll": 0.712519125472348, "coverage90": 0.9925, "mean_predictive_std": 0.6923470029156865}
{"block_id": 3, "block_start": 30, "block_stop": 40, "hours": 10, "update_seconds": 0.1496252939105034, "prediction_seconds": 0.09492285549640656, "rmse": 0.37052717733975343, "nll": 0.6944769598163651, "coverage90": 0.9905, "mean_predictive_std": 0.6923470029156865}
{"block_id": 4, "block_start": 40, "block_stop": 50, "hours": 10, "update_seconds": 0.14233218133449554, "prediction_seconds": 0.09586064517498016, "rmse": 0.5539500231565476, "nll": 0.87135422046133, "coverage90": 0.97, "mean_predictive_std": 0.6923470029156865}
{"block_id": 5, "block_start": 50, "block_stop": 60, "hours": 10, "update_seconds": 0.1479560937732458, "prediction_seconds": 0.08932609856128693, "rmse": 0.5741378736407077, "nll": 0.8951092399239642, "coverage90": 0.9535, "mean_predictive_std": 0.6923470029156865}
{"block_id": 6, "block_start": 60, "block_stop": 70, "hours": 10, "update_seconds": 0.15095083229243755, "prediction_seconds": 0.0912083089351654, "rmse": 0.4893396057163434, "nll": 0.8010421626723757, "coverage90": 0.9925, "mean_predictive_std": 0.6923470029156865}
{"block_id": 7, "block_start": 70, "block_stop": 80, "hours": 10, "update_seconds": 0.14374171197414398, "prediction_seconds": 0.08868882805109024, "rmse": 0.5417450082832795, "nll": 0.8574049859193241, "coverage90": 0.95, "mean_predictive_std": 0.6923470029156865}
{"block_id": 8, "block_start": 80, "block_stop": 90, "hours": 10, "update_seconds": 0.14129937067627907, "prediction_seconds": 0.0900238361209631, "rmse": 0.49225379905926453, "nll": 0.8040259809146275, "coverage90": 0.971, "mean_predictive_std": 0.6923470029156865}
{"block_id": 9, "block_start": 90, "block_stop": 100, "hours": 10, "update_seconds": 0.1424805149435997, "prediction_seconds": 0.0883857924491167, "rmse": 0.610520428223193, "nll": 0.9400674138451391, "coverage90": 0.958, "mean_predictive_std": 0.6923470029156865}
{"block_id": 10, "block_start": 100, "block_stop": 110, "hours": 10, "update_seconds": 0.14319099485874176, "prediction_seconds": 0.0878466796129942, "rmse": 0.7529174385054206, "nll": 1.142583065522545, "coverage90": 0.882, "mean_predictive_std": 0.6923470029156865}
{"block_id": 11, "block_start": 110, "block_stop": 120, "hours": 10, "update_seconds": 0.14220852218568325, "prediction_seconds": 0.08875342458486557, "rmse": 1.1612366344271343, "nll": 1.957848558200879, "coverage90": 0.5935, "mean_predictive_std": 0.6923470029156865}
{"block_id": 12, "block_start": 120, "block_stop": 130, "hours": 10, "update_seconds": 0.14167790487408638, "prediction_seconds": 0.08957805670797825, "rmse": 1.081451113021276, "nll": 1.7712040270806833, "coverage90": 0.6375, "mean_predictive_std": 0.6923470029156865}
{"block_id": 13, "block_start": 130, "block_stop": 140, "hours": 10, "update_seconds": 0.14267676882445812, "prediction_seconds": 0.08821933716535568, "rmse": 0.686678822358465, "nll": 1.043117139133024, "coverage90": 0.9135, "mean_predictive_std": 0.6923470029156827}
{"block_id": 14, "block_start": 140, "block_stop": 150, "hours": 10, "update_seconds": 0.14121564663946629, "prediction_seconds": 0.0884034987539053, "rmse": 0.6294454929167247, "nll": 0.9645450510353442, "coverage90": 0.933, "mean_predictive_std": 0.6923470029136479}
{"block_id": 15, "block_start": 150, "block_stop": 160, "hours": 10, "update_seconds": 0.14338573813438416, "prediction_seconds": 0.08897389844059944, "rmse": 0.84546268818877, "nll": 1.2968797517909356, "coverage90": 0.8385, "mean_predictive_std": 0.6923469591773783}
{"block_id": 16, "block_start": 160, "block_stop": 170, "hours": 10, "update_seconds": 0.14221290312707424, "prediction_seconds": 0.08972909674048424, "rmse": 0.6727405945012449, "nll": 1.0233133674951558, "coverage90": 0.925, "mean_predictive_std": 0.6922544262159737}
{"block_id": 17, "block_start": 170, "block_stop": 180, "hours": 10, "update_seconds": 0.14311295002698898, "prediction_seconds": 0.08974110521376133, "rmse": 0.5339073615965025, "nll": 0.8381705059502367, "coverage90": 0.9725, "mean_predictive_std": 0.6757406264928079}
{"block_id": 18, "block_start": 180, "block_stop": 186, "hours": 6, "update_seconds": 0.14175729267299175, "prediction_seconds": 0.09001794457435608, "rmse": 0.28925444589799576, "nll": 1.241164202092439, "coverage90": 0.8525, "mean_predictive_std": 0.39216416957617817}
{
  "implementation": "official Bui OSGPR_VFE (thin ERA5 wrapper)",
  "source_repository": "https://github.com/thangbui/streaming_sparse_gp",
  "source_commit": "d95081b",
  "protocol": "strict online; Task-1 hyperparameter calibration only; Task-2(+) starts from the GP prior; no history replay",
  "initial_posterior": "GP prior at the first streaming block",
  "delayed_observations": false,
  "delayed_observation_rows": 0,
  "target_mode": "Task-1 fixed X-lag residual, evaluated on original y",
  "split_seed": 4,
  "num_stream_times": 186,
  "num_blocks": 19,
  "calibration_time_range": [
    -1.0054054054054054,
    -0.00540540540540535
  ],
  "stream_time_range": [
    0.0,
    1.0
  ],
  "num_train_space": 800,
  "num_test_space": 200,
  "joint_inducing": 128,
  "temporal_grid_count": 2,
  "spatial_grid_count": 64,
  "inducing_locations": "fixed global Cartesian product; never optimized",
  "adaptive": false,
  "adaptive_optimization": null,
  "hyperparameters": "Route-B Task-1 empirical-Bayes theta, frozen for controlled posterior-transfer comparison",
  "learned_theta": {
    "ell_t": 0.02911291464345249,
    "ell_s": [
      0.6523072830741737,
      0.8065328874334654
    ],
    "kernel_variance": 0.4767283919346755,
    "noise_std": 0.05114665689620554
  },
  "final": {
    "rmse": 0.6555843938461939,
    "nll": 1.0184576489280024,
    "coverage90": 0.9117204301075269,
    "mean_predictive_std": 0.6817658901809206
  },
  "timing": {
    "task1_calibration_seconds": 0.0,
    "stream_update_seconds": 4.537961831316352,
    "stream_prediction_seconds": 1.6925800926983356,
    "mean_block_update_seconds": 0.23884009638507114,
    "mean_block_prediction_seconds": 0.08908316277359661,
    "first_block_update_seconds": 1.9194520004093647,
    "mean_steady_state_block_update_seconds": 0.1454727683837215,
    "process_total_seconds": 6.640771688893437
  },
  "resources": {
    "peak_rss_mib": 889.10546875,
    "peak_cuda_allocated_mib": 58.843994140625,
    "current_cuda_allocated_mib": 0.44482421875,
    "persistent_state_bytes": 266240,
    "persistent_state_mib": 0.25390625,
    "history_replay_buffer_bytes": 0,
    "estimated_streaming_flops": 9961472000.0,
    "flops_scope": "dominant O(B M^2) covariance accumulation; analytic estimate",
    "device": "cuda:0",
    "dtype": "float64",
    "physical_gpus": [
      "/physical_device:GPU:0"
    ]
  },
  "environment": {
    "hostname": "autodl-container-qkb5g0ybu5-f51eca91",
    "platform": "Linux-5.15.0-78-generic-x86_64-with-glibc2.35",
    "python": "3.10.20",
    "processor": "x86_64",
    "pid": 295959,
    "git": {
      "commit": "81800a1462d35357a43151857230c6fe5bfcb852",
      "branch": "",
      "dirty": true
    }
  },
  "versions": {
    "python": "3.10.20",
    "tensorflow": "2.15.1",
    "gpflow": "2.9.2",
    "numpy": "1.26.4"
  },
  "args": {
    "protocol_npz": "/root/autodl-tmp/iclr_era5_a100_protocol_autodl_4090_capacity_ladder_20260820T023000Z/protocol/task1_2/seed4/protocol.npz",
    "theta_json": "/root/autodl-tmp/iclr_era5_a100_protocol_autodl_4090_capacity_ladder_20260820T023000Z/calibration/routeb_joint_inducing_points/seed4/result.json",
    "output": "/root/autodl-tmp/iclr_era5_a100_protocol_autodl_4090_capacity_ladder_20260820T023000Z/runs/task1_2/online/bui_osgpr_mt2_ms64/seed4/result.json",
    "blockwise_output": "/root/autodl-tmp/iclr_era5_a100_protocol_autodl_4090_capacity_ladder_20260820T023000Z/runs/task1_2/online/bui_osgpr_mt2_ms64/seed4/blocks.csv",
    "predictions_output": "/root/autodl-tmp/iclr_era5_a100_protocol_autodl_4090_capacity_ladder_20260820T023000Z/runs/task1_2/online/bui_osgpr_mt2_ms64/seed4/predictions.npz",
    "mt": 2,
    "ms": 64,
    "prediction_chunk_size": 4096,
    "max_calibration_blocks": 0,
    "max_stream_blocks": 0,
    "task1_posterior_warm_start": false,
    "delayed_observations": false,
    "adaptive": false,
    "adaptive_calibration_steps": 25,
    "adaptive_online_steps": 5,
    "adaptive_learning_rate": 0.01,
    "initial_ell_t": 0.05,
    "initial_ell_s": [
      0.35,
      0.35
    ],
    "initial_kernel_variance": 1.0,
    "initial_noise": 0.1,
    "seed": 4,
    "device": "cuda",
    "dtype": "float64"
  }
}
