job=array-110
argv=/root/autodl-tmp/stvgp_envs/routeb/bin/python scripts/run_iclr_era5_routeb_batch.py --protocol-npz /root/autodl-tmp/iclr_era5_a100_protocol_autodl_4090_capacity_ladder_20260820T023000Z/protocol/task1_2/seed3/protocol.npz --protocol-json /root/autodl-tmp/iclr_era5_a100_protocol_autodl_4090_capacity_ladder_20260820T023000Z/protocol/task1_2/seed3/protocol.json --output-dir /root/autodl-tmp/iclr_era5_a100_protocol_autodl_4090_capacity_ladder_20260820T023000Z/runs/task1_2/batch/routeb_shared_residual_inducing_points_mt128_ms64/seed3 --data-part stream --target-mode shared_xlag_residual --representation inducing_points --mt 128 --ms 64 --iterations 100 --learning-rate 0.02 --validation-every 5 --include-conditional-residual-variance --beta-prior-variance 1000.0 --rff-sample-size 256 --xlag-length 10 --prediction-chunk-size 8192 --split-seed 3 --model-seed 0 --device cuda --dtype float64 --evaluation-backend torch --warmup-steps 1 --profile-flops --predictions-output /root/autodl-tmp/iclr_era5_a100_protocol_autodl_4090_capacity_ladder_20260820T023000Z/runs/task1_2/batch/routeb_shared_residual_inducing_points_mt128_ms64/seed3/predictions.npz

libgomp: Invalid value for environment variable OMP_NUM_THREADS
{"iteration": 1, "train_nlml_per_observation": -0.6332219034214368, "finite_nlml_per_observation": -0.6332219034214368, "vfe_trace_correction_per_observation": 0.0, "vfe_trace_residual_per_observation": 0.0, "gradient_norm_before_clip": 0.3492461478703271, "iteration_seconds": 0.07610696367919445, "ell_t": 0.05101004116083608, "ell_s": [0.3570704678646673, 0.3570704685368448], "kernel_variance": 0.980198721520271, "noise_std": 0.10202013393655357, "validation_nll": -0.039750484629593436, "validation_rmse": 0.12721340222838182, "validation_seconds": 0.11297333985567093, "validation_checks_without_improvement": 0, "training_elapsed_seconds": 0.18988603353500366}
{"iteration": 5, "train_nlml_per_observation": -0.6634880766046911, "finite_nlml_per_observation": -0.6634880766046911, "vfe_trace_correction_per_observation": 0.0, "vfe_trace_residual_per_observation": 0.0, "gradient_norm_before_clip": 0.15664544999098987, "iteration_seconds": 0.012398889288306236, "ell_t": 0.04866521650869691, "ell_s": [0.38601728944154035, 0.3864721487700667], "kernel_variance": 0.9054689862800566, "noise_std": 0.11005361961791438, "validation_nll": -0.13150002335983904, "validation_rmse": 0.1254761640221256, "validation_seconds": 0.02011372335255146, "validation_checks_without_improvement": 0, "training_elapsed_seconds": 0.25986994430422783}
{"iteration": 10, "train_nlml_per_observation": -0.6767201408930537, "finite_nlml_per_observation": -0.6767201408930537, "vfe_trace_correction_per_observation": 0.0, "vfe_trace_residual_per_observation": 0.0, "gradient_norm_before_clip": 0.10133525259233743, "iteration_seconds": 0.014423191547393799, "ell_t": 0.04815355928472949, "ell_s": [0.4210372526605657, 0.42491447316866204], "kernel_variance": 0.8190018423898533, "noise_std": 0.11730633113839307, "validation_nll": -0.23572394396248678, "validation_rmse": 0.12397601294022677, "validation_seconds": 0.01970125548541546, "validation_checks_without_improvement": 0, "training_elapsed_seconds": 0.3499101959168911}
{"iteration": 15, "train_nlml_per_observation": -0.6829158008431465, "finite_nlml_per_observation": -0.6829158008431465, "vfe_trace_correction_per_observation": 0.0, "vfe_trace_residual_per_observation": 0.0, "gradient_norm_before_clip": 0.12298278777207852, "iteration_seconds": 0.014510612934827805, "ell_t": 0.04537204482654693, "ell_s": [0.45094296477189866, 0.4642591440312879], "kernel_variance": 0.7424468792558597, "noise_std": 0.11820673561184394, "validation_nll": -0.3296166878475455, "validation_rmse": 0.1227840054545773, "validation_seconds": 0.01866908185184002, "validation_checks_without_improvement": 0, "training_elapsed_seconds": 0.4424388576298952}
{"iteration": 20, "train_nlml_per_observation": -0.6908615949557635, "finite_nlml_per_observation": -0.6908615949557635, "vfe_trace_correction_per_observation": 0.0, "vfe_trace_residual_per_observation": 0.0, "gradient_norm_before_clip": 0.09016236056481179, "iteration_seconds": 0.014529557898640633, "ell_t": 0.042132885645306276, "ell_s": [0.4734902670778467, 0.5041539862588651], "kernel_variance": 0.6728955135788133, "noise_std": 0.11460075501114572, "validation_nll": -0.4142884289077026, "validation_rmse": 0.12184801393723438, "validation_seconds": 0.018566181883215904, "validation_checks_without_improvement": 0, "training_elapsed_seconds": 0.5345780774950981}
{"iteration": 25, "train_nlml_per_observation": -0.6969604421007931, "finite_nlml_per_observation": -0.6969604421007931, "vfe_trace_correction_per_observation": 0.0, "vfe_trace_residual_per_observation": 0.0, "gradient_norm_before_clip": 0.04930727776038455, "iteration_seconds": 0.014810236170887947, "ell_t": 0.03917633715364046, "ell_s": [0.4888147636203891, 0.5444709896134141], "kernel_variance": 0.6090621590494628, "noise_std": 0.11021955550026882, "validation_nll": -0.4864926641906843, "validation_rmse": 0.12116013056729591, "validation_seconds": 0.01913629099726677, "validation_checks_without_improvement": 0, "training_elapsed_seconds": 0.6310305185616016}
{"iteration": 30, "train_nlml_per_observation": -0.7001742468486868, "finite_nlml_per_observation": -0.7001742468486868, "vfe_trace_correction_per_observation": 0.0, "vfe_trace_residual_per_observation": 0.0, "gradient_norm_before_clip": 0.05509824611441992, "iteration_seconds": 0.015904713422060013, "ell_t": 0.03635875178515714, "ell_s": [0.4994395335705363, 0.5845788398493709], "kernel_variance": 0.5508463512335571, "noise_std": 0.10782039738134212, "validation_nll": -0.5429428408777415, "validation_rmse": 0.12067991413874735, "validation_seconds": 0.018573446199297905, "validation_checks_without_improvement": 0, "training_elapsed_seconds": 0.7255954016000032}
{"iteration": 35, "train_nlml_per_observation": -0.702795950981267, "finite_nlml_per_observation": -0.702795950981267, "vfe_trace_correction_per_observation": 0.0, "vfe_trace_residual_per_observation": 0.0, "gradient_norm_before_clip": 0.04761688325330903, "iteration_seconds": 0.014479152858257294, "ell_t": 0.034139975800038885, "ell_s": [0.5093278014412006, 0.6230162573875572], "kernel_variance": 0.4975964215307813, "noise_std": 0.10809699086721637, "validation_nll": -0.5845803740932424, "validation_rmse": 0.12038583816762473, "validation_seconds": 0.01844814606010914, "validation_checks_without_improvement": 0, "training_elapsed_seconds": 0.821804890409112}
{"iteration": 40, "train_nlml_per_observation": -0.7049850810500957, "finite_nlml_per_observation": -0.7049850810500957, "vfe_trace_correction_per_observation": 0.0, "vfe_trace_residual_per_observation": 0.0, "gradient_norm_before_clip": 0.022196388813865195, "iteration_seconds": 0.01580382138490677, "ell_t": 0.03237200369959511, "ell_s": [0.5214098938523021, 0.657908866679419], "kernel_variance": 0.449502372925467, "noise_std": 0.10971263380724294, "validation_nll": -0.6157954575468434, "validation_rmse": 0.12020478042100431, "validation_seconds": 0.019014351069927216, "validation_checks_without_improvement": 0, "training_elapsed_seconds": 0.9185185432434082}
{"iteration": 45, "train_nlml_per_observation": -0.7062261017760075, "finite_nlml_per_observation": -0.7062261017760075, "vfe_trace_correction_per_observation": 0.0, "vfe_trace_residual_per_observation": 0.0, "gradient_norm_before_clip": 0.021662366864320912, "iteration_seconds": 0.014407563954591751, "ell_t": 0.03054707778286358, "ell_s": [0.5359595126300539, 0.6879257468669958], "kernel_variance": 0.4069566608421772, "noise_std": 0.11082240605969101, "validation_nll": -0.641375833594191, "validation_rmse": 0.12004965319641321, "validation_seconds": 0.018596941605210304, "validation_checks_without_improvement": 0, "training_elapsed_seconds": 1.0123865064233541}
{"iteration": 50, "train_nlml_per_observation": -0.707105119266301, "finite_nlml_per_observation": -0.707105119266301, "vfe_trace_correction_per_observation": 0.0, "vfe_trace_residual_per_observation": 0.0, "gradient_norm_before_clip": 0.020657980431132934, "iteration_seconds": 0.014540037140250206, "ell_t": 0.0287639680016207, "ell_s": [0.5511312607405334, 0.7127988547941354], "kernel_variance": 0.369629848189984, "noise_std": 0.11061233970641052, "validation_nll": -0.6639617626254639, "validation_rmse": 0.11990477644830229, "validation_seconds": 0.018495220690965652, "validation_checks_without_improvement": 0, "training_elapsed_seconds": 1.1074175089597702}
{"iteration": 55, "train_nlml_per_observation": -0.7077810492966418, "finite_nlml_per_observation": -0.7077810492966418, "vfe_trace_correction_per_observation": 0.0, "vfe_trace_residual_per_observation": 0.0, "gradient_norm_before_clip": 0.0084426620346768, "iteration_seconds": 0.011682955548167229, "ell_t": 0.027135018123158577, "ell_s": [0.56427827379462, 0.7329817035845313], "kernel_variance": 0.3371842106578605, "noise_std": 0.10968537778424482, "validation_nll": -0.6825932972628861, "validation_rmse": 0.11978513121319789, "validation_seconds": 0.018385589122772217, "validation_checks_without_improvement": 0, "training_elapsed_seconds": 1.194468641653657}
{"iteration": 60, "train_nlml_per_observation": -0.708146509999768, "finite_nlml_per_observation": -0.708146509999768, "vfe_trace_correction_per_observation": 0.0, "vfe_trace_residual_per_observation": 0.0, "gradient_norm_before_clip": 0.009868922405847217, "iteration_seconds": 0.014053545892238617, "ell_t": 0.025749160975591146, "ell_s": [0.5734230903202847, 0.749063410996412], "kernel_variance": 0.3093178267299524, "noise_std": 0.10909227348193308, "validation_nll": -0.6954634687094347, "validation_rmse": 0.11970881044566559, "validation_seconds": 0.018294885754585266, "validation_checks_without_improvement": 0, "training_elapsed_seconds": 1.2865688409656286}
{"iteration": 65, "train_nlml_per_observation": -0.7083868519717622, "finite_nlml_per_observation": -0.7083868519717622, "vfe_trace_correction_per_observation": 0.0, "vfe_trace_residual_per_observation": 0.0, "gradient_norm_before_clip": 0.008559047854647128, "iteration_seconds": 0.01401291973888874, "ell_t": 0.024734181489058604, "ell_s": [0.5782789258098014, 0.7613973941646667], "kernel_variance": 0.2856925775799916, "noise_std": 0.109236642315891, "validation_nll": -0.7029034433582403, "validation_rmse": 0.11968452864414435, "validation_seconds": 0.018715210258960724, "validation_checks_without_improvement": 0, "training_elapsed_seconds": 1.3828477747738361}
{"iteration": 70, "train_nlml_per_observation": -0.7085477304059319, "finite_nlml_per_observation": -0.7085477304059319, "vfe_trace_correction_per_observation": 0.0, "vfe_trace_residual_per_observation": 0.0, "gradient_norm_before_clip": 0.001648502274437279, "iteration_seconds": 0.014581631869077682, "ell_t": 0.023976060114819606, "ell_s": [0.5800349407501345, 0.7700751151602119], "kernel_variance": 0.2661337473909542, "noise_std": 0.10969941324138101, "validation_nll": -0.7070805447994025, "validation_rmse": 0.11968817763147284, "validation_seconds": 0.018565237522125244, "validation_checks_without_improvement": 0, "training_elapsed_seconds": 1.4749642666429281}
{"iteration": 75, "train_nlml_per_observation": -0.7086230415840323, "finite_nlml_per_observation": -0.7086230415840323, "vfe_trace_correction_per_observation": 0.0, "vfe_trace_residual_per_observation": 0.0, "gradient_norm_before_clip": 0.005135433223358515, "iteration_seconds": 0.014684708788990974, "ell_t": 0.023346885738187186, "ell_s": [0.5803276860073473, 0.7752127537410972], "kernel_variance": 0.25038545164358234, "noise_std": 0.10990120228273512, "validation_nll": -0.7102347347218674, "validation_rmse": 0.11969192969312656, "validation_seconds": 0.018659712746739388, "validation_checks_without_improvement": 0, "training_elapsed_seconds": 1.570758966729045}
{"iteration": 80, "train_nlml_per_observation": -0.70867268116866, "finite_nlml_per_observation": -0.70867268116866, "vfe_trace_correction_per_observation": 0.0, "vfe_trace_residual_per_observation": 0.0, "gradient_norm_before_clip": 0.00391193087714767, "iteration_seconds": 0.014625774696469307, "ell_t": 0.022842795745723975, "ell_s": [0.5802462697946947, 0.7771895417951132], "kernel_variance": 0.23802659518279692, "noise_std": 0.1097323303648605, "validation_nll": -0.7131989654044194, "validation_rmse": 0.11968883114873027, "validation_seconds": 0.018726391717791557, "validation_checks_without_improvement": 0, "training_elapsed_seconds": 1.6676470302045345}
{"iteration": 85, "train_nlml_per_observation": -0.7087032840961348, "finite_nlml_per_observation": -0.7087032840961348, "vfe_trace_correction_per_observation": 0.0, "vfe_trace_residual_per_observation": 0.0, "gradient_norm_before_clip": 0.003260339351924457, "iteration_seconds": 0.014507392421364784, "ell_t": 0.022457178607300638, "ell_s": [0.5799907497273159, 0.7766545162678288], "kernel_variance": 0.22860997247849796, "noise_std": 0.10951013586353008, "validation_nll": -0.7154708727559977, "validation_rmse": 0.11968316361937519, "validation_seconds": 0.018416889011859894, "validation_checks_without_improvement": 0, "training_elapsed_seconds": 1.7607292477041483}
{"iteration": 90, "train_nlml_per_observation": -0.7087237177172471, "finite_nlml_per_observation": -0.7087237177172471, "vfe_trace_correction_per_observation": 0.0, "vfe_trace_residual_per_observation": 0.0, "gradient_norm_before_clip": 0.003744428767320161, "iteration_seconds": 0.015360062941908836, "ell_t": 0.022208597191328977, "ell_s": [0.5792619524229656, 0.7743953201836601], "kernel_variance": 0.22164544710018438, "noise_std": 0.10949469334605816, "validation_nll": -0.716612345854985, "validation_rmse": 0.11968400725868697, "validation_seconds": 0.01817936822772026, "validation_checks_without_improvement": 0, "training_elapsed_seconds": 1.8546134773641825}
{"iteration": 95, "train_nlml_per_observation": -0.7087431997216173, "finite_nlml_per_observation": -0.7087431997216173, "vfe_trace_correction_per_observation": 0.0, "vfe_trace_residual_per_observation": 0.0, "gradient_norm_before_clip": 0.002640544008179199, "iteration_seconds": 0.014128701761364937, "ell_t": 0.02207680495991791, "ell_s": [0.577823377426489, 0.7711468491887258], "kernel_variance": 0.21665284119857486, "noise_std": 0.10962521569609295, "validation_nll": -0.7169061531422336, "validation_rmse": 0.11969239423850751, "validation_seconds": 0.018492303788661957, "validation_checks_without_improvement": 0, "training_elapsed_seconds": 1.945373598486185}
{"iteration": 100, "train_nlml_per_observation": -0.7087582533730954, "finite_nlml_per_observation": -0.7087582533730954, "vfe_trace_correction_per_observation": 0.0, "vfe_trace_residual_per_observation": 0.0, "gradient_norm_before_clip": 0.0025646279274143843, "iteration_seconds": 0.014682048931717873, "ell_t": 0.022001471212950076, "ell_s": [0.5758164616127149, 0.7674734005674498], "kernel_variance": 0.21318246623255244, "noise_std": 0.10969942514536624, "validation_nll": -0.716949037835753, "validation_rmse": 0.11970183917183931, "validation_seconds": 0.018695736303925514, "validation_checks_without_improvement": 0, "training_elapsed_seconds": 2.0416360329836607}
{
  "implementation": "Route B finite_dtc structured empirical Bayes",
  "training_objective": "finite_dtc",
  "protocol": "controlled batch/full-history with spatial held-out validation",
  "data_part": "stream",
  "target_mode": "shared_xlag_residual",
  "temporal_representation": "inducing_points",
  "temporal_kernel": {
    "family": "matern32",
    "spectral_mixture": null
  },
  "evaluation_backend": "torch",
  "temporal_factor_device": "cuda",
  "split_seed": 3,
  "mt": 128,
  "ms": 64,
  "num_time": 186,
  "num_train_space": 800,
  "num_validation_space": 80,
  "num_test_space": 200,
  "num_xlag_features": 0,
  "active_joint_mean_features": 0,
  "hyperparameters": "learned by Route B marginal likelihood; fixed inducing locations",
  "objective_optimization": {
    "version": "E0",
    "cached_statistics": false,
    "combined_basis_transforms": false,
    "removed_redundant_final_solve": false,
    "cross_contraction": "einsum",
    "feature_block_size": null,
    "feature_projection": null,
    "feature_dimension": 0
  },
  "predictive_variance": "full structured-joint conditional; conditional residual included",
  "best_iteration": 100,
  "iterations_completed": 100,
  "stop_reason": "max_iterations",
  "validation_checks_without_improvement": 0,
  "best_validation_nll": -0.716949037835753,
  "time_to_best_validation_seconds": 2.0412646885961294,
  "learned_theta": {
    "ell_t": 0.022001471212950076,
    "ell_s": [
      0.5758164616127149,
      0.7674734005674498
    ],
    "kernel_variance": 0.21318246623255244,
    "noise_std": 0.10969942514536624
  },
  "final": {
    "rmse": 0.1165630265951248,
    "nll": -0.7328358662123522,
    "coverage90": 0.9616129032258065,
    "ece": 0.09853494623655917,
    "mean_predictive_std": 0.14628581236628044,
    "posterior_update_seconds": 0.00728195533156395,
    "prediction_seconds": 0.010060738772153854,
    "diagnostic_avg_sigma2": 0.012033963877223811,
    "diagnostic_avg_nu_star": 0.009535282408216795,
    "diagnostic_avg_nu_star_raw": 0.009535282408216795,
    "diagnostic_avg_u_posterior_term": 0.0004955795430732187,
    "diagnostic_avg_beta_schur_term": 0.0
  },
  "timing": {
    "warmup_seconds": 0.021176636219024658,
    "flop_profile_seconds": 0.22061888687312603,
    "training_seconds": 2.041716055944562,
    "mean_iteration_seconds": 0.015242655239999294,
    "median_iteration_seconds": 0.014568299055099487,
    "mean_steady_state_iteration_seconds": 0.01462786424566399,
    "validation_seconds": 0.4874193035066128,
    "xlag_feature_loading_seconds": 0.0,
    "posterior_setup_seconds": 0.00728195533156395,
    "prediction_seconds": 0.010060738772153854,
    "process_total_seconds": 3.2891082167625427
  },
  "resources": {
    "device": "cuda",
    "dtype": "float64",
    "peak_rss_mib": 1274.5859375,
    "torch": "2.5.1+cu121",
    "torch_cuda_build": "12.1",
    "cuda_available": true,
    "gpu_name": "NVIDIA GeForce RTX 4090",
    "gpu_compute_capability": [
      8,
      9
    ],
    "gpu_total_memory_mib": 48508.0625,
    "peak_cuda_allocated_mib": 62.0419921875,
    "peak_cuda_reserved_mib": 74.0,
    "persistent_model_state_bytes": 904696,
    "persistent_model_state_mib": 0.8627853393554688,
    "serialized_training_checkpoint_bytes": 9565,
    "history_replay_buffer_bytes": 1190400,
    "profiled_forward_backward_flops_per_step": 185769984,
    "estimated_training_flops": 18576998400,
    "flops_scope": "PyTorch-supported operations in one Route-B objective forward/backward; optimizer, validation, posterior recovery and prediction excluded",
    "flop_profile_error": null,
    "training_device": "cuda",
    "temporal_factor_device": "cuda",
    "spherical_bessel_device": null,
    "posterior_update_device": "cuda",
    "prediction_device": "cuda",
    "posterior_solver_backend": "torch"
  },
  "environment": {
    "hostname": "autodl-container-qkb5g0ybu5-f51eca91",
    "platform": "Linux-5.15.0-78-generic-x86_64-with-glibc2.35",
    "python": "3.11.15",
    "processor": "x86_64",
    "pid": 241423,
    "git": {
      "commit": "90411f423e38daa49cbda0489cc618b3d154b31c",
      "branch": "",
      "dirty": true
    }
  },
  "args": {
    "protocol_npz": "/root/autodl-tmp/iclr_era5_a100_protocol_autodl_4090_capacity_ladder_20260820T023000Z/protocol/task1_2/seed3/protocol.npz",
    "protocol_json": "/root/autodl-tmp/iclr_era5_a100_protocol_autodl_4090_capacity_ladder_20260820T023000Z/protocol/task1_2/seed3/protocol.json",
    "data_root": null,
    "output_dir": "/root/autodl-tmp/iclr_era5_a100_protocol_autodl_4090_capacity_ladder_20260820T023000Z/runs/task1_2/batch/routeb_shared_residual_inducing_points_mt128_ms64/seed3",
    "data_part": "stream",
    "target_mode": "shared_xlag_residual",
    "representation": "inducing_points",
    "mt": 128,
    "ms": 64,
    "iterations": 100,
    "training_objective": "finite_dtc",
    "include_conditional_residual_variance": true,
    "learning_rate": 0.02,
    "validation_every": 5,
    "early_stopping_patience_validations": 0,
    "early_stopping_min_delta": 0.0,
    "max_training_seconds": 0.0,
    "beta_prior_variance": 1000.0,
    "rff_sample_size": 256,
    "temporal_kernel": "matern32",
    "spectral_mixture_json": null,
    "xlag_length": 10,
    "joint_phi_npy": null,
    "initial_ell_t": 0.05,
    "initial_ell_s": [
      0.35,
      0.35
    ],
    "initial_kernel_variance": 1.0,
    "initial_noise": 0.1,
    "prediction_chunk_size": 8192,
    "split_seed": 3,
    "model_seed": 0,
    "save_pointwise": false,
    "predictions_output": "/root/autodl-tmp/iclr_era5_a100_protocol_autodl_4090_capacity_ladder_20260820T023000Z/runs/task1_2/batch/routeb_shared_residual_inducing_points_mt128_ms64/seed3/predictions.npz",
    "device": "cuda",
    "dtype": "float64",
    "evaluation_backend": "torch",
    "warmup_steps": 1,
    "profile_flops": true,
    "objective_optimization_version": "E0",
    "cross_contraction": "einsum",
    "feature_block_size": null,
    "feature_projection_npz": null
  }
}
