job=array-13
argv=/root/autodl-tmp/stvgp_envs/maddox/bin/python scripts/run_official_maddox_streaming_sgpr_era5.py --protocol-npz /root/autodl-tmp/iclr_era5_a100_protocol_autodl_4090_capacity_ladder_20260820T023000Z/protocol/task1_10/seed2/protocol.npz --theta-json /root/autodl-tmp/iclr_era5_a100_protocol_autodl_4090_capacity_ladder_20260820T023000Z/calibration/routeb_joint_inducing_points/seed2/result.json --output /root/autodl-tmp/iclr_era5_a100_protocol_autodl_4090_capacity_ladder_20260820T023000Z/runs/task1_10/online/maddox_streaming_sgpr_mt2_ms64/seed2/result.json --blockwise-output /root/autodl-tmp/iclr_era5_a100_protocol_autodl_4090_capacity_ladder_20260820T023000Z/runs/task1_10/online/maddox_streaming_sgpr_mt2_ms64/seed2/blocks.csv --predictions-output /root/autodl-tmp/iclr_era5_a100_protocol_autodl_4090_capacity_ladder_20260820T023000Z/runs/task1_10/online/maddox_streaming_sgpr_mt2_ms64/seed2/predictions.npz --mt 2 --ms 64 --jitter 0.0001 --resample-ratio 0.2 --seed 2 --device cuda --dtype float64
/root/autodl-tmp/stvgp_envs/maddox/lib/python3.10/site-packages/linear_operator/utils/cholesky.py:40: NumericalWarning: A not p.d., added jitter of 1.0e-04 to the diagonal
  warnings.warn(
{"block_id": 0, "block_start": 0, "block_stop": 10, "hours": 10, "update_seconds": 0.1286273207515478, "prediction_seconds": 0.006816662847995758, "rmse": 0.24871750801977205, "nll": 0.49789170969309854, "coverage90": 0.93, "mean_predictive_std": 0.5020936025089165}
{"block_id": 1, "block_start": 10, "block_stop": 20, "hours": 10, "update_seconds": 0.03185884654521942, "prediction_seconds": 0.006171440705657005, "rmse": 0.2206368260856076, "nll": 0.21545235254778178, "coverage90": 0.9815, "mean_predictive_std": 0.433419632278794}
{"block_id": 2, "block_start": 20, "block_stop": 30, "hours": 10, "update_seconds": 0.0211477130651474, "prediction_seconds": 0.0060967858880758286, "rmse": 0.27543848813544103, "nll": 0.25247980414994886, "coverage90": 0.9685, "mean_predictive_std": 0.4186516404511759}
{"block_id": 3, "block_start": 30, "block_stop": 40, "hours": 10, "update_seconds": 0.021011721342802048, "prediction_seconds": 0.0061528123915195465, "rmse": 0.2697054611499233, "nll": 0.233584437554856, "coverage90": 0.969, "mean_predictive_std": 0.41798012691113606}
{"block_id": 4, "block_start": 40, "block_stop": 50, "hours": 10, "update_seconds": 0.0211335439234972, "prediction_seconds": 0.006140487268567085, "rmse": 0.2671498371421544, "nll": 0.26447168162422774, "coverage90": 0.9745, "mean_predictive_std": 0.43671845840037427}
{"block_id": 5, "block_start": 50, "block_stop": 60, "hours": 10, "update_seconds": 0.022234614938497543, "prediction_seconds": 0.006153587251901627, "rmse": 0.2171115554758811, "nll": 0.18851225804180596, "coverage90": 0.9895, "mean_predictive_std": 0.42975817511779735}
{"block_id": 6, "block_start": 60, "block_stop": 70, "hours": 10, "update_seconds": 0.022983234375715256, "prediction_seconds": 0.006253331899642944, "rmse": 0.2477405882376575, "nll": 0.20509213236286047, "coverage90": 0.977, "mean_predictive_std": 0.43236333371810787}
{"block_id": 7, "block_start": 70, "block_stop": 80, "hours": 10, "update_seconds": 0.021096892654895782, "prediction_seconds": 0.006093272939324379, "rmse": 0.29216428398512306, "nll": 0.23901427279844614, "coverage90": 0.9695, "mean_predictive_std": 0.41529780010287815}
{"block_id": 8, "block_start": 80, "block_stop": 90, "hours": 10, "update_seconds": 0.02496754378080368, "prediction_seconds": 0.006205741316080093, "rmse": 0.22505714776598879, "nll": 0.15405156240966084, "coverage90": 0.985, "mean_predictive_std": 0.41909081370500023}
{"block_id": 9, "block_start": 90, "block_stop": 100, "hours": 10, "update_seconds": 0.021361542865633965, "prediction_seconds": 0.006200555711984634, "rmse": 0.21852272988731805, "nll": 0.22244567991193476, "coverage90": 0.9865, "mean_predictive_std": 0.4436909847420933}
{"block_id": 10, "block_start": 100, "block_stop": 110, "hours": 10, "update_seconds": 0.02110753022134304, "prediction_seconds": 0.006062868982553482, "rmse": 0.21193059274041023, "nll": 0.18396774211176267, "coverage90": 0.985, "mean_predictive_std": 0.43066891965382714}
{"block_id": 11, "block_start": 110, "block_stop": 120, "hours": 10, "update_seconds": 0.021223757416009903, "prediction_seconds": 0.006083562970161438, "rmse": 0.2868257246553564, "nll": 0.34469358746572715, "coverage90": 0.958, "mean_predictive_std": 0.4340315533736235}
{"block_id": 12, "block_start": 120, "block_stop": 130, "hours": 10, "update_seconds": 0.021222319453954697, "prediction_seconds": 0.0060918740928173065, "rmse": 0.3401499515867875, "nll": 0.44567941067196676, "coverage90": 0.925, "mean_predictive_std": 0.4336163633888701}
{"block_id": 13, "block_start": 130, "block_stop": 140, "hours": 10, "update_seconds": 0.021526552736759186, "prediction_seconds": 0.006283070892095566, "rmse": 0.29370233715666866, "nll": 0.29093064518358186, "coverage90": 0.961, "mean_predictive_std": 0.41210536628963246}
{"block_id": 14, "block_start": 140, "block_stop": 150, "hours": 10, "update_seconds": 0.0232299342751503, "prediction_seconds": 0.006195614114403725, "rmse": 0.30449174069682533, "nll": 0.363346202931175, "coverage90": 0.95, "mean_predictive_std": 0.42686483480377185}
{"block_id": 15, "block_start": 150, "block_stop": 160, "hours": 10, "update_seconds": 0.021617207676172256, "prediction_seconds": 0.0061065685003995895, "rmse": 0.28326105613042035, "nll": 0.31038360034498336, "coverage90": 0.9775, "mean_predictive_std": 0.44156758946359154}
{"block_id": 16, "block_start": 160, "block_stop": 170, "hours": 10, "update_seconds": 0.02150135673582554, "prediction_seconds": 0.006137806922197342, "rmse": 0.24368466047317539, "nll": 0.23129561394568005, "coverage90": 0.9705, "mean_predictive_std": 0.41869052606988694}
{"block_id": 17, "block_start": 170, "block_stop": 180, "hours": 10, "update_seconds": 0.021166808903217316, "prediction_seconds": 0.006141476333141327, "rmse": 0.20573099597876224, "nll": 0.1457330749933982, "coverage90": 0.9895, "mean_predictive_std": 0.4190142738440718}
{"block_id": 18, "block_start": 180, "block_stop": 186, "hours": 6, "update_seconds": 0.021031087264418602, "prediction_seconds": 0.00543707050383091, "rmse": 0.21724630126864727, "nll": 0.09424120269664954, "coverage90": 0.9883333333333333, "mean_predictive_std": 0.38333221305015114}
{"block_id": 19, "block_start": 186, "block_stop": 196, "hours": 10, "update_seconds": 0.021188655868172646, "prediction_seconds": 0.006142772734165192, "rmse": 0.2905320003648192, "nll": 0.3335434089845462, "coverage90": 0.9615, "mean_predictive_std": 0.4303002292483835}
{"block_id": 20, "block_start": 196, "block_stop": 206, "hours": 10, "update_seconds": 0.021338071674108505, "prediction_seconds": 0.006181312724947929, "rmse": 0.2944201241951971, "nll": 0.2949094904902711, "coverage90": 0.974, "mean_predictive_std": 0.43228795375475815}
{"block_id": 21, "block_start": 206, "block_stop": 216, "hours": 10, "update_seconds": 0.025125989690423012, "prediction_seconds": 0.006498986855149269, "rmse": 0.2914311640035593, "nll": 0.29500640683206586, "coverage90": 0.967, "mean_predictive_std": 0.4322316154154508}
{"block_id": 22, "block_start": 216, "block_stop": 226, "hours": 10, "update_seconds": 0.022302791476249695, "prediction_seconds": 0.006346128880977631, "rmse": 0.3004749739650226, "nll": 0.40969245618232003, "coverage90": 0.9605, "mean_predictive_std": 0.4387293487580964}
{"block_id": 23, "block_start": 226, "block_stop": 236, "hours": 10, "update_seconds": 0.022358689457178116, "prediction_seconds": 0.006300244480371475, "rmse": 0.2811682739669492, "nll": 0.28399268637970343, "coverage90": 0.963, "mean_predictive_std": 0.4165395763486717}
{"block_id": 24, "block_start": 236, "block_stop": 246, "hours": 10, "update_seconds": 0.0218073520809412, "prediction_seconds": 0.006379479542374611, "rmse": 0.32126223827701866, "nll": 0.42498165190717757, "coverage90": 0.9425, "mean_predictive_std": 0.44384281605551806}
{"block_id": 25, "block_start": 246, "block_stop": 256, "hours": 10, "update_seconds": 0.025785744190216064, "prediction_seconds": 0.006311211735010147, "rmse": 0.34169482220036773, "nll": 0.5317194919716619, "coverage90": 0.9045, "mean_predictive_std": 0.4157368011514662}
{"block_id": 26, "block_start": 256, "block_stop": 266, "hours": 10, "update_seconds": 0.0219098087400198, "prediction_seconds": 0.00625995360314846, "rmse": 0.4291762100461558, "nll": 0.8022368635203095, "coverage90": 0.8885, "mean_predictive_std": 0.43821449523549894}
{"block_id": 27, "block_start": 266, "block_stop": 276, "hours": 10, "update_seconds": 0.02232244797050953, "prediction_seconds": 0.006252652034163475, "rmse": 0.2854582181506776, "nll": 0.2973654453854627, "coverage90": 0.96, "mean_predictive_std": 0.4242783974517313}
{"block_id": 28, "block_start": 276, "block_stop": 286, "hours": 10, "update_seconds": 0.021931683644652367, "prediction_seconds": 0.00631636381149292, "rmse": 0.30573823041236925, "nll": 0.29653477217550894, "coverage90": 0.9575, "mean_predictive_std": 0.43022729798554427}
{"block_id": 29, "block_start": 286, "block_stop": 296, "hours": 10, "update_seconds": 0.021849414333701134, "prediction_seconds": 0.006356131285429001, "rmse": 0.24427263719597914, "nll": 0.20539742597042585, "coverage90": 0.9765, "mean_predictive_std": 0.42104484871256426}
{"block_id": 30, "block_start": 296, "block_stop": 306, "hours": 10, "update_seconds": 0.021920012310147285, "prediction_seconds": 0.006319444626569748, "rmse": 0.1955596628767803, "nll": 0.16791219448984557, "coverage90": 0.981, "mean_predictive_std": 0.41280797121715246}
{"block_id": 31, "block_start": 306, "block_stop": 316, "hours": 10, "update_seconds": 0.026021001860499382, "prediction_seconds": 0.0062823668122291565, "rmse": 0.261709103200541, "nll": 0.1958776989607918, "coverage90": 0.985, "mean_predictive_std": 0.4354259544192702}
{"block_id": 32, "block_start": 316, "block_stop": 326, "hours": 10, "update_seconds": 0.02201189287006855, "prediction_seconds": 0.006347741931676865, "rmse": 0.18103060126214393, "nll": 0.08622446222246495, "coverage90": 0.9965, "mean_predictive_std": 0.41236742415868416}
{"block_id": 33, "block_start": 326, "block_stop": 336, "hours": 10, "update_seconds": 0.02195008099079132, "prediction_seconds": 0.006264232099056244, "rmse": 0.20640166991178682, "nll": 0.15277765818720487, "coverage90": 0.9915, "mean_predictive_std": 0.429434978699804}
{"block_id": 34, "block_start": 336, "block_stop": 346, "hours": 10, "update_seconds": 0.021924905478954315, "prediction_seconds": 0.006390899419784546, "rmse": 0.17545022192571597, "nll": 0.15473832643677315, "coverage90": 0.9985, "mean_predictive_std": 0.44675676216053284}
{"block_id": 35, "block_start": 346, "block_stop": 356, "hours": 10, "update_seconds": 0.022633900865912437, "prediction_seconds": 0.006350651383399963, "rmse": 0.2744222436990125, "nll": 0.23593068267702277, "coverage90": 0.974, "mean_predictive_std": 0.43779144766997924}
{"block_id": 36, "block_start": 356, "block_stop": 366, "hours": 10, "update_seconds": 0.02548092231154442, "prediction_seconds": 0.006356412544846535, "rmse": 0.27169115537625205, "nll": 0.22350614385371725, "coverage90": 0.9725, "mean_predictive_std": 0.42492586349378286}
{"block_id": 37, "block_start": 366, "block_stop": 372, "hours": 6, "update_seconds": 0.021692881360650063, "prediction_seconds": 0.005622636526823044, "rmse": 0.1535337190683254, "nll": -0.012352193705268098, "coverage90": 0.9925, "mean_predictive_std": 0.37128579581315263}
{"block_id": 38, "block_start": 372, "block_stop": 382, "hours": 10, "update_seconds": 0.02187683992087841, "prediction_seconds": 0.006303191184997559, "rmse": 0.2293552030844363, "nll": 0.21729402796134462, "coverage90": 0.9725, "mean_predictive_std": 0.4256884691212815}
{"block_id": 39, "block_start": 382, "block_stop": 392, "hours": 10, "update_seconds": 0.022295713424682617, "prediction_seconds": 0.006359366700053215, "rmse": 0.20010567841984486, "nll": 0.11385856305553049, "coverage90": 0.9885, "mean_predictive_std": 0.40733690475380785}
{"block_id": 40, "block_start": 392, "block_stop": 402, "hours": 10, "update_seconds": 0.025025364011526108, "prediction_seconds": 0.006314631551504135, "rmse": 0.1862991523930244, "nll": 0.22758545938970548, "coverage90": 0.988, "mean_predictive_std": 0.4693994133432068}
{"block_id": 41, "block_start": 402, "block_stop": 412, "hours": 10, "update_seconds": 0.023126931861042976, "prediction_seconds": 0.006352569907903671, "rmse": 0.19346306970230712, "nll": 0.16707954234386238, "coverage90": 0.992, "mean_predictive_std": 0.4321072151465228}
{"block_id": 42, "block_start": 412, "block_stop": 422, "hours": 10, "update_seconds": 0.025734230875968933, "prediction_seconds": 0.006375843659043312, "rmse": 0.16670082324260996, "nll": 0.12883930274484467, "coverage90": 0.994, "mean_predictive_std": 0.4296733368338013}
{"block_id": 43, "block_start": 422, "block_stop": 432, "hours": 10, "update_seconds": 0.02243056334555149, "prediction_seconds": 0.006302528083324432, "rmse": 0.32492433078056443, "nll": 0.5284031827159374, "coverage90": 0.938, "mean_predictive_std": 0.4249584985448633}
{"block_id": 44, "block_start": 432, "block_stop": 442, "hours": 10, "update_seconds": 0.022119509056210518, "prediction_seconds": 0.006368512287735939, "rmse": 0.3162199043590635, "nll": 0.3817641981877665, "coverage90": 0.924, "mean_predictive_std": 0.4098819683605238}
{"block_id": 45, "block_start": 442, "block_stop": 452, "hours": 10, "update_seconds": 0.02253875508904457, "prediction_seconds": 0.006317131221294403, "rmse": 0.3489023588666761, "nll": 0.40409512021413324, "coverage90": 0.9465, "mean_predictive_std": 0.43176331818245545}
{"block_id": 46, "block_start": 452, "block_stop": 462, "hours": 10, "update_seconds": 0.025895455852150917, "prediction_seconds": 0.006318178027868271, "rmse": 0.3352161420998724, "nll": 0.3363645652080358, "coverage90": 0.9595, "mean_predictive_std": 0.4450925786686306}
{"block_id": 47, "block_start": 462, "block_stop": 472, "hours": 10, "update_seconds": 0.022306252270936966, "prediction_seconds": 0.0062992628663778305, "rmse": 0.30846149178215254, "nll": 0.47774099019111643, "coverage90": 0.9615, "mean_predictive_std": 0.44923529317879707}
{"block_id": 48, "block_start": 472, "block_stop": 482, "hours": 10, "update_seconds": 0.021872088313102722, "prediction_seconds": 0.006311442703008652, "rmse": 0.34069740742959786, "nll": 0.46244904252003344, "coverage90": 0.9355, "mean_predictive_std": 0.43530237444059283}
{"block_id": 49, "block_start": 482, "block_stop": 492, "hours": 10, "update_seconds": 0.021807175129652023, "prediction_seconds": 0.0062477849423885345, "rmse": 0.34626866124097333, "nll": 0.40100808977855845, "coverage90": 0.944, "mean_predictive_std": 0.4393606110620808}
{"block_id": 50, "block_start": 492, "block_stop": 502, "hours": 10, "update_seconds": 0.021899819374084473, "prediction_seconds": 0.006287422031164169, "rmse": 0.24042530020181804, "nll": 0.20662754245663073, "coverage90": 0.9805, "mean_predictive_std": 0.4223837159666671}
{"block_id": 51, "block_start": 502, "block_stop": 512, "hours": 10, "update_seconds": 0.022680573165416718, "prediction_seconds": 0.006275024265050888, "rmse": 0.23929715285707776, "nll": 0.21698462264461765, "coverage90": 0.9865, "mean_predictive_std": 0.43155921674077635}
{"block_id": 52, "block_start": 512, "block_stop": 522, "hours": 10, "update_seconds": 0.023258430883288383, "prediction_seconds": 0.009557783603668213, "rmse": 0.18196658961249093, "nll": 0.12968841618338345, "coverage90": 0.9935, "mean_predictive_std": 0.4242698244432029}
{"block_id": 53, "block_start": 522, "block_stop": 532, "hours": 10, "update_seconds": 0.022078456357121468, "prediction_seconds": 0.006322178989648819, "rmse": 0.222560675820328, "nll": 0.18887834915846854, "coverage90": 0.988, "mean_predictive_std": 0.4353478753697008}
{"block_id": 54, "block_start": 532, "block_stop": 542, "hours": 10, "update_seconds": 0.021900061517953873, "prediction_seconds": 0.006282668560743332, "rmse": 0.17969009137504569, "nll": 0.17884996646119225, "coverage90": 0.985, "mean_predictive_std": 0.43907638200513033}
{"block_id": 55, "block_start": 542, "block_stop": 552, "hours": 10, "update_seconds": 0.022188592702150345, "prediction_seconds": 0.006230426952242851, "rmse": 0.1934622910317043, "nll": 0.18136762863322178, "coverage90": 0.9855, "mean_predictive_std": 0.43947745291785306}
{"block_id": 56, "block_start": 552, "block_stop": 558, "hours": 6, "update_seconds": 0.022060437127947807, "prediction_seconds": 0.005611781030893326, "rmse": 0.19241518319716341, "nll": 0.07655658810381416, "coverage90": 0.9758333333333333, "mean_predictive_std": 0.3785110833814864}
{"block_id": 57, "block_start": 558, "block_stop": 568, "hours": 10, "update_seconds": 0.027065781876444817, "prediction_seconds": 0.006332414224743843, "rmse": 0.22035496131347518, "nll": 0.19804807386879622, "coverage90": 0.9845, "mean_predictive_std": 0.42973320018147443}
{"block_id": 58, "block_start": 568, "block_stop": 578, "hours": 10, "update_seconds": 0.021802715957164764, "prediction_seconds": 0.006284696981310844, "rmse": 0.24380451324047928, "nll": 0.1876547905789489, "coverage90": 0.988, "mean_predictive_std": 0.427566242336009}
{"block_id": 59, "block_start": 578, "block_stop": 588, "hours": 10, "update_seconds": 0.022151969373226166, "prediction_seconds": 0.006290595978498459, "rmse": 0.23898318556081707, "nll": 0.20372189954282452, "coverage90": 0.9785, "mean_predictive_std": 0.42104090462050103}
{"block_id": 60, "block_start": 588, "block_stop": 598, "hours": 10, "update_seconds": 0.021797820925712585, "prediction_seconds": 0.006239417940378189, "rmse": 0.2514666986350765, "nll": 0.266633900267126, "coverage90": 0.974, "mean_predictive_std": 0.4426032339605305}
{"block_id": 61, "block_start": 598, "block_stop": 608, "hours": 10, "update_seconds": 0.021967053413391113, "prediction_seconds": 0.0063246916979551315, "rmse": 0.2315912270983635, "nll": 0.21744741781023147, "coverage90": 0.9765, "mean_predictive_std": 0.42336965516508385}
{"block_id": 62, "block_start": 608, "block_stop": 618, "hours": 10, "update_seconds": 0.022242844104766846, "prediction_seconds": 0.0063178688287734985, "rmse": 0.23371828278054843, "nll": 0.20474184692593686, "coverage90": 0.9845, "mean_predictive_std": 0.4309413581205922}
{"block_id": 63, "block_start": 618, "block_stop": 628, "hours": 10, "update_seconds": 0.022090215235948563, "prediction_seconds": 0.006321452558040619, "rmse": 0.3268331993141459, "nll": 0.386116657869777, "coverage90": 0.9385, "mean_predictive_std": 0.43531065301243826}
{"block_id": 64, "block_start": 628, "block_stop": 638, "hours": 10, "update_seconds": 0.024795249104499817, "prediction_seconds": 0.00625954382121563, "rmse": 0.28251315494465173, "nll": 0.3180606369488072, "coverage90": 0.9645, "mean_predictive_std": 0.4237271240044016}
{"block_id": 65, "block_start": 638, "block_stop": 648, "hours": 10, "update_seconds": 0.02184567227959633, "prediction_seconds": 0.0063272397965192795, "rmse": 0.33743591524096334, "nll": 0.3911727931097489, "coverage90": 0.946, "mean_predictive_std": 0.4131986880760237}
{"block_id": 66, "block_start": 648, "block_stop": 658, "hours": 10, "update_seconds": 0.02206498011946678, "prediction_seconds": 0.006273597478866577, "rmse": 0.2869216682966029, "nll": 0.3055384447735932, "coverage90": 0.957, "mean_predictive_std": 0.4277112480809154}
{"block_id": 67, "block_start": 658, "block_stop": 668, "hours": 10, "update_seconds": 0.021813396364450455, "prediction_seconds": 0.006258424371480942, "rmse": 0.23775115681803244, "nll": 0.21345501366181968, "coverage90": 0.9865, "mean_predictive_std": 0.43540513784224516}
{"block_id": 68, "block_start": 668, "block_stop": 678, "hours": 10, "update_seconds": 0.0223538801074028, "prediction_seconds": 0.006251499056816101, "rmse": 0.2277172680801702, "nll": 0.18349135680693127, "coverage90": 0.9815, "mean_predictive_std": 0.4227491533050824}
{"block_id": 69, "block_start": 678, "block_stop": 688, "hours": 10, "update_seconds": 0.025033101439476013, "prediction_seconds": 0.0062425099313259125, "rmse": 0.20335600854831412, "nll": 0.12592486424537366, "coverage90": 0.985, "mean_predictive_std": 0.4097004821304167}
{"block_id": 70, "block_start": 688, "block_stop": 698, "hours": 10, "update_seconds": 0.022173786535859108, "prediction_seconds": 0.006270751357078552, "rmse": 0.2693865167455379, "nll": 0.3117669946593654, "coverage90": 0.9645, "mean_predictive_std": 0.43569576501909524}
{"block_id": 71, "block_start": 698, "block_stop": 708, "hours": 10, "update_seconds": 0.021871047094464302, "prediction_seconds": 0.00628039613366127, "rmse": 0.30665093014563466, "nll": 0.26930061409647416, "coverage90": 0.971, "mean_predictive_std": 0.43094979940428796}
{"block_id": 72, "block_start": 708, "block_stop": 718, "hours": 10, "update_seconds": 0.021894488483667374, "prediction_seconds": 0.006248809397220612, "rmse": 0.43830401967195265, "nll": 0.6190534533882011, "coverage90": 0.89, "mean_predictive_std": 0.3981950599042102}
{"block_id": 73, "block_start": 718, "block_stop": 728, "hours": 10, "update_seconds": 0.021980376914143562, "prediction_seconds": 0.006255164742469788, "rmse": 0.3925930653557532, "nll": 0.4860228211594426, "coverage90": 0.929, "mean_predictive_std": 0.445883673950163}
{"block_id": 74, "block_start": 728, "block_stop": 738, "hours": 10, "update_seconds": 0.02177923172712326, "prediction_seconds": 0.006240617483854294, "rmse": 0.30770430407718047, "nll": 0.43681282119933423, "coverage90": 0.954, "mean_predictive_std": 0.4491379528786141}
{"block_id": 75, "block_start": 738, "block_stop": 744, "hours": 6, "update_seconds": 0.025251291692256927, "prediction_seconds": 0.005608703941106796, "rmse": 0.24493874491399575, "nll": 0.18238963835884012, "coverage90": 0.9716666666666667, "mean_predictive_std": 0.3877410392451933}
{"block_id": 76, "block_start": 744, "block_stop": 754, "hours": 10, "update_seconds": 0.021828079596161842, "prediction_seconds": 0.006248828023672104, "rmse": 0.25349791405023253, "nll": 0.2546376826379747, "coverage90": 0.966, "mean_predictive_std": 0.4135149967195271}
{"block_id": 77, "block_start": 754, "block_stop": 764, "hours": 10, "update_seconds": 0.022147376090288162, "prediction_seconds": 0.006317127496004105, "rmse": 0.29921906962597616, "nll": 0.32010121204083547, "coverage90": 0.961, "mean_predictive_std": 0.42787726214613564}
{"block_id": 78, "block_start": 764, "block_stop": 774, "hours": 10, "update_seconds": 0.02174478955566883, "prediction_seconds": 0.00623711571097374, "rmse": 0.2757532511537923, "nll": 0.2933173701393409, "coverage90": 0.9645, "mean_predictive_std": 0.4334362274831676}
{"block_id": 79, "block_start": 774, "block_stop": 784, "hours": 10, "update_seconds": 0.02182087115943432, "prediction_seconds": 0.0063525717705488205, "rmse": 0.3382941612951245, "nll": 0.4865754937092042, "coverage90": 0.9275, "mean_predictive_std": 0.4249747526513228}
{"block_id": 80, "block_start": 784, "block_stop": 794, "hours": 10, "update_seconds": 0.02738502062857151, "prediction_seconds": 0.006328662857413292, "rmse": 0.4263150715068269, "nll": 0.6552355716599795, "coverage90": 0.9025, "mean_predictive_std": 0.4509750558150598}
{"block_id": 81, "block_start": 794, "block_stop": 804, "hours": 10, "update_seconds": 0.02219395898282528, "prediction_seconds": 0.006287362426519394, "rmse": 0.34420568718741434, "nll": 0.5442438626086255, "coverage90": 0.93, "mean_predictive_std": 0.4393052415028067}
{"block_id": 82, "block_start": 804, "block_stop": 814, "hours": 10, "update_seconds": 0.02184249646961689, "prediction_seconds": 0.006264477968215942, "rmse": 0.44269279986382803, "nll": 0.782438172451331, "coverage90": 0.869, "mean_predictive_std": 0.4426250908053603}
{"block_id": 83, "block_start": 814, "block_stop": 824, "hours": 10, "update_seconds": 0.0218624509871006, "prediction_seconds": 0.006257332861423492, "rmse": 0.45762298696791875, "nll": 0.7444230312540693, "coverage90": 0.852, "mean_predictive_std": 0.4093416280432264}
{"block_id": 84, "block_start": 824, "block_stop": 834, "hours": 10, "update_seconds": 0.022142475470900536, "prediction_seconds": 0.0063012875616550446, "rmse": 0.36492007729626696, "nll": 0.42901091758854365, "coverage90": 0.9285, "mean_predictive_std": 0.4117313787193217}
{"block_id": 85, "block_start": 834, "block_stop": 844, "hours": 10, "update_seconds": 0.021822979673743248, "prediction_seconds": 0.006347175687551498, "rmse": 0.3265211846426512, "nll": 0.4676259120186392, "coverage90": 0.918, "mean_predictive_std": 0.41314562951050776}
{"block_id": 86, "block_start": 844, "block_stop": 854, "hours": 10, "update_seconds": 0.021884474903345108, "prediction_seconds": 0.0062247030436992645, "rmse": 0.30386633691109977, "nll": 0.42954228672317357, "coverage90": 0.9495, "mean_predictive_std": 0.4326055480041527}
{"block_id": 87, "block_start": 854, "block_stop": 864, "hours": 10, "update_seconds": 0.02181086502969265, "prediction_seconds": 0.006253363564610481, "rmse": 0.3018970949698638, "nll": 0.3956885358383271, "coverage90": 0.948, "mean_predictive_std": 0.43698037342235513}
{"block_id": 88, "block_start": 864, "block_stop": 874, "hours": 10, "update_seconds": 0.022181104868650436, "prediction_seconds": 0.006250511854887009, "rmse": 0.2666789403592308, "nll": 0.2742410462054504, "coverage90": 0.9735, "mean_predictive_std": 0.43738510679977843}
{"block_id": 89, "block_start": 874, "block_stop": 884, "hours": 10, "update_seconds": 0.025340424850583076, "prediction_seconds": 0.0062610190361738205, "rmse": 0.3145261308921056, "nll": 0.45616766617124926, "coverage90": 0.9405, "mean_predictive_std": 0.4275208866207275}
{"block_id": 90, "block_start": 884, "block_stop": 894, "hours": 10, "update_seconds": 0.021860547363758087, "prediction_seconds": 0.006226353347301483, "rmse": 0.24456688912120073, "nll": 0.2453724376451122, "coverage90": 0.9865, "mean_predictive_std": 0.4440379261362692}
{"block_id": 91, "block_start": 894, "block_stop": 904, "hours": 10, "update_seconds": 0.02182609960436821, "prediction_seconds": 0.006268372759222984, "rmse": 0.16977092249770492, "nll": 0.1735460062604512, "coverage90": 0.9885, "mean_predictive_std": 0.4411986206404819}
{"block_id": 92, "block_start": 904, "block_stop": 914, "hours": 10, "update_seconds": 0.022489743307232857, "prediction_seconds": 0.006242735311388969, "rmse": 0.2662809132597407, "nll": 0.24721774537226354, "coverage90": 0.977, "mean_predictive_std": 0.4315659218200812}
{"block_id": 93, "block_start": 914, "block_stop": 924, "hours": 10, "update_seconds": 0.02178875356912613, "prediction_seconds": 0.006287328898906708, "rmse": 0.35235004918928886, "nll": 0.47350699154905734, "coverage90": 0.939, "mean_predictive_std": 0.43206917838723363}
{"block_id": 94, "block_start": 924, "block_stop": 930, "hours": 6, "update_seconds": 0.0217544324696064, "prediction_seconds": 0.005630768835544586, "rmse": 0.3260516559908858, "nll": 0.2916769506216964, "coverage90": 0.9333333333333333, "mean_predictive_std": 0.3942850325111165}
{"block_id": 95, "block_start": 930, "block_stop": 940, "hours": 10, "update_seconds": 0.02189001441001892, "prediction_seconds": 0.006313804537057877, "rmse": 0.46208444740003524, "nll": 0.6683430702358644, "coverage90": 0.885, "mean_predictive_std": 0.43869846544942764}
{"block_id": 96, "block_start": 940, "block_stop": 950, "hours": 10, "update_seconds": 0.026330482214689255, "prediction_seconds": 0.006278347223997116, "rmse": 0.3848980619460716, "nll": 0.5810718073725507, "coverage90": 0.9195, "mean_predictive_std": 0.4486370832811864}
{"block_id": 97, "block_start": 950, "block_stop": 960, "hours": 10, "update_seconds": 0.021822614595294, "prediction_seconds": 0.006262918934226036, "rmse": 0.4054920538848414, "nll": 0.5152385902881026, "coverage90": 0.924, "mean_predictive_std": 0.4210068034228012}
{"block_id": 98, "block_start": 960, "block_stop": 970, "hours": 10, "update_seconds": 0.021936023607850075, "prediction_seconds": 0.006324600428342819, "rmse": 0.31390015543840993, "nll": 0.3961380308945327, "coverage90": 0.9535, "mean_predictive_std": 0.44141583675899965}
{"block_id": 99, "block_start": 970, "block_stop": 980, "hours": 10, "update_seconds": 0.02184412069618702, "prediction_seconds": 0.006305893883109093, "rmse": 0.2567047511085235, "nll": 0.26648498901288026, "coverage90": 0.975, "mean_predictive_std": 0.4269144005449151}
{"block_id": 100, "block_start": 980, "block_stop": 990, "hours": 10, "update_seconds": 0.022103477269411087, "prediction_seconds": 0.006285501644015312, "rmse": 0.32986648530706086, "nll": 0.3844562086408646, "coverage90": 0.942, "mean_predictive_std": 0.4214434987710596}
{"block_id": 101, "block_start": 990, "block_stop": 1000, "hours": 10, "update_seconds": 0.021734872832894325, "prediction_seconds": 0.00632774643599987, "rmse": 0.2693137815301189, "nll": 0.24207177933706706, "coverage90": 0.9695, "mean_predictive_std": 0.41778468942334646}
{"block_id": 102, "block_start": 1000, "block_stop": 1010, "hours": 10, "update_seconds": 0.026605792343616486, "prediction_seconds": 0.006253128871321678, "rmse": 0.2563174271464849, "nll": 0.2819329275289537, "coverage90": 0.973, "mean_predictive_std": 0.4484740448539783}
{"block_id": 103, "block_start": 1010, "block_stop": 1020, "hours": 10, "update_seconds": 0.02212754264473915, "prediction_seconds": 0.006247861310839653, "rmse": 0.21201651059480067, "nll": 0.18547347762603283, "coverage90": 0.9845, "mean_predictive_std": 0.4238943949837247}
{"block_id": 104, "block_start": 1020, "block_stop": 1030, "hours": 10, "update_seconds": 0.022361865267157555, "prediction_seconds": 0.006220418959856033, "rmse": 0.5297768637574304, "nll": 0.8889525009738262, "coverage90": 0.8175, "mean_predictive_std": 0.42187730296596543}
{"block_id": 105, "block_start": 1030, "block_stop": 1040, "hours": 10, "update_seconds": 0.021731585264205933, "prediction_seconds": 0.006274975836277008, "rmse": 0.37646959276711417, "nll": 0.4719023161587553, "coverage90": 0.9345, "mean_predictive_std": 0.44843789370518294}
{"block_id": 106, "block_start": 1040, "block_stop": 1050, "hours": 10, "update_seconds": 0.02164587564766407, "prediction_seconds": 0.006282087415456772, "rmse": 0.2576733249929248, "nll": 0.2368324716234534, "coverage90": 0.98, "mean_predictive_std": 0.42654822346826504}
{"block_id": 107, "block_start": 1050, "block_stop": 1060, "hours": 10, "update_seconds": 0.022036345675587654, "prediction_seconds": 0.006432190537452698, "rmse": 0.23227034443209305, "nll": 0.2389511829346489, "coverage90": 0.9725, "mean_predictive_std": 0.43297078859637206}
{"block_id": 108, "block_start": 1060, "block_stop": 1070, "hours": 10, "update_seconds": 0.02541377954185009, "prediction_seconds": 0.006242716684937477, "rmse": 0.24626365212933465, "nll": 0.206869413828108, "coverage90": 0.9845, "mean_predictive_std": 0.42676914197804977}
{"block_id": 109, "block_start": 1070, "block_stop": 1080, "hours": 10, "update_seconds": 0.02175123430788517, "prediction_seconds": 0.0062849633395671844, "rmse": 0.36910769039729785, "nll": 0.5518014755643083, "coverage90": 0.9205, "mean_predictive_std": 0.4274891085318405}
{"block_id": 110, "block_start": 1080, "block_stop": 1090, "hours": 10, "update_seconds": 0.021907923743128777, "prediction_seconds": 0.006265586242079735, "rmse": 0.2833277668117728, "nll": 0.2912195324416905, "coverage90": 0.9525, "mean_predictive_std": 0.4211853723357811}
{"block_id": 111, "block_start": 1090, "block_stop": 1100, "hours": 10, "update_seconds": 0.022122453898191452, "prediction_seconds": 0.0063652656972408295, "rmse": 0.42074276449357767, "nll": 0.7808201595488533, "coverage90": 0.8835, "mean_predictive_std": 0.4217688462060446}
{"block_id": 112, "block_start": 1100, "block_stop": 1110, "hours": 10, "update_seconds": 0.02572408691048622, "prediction_seconds": 0.006320655345916748, "rmse": 0.3353253618473453, "nll": 0.5972893782371398, "coverage90": 0.903, "mean_predictive_std": 0.41953910229074814}
{"block_id": 113, "block_start": 1110, "block_stop": 1116, "hours": 6, "update_seconds": 0.021700384095311165, "prediction_seconds": 0.005659451708197594, "rmse": 0.28733335525063963, "nll": 0.3635246762268673, "coverage90": 0.9233333333333333, "mean_predictive_std": 0.37024343194071907}
{"block_id": 114, "block_start": 1116, "block_stop": 1126, "hours": 10, "update_seconds": 0.021940957754850388, "prediction_seconds": 0.0062897950410842896, "rmse": 0.37110516214891065, "nll": 0.3993120128048349, "coverage90": 0.9335, "mean_predictive_std": 0.41329447351129417}
{"block_id": 115, "block_start": 1126, "block_stop": 1136, "hours": 10, "update_seconds": 0.024704085662961006, "prediction_seconds": 0.006346246227622032, "rmse": 0.3417352287516069, "nll": 0.38400017353206256, "coverage90": 0.945, "mean_predictive_std": 0.426027926722219}
{"block_id": 116, "block_start": 1136, "block_stop": 1146, "hours": 10, "update_seconds": 0.02249276265501976, "prediction_seconds": 0.008565427735447884, "rmse": 0.27656082349182637, "nll": 0.32620002631910006, "coverage90": 0.9635, "mean_predictive_std": 0.44519058292087266}
{"block_id": 117, "block_start": 1146, "block_stop": 1156, "hours": 10, "update_seconds": 0.11297264508903027, "prediction_seconds": 0.006495211273431778, "rmse": 0.3889044214974034, "nll": 0.4790396521095153, "coverage90": 0.9165, "mean_predictive_std": 0.4290092263348648}
{"block_id": 118, "block_start": 1156, "block_stop": 1166, "hours": 10, "update_seconds": 0.02216586470603943, "prediction_seconds": 0.006314076483249664, "rmse": 0.38055347556169017, "nll": 0.5769360281662161, "coverage90": 0.928, "mean_predictive_std": 0.43190032154619007}
{"block_id": 119, "block_start": 1166, "block_stop": 1176, "hours": 10, "update_seconds": 0.022316982969641685, "prediction_seconds": 0.006364574655890465, "rmse": 0.4569271993661931, "nll": 0.7251794534681525, "coverage90": 0.8705, "mean_predictive_std": 0.42816967428093267}
{"block_id": 120, "block_start": 1176, "block_stop": 1186, "hours": 10, "update_seconds": 0.025682266801595688, "prediction_seconds": 0.006361907348036766, "rmse": 0.30193719669648256, "nll": 0.47145932724080175, "coverage90": 0.9435, "mean_predictive_std": 0.45071648936829467}
{"block_id": 121, "block_start": 1186, "block_stop": 1196, "hours": 10, "update_seconds": 0.022156713530421257, "prediction_seconds": 0.006332777440547943, "rmse": 0.4160553212882396, "nll": 0.6209149740208321, "coverage90": 0.9025, "mean_predictive_std": 0.4418358188516075}
{"block_id": 122, "block_start": 1196, "block_stop": 1206, "hours": 10, "update_seconds": 0.02243904396891594, "prediction_seconds": 0.006316611543297768, "rmse": 0.4369712062751839, "nll": 0.6506334260330223, "coverage90": 0.872, "mean_predictive_std": 0.40525429248301315}
{"block_id": 123, "block_start": 1206, "block_stop": 1216, "hours": 10, "update_seconds": 0.022094063460826874, "prediction_seconds": 0.006327066570520401, "rmse": 0.29818090167902433, "nll": 0.29776947450819286, "coverage90": 0.9655, "mean_predictive_std": 0.4299855824958944}
{"block_id": 124, "block_start": 1216, "block_stop": 1226, "hours": 10, "update_seconds": 0.022010525688529015, "prediction_seconds": 0.006366785615682602, "rmse": 0.2633139167320516, "nll": 0.24951505438963675, "coverage90": 0.9745, "mean_predictive_std": 0.4224981089361244}
{"block_id": 125, "block_start": 1226, "block_stop": 1236, "hours": 10, "update_seconds": 0.021960848942399025, "prediction_seconds": 0.006280221045017242, "rmse": 0.3800980599404573, "nll": 0.44864489780310635, "coverage90": 0.9385, "mean_predictive_std": 0.4458382868264378}
{"block_id": 126, "block_start": 1236, "block_stop": 1246, "hours": 10, "update_seconds": 0.02736758626997471, "prediction_seconds": 0.0063565075397491455, "rmse": 0.5605574911305985, "nll": 1.1538191068160706, "coverage90": 0.7975, "mean_predictive_std": 0.428202886612233}
{"block_id": 127, "block_start": 1246, "block_stop": 1256, "hours": 10, "update_seconds": 0.0225078072398901, "prediction_seconds": 0.006261294707655907, "rmse": 0.47949960155561233, "nll": 1.0046839692736562, "coverage90": 0.897, "mean_predictive_std": 0.4340941964293055}
{"block_id": 128, "block_start": 1256, "block_stop": 1266, "hours": 10, "update_seconds": 0.02188783511519432, "prediction_seconds": 0.006235187873244286, "rmse": 0.4172501333482484, "nll": 0.664430784791674, "coverage90": 0.8935, "mean_predictive_std": 0.44034555274880666}
{"block_id": 129, "block_start": 1266, "block_stop": 1276, "hours": 10, "update_seconds": 0.021933918818831444, "prediction_seconds": 0.006313277408480644, "rmse": 0.44008772495271514, "nll": 0.7338015303181619, "coverage90": 0.859, "mean_predictive_std": 0.4212132783968374}
{"block_id": 130, "block_start": 1276, "block_stop": 1286, "hours": 10, "update_seconds": 0.022218186408281326, "prediction_seconds": 0.006297575309872627, "rmse": 0.38028284361197184, "nll": 0.5267433681391189, "coverage90": 0.9305, "mean_predictive_std": 0.4481178010071377}
{"block_id": 131, "block_start": 1286, "block_stop": 1296, "hours": 10, "update_seconds": 0.02215888351202011, "prediction_seconds": 0.006389416754245758, "rmse": 0.5039586048365682, "nll": 1.0889071522486315, "coverage90": 0.8265, "mean_predictive_std": 0.42092057943764494}
{"block_id": 132, "block_start": 1296, "block_stop": 1302, "hours": 6, "update_seconds": 0.021863117814064026, "prediction_seconds": 0.005613667890429497, "rmse": 0.3644462443023909, "nll": 0.41914094024929405, "coverage90": 0.9033333333333333, "mean_predictive_std": 0.39140371123272144}
{"block_id": 133, "block_start": 1302, "block_stop": 1312, "hours": 10, "update_seconds": 0.021960798650979996, "prediction_seconds": 0.0063277725130319595, "rmse": 0.2789355480838393, "nll": 0.273352069266553, "coverage90": 0.9665, "mean_predictive_std": 0.4391671646976037}
{"block_id": 134, "block_start": 1312, "block_stop": 1322, "hours": 10, "update_seconds": 0.025388123467564583, "prediction_seconds": 0.006336420774459839, "rmse": 0.3910408203929992, "nll": 0.5033828907003334, "coverage90": 0.9255, "mean_predictive_std": 0.4496026537968136}
{"block_id": 135, "block_start": 1322, "block_stop": 1332, "hours": 10, "update_seconds": 0.022017618641257286, "prediction_seconds": 0.006298501044511795, "rmse": 0.2380421666448402, "nll": 0.20300812079126576, "coverage90": 0.978, "mean_predictive_std": 0.4230947558462525}
{"block_id": 136, "block_start": 1332, "block_stop": 1342, "hours": 10, "update_seconds": 0.021856160834431648, "prediction_seconds": 0.0062922220677137375, "rmse": 0.37011573645402085, "nll": 0.43539376073556735, "coverage90": 0.924, "mean_predictive_std": 0.42625039539227155}
{"block_id": 137, "block_start": 1342, "block_stop": 1352, "hours": 10, "update_seconds": 0.02243262715637684, "prediction_seconds": 0.006305506452918053, "rmse": 0.29086232341333235, "nll": 0.33737959551114954, "coverage90": 0.962, "mean_predictive_std": 0.4360903649768094}
{"block_id": 138, "block_start": 1352, "block_stop": 1362, "hours": 10, "update_seconds": 0.022257927805185318, "prediction_seconds": 0.006281640380620956, "rmse": 0.30025132627742224, "nll": 0.3576441880234484, "coverage90": 0.955, "mean_predictive_std": 0.4442183913402405}
{"block_id": 139, "block_start": 1362, "block_stop": 1372, "hours": 10, "update_seconds": 0.021911971271038055, "prediction_seconds": 0.011442944407463074, "rmse": 0.44359375937363515, "nll": 0.6662377438274306, "coverage90": 0.88, "mean_predictive_std": 0.4178469910624801}
{"block_id": 140, "block_start": 1372, "block_stop": 1382, "hours": 10, "update_seconds": 0.021972794085741043, "prediction_seconds": 0.006310690194368362, "rmse": 0.3037357073094054, "nll": 0.3511074008182412, "coverage90": 0.9535, "mean_predictive_std": 0.4251333624121643}
{"block_id": 141, "block_start": 1382, "block_stop": 1392, "hours": 10, "update_seconds": 0.02228369563817978, "prediction_seconds": 0.006278935819864273, "rmse": 0.533096039771194, "nll": 0.9419537601549164, "coverage90": 0.808, "mean_predictive_std": 0.4374346794120916}
{"block_id": 142, "block_start": 1392, "block_stop": 1402, "hours": 10, "update_seconds": 0.021940171718597412, "prediction_seconds": 0.006327340379357338, "rmse": 0.31514146016982003, "nll": 0.3546016198495197, "coverage90": 0.962, "mean_predictive_std": 0.44541436299940534}
{"block_id": 143, "block_start": 1402, "block_stop": 1412, "hours": 10, "update_seconds": 0.021913602948188782, "prediction_seconds": 0.006293304264545441, "rmse": 0.228006380377743, "nll": 0.1839450957583195, "coverage90": 0.979, "mean_predictive_std": 0.4246369496252277}
{"block_id": 144, "block_start": 1412, "block_stop": 1422, "hours": 10, "update_seconds": 0.02193590998649597, "prediction_seconds": 0.00634758360683918, "rmse": 0.2558400642383002, "nll": 0.2369766161964726, "coverage90": 0.9785, "mean_predictive_std": 0.4345089032645277}
{"block_id": 145, "block_start": 1422, "block_stop": 1432, "hours": 10, "update_seconds": 0.02268245443701744, "prediction_seconds": 0.006357310339808464, "rmse": 0.1861799902521889, "nll": 0.16136110182641983, "coverage90": 0.9915, "mean_predictive_std": 0.4381222919226401}
{"block_id": 146, "block_start": 1432, "block_stop": 1442, "hours": 10, "update_seconds": 0.02250489592552185, "prediction_seconds": 0.006909923627972603, "rmse": 0.26354358986148685, "nll": 0.315207516889471, "coverage90": 0.9495, "mean_predictive_std": 0.4174020549308106}
{"block_id": 147, "block_start": 1442, "block_stop": 1452, "hours": 10, "update_seconds": 0.023011766374111176, "prediction_seconds": 0.006317120045423508, "rmse": 0.2321293045687349, "nll": 0.1932845064857451, "coverage90": 0.985, "mean_predictive_std": 0.43040881621015}
{"block_id": 148, "block_start": 1452, "block_stop": 1462, "hours": 10, "update_seconds": 0.021918559446930885, "prediction_seconds": 0.006271945312619209, "rmse": 0.3179632984070314, "nll": 0.39079419534473825, "coverage90": 0.957, "mean_predictive_std": 0.4385721788899068}
{"block_id": 149, "block_start": 1462, "block_stop": 1472, "hours": 10, "update_seconds": 0.02230396680533886, "prediction_seconds": 0.006367672234773636, "rmse": 0.2714682906449515, "nll": 0.30565674984479185, "coverage90": 0.9665, "mean_predictive_std": 0.4237131375784403}
{"block_id": 150, "block_start": 1472, "block_stop": 1482, "hours": 10, "update_seconds": 0.022004403173923492, "prediction_seconds": 0.00626884400844574, "rmse": 0.20265583281140395, "nll": 0.17554796609545367, "coverage90": 0.982, "mean_predictive_std": 0.4210449965290333}
{"block_id": 151, "block_start": 1482, "block_stop": 1488, "hours": 6, "update_seconds": 0.021711165085434914, "prediction_seconds": 0.005643852055072784, "rmse": 0.28023409959244255, "nll": 0.26833483267546815, "coverage90": 0.9416666666666667, "mean_predictive_std": 0.38646052221263444}
{"block_id": 152, "block_start": 1488, "block_stop": 1498, "hours": 10, "update_seconds": 0.02217717655003071, "prediction_seconds": 0.011047830805182457, "rmse": 0.2191928972211089, "nll": 0.16763632209658152, "coverage90": 0.9855, "mean_predictive_std": 0.40701919968271205}
{"block_id": 153, "block_start": 1498, "block_stop": 1508, "hours": 10, "update_seconds": 0.022244498133659363, "prediction_seconds": 0.0062355101108551025, "rmse": 0.29023973775615636, "nll": 0.35414935800277064, "coverage90": 0.956, "mean_predictive_std": 0.44029468326385157}
{"block_id": 154, "block_start": 1508, "block_stop": 1518, "hours": 10, "update_seconds": 0.021844761446118355, "prediction_seconds": 0.006348665803670883, "rmse": 0.34033632578399753, "nll": 0.5078546761221031, "coverage90": 0.922, "mean_predictive_std": 0.412579194981762}
{"block_id": 155, "block_start": 1518, "block_stop": 1528, "hours": 10, "update_seconds": 0.021929671987891197, "prediction_seconds": 0.006268976256251335, "rmse": 0.34676052482916725, "nll": 0.471324055405211, "coverage90": 0.9435, "mean_predictive_std": 0.4331321090285011}
{"block_id": 156, "block_start": 1528, "block_stop": 1538, "hours": 10, "update_seconds": 0.02187414839863777, "prediction_seconds": 0.006297852843999863, "rmse": 0.36401197199525276, "nll": 0.4983896817597929, "coverage90": 0.9235, "mean_predictive_std": 0.42859122335155225}
{"block_id": 157, "block_start": 1538, "block_stop": 1548, "hours": 10, "update_seconds": 0.02261240780353546, "prediction_seconds": 0.006303470581769943, "rmse": 0.26789028009718624, "nll": 0.30145588510826576, "coverage90": 0.972, "mean_predictive_std": 0.42911305660914845}
{"block_id": 158, "block_start": 1548, "block_stop": 1558, "hours": 10, "update_seconds": 0.022056670859456062, "prediction_seconds": 0.01063106395304203, "rmse": 0.40035428271258816, "nll": 0.5162307731948312, "coverage90": 0.9155, "mean_predictive_std": 0.4209375017072383}
{"block_id": 159, "block_start": 1558, "block_stop": 1568, "hours": 10, "update_seconds": 0.022005895152688026, "prediction_seconds": 0.006370110437273979, "rmse": 0.3919980814104548, "nll": 0.5113198189999784, "coverage90": 0.9095, "mean_predictive_std": 0.41264300145323557}
{"block_id": 160, "block_start": 1568, "block_stop": 1578, "hours": 10, "update_seconds": 0.02222677320241928, "prediction_seconds": 0.006328102201223373, "rmse": 0.2962887597427341, "nll": 0.3472479899044685, "coverage90": 0.9565, "mean_predictive_std": 0.44478153656749}
{"block_id": 161, "block_start": 1578, "block_stop": 1588, "hours": 10, "update_seconds": 0.021950101479887962, "prediction_seconds": 0.006284631788730621, "rmse": 0.2672737192341576, "nll": 0.3011364646976709, "coverage90": 0.972, "mean_predictive_std": 0.42661518349276306}
{"block_id": 162, "block_start": 1588, "block_stop": 1598, "hours": 10, "update_seconds": 0.022504566237330437, "prediction_seconds": 0.00630522146821022, "rmse": 0.22209500636195784, "nll": 0.17813913249299335, "coverage90": 0.9925, "mean_predictive_std": 0.43479347635788}
{"block_id": 163, "block_start": 1598, "block_stop": 1608, "hours": 10, "update_seconds": 0.021948397159576416, "prediction_seconds": 0.006632639095187187, "rmse": 0.3042904995370012, "nll": 0.32193971420462564, "coverage90": 0.959, "mean_predictive_std": 0.41947228536426456}
{"block_id": 164, "block_start": 1608, "block_stop": 1618, "hours": 10, "update_seconds": 0.026569364592432976, "prediction_seconds": 0.006371140480041504, "rmse": 0.2554656012818131, "nll": 0.22580469337335282, "coverage90": 0.9815, "mean_predictive_std": 0.4265033428152185}
{"block_id": 165, "block_start": 1618, "block_stop": 1628, "hours": 10, "update_seconds": 0.021968048065900803, "prediction_seconds": 0.006327677518129349, "rmse": 0.32409095649747155, "nll": 0.3999282627021971, "coverage90": 0.9255, "mean_predictive_std": 0.4103037390234174}
{"block_id": 166, "block_start": 1628, "block_stop": 1638, "hours": 10, "update_seconds": 0.021954018622636795, "prediction_seconds": 0.006309770047664642, "rmse": 0.3037302639771985, "nll": 0.3006687443638018, "coverage90": 0.9585, "mean_predictive_std": 0.417453397396721}
{"block_id": 167, "block_start": 1638, "block_stop": 1648, "hours": 10, "update_seconds": 0.02266576513648033, "prediction_seconds": 0.006302304565906525, "rmse": 0.20482157415051, "nll": 0.16761266657178558, "coverage90": 0.988, "mean_predictive_std": 0.4318050581365364}
{"block_id": 168, "block_start": 1648, "block_stop": 1658, "hours": 10, "update_seconds": 0.022277945652604103, "prediction_seconds": 0.00626104511320591, "rmse": 0.3318730206815942, "nll": 0.35932140759093684, "coverage90": 0.942, "mean_predictive_std": 0.422123433322133}
{"block_id": 169, "block_start": 1658, "block_stop": 1668, "hours": 10, "update_seconds": 0.02195916511118412, "prediction_seconds": 0.006329111754894257, "rmse": 0.2505440477814296, "nll": 0.2135553445032853, "coverage90": 0.9715, "mean_predictive_std": 0.4260696303104017}
{"block_id": 170, "block_start": 1668, "block_stop": 1674, "hours": 6, "update_seconds": 0.02178952470421791, "prediction_seconds": 0.005606954917311668, "rmse": 0.24823804790055282, "nll": 0.1695279179188105, "coverage90": 0.9558333333333333, "mean_predictive_std": 0.37926420814624096}
{
  "implementation": "official Maddox online_gp StreamingSGPR",
  "source_repository": "https://github.com/wjmaddox/online_gp",
  "source_commit": "3bff4c3",
  "protocol": "strict online; new-block-only labels; no history replay",
  "target_mode": "Task-1 fixed X-lag residual, evaluated on original y",
  "hyperparameters": "Route-B Task-1 empirical-Bayes theta, frozen",
  "inducing_policy": "official online inducing-point resampling",
  "inducing_resample_ratio": 0.2,
  "numerical_jitter": 0.0001,
  "split_seed": 2,
  "num_stream_times": 1674,
  "num_blocks": 171,
  "num_train_space": 800,
  "num_test_space": 200,
  "joint_inducing": 128,
  "temporal_grid_count": 2,
  "spatial_grid_count": 64,
  "overall_current_block": {
    "rmse": 0.31001955767645484,
    "nll": 0.36056345240942367,
    "coverage90": 0.9510244922341696,
    "mean_predictive_std": 0.4283964885651679
  },
  "final_block": {
    "rmse": 0.24823804790055282,
    "nll": 0.1695279179188105,
    "coverage90": 0.9558333333333333,
    "mean_predictive_std": 0.37926420814624096
  },
  "timing": {
    "stream_update_seconds": 4.056634958833456,
    "stream_prediction_seconds": 1.0900747906416655,
    "mean_block_update_seconds": 0.02372301145516641,
    "mean_block_prediction_seconds": 0.006374706378021435,
    "first_block_update_seconds": 0.1286273207515478,
    "mean_steady_state_block_update_seconds": 0.023105927282834754,
    "process_total_seconds": 5.601450381800532
  },
  "resources": {
    "device": "cuda",
    "dtype": "float64",
    "peak_rss_mib": 847.26953125,
    "torch": "2.0.1+cu118",
    "torch_cuda_build": "11.8",
    "cuda_available": true,
    "gpu_name": "NVIDIA GeForce RTX 4090",
    "gpu_compute_capability": [
      8,
      9
    ],
    "gpu_total_memory_mib": 48508.0625,
    "peak_cuda_allocated_mib": 134.22802734375,
    "peak_cuda_reserved_mib": 184.0,
    "persistent_state_bytes": 266280,
    "persistent_state_mib": 0.25394439697265625,
    "history_replay_buffer_bytes": 0,
    "estimated_streaming_flops": 87765811200.0,
    "flops_scope": "dominant O(N M^2) posterior conditioning; analytic estimate"
  },
  "environment": {
    "hostname": "autodl-container-qkb5g0ybu5-f51eca91",
    "platform": "Linux-5.15.0-78-generic-x86_64-with-glibc2.35",
    "python": "3.10.20",
    "processor": "x86_64",
    "pid": 299991,
    "git": {
      "commit": "81800a1462d35357a43151857230c6fe5bfcb852",
      "branch": "",
      "dirty": true
    }
  },
  "versions": {
    "python": "3.10.20",
    "torch": "2.0.1+cu118",
    "gpytorch": "1.9.1",
    "numpy": "1.24.4"
  },
  "args": {
    "protocol_npz": "/root/autodl-tmp/iclr_era5_a100_protocol_autodl_4090_capacity_ladder_20260820T023000Z/protocol/task1_10/seed2/protocol.npz",
    "theta_json": "/root/autodl-tmp/iclr_era5_a100_protocol_autodl_4090_capacity_ladder_20260820T023000Z/calibration/routeb_joint_inducing_points/seed2/result.json",
    "output": "/root/autodl-tmp/iclr_era5_a100_protocol_autodl_4090_capacity_ladder_20260820T023000Z/runs/task1_10/online/maddox_streaming_sgpr_mt2_ms64/seed2/result.json",
    "blockwise_output": "/root/autodl-tmp/iclr_era5_a100_protocol_autodl_4090_capacity_ladder_20260820T023000Z/runs/task1_10/online/maddox_streaming_sgpr_mt2_ms64/seed2/blocks.csv",
    "predictions_output": "/root/autodl-tmp/iclr_era5_a100_protocol_autodl_4090_capacity_ladder_20260820T023000Z/runs/task1_10/online/maddox_streaming_sgpr_mt2_ms64/seed2/predictions.npz",
    "mt": 2,
    "ms": 64,
    "jitter": 0.0001,
    "resample_ratio": 0.2,
    "prediction_chunk_size": 4096,
    "max_blocks": 0,
    "seed": 2,
    "device": "cuda",
    "dtype": "float64"
  }
}
