+ git ls-remote --exit-code origin HEAD 
c951eda7c717926d03d0406afe5f45e6fe33a01d	HEAD
Legacy JAX CUDA toolkit: /usr/local/cuda
ptxas: NVIDIA (R) Ptx optimizing assembler
Copyright (c) 2005-2022 NVIDIA Corporation
Built on Wed_Sep_21_10:31:59_PDT_2022
Cuda compilation tools, release 11.8, V11.8.89
Build cuda_11.8.r11.8/compiler.31833905_0
+ bash /root/autodl-tmp/stvgp_kronecker_full_a100/slurm/era5_a100/setup_and_validate.sbatch --repo /root/autodl-tmp/stvgp_kronecker_full_a100 --env /root/autodl-tmp/stvgp_envs --benchmark /root/autodl-tmp/iclr_era5_a100_protocol_autodl_4090_capacity_ladder_20260820T023000Z --gpu-name-regex .\* --min-gpu-memory-gib 24 
validated NVIDIA GeForce RTX 4090 with 49140 MiB
Torch CUDA validation passed
Report dependencies validation passed
TensorFlow GPU validation passed
Legacy JAX A100 validation passed
Official ST-SVGP synthetic forward/update smoke passed
{
  "status": "passed",
  "output": "/root/autodl-tmp/iclr_era5_a100_protocol_autodl_4090_capacity_ladder_20260820T023000Z/slurm/validation/environment_metadata.json"
}
A100 environment validation passed: /root/autodl-tmp/iclr_era5_a100_protocol_autodl_4090_capacity_ladder_20260820T023000Z/slurm/validation/environment_metadata.json
+ /root/autodl-tmp/stvgp_envs/routeb/bin/python /root/autodl-tmp/stvgp_kronecker_full_a100/cloud/autodl_era5/run_benchmark.py --config /root/autodl-tmp/stvgp_kronecker_full_a100/cloud/autodl_era5/benchmark.json --stage prepare --include-legacy 
RUN prepare/all/export_shared_protocol
COMPLETE prepare/all/export_shared_protocol (242.4 s)
RUN prepare/task1_2/export_official_stvgp_protocol/seed0
COMPLETE prepare/task1_2/export_official_stvgp_protocol/seed0 (0.6 s)
RUN prepare/task1_2/export_official_stvgp_protocol/seed1
COMPLETE prepare/task1_2/export_official_stvgp_protocol/seed1 (0.6 s)
RUN prepare/task1_2/export_official_stvgp_protocol/seed2
COMPLETE prepare/task1_2/export_official_stvgp_protocol/seed2 (0.6 s)
RUN prepare/task1_2/export_official_stvgp_protocol/seed3
COMPLETE prepare/task1_2/export_official_stvgp_protocol/seed3 (0.6 s)
RUN prepare/task1_2/export_official_stvgp_protocol/seed4
COMPLETE prepare/task1_2/export_official_stvgp_protocol/seed4 (0.6 s)
RUN prepare/task1_10/export_official_stvgp_protocol/seed0
COMPLETE prepare/task1_10/export_official_stvgp_protocol/seed0 (4.6 s)
RUN prepare/task1_10/export_official_stvgp_protocol/seed1
COMPLETE prepare/task1_10/export_official_stvgp_protocol/seed1 (4.6 s)
RUN prepare/task1_10/export_official_stvgp_protocol/seed2
COMPLETE prepare/task1_10/export_official_stvgp_protocol/seed2 (4.6 s)
RUN prepare/task1_10/export_official_stvgp_protocol/seed3
COMPLETE prepare/task1_10/export_official_stvgp_protocol/seed3 (4.6 s)
RUN prepare/task1_10/export_official_stvgp_protocol/seed4
COMPLETE prepare/task1_10/export_official_stvgp_protocol/seed4 (4.6 s)
{
  "benchmark_root": "/root/autodl-tmp/iclr_era5_a100_protocol_autodl_4090_capacity_ladder_20260820T023000Z",
  "jobs": {
    "complete": 11
  }
}
+ /root/autodl-tmp/stvgp_envs/routeb/bin/python /root/autodl-tmp/stvgp_kronecker_full_a100/scripts/build_era5_a100_manifests.py --config /root/autodl-tmp/stvgp_kronecker_full_a100/cloud/autodl_era5/benchmark_a100_shared_online_v2.json --benchmark-root /root/autodl-tmp/iclr_era5_a100_protocol_autodl_4090_capacity_ladder_20260820T023000Z --output-dir /root/autodl-tmp/iclr_era5_a100_protocol_autodl_4090_capacity_ladder_20260820T023000Z/manifests --hardware-class NVIDIA\ GeForce\ RTX\ 4090 
{
  "combined": "/root/autodl-tmp/iclr_era5_a100_protocol_autodl_4090_capacity_ladder_20260820T023000Z/manifests/era5_a100_shared_online_v2.jsonl",
  "efficiency": "/root/autodl-tmp/iclr_era5_a100_protocol_autodl_4090_capacity_ladder_20260820T023000Z/manifests/efficiency.jsonl",
  "official_long_full": "/root/autodl-tmp/iclr_era5_a100_protocol_autodl_4090_capacity_ladder_20260820T023000Z/manifests/official_long_full.jsonl",
  "official_long_preflight": "/root/autodl-tmp/iclr_era5_a100_protocol_autodl_4090_capacity_ladder_20260820T023000Z/manifests/official_long_preflight.jsonl",
  "online_long": "/root/autodl-tmp/iclr_era5_a100_protocol_autodl_4090_capacity_ladder_20260820T023000Z/manifests/online_long.jsonl",
  "online_short": "/root/autodl-tmp/iclr_era5_a100_protocol_autodl_4090_capacity_ladder_20260820T023000Z/manifests/online_short.jsonl",
  "shared_batch_short": "/root/autodl-tmp/iclr_era5_a100_protocol_autodl_4090_capacity_ladder_20260820T023000Z/manifests/shared_batch_short.jsonl"
}
START phase=gpflow_preflight manifest=shared_batch_short
+ env SLURM_ARRAY_TASK_ID=0 bash /root/autodl-tmp/stvgp_kronecker_full_a100/slurm/era5_a100/run_manifest_worker.sbatch --repo /root/autodl-tmp/stvgp_kronecker_full_a100 --env /root/autodl-tmp/stvgp_envs --benchmark /root/autodl-tmp/iclr_era5_a100_protocol_autodl_4090_capacity_ladder_20260820T023000Z --manifest-name shared_batch_short --indices 71\,72\,73\,74\,75\,76 --worker-count 1 
Worker 0/1: 6 records from shared_batch_short
NONFINITE array-71 (52.0s)
Manifest record failed but worker will continue: shared_batch_short[71]
NONFINITE array-72 (83.1s)
Manifest record failed but worker will continue: shared_batch_short[72]
COMPLETE array-73 (68.3s)
COMPLETE array-74 (69.0s)
COMPLETE array-75 (29.1s)
COMPLETE array-76 (28.8s)
Worker complete: manifest=shared_batch_short failures=2
END phase=gpflow_preflight
+ /root/autodl-tmp/stvgp_envs/routeb/bin/python /root/autodl-tmp/stvgp_kronecker_full_a100/scripts/select_era5_gpflow_tier.py --config /root/autodl-tmp/stvgp_kronecker_full_a100/cloud/autodl_era5/benchmark_a100_shared_online_v2.json --benchmark-root /root/autodl-tmp/iclr_era5_a100_protocol_autodl_4090_capacity_ladder_20260820T023000Z --manifest-dir /root/autodl-tmp/iclr_era5_a100_protocol_autodl_4090_capacity_ladder_20260820T023000Z/manifests --hardware-class NVIDIA\ GeForce\ RTX\ 4090 
{
  "manifests": {
    "combined": "/root/autodl-tmp/iclr_era5_a100_protocol_autodl_4090_capacity_ladder_20260820T023000Z/manifests/era5_a100_shared_online_v2.jsonl",
    "efficiency": "/root/autodl-tmp/iclr_era5_a100_protocol_autodl_4090_capacity_ladder_20260820T023000Z/manifests/efficiency.jsonl",
    "official_long_full": "/root/autodl-tmp/iclr_era5_a100_protocol_autodl_4090_capacity_ladder_20260820T023000Z/manifests/official_long_full.jsonl",
    "official_long_preflight": "/root/autodl-tmp/iclr_era5_a100_protocol_autodl_4090_capacity_ladder_20260820T023000Z/manifests/official_long_preflight.jsonl",
    "online_long": "/root/autodl-tmp/iclr_era5_a100_protocol_autodl_4090_capacity_ladder_20260820T023000Z/manifests/online_long.jsonl",
    "online_short": "/root/autodl-tmp/iclr_era5_a100_protocol_autodl_4090_capacity_ladder_20260820T023000Z/manifests/online_short.jsonl",
    "shared_batch_short": "/root/autodl-tmp/iclr_era5_a100_protocol_autodl_4090_capacity_ladder_20260820T023000Z/manifests/shared_batch_short.jsonl"
  },
  "preflight_tiers": [
    {
      "accepted": false,
      "records": [
        {
          "accepted": false,
          "estimated_100_step_seconds": 520.3414012491703,
          "finite": false,
          "method": "preflight_gpflow_feasibility_8192_mt128_ms64",
          "peak_cuda_allocated_mib": null,
          "result_path": "/root/autodl-tmp/iclr_era5_a100_protocol_autodl_4090_capacity_ladder_20260820T023000Z/runs/task1_2/preflight/preflight_gpflow_feasibility_8192_mt128_ms64/seed0/result.json",
          "status_ok": false,
          "status_path": "/root/autodl-tmp/iclr_era5_a100_protocol_autodl_4090_capacity_ladder_20260820T023000Z/runs/task1_2/preflight/preflight_gpflow_feasibility_8192_mt128_ms64/seed0/status.json",
          "tier": "8192"
        },
        {
          "accepted": false,
          "estimated_100_step_seconds": 830.7820127159357,
          "finite": false,
          "method": "preflight_gpflow_feasibility_8192_mt64_ms128",
          "peak_cuda_allocated_mib": null,
          "result_path": "/root/autodl-tmp/iclr_era5_a100_protocol_autodl_4090_capacity_ladder_20260820T023000Z/runs/task1_2/preflight/preflight_gpflow_feasibility_8192_mt64_ms128/seed0/result.json",
          "status_ok": false,
          "status_path": "/root/autodl-tmp/iclr_era5_a100_protocol_autodl_4090_capacity_ladder_20260820T023000Z/runs/task1_2/preflight/preflight_gpflow_feasibility_8192_mt64_ms128/seed0/status.json",
          "tier": "8192"
        }
      ],
      "tier": "8192"
    },
    {
      "accepted": true,
      "records": [
        {
          "accepted": true,
          "estimated_100_step_seconds": 683.0357610434294,
          "finite": true,
          "method": "preflight_gpflow_feasibility_4096_mt64_ms64",
          "peak_cuda_allocated_mib": 6209.11962890625,
          "result_path": "/root/autodl-tmp/iclr_era5_a100_protocol_autodl_4090_capacity_ladder_20260820T023000Z/runs/task1_2/preflight/preflight_gpflow_feasibility_4096_mt64_ms64/seed0/result.json",
          "status_ok": true,
          "status_path": "/root/autodl-tmp/iclr_era5_a100_protocol_autodl_4090_capacity_ladder_20260820T023000Z/runs/task1_2/preflight/preflight_gpflow_feasibility_4096_mt64_ms64/seed0/status.json",
          "tier": "4096"
        },
        {
          "accepted": true,
          "estimated_100_step_seconds": 689.5824686437845,
          "finite": true,
          "method": "preflight_gpflow_feasibility_4096_mt32_ms128",
          "peak_cuda_allocated_mib": 6273.455810546875,
          "result_path": "/root/autodl-tmp/iclr_era5_a100_protocol_autodl_4090_capacity_ladder_20260820T023000Z/runs/task1_2/preflight/preflight_gpflow_feasibility_4096_mt32_ms128/seed0/result.json",
          "status_ok": true,
          "status_path": "/root/autodl-tmp/iclr_era5_a100_protocol_autodl_4090_capacity_ladder_20260820T023000Z/runs/task1_2/preflight/preflight_gpflow_feasibility_4096_mt32_ms128/seed0/status.json",
          "tier": "4096"
        }
      ],
      "tier": "4096"
    },
    {
      "accepted": true,
      "records": [
        {
          "accepted": true,
          "estimated_100_step_seconds": 291.04518968611956,
          "finite": true,
          "method": "preflight_gpflow_feasibility_2048_mt32_ms64",
          "peak_cuda_allocated_mib": 1936.7470703125,
          "result_path": "/root/autodl-tmp/iclr_era5_a100_protocol_autodl_4090_capacity_ladder_20260820T023000Z/runs/task1_2/preflight/preflight_gpflow_feasibility_2048_mt32_ms64/seed0/result.json",
          "status_ok": true,
          "status_path": "/root/autodl-tmp/iclr_era5_a100_protocol_autodl_4090_capacity_ladder_20260820T023000Z/runs/task1_2/preflight/preflight_gpflow_feasibility_2048_mt32_ms64/seed0/status.json",
          "tier": "2048"
        },
        {
          "accepted": true,
          "estimated_100_step_seconds": 288.0180632509291,
          "finite": true,
          "method": "preflight_gpflow_feasibility_2048_mt16_ms128",
          "peak_cuda_allocated_mib": 1920.933837890625,
          "result_path": "/root/autodl-tmp/iclr_era5_a100_protocol_autodl_4090_capacity_ladder_20260820T023000Z/runs/task1_2/preflight/preflight_gpflow_feasibility_2048_mt16_ms128/seed0/result.json",
          "status_ok": true,
          "status_path": "/root/autodl-tmp/iclr_era5_a100_protocol_autodl_4090_capacity_ladder_20260820T023000Z/runs/task1_2/preflight/preflight_gpflow_feasibility_2048_mt16_ms128/seed0/status.json",
          "tier": "2048"
        }
      ],
      "tier": "2048"
    }
  ],
  "schema_version": 2,
  "selected_at": "2026-08-19T18:55:14.956455+00:00",
  "selected_tier": "4096",
  "selection_basis": "largest seed-0 tier passing finite-value and resource checks; no test metric was inspected",
  "thresholds": {
    "max_estimated_full_hours": 6.0,
    "max_peak_gib": 72.0
  }
}
START phase=shared_batch manifest=shared_batch_short
+ env SLURM_ARRAY_TASK_ID=0 bash /root/autodl-tmp/stvgp_kronecker_full_a100/slurm/era5_a100/run_manifest_worker.sbatch --repo /root/autodl-tmp/stvgp_kronecker_full_a100 --env /root/autodl-tmp/stvgp_envs --benchmark /root/autodl-tmp/iclr_era5_a100_protocol_autodl_4090_capacity_ladder_20260820T023000Z --manifest-name shared_batch_short --indices 0\,1\,2\,3\,4\,5\,6\,7\,8\,9\,10\,11\,12\,13\,14\,15\,16\,17\,18\,19\,20\,21\,22\,23\,24\,25\,26\,27\,28\,29\,30\,31\,32\,33\,34\,35\,36\,37\,38\,39\,40\,41\,42\,43\,44\,45\,46\,47\,48\,49\,50\,51\,52\,53\,54\,55\,56\,57\,58\,59\,60\,61\,62\,63\,64\,65\,66\,67\,68\,69\,70\,77\,78\,79\,80\,81\,82\,83\,84\,85\,86\,87\,88\,89\,90\,91\,92\,93\,94\,95\,96\,97\,98\,99\,100\,101\,102\,103\,104\,105\,106\,107\,108\,109\,110\,111\,112\,113\,114\,115\,116\,117\,118\,119\,120\,121\,122\,123\,124\,125\,126\,127\,128\,129\,130\,131\,132\,133\,134\,135\,136\,137\,138\,139\,140\,141\,142\,143\,144\,145\,146 --worker-count 1 
Worker 0/1: 141 records from shared_batch_short
SKIP complete array-0
SKIP complete array-1
SKIP complete array-2
SKIP complete array-3
SKIP complete array-4
SKIP complete array-5
SKIP complete array-6
SKIP complete array-7
SKIP complete array-8
SKIP complete array-9
SKIP complete array-10
ERROR array-11 (1.9s)
Manifest record failed but worker will continue: shared_batch_short[11]
ERROR array-12 (1.9s)
Manifest record failed but worker will continue: shared_batch_short[12]
ERROR array-13 (2.0s)
Manifest record failed but worker will continue: shared_batch_short[13]
ERROR array-14 (1.9s)
Manifest record failed but worker will continue: shared_batch_short[14]
ERROR array-15 (1.9s)
Manifest record failed but worker will continue: shared_batch_short[15]
ERROR array-16 (1.8s)
Manifest record failed but worker will continue: shared_batch_short[16]
ERROR array-17 (1.9s)
Manifest record failed but worker will continue: shared_batch_short[17]
ERROR array-18 (1.9s)
Manifest record failed but worker will continue: shared_batch_short[18]
ERROR array-19 (1.8s)
Manifest record failed but worker will continue: shared_batch_short[19]
ERROR array-20 (1.9s)
Manifest record failed but worker will continue: shared_batch_short[20]
ERROR array-21 (2.0s)
Manifest record failed but worker will continue: shared_batch_short[21]
ERROR array-22 (1.9s)
Manifest record failed but worker will continue: shared_batch_short[22]
ERROR array-23 (1.9s)
Manifest record failed but worker will continue: shared_batch_short[23]
ERROR array-24 (1.9s)
Manifest record failed but worker will continue: shared_batch_short[24]
ERROR array-25 (1.9s)
Manifest record failed but worker will continue: shared_batch_short[25]
OOM array-26 (463.8s)
Manifest record failed but worker will continue: shared_batch_short[26]
OOM array-27 (469.8s)
Manifest record failed but worker will continue: shared_batch_short[27]
OOM array-28 (468.1s)
Manifest record failed but worker will continue: shared_batch_short[28]
OOM array-29 (464.0s)
Manifest record failed but worker will continue: shared_batch_short[29]
OOM array-30 (467.3s)
Manifest record failed but worker will continue: shared_batch_short[30]
COMPLETE array-31 (1647.4s)
COMPLETE array-32 (1640.8s)
COMPLETE array-33 (1636.2s)
COMPLETE array-34 (1638.6s)
COMPLETE array-35 (1642.2s)
COMPLETE array-36 (3089.5s)
COMPLETE array-37 (3094.0s)
COMPLETE array-38 (3085.7s)
COMPLETE array-39 (3072.5s)
COMPLETE array-40 (3092.1s)
COMPLETE array-41 (605.8s)
COMPLETE array-42 (608.6s)
COMPLETE array-43 (605.5s)
COMPLETE array-44 (587.1s)
COMPLETE array-45 (599.6s)
COMPLETE array-46 (845.5s)
COMPLETE array-47 (857.2s)
COMPLETE array-48 (859.6s)
COMPLETE array-49 (853.9s)
COMPLETE array-50 (860.9s)
ERROR array-51 (108.0s)
Manifest record failed but worker will continue: shared_batch_short[51]
ERROR array-52 (99.4s)
Manifest record failed but worker will continue: shared_batch_short[52]
ERROR array-53 (111.1s)
Manifest record failed but worker will continue: shared_batch_short[53]
ERROR array-54 (105.7s)
Manifest record failed but worker will continue: shared_batch_short[54]
ERROR array-55 (106.1s)
Manifest record failed but worker will continue: shared_batch_short[55]
ERROR array-56 (926.5s)
Manifest record failed but worker will continue: shared_batch_short[56]
ERROR array-57 (996.4s)
Manifest record failed but worker will continue: shared_batch_short[57]
ERROR array-58 (1051.4s)
Manifest record failed but worker will continue: shared_batch_short[58]
ERROR array-59 (872.3s)
Manifest record failed but worker will continue: shared_batch_short[59]
ERROR array-60 (884.7s)
Manifest record failed but worker will continue: shared_batch_short[60]
COMPLETE array-61 (25208.5s)
SIGNAL array-62 (695.0s)
