job=array-94
argv=/root/autodl-tmp/stvgp_envs/routeb/bin/python scripts/run_iclr_era5_routeb_strict_online.py --protocol-npz /root/autodl-tmp/iclr_era5_a100_protocol_autodl_4090_capacity_ladder_20260820T023000Z/protocol/task1_2/seed2/protocol.npz --protocol-json /root/autodl-tmp/iclr_era5_a100_protocol_autodl_4090_capacity_ladder_20260820T023000Z/protocol/task1_2/seed2/protocol.json --theta-json /root/autodl-tmp/iclr_era5_a100_protocol_autodl_4090_capacity_ladder_20260820T023000Z/calibration/routeb_joint_inducing_points/seed2/result.json --output /root/autodl-tmp/iclr_era5_a100_protocol_autodl_4090_capacity_ladder_20260820T023000Z/runs/task1_2/online/routeb_global_inducing_mt128_ms64/seed2/result.json --blockwise-output /root/autodl-tmp/iclr_era5_a100_protocol_autodl_4090_capacity_ladder_20260820T023000Z/runs/task1_2/online/routeb_global_inducing_mt128_ms64/seed2/blocks.csv --predictions-output /root/autodl-tmp/iclr_era5_a100_protocol_autodl_4090_capacity_ladder_20260820T023000Z/runs/task1_2/online/routeb_global_inducing_mt128_ms64/seed2/predictions.npz --representation inducing_points --mt 128 --ms 64 --rff-sample-size 256 --prediction-chunk-size 8192 --include-conditional-residual-variance --seed 2 --solver-backend torch --device cuda --temporal-factor-device solver --dtype float64
{"block_id": 0, "task": "task_2", "block_start": 0, "block_stop": 10, "hours": 10, "feature_loading_seconds": 2.6493209674954414, "factor_preparation_seconds": 0.004055129364132881, "update_seconds": 0.040709786117076874, "prediction_seconds": 0.092117790132761, "persistent_state_bytes": 10753160, "solver_backend": "torch", "solver_device": "cuda", "solver_dtype": "float64", "temporal_factor_device": "cuda", "rmse": 0.06456784602028602, "nll": -1.0361493961394659, "mean_predictive_std": 0.12935612838147229, "mean_interval_width90": 0.42554379387332986, "coverage50": 0.8305, "coverage80": 0.969, "coverage90": 0.9895, "coverage95": 0.996, "peak_cuda_allocated_mib": 313.49755859375}
{"block_id": 1, "task": "task_2", "block_start": 10, "block_stop": 20, "hours": 10, "feature_loading_seconds": 1.1105090379714966e-05, "factor_preparation_seconds": 0.008792990818619728, "update_seconds": 0.01476651057600975, "prediction_seconds": 0.012772267684340477, "persistent_state_bytes": 10753160, "solver_backend": "torch", "solver_device": "cuda", "solver_dtype": "float64", "temporal_factor_device": "cuda", "rmse": 0.08193612174561281, "nll": -0.9768337591441887, "mean_predictive_std": 0.12918125124873553, "mean_interval_width90": 0.42496849930122393, "coverage50": 0.7505, "coverage80": 0.948, "coverage90": 0.9825, "coverage95": 0.9915, "peak_cuda_allocated_mib": 313.49755859375}
{"block_id": 2, "task": "task_2", "block_start": 20, "block_stop": 30, "hours": 10, "feature_loading_seconds": 6.688758730888367e-06, "factor_preparation_seconds": 0.006652792915701866, "update_seconds": 0.014596715569496155, "prediction_seconds": 0.012772995978593826, "persistent_state_bytes": 10753160, "solver_backend": "torch", "solver_device": "cuda", "solver_dtype": "float64", "temporal_factor_device": "cuda", "rmse": 0.10303119028040221, "nll": -0.8810192730163637, "mean_predictive_std": 0.1293149910091576, "mean_interval_width90": 0.42540846396121984, "coverage50": 0.703, "coverage80": 0.9085, "coverage90": 0.9545, "coverage95": 0.9725, "peak_cuda_allocated_mib": 313.49755859375}
{"block_id": 3, "task": "task_2", "block_start": 30, "block_stop": 40, "hours": 10, "feature_loading_seconds": 6.342306733131409e-06, "factor_preparation_seconds": 0.006514860317111015, "update_seconds": 0.01461828500032425, "prediction_seconds": 0.012910338118672371, "persistent_state_bytes": 10753160, "solver_backend": "torch", "solver_device": "cuda", "solver_dtype": "float64", "temporal_factor_device": "cuda", "rmse": 0.09829369974198557, "nll": -0.8964363858708697, "mean_predictive_std": 0.12944430823948, "mean_interval_width90": 0.42583387979186593, "coverage50": 0.7465, "coverage80": 0.918, "coverage90": 0.949, "coverage95": 0.9665, "peak_cuda_allocated_mib": 313.49755859375}
{"block_id": 4, "task": "task_2", "block_start": 40, "block_stop": 50, "hours": 10, "feature_loading_seconds": 6.496906280517578e-06, "factor_preparation_seconds": 0.00392984040081501, "update_seconds": 0.01464882493019104, "prediction_seconds": 0.012802565470337868, "persistent_state_bytes": 10753160, "solver_backend": "torch", "solver_device": "cuda", "solver_dtype": "float64", "temporal_factor_device": "cuda", "rmse": 0.08583064927559415, "nll": -0.9582012688012237, "mean_predictive_std": 0.12955325685924277, "mean_interval_width90": 0.42619228885660226, "coverage50": 0.726, "coverage80": 0.934, "coverage90": 0.978, "coverage95": 0.995, "peak_cuda_allocated_mib": 313.49755859375}
{"block_id": 5, "task": "task_2", "block_start": 50, "block_stop": 60, "hours": 10, "feature_loading_seconds": 6.1802566051483154e-06, "factor_preparation_seconds": 0.003560328856110573, "update_seconds": 0.014752000570297241, "prediction_seconds": 0.012821352109313011, "persistent_state_bytes": 10753160, "solver_backend": "torch", "solver_device": "cuda", "solver_dtype": "float64", "temporal_factor_device": "cuda", "rmse": 0.07736515275714465, "nll": -1.0021345872552845, "mean_predictive_std": 0.12953128482389042, "mean_interval_width90": 0.42612000729252075, "coverage50": 0.779, "coverage80": 0.9545, "coverage90": 0.983, "coverage95": 0.992, "peak_cuda_allocated_mib": 313.49755859375}
{"block_id": 6, "task": "task_2", "block_start": 60, "block_stop": 70, "hours": 10, "feature_loading_seconds": 5.543231964111328e-06, "factor_preparation_seconds": 0.0030083879828453064, "update_seconds": 0.014622215181589127, "prediction_seconds": 0.012788848951458931, "persistent_state_bytes": 10753160, "solver_backend": "torch", "solver_device": "cuda", "solver_dtype": "float64", "temporal_factor_device": "cuda", "rmse": 0.0786405301266852, "nll": -0.9845315536189841, "mean_predictive_std": 0.12941032086493223, "mean_interval_width90": 0.42572207127927514, "coverage50": 0.742, "coverage80": 0.954, "coverage90": 0.9845, "coverage95": 0.995, "peak_cuda_allocated_mib": 313.49755859375}
{"block_id": 7, "task": "task_2", "block_start": 70, "block_stop": 80, "hours": 10, "feature_loading_seconds": 7.703900337219238e-06, "factor_preparation_seconds": 0.003022359684109688, "update_seconds": 0.014700338244438171, "prediction_seconds": 0.012843051925301552, "persistent_state_bytes": 10753160, "solver_backend": "torch", "solver_device": "cuda", "solver_dtype": "float64", "temporal_factor_device": "cuda", "rmse": 0.08076494051034198, "nll": -0.9861874370395053, "mean_predictive_std": 0.12925170475066455, "mean_interval_width90": 0.4252002706975828, "coverage50": 0.739, "coverage80": 0.956, "coverage90": 0.987, "coverage95": 0.9935, "peak_cuda_allocated_mib": 313.49755859375}
{"block_id": 8, "task": "task_2", "block_start": 80, "block_stop": 90, "hours": 10, "feature_loading_seconds": 4.556030035018921e-06, "factor_preparation_seconds": 0.0027559995651245117, "update_seconds": 0.013555634766817093, "prediction_seconds": 0.011862203478813171, "persistent_state_bytes": 10753160, "solver_backend": "torch", "solver_device": "cuda", "solver_dtype": "float64", "temporal_factor_device": "cuda", "rmse": 0.07820254770834417, "nll": -0.9902443887213478, "mean_predictive_std": 0.12911848955758473, "mean_interval_width90": 0.42476203171057797, "coverage50": 0.761, "coverage80": 0.951, "coverage90": 0.984, "coverage95": 0.9925, "peak_cuda_allocated_mib": 313.49755859375}
{"block_id": 9, "task": "task_2", "block_start": 90, "block_stop": 100, "hours": 10, "feature_loading_seconds": 4.3157488107681274e-06, "factor_preparation_seconds": 0.0029021166265010834, "update_seconds": 0.013658847659826279, "prediction_seconds": 0.011945927515625954, "persistent_state_bytes": 10753160, "solver_backend": "torch", "solver_device": "cuda", "solver_dtype": "float64", "temporal_factor_device": "cuda", "rmse": 0.08834331275771673, "nll": -0.9472219749343767, "mean_predictive_std": 0.1292144643898721, "mean_interval_width90": 0.425077760812546, "coverage50": 0.7235, "coverage80": 0.93, "coverage90": 0.975, "coverage95": 0.9905, "peak_cuda_allocated_mib": 313.49755859375}
{"block_id": 10, "task": "task_2", "block_start": 100, "block_stop": 110, "hours": 10, "feature_loading_seconds": 3.9208680391311646e-06, "factor_preparation_seconds": 0.002597784623503685, "update_seconds": 0.013611000031232834, "prediction_seconds": 0.0119493268430233, "persistent_state_bytes": 10753160, "solver_backend": "torch", "solver_device": "cuda", "solver_dtype": "float64", "temporal_factor_device": "cuda", "rmse": 0.06781219060806244, "nll": -1.0245927730268714, "mean_predictive_std": 0.12937248271684704, "mean_interval_width90": 0.42559759484904497, "coverage50": 0.7875, "coverage80": 0.967, "coverage90": 0.9935, "coverage95": 0.997, "peak_cuda_allocated_mib": 313.49755859375}
{"block_id": 11, "task": "task_2", "block_start": 110, "block_stop": 120, "hours": 10, "feature_loading_seconds": 4.775822162628174e-06, "factor_preparation_seconds": 0.0029124319553375244, "update_seconds": 0.013676624745130539, "prediction_seconds": 0.011975733563303947, "persistent_state_bytes": 10753160, "solver_backend": "torch", "solver_device": "cuda", "solver_dtype": "float64", "temporal_factor_device": "cuda", "rmse": 0.0821745778430786, "nll": -0.9425542646327537, "mean_predictive_std": 0.1295030887304671, "mean_interval_width90": 0.42602725039945416, "coverage50": 0.7135, "coverage80": 0.932, "coverage90": 0.976, "coverage95": 0.9885, "peak_cuda_allocated_mib": 313.49755859375}
{"block_id": 12, "task": "task_2", "block_start": 120, "block_stop": 130, "hours": 10, "feature_loading_seconds": 4.148110747337341e-06, "factor_preparation_seconds": 0.0029539205133914948, "update_seconds": 0.01367039605975151, "prediction_seconds": 0.011966638267040253, "persistent_state_bytes": 10753160, "solver_backend": "torch", "solver_device": "cuda", "solver_dtype": "float64", "temporal_factor_device": "cuda", "rmse": 0.11602310630866765, "nll": -0.7487721985912102, "mean_predictive_std": 0.1295631007647737, "mean_interval_width90": 0.42622467242403417, "coverage50": 0.613, "coverage80": 0.85, "coverage90": 0.9235, "coverage95": 0.96, "peak_cuda_allocated_mib": 313.49755859375}
{"block_id": 13, "task": "task_2", "block_start": 130, "block_stop": 140, "hours": 10, "feature_loading_seconds": 4.230067133903503e-06, "factor_preparation_seconds": 0.003008894622325897, "update_seconds": 0.013722889125347137, "prediction_seconds": 0.012007277458906174, "persistent_state_bytes": 10753160, "solver_backend": "torch", "solver_device": "cuda", "solver_dtype": "float64", "temporal_factor_device": "cuda", "rmse": 0.11696709502184578, "nll": -0.7461116430263689, "mean_predictive_std": 0.12945378515656686, "mean_interval_width90": 0.4258650560747513, "coverage50": 0.619, "coverage80": 0.8415, "coverage90": 0.911, "coverage95": 0.9455, "peak_cuda_allocated_mib": 313.49755859375}
{"block_id": 14, "task": "task_2", "block_start": 140, "block_stop": 150, "hours": 10, "feature_loading_seconds": 4.036352038383484e-06, "factor_preparation_seconds": 0.002872370183467865, "update_seconds": 0.013699803501367569, "prediction_seconds": 0.011987907811999321, "persistent_state_bytes": 10753160, "solver_backend": "torch", "solver_device": "cuda", "solver_dtype": "float64", "temporal_factor_device": "cuda", "rmse": 0.09226939752701636, "nll": -0.9113585851007808, "mean_predictive_std": 0.1293230216817015, "mean_interval_width90": 0.4254348825229412, "coverage50": 0.679, "coverage80": 0.9115, "coverage90": 0.97, "coverage95": 0.9885, "peak_cuda_allocated_mib": 313.49755859375}
{"block_id": 15, "task": "task_2", "block_start": 150, "block_stop": 160, "hours": 10, "feature_loading_seconds": 4.502013325691223e-06, "factor_preparation_seconds": 0.0029437150806188583, "update_seconds": 0.013680223375558853, "prediction_seconds": 0.011991448700428009, "persistent_state_bytes": 10753160, "solver_backend": "torch", "solver_device": "cuda", "solver_dtype": "float64", "temporal_factor_device": "cuda", "rmse": 0.09472128985987502, "nll": -0.8912036596132343, "mean_predictive_std": 0.12914363606770285, "mean_interval_width90": 0.424844756367324, "coverage50": 0.654, "coverage80": 0.9, "coverage90": 0.9635, "coverage95": 0.9855, "peak_cuda_allocated_mib": 313.49755859375}
{"block_id": 16, "task": "task_2", "block_start": 160, "block_stop": 170, "hours": 10, "feature_loading_seconds": 4.569068551063538e-06, "factor_preparation_seconds": 0.0034078359603881836, "update_seconds": 0.013705775141716003, "prediction_seconds": 0.012003382667899132, "persistent_state_bytes": 10753160, "solver_backend": "torch", "solver_device": "cuda", "solver_dtype": "float64", "temporal_factor_device": "cuda", "rmse": 0.09158837815538451, "nll": -0.9205542311334084, "mean_predictive_std": 0.12914574746729157, "mean_interval_width90": 0.42485170225386687, "coverage50": 0.686, "coverage80": 0.9165, "coverage90": 0.97, "coverage95": 0.985, "peak_cuda_allocated_mib": 313.49755859375}
{"block_id": 17, "task": "task_2", "block_start": 170, "block_stop": 180, "hours": 10, "feature_loading_seconds": 4.345551133155823e-06, "factor_preparation_seconds": 0.0030720289796590805, "update_seconds": 0.013845942914485931, "prediction_seconds": 0.012036209926009178, "persistent_state_bytes": 10753160, "solver_backend": "torch", "solver_device": "cuda", "solver_dtype": "float64", "temporal_factor_device": "cuda", "rmse": 0.07759504166637324, "nll": -0.9904141217911158, "mean_predictive_std": 0.12931580996411224, "mean_interval_width90": 0.4254111580832747, "coverage50": 0.7625, "coverage80": 0.953, "coverage90": 0.9855, "coverage95": 0.9945, "peak_cuda_allocated_mib": 313.49755859375}
{"block_id": 18, "task": "task_2", "block_start": 180, "block_stop": 186, "hours": 6, "feature_loading_seconds": 4.706904292106628e-06, "factor_preparation_seconds": 0.003297664225101471, "update_seconds": 0.013129914179444313, "prediction_seconds": 0.010126404464244843, "persistent_state_bytes": 10753160, "solver_backend": "torch", "solver_device": "cuda", "solver_dtype": "float64", "temporal_factor_device": "cuda", "rmse": 0.06690593108670885, "nll": -1.0240191057565224, "mean_predictive_std": 0.12950393356409418, "mean_interval_width90": 0.4260300296547656, "coverage50": 0.7825, "coverage80": 0.9708333333333333, "coverage90": 0.9958333333333333, "coverage95": 1.0, "peak_cuda_allocated_mib": 313.49755859375}
{
  "implementation": "Route B strict-online structured joint beta-GP",
  "protocol": "Task-1 Route-B empirical-Bayes calibration; frozen theta; new-block-only Task-2(+) streaming",
  "delayed_observations": false,
  "delayed_observation_blocks": 0,
  "delayed_observation_rows": 0,
  "task1_posterior_initialization": false,
  "task1_posterior_initialization_rows": 0,
  "task1_posterior_initialization_summary": null,
  "target_mode": "joint X-lag mean and GP posterior",
  "temporal_representation": "inducing_points",
  "temporal_kernel": {
    "family": "matern32",
    "spectral_mixture": null
  },
  "solver_backend": "torch",
  "temporal_factor_device": "cuda",
  "temporal_factor_policy": "solver",
  "basis_protocol": "fixed global uniformly spaced temporal inducing locations (known horizon)",
  "split_seed": 2,
  "mt": 128,
  "ms": 64,
  "spatial_kernel_mode": "geo",
  "num_stream_times": 186,
  "num_blocks": 19,
  "num_train_space": 800,
  "num_test_space": 200,
  "learned_theta": {
    "ell_t": 0.029561233499545436,
    "ell_s": [
      0.6520893358002351,
      0.7990817232907668
    ],
    "kernel_variance": 0.49476130663691004,
    "noise_std": 0.05194941492689965
  },
  "hyperparameters": "learned on Task 1 by the matching Route B representation, then frozen",
  "feature_projection": {
    "path": null,
    "original_dimension": 133,
    "active_dimension": 133
  },
  "predictive_variance": "full structured-joint conditional; conditional residual included",
  "overall_current_block": {
    "rmse": 0.08805368983293729,
    "nll": -0.9381146755328638,
    "mean_predictive_std": 0.1293494211189759,
    "mean_interval_width90": 0.42552172894324175,
    "coverage50": 0.725,
    "coverage80": 0.9288709677419354,
    "coverage90": 0.9708333333333333,
    "coverage95": 0.9854569892473118
  },
  "final_block": {
    "rmse": 0.06690593108670885,
    "nll": -1.0240191057565224,
    "coverage50": 0.7825,
    "coverage80": 0.9708333333333333,
    "coverage90": 0.9958333333333333,
    "coverage95": 1.0,
    "mean_predictive_std": 0.12950393356409418,
    "mean_interval_width90": 0.4260300296547656
  },
  "timing": {
    "spatial_projection_setup_seconds": 0.035701749846339226,
    "solver_setup_seconds": 0.29572868160903454,
    "temporal_static_setup_seconds": 0.03390171192586422,
    "task1_posterior_initialization_seconds": 0.0,
    "stream_feature_loading_seconds": 2.6494191344827414,
    "stream_factor_preparation_seconds": 0.07226145267486572,
    "stream_update_seconds": 0.29337172769010067,
    "stream_prediction_seconds": 0.3116816710680723,
    "mean_block_update_seconds": 0.015440617246847404,
    "mean_block_factor_preparation_seconds": 0.003803234351308722,
    "mean_block_prediction_seconds": 0.016404298477266963,
    "first_block_update_seconds": 0.040709786117076874,
    "mean_steady_state_block_update_seconds": 0.014036774531834655,
    "xlag_feature_loading_seconds": 2.648685771971941,
    "process_total_seconds": 5.039598695933819
  },
  "resources": {
    "device": "cuda",
    "dtype": "float64",
    "peak_rss_mib": 1494.6953125,
    "torch": "2.5.1+cu121",
    "torch_cuda_build": "12.1",
    "cuda_available": true,
    "gpu_name": "NVIDIA GeForce RTX 4090",
    "gpu_compute_capability": [
      8,
      9
    ],
    "gpu_total_memory_mib": 48508.0625,
    "peak_cuda_allocated_mib": 313.49755859375,
    "peak_cuda_reserved_mib": 372.0,
    "persistent_state_bytes": 10753160,
    "persistent_state_mib": 10.255012512207031,
    "history_replay_buffer_bytes": 0,
    "gpu_accelerated": true,
    "posterior_update_device": "cuda",
    "prediction_device": "cuda",
    "temporal_factor_device": "cuda",
    "spherical_bessel_device": null,
    "host_to_device_block_factors_in_update_timing": true
  },
  "environment": {
    "hostname": "autodl-container-qkb5g0ybu5-f51eca91",
    "platform": "Linux-5.15.0-78-generic-x86_64-with-glibc2.35",
    "python": "3.11.15",
    "processor": "x86_64",
    "pid": 288853,
    "git": {
      "commit": "81800a1462d35357a43151857230c6fe5bfcb852",
      "branch": "",
      "dirty": true
    }
  },
  "args": {
    "protocol_npz": "/root/autodl-tmp/iclr_era5_a100_protocol_autodl_4090_capacity_ladder_20260820T023000Z/protocol/task1_2/seed2/protocol.npz",
    "protocol_json": "/root/autodl-tmp/iclr_era5_a100_protocol_autodl_4090_capacity_ladder_20260820T023000Z/protocol/task1_2/seed2/protocol.json",
    "data_root": null,
    "theta_json": "/root/autodl-tmp/iclr_era5_a100_protocol_autodl_4090_capacity_ladder_20260820T023000Z/calibration/routeb_joint_inducing_points/seed2/result.json",
    "output": "/root/autodl-tmp/iclr_era5_a100_protocol_autodl_4090_capacity_ladder_20260820T023000Z/runs/task1_2/online/routeb_global_inducing_mt128_ms64/seed2/result.json",
    "blockwise_output": "/root/autodl-tmp/iclr_era5_a100_protocol_autodl_4090_capacity_ladder_20260820T023000Z/runs/task1_2/online/routeb_global_inducing_mt128_ms64/seed2/blocks.csv",
    "predictions_output": "/root/autodl-tmp/iclr_era5_a100_protocol_autodl_4090_capacity_ladder_20260820T023000Z/runs/task1_2/online/routeb_global_inducing_mt128_ms64/seed2/predictions.npz",
    "representation": "inducing_points",
    "mt": 128,
    "ms": 64,
    "rff_sample_size": 256,
    "temporal_kernel": "matern32",
    "spectral_mixture_json": null,
    "prediction_chunk_size": 8192,
    "include_conditional_residual_variance": true,
    "beta_prior_variance": 1000.0,
    "use_protocol_beta_prior": false,
    "seed": 2,
    "max_blocks": 0,
    "delayed_observations": false,
    "delayed_observation_blocks": 0,
    "task1_posterior_init": false,
    "feature_projection_npz": null,
    "spatial_projection_npz": null,
    "spatial_kernel_mode": "geo",
    "solver_backend": "torch",
    "device": "cuda",
    "dtype": "float64",
    "temporal_factor_device": "solver"
  }
}
