{
  "divergence_onset": null,
  "final": {
    "coverage90": 0.8384729003531399,
    "crps": 0.4986266961097546,
    "ece": 0.03974515584216182,
    "gaussian_nlpd": 1.5446005629629114,
    "mean_predictive_std": 0.6894780685325932,
    "rmse": 0.9714795779813784,
    "rmse_speed": 8.032297929288813
  },
  "guard": {
    "current_hidden_reads_before_prediction": 0,
    "current_hidden_reveals": 50100,
    "current_visible_reads": 50100,
    "unique_delayed_hidden_absorptions": 50099
  },
  "mode": "changing",
  "peak_gpu_memory_mib": 253.419921875,
  "persistent_state_bytes_max": 1384960,
  "persistent_state_bytes_min": 1384960,
  "protocol": "N",
  "stability_status": "complete",
  "wall_clock_seconds": 3649.519938745001
}
