{
  "divergence_onset": null,
  "final": {
    "coverage90": 0.8740227237832028,
    "crps": 0.47406689863898205,
    "ece": 0.06269967756794101,
    "gaussian_nlpd": 1.3957070057025969,
    "mean_predictive_std": 0.760908266321448,
    "rmse": 0.9288980286744057,
    "rmse_speed": 7.680229087002904
  },
  "guard": {
    "current_hidden_reads_before_prediction": 0,
    "current_hidden_reveals": 50100,
    "current_visible_reads": 50100,
    "unique_delayed_hidden_absorptions": 50099
  },
  "mode": "changing",
  "peak_gpu_memory_mib": 253.419921875,
  "persistent_state_bytes_max": 1384960,
  "persistent_state_bytes_min": 1384960,
  "protocol": "N",
  "stability_status": "complete",
  "wall_clock_seconds": 3577.418347791001
}
