{
  "divergence_onset": null,
  "final": {
    "coverage90": 0.8346239828036235,
    "crps": 0.48418395974219575,
    "ece": 0.039776938430830626,
    "gaussian_nlpd": 1.659528326491999,
    "mean_predictive_std": 0.6392220350364554,
    "rmse": 0.9660802167573631,
    "rmse_speed": 7.987655428342722
  },
  "guard": {
    "current_hidden_reads_before_prediction": 0,
    "current_hidden_reveals": 50100,
    "current_visible_reads": 50100,
    "unique_delayed_hidden_absorptions": 50099
  },
  "mode": "changing",
  "peak_gpu_memory_mib": 253.419921875,
  "persistent_state_bytes_max": 1384960,
  "persistent_state_bytes_min": 1384960,
  "protocol": "N",
  "stability_status": "complete",
  "wall_clock_seconds": 3618.459134877001
}
