job=array-46
argv=/root/autodl-tmp/stvgp_envs/maddox/bin/python scripts/run_official_maddox_streaming_sgpr_era5.py --protocol-npz /root/autodl-tmp/iclr_era5_a100_protocol_autodl_4090_capacity_ladder_20260820T023000Z/protocol/task1_2/seed4/protocol.npz --theta-json /root/autodl-tmp/iclr_era5_a100_protocol_autodl_4090_capacity_ladder_20260820T023000Z/calibration/routeb_joint_inducing_points/seed4/result.json --output /root/autodl-tmp/iclr_era5_a100_protocol_autodl_4090_capacity_ladder_20260820T023000Z/runs/task1_2/online/maddox_streaming_sgpr_mt2_ms64/seed4/result.json --blockwise-output /root/autodl-tmp/iclr_era5_a100_protocol_autodl_4090_capacity_ladder_20260820T023000Z/runs/task1_2/online/maddox_streaming_sgpr_mt2_ms64/seed4/blocks.csv --predictions-output /root/autodl-tmp/iclr_era5_a100_protocol_autodl_4090_capacity_ladder_20260820T023000Z/runs/task1_2/online/maddox_streaming_sgpr_mt2_ms64/seed4/predictions.npz --mt 2 --ms 64 --jitter 0.0001 --resample-ratio 0.2 --seed 4 --device cuda --dtype float64
{"block_id": 0, "block_start": 0, "block_stop": 10, "hours": 10, "update_seconds": 0.1301070712506771, "prediction_seconds": 0.007035452872514725, "rmse": 0.28909558622107256, "nll": 0.5150918625809802, "coverage90": 0.931, "mean_predictive_std": 0.4978150823144228}
{"block_id": 1, "block_start": 10, "block_stop": 20, "hours": 10, "update_seconds": 0.031501973047852516, "prediction_seconds": 0.006195461377501488, "rmse": 0.2398624216734585, "nll": 0.2624893913405217, "coverage90": 0.985, "mean_predictive_std": 0.46357289417247866}
{"block_id": 2, "block_start": 20, "block_stop": 30, "hours": 10, "update_seconds": 0.021311672404408455, "prediction_seconds": 0.00610838457942009, "rmse": 0.2804368723678085, "nll": 0.286441424201799, "coverage90": 0.971, "mean_predictive_std": 0.4348500983791861}
{"block_id": 3, "block_start": 30, "block_stop": 40, "hours": 10, "update_seconds": 0.021275663748383522, "prediction_seconds": 0.006128303706645966, "rmse": 0.2988911548896236, "nll": 0.3235052831131042, "coverage90": 0.96, "mean_predictive_std": 0.4343038295274362}
{"block_id": 4, "block_start": 40, "block_stop": 50, "hours": 10, "update_seconds": 0.021203532814979553, "prediction_seconds": 0.006162436679005623, "rmse": 0.27979083027702767, "nll": 0.40271890827310847, "coverage90": 0.9795, "mean_predictive_std": 0.45496779817369626}
{"block_id": 5, "block_start": 50, "block_stop": 60, "hours": 10, "update_seconds": 0.022161005064845085, "prediction_seconds": 0.006106548011302948, "rmse": 0.204869356458105, "nll": 0.1414112114656351, "coverage90": 0.984, "mean_predictive_std": 0.40168955778967425}
{"block_id": 6, "block_start": 60, "block_stop": 70, "hours": 10, "update_seconds": 0.024012763053178787, "prediction_seconds": 0.006090657785534859, "rmse": 0.18633229369913434, "nll": 0.11642998381467397, "coverage90": 0.992, "mean_predictive_std": 0.4140656546384964}
{"block_id": 7, "block_start": 70, "block_stop": 80, "hours": 10, "update_seconds": 0.021143652498722076, "prediction_seconds": 0.006152389571070671, "rmse": 0.21546597249618674, "nll": 0.21447356820844507, "coverage90": 0.9825, "mean_predictive_std": 0.4369520406174397}
{"block_id": 8, "block_start": 80, "block_stop": 90, "hours": 10, "update_seconds": 0.021446850150823593, "prediction_seconds": 0.00617278553545475, "rmse": 0.23398745388414924, "nll": 0.182653772126897, "coverage90": 0.9675, "mean_predictive_std": 0.40756731035860755}
{"block_id": 9, "block_start": 90, "block_stop": 100, "hours": 10, "update_seconds": 0.021162807941436768, "prediction_seconds": 0.0060956478118896484, "rmse": 0.22187835986899565, "nll": 0.1837616098080386, "coverage90": 0.9865, "mean_predictive_std": 0.43471823017567635}
{"block_id": 10, "block_start": 100, "block_stop": 110, "hours": 10, "update_seconds": 0.021266426891088486, "prediction_seconds": 0.006227359175682068, "rmse": 0.2673598711677681, "nll": 0.21281948346044804, "coverage90": 0.982, "mean_predictive_std": 0.42547284830781007}
{"block_id": 11, "block_start": 110, "block_stop": 120, "hours": 10, "update_seconds": 0.026015279814600945, "prediction_seconds": 0.006338860839605331, "rmse": 0.3287082193440756, "nll": 0.40516951130823203, "coverage90": 0.9505, "mean_predictive_std": 0.4320302709480656}
{"block_id": 12, "block_start": 120, "block_stop": 130, "hours": 10, "update_seconds": 0.024940796196460724, "prediction_seconds": 0.006154423579573631, "rmse": 0.3586853077525879, "nll": 0.425443359657486, "coverage90": 0.939, "mean_predictive_std": 0.4452713400289095}
{"block_id": 13, "block_start": 130, "block_stop": 140, "hours": 10, "update_seconds": 0.021446581929922104, "prediction_seconds": 0.006177747622132301, "rmse": 0.24651728266359935, "nll": 0.1941877763945896, "coverage90": 0.973, "mean_predictive_std": 0.4016709531416075}
{"block_id": 14, "block_start": 140, "block_stop": 150, "hours": 10, "update_seconds": 0.02142692543566227, "prediction_seconds": 0.0061161816120147705, "rmse": 0.26082120389349706, "nll": 0.21655511452316323, "coverage90": 0.9775, "mean_predictive_std": 0.40958409267285995}
{"block_id": 15, "block_start": 150, "block_stop": 160, "hours": 10, "update_seconds": 0.021363619714975357, "prediction_seconds": 0.00655134953558445, "rmse": 0.30896328918156024, "nll": 0.31906545673961706, "coverage90": 0.9665, "mean_predictive_std": 0.44425651641504554}
{"block_id": 16, "block_start": 160, "block_stop": 170, "hours": 10, "update_seconds": 0.021540245041251183, "prediction_seconds": 0.006158189848065376, "rmse": 0.2870171560030274, "nll": 0.34653316281573066, "coverage90": 0.966, "mean_predictive_std": 0.453746785400132}
{"block_id": 17, "block_start": 170, "block_stop": 180, "hours": 10, "update_seconds": 0.021393517032265663, "prediction_seconds": 0.00621766597032547, "rmse": 0.2781819911237632, "nll": 0.2098248478573166, "coverage90": 0.971, "mean_predictive_std": 0.3999401915354474}
{"block_id": 18, "block_start": 180, "block_stop": 186, "hours": 6, "update_seconds": 0.02118760719895363, "prediction_seconds": 0.005502320826053619, "rmse": 0.4619829862778029, "nll": 4.294812812930927, "coverage90": 0.8425, "mean_predictive_std": 0.3744038063367852}
{
  "implementation": "official Maddox online_gp StreamingSGPR",
  "source_repository": "https://github.com/wjmaddox/online_gp",
  "source_commit": "3bff4c3",
  "protocol": "strict online; new-block-only labels; no history replay",
  "target_mode": "Task-1 fixed X-lag residual, evaluated on original y",
  "hyperparameters": "Route-B Task-1 empirical-Bayes theta, frozen",
  "inducing_policy": "official online inducing-point resampling",
  "inducing_resample_ratio": 0.2,
  "numerical_jitter": 0.0001,
  "split_seed": 4,
  "num_stream_times": 186,
  "num_blocks": 19,
  "num_train_space": 800,
  "num_test_space": 200,
  "joint_inducing": 128,
  "temporal_grid_count": 2,
  "spatial_grid_count": 64,
  "overall_current_block": {
    "rmse": 0.27773412793919167,
    "nll": 0.4051324416907711,
    "coverage90": 0.9661290322580646,
    "mean_predictive_std": 0.4310278375483367
  },
  "final_block": {
    "rmse": 0.4619829862778029,
    "nll": 4.294812812930927,
    "coverage90": 0.8425,
    "mean_predictive_std": 0.3744038063367852
  },
  "timing": {
    "stream_update_seconds": 0.5359079912304878,
    "stream_prediction_seconds": 0.11769216693937778,
    "mean_block_update_seconds": 0.028205683748973042,
    "mean_block_prediction_seconds": 0.0061943245757567255,
    "first_block_update_seconds": 0.1301070712506771,
    "mean_steady_state_block_update_seconds": 0.022544495554433927,
    "process_total_seconds": 0.8813140001147985
  },
  "resources": {
    "device": "cuda",
    "dtype": "float64",
    "peak_rss_mib": 765.2890625,
    "torch": "2.0.1+cu118",
    "torch_cuda_build": "11.8",
    "cuda_available": true,
    "gpu_name": "NVIDIA GeForce RTX 4090",
    "gpu_compute_capability": [
      8,
      9
    ],
    "gpu_total_memory_mib": 48508.0625,
    "peak_cuda_allocated_mib": 56.22412109375,
    "peak_cuda_reserved_mib": 104.0,
    "persistent_state_bytes": 266280,
    "persistent_state_mib": 0.25394439697265625,
    "history_replay_buffer_bytes": 0,
    "estimated_streaming_flops": 9751756800.0,
    "flops_scope": "dominant O(N M^2) posterior conditioning; analytic estimate"
  },
  "environment": {
    "hostname": "autodl-container-qkb5g0ybu5-f51eca91",
    "platform": "Linux-5.15.0-78-generic-x86_64-with-glibc2.35",
    "python": "3.10.20",
    "processor": "x86_64",
    "pid": 296648,
    "git": {
      "commit": "81800a1462d35357a43151857230c6fe5bfcb852",
      "branch": "",
      "dirty": true
    }
  },
  "versions": {
    "python": "3.10.20",
    "torch": "2.0.1+cu118",
    "gpytorch": "1.9.1",
    "numpy": "1.24.4"
  },
  "args": {
    "protocol_npz": "/root/autodl-tmp/iclr_era5_a100_protocol_autodl_4090_capacity_ladder_20260820T023000Z/protocol/task1_2/seed4/protocol.npz",
    "theta_json": "/root/autodl-tmp/iclr_era5_a100_protocol_autodl_4090_capacity_ladder_20260820T023000Z/calibration/routeb_joint_inducing_points/seed4/result.json",
    "output": "/root/autodl-tmp/iclr_era5_a100_protocol_autodl_4090_capacity_ladder_20260820T023000Z/runs/task1_2/online/maddox_streaming_sgpr_mt2_ms64/seed4/result.json",
    "blockwise_output": "/root/autodl-tmp/iclr_era5_a100_protocol_autodl_4090_capacity_ladder_20260820T023000Z/runs/task1_2/online/maddox_streaming_sgpr_mt2_ms64/seed4/blocks.csv",
    "predictions_output": "/root/autodl-tmp/iclr_era5_a100_protocol_autodl_4090_capacity_ladder_20260820T023000Z/runs/task1_2/online/maddox_streaming_sgpr_mt2_ms64/seed4/predictions.npz",
    "mt": 2,
    "ms": 64,
    "jitter": 0.0001,
    "resample_ratio": 0.2,
    "prediction_chunk_size": 4096,
    "max_blocks": 0,
    "seed": 4,
    "device": "cuda",
    "dtype": "float64"
  }
}
